 
+----------------------------------------------------------------------+
SECTOR 0; BY ATC
+----------------------------------------------------------------------+
 
$T0> THREAD T0 C0;


$T0> ###########################################################################
$T0> # TestCase Description = Independent ADDDROP TEMP case 03.
$T0> # Project ID           = workspace/simple_temp_tablespace
$T0> # Coverage             = One isolated implementation and catalog assertion.
$T0> # SQL Manual           = /home/et16/work/manual/Manuals/Altibase_7.1/eng/SQL Reference.md
$T0> # View Manual          = /home/et16/work/manual/Manuals/Altibase_7.1/eng/General Reference-2.The Data Dictionary.md
$T0> ###########################################################################

$T0> SECTOR 0; INITIALIZATION
$T0> CONNECT SYS/MANAGER;
Connect success.

$T0> SECTOR 1; TEST_ADDDROP_03
$T0> SKIP BEGIN;
$T0> DROP TABLESPACE SDPTE_ADD03 INCLUDING CONTENTS AND DATAFILES;
$T0> SKIP END;
$T0> CREATE TEMPORARY TABLESPACE SDPTE_ADD03 TEMPFILE 'sdpte_adddrop_03_01.dbf' SIZE 8M AUTOEXTEND OFF;
Create success.
$T0> ALTER TABLESPACE SDPTE_ADD03 ADD TEMPFILE 'sdpte_adddrop_03_02.dbf' SIZE 4M AUTOEXTEND OFF, 'sdpte_adddrop_03_03.dbf' SIZE 8M AUTOEXTEND OFF;
Alter success.
$T0> SELECT CASE WHEN D.DATAFILE_COUNT=3 THEN 1 ELSE 0 END AS PASS_ADDDROP_03 FROM V$TABLESPACES D, V$DATAFILES F WHERE D.ID=F.SPACEID AND D.NAME='SDPTE_ADD03' AND F.ID=0;
PASS_ADDDROP_03 
------------------
1           
1 row selected.
$T0> SECTOR 2; FINALIZATION
$T0> SKIP BEGIN;
$T0> DROP TABLESPACE SDPTE_ADD03 INCLUDING CONTENTS AND DATAFILES;
$T0> SKIP END;

