 
+----------------------------------------------------------------------+
SECTOR 0; BY ATC
+----------------------------------------------------------------------+
 
$T0> THREAD T0 C0;


$T0> ###########################################################################
$T0> # TestCase Description = Independent CREATE TEMP case 02.
$T0> # Project ID           = workspace/simple_temp_tablespace
$T0> # Coverage             = One isolated implementation and catalog assertion.
$T0> # SQL Manual           = /home/et16/work/manual/Manuals/Altibase_7.1/eng/SQL Reference.md
$T0> # View Manual          = /home/et16/work/manual/Manuals/Altibase_7.1/eng/General Reference-2.The Data Dictionary.md
$T0> ###########################################################################

$T0> SECTOR 0; INITIALIZATION
$T0> CONNECT SYS/MANAGER;
Connect success.

$T0> SECTOR 1; TEST_CREATE_02
$T0> SKIP BEGIN;
$T0> DROP TABLESPACE SDPTE_CRE02 INCLUDING CONTENTS AND DATAFILES;
$T0> SKIP END;
$T0> CREATE TEMPORARY TABLESPACE SDPTE_CRE02 TEMPFILE 'sdpte_create_02_01.dbf' SIZE 4M AUTOEXTEND OFF;
Create success.

$T0> SELECT CASE WHEN F.CURRSIZE=512 THEN 1 ELSE 0 END AS PASS_CREATE_02 FROM V$TABLESPACES D, V$DATAFILES F WHERE D.ID=F.SPACEID AND D.NAME='SDPTE_CRE02' AND F.ID=0;
PASS_CREATE_02 
-----------------
1           
1 row selected.
$T0> SECTOR 2; FINALIZATION
$T0> SKIP BEGIN;
$T0> DROP TABLESPACE SDPTE_CRE02 INCLUDING CONTENTS AND DATAFILES;
$T0> SKIP END;

