 
+----------------------------------------------------------------------+
SECTOR 0; BY ATC
+----------------------------------------------------------------------+
 
$T0> THREAD T0 C0;


$T0> ###########################################################################
$T0> # TestCase Description = Independent ROUTE TEMP case 04.
$T0> # Project ID           = workspace/simple_temp_tablespace
$T0> # Coverage             = One isolated implementation and catalog assertion.
$T0> # SQL Manual           = /home/et16/work/manual/Manuals/Altibase_7.1/eng/SQL Reference.md
$T0> # View Manual          = /home/et16/work/manual/Manuals/Altibase_7.1/eng/General Reference-2.The Data Dictionary.md
$T0> ###########################################################################

$T0> SECTOR 0; INITIALIZATION
$T0> CONNECT SYS/MANAGER;
Connect success.

$T0> SECTOR 1; TEST_ROUTE_04
$T0> SKIP BEGIN;
$T0> DROP TABLESPACE SDPTE_ROU04 INCLUDING CONTENTS AND DATAFILES;
$T0> SKIP END;
$T0> CREATE DISK TABLESPACE SDPTE_ROU04 DATAFILE 'sdpte_route_04_01.dbf' SIZE 8M AUTOEXTEND OFF;
Create success.
$T0> CREATE TABLE SDPTE_ROU04_T (ID INTEGER) TABLESPACE SDPTE_ROU04;
Create success.
$T0> INSERT INTO SDPTE_ROU04_T VALUES (1);
1 row inserted.
$T0> COMMIT;
Commit success.
$T0> SELECT COUNT(*) FROM SDPTE_ROU04_T;
COUNT                
-----------------------
1                    
1 row selected.

$T0> SELECT CASE WHEN T.TYPE=4 THEN 1 ELSE 0 END AS PASS_ROUTE_04 FROM V$TABLESPACES T, V$DATAFILES F WHERE T.ID=F.SPACEID AND T.NAME='SDPTE_ROU04' AND F.ID=0;
PASS_ROUTE_04 
----------------
1           
1 row selected.
$T0> SECTOR 2; FINALIZATION
$T0> SKIP BEGIN;
$T0> DROP TABLESPACE SDPTE_ROU04 INCLUDING CONTENTS AND DATAFILES;
$T0> SKIP END;

