 
+----------------------------------------------------------------------+
SECTOR 0; BY ATC
+----------------------------------------------------------------------+
 
$T0> THREAD T0 C0;
$T0> ###########################################################################
$T0> # Global Index Test
$T0> ###########################################################################

$T0> ##################################
$T0> # SECTOR; PREPARATION
$T0> ##################################

$T0> SKIP BEGIN;
$T0> drop table t1;
$T0> drop table t2;
$T0> alter session set explain plan = off;
$T0> alter system set trclog_detail_predicate = 0;
$T0> SKIP END;

$T0> ##################################
$T0> # SECTOR; RANGE PARTITION
$T0> ##################################

$T0> create table t1
( 
  i1 integer,
  i2 integer, 
  i3 integer,
  i4 integer
)
partition by range(i4)
(
  partition p1 values less than (20),
  partition p2 values less than (40),
  partition p3 values less than (60),
  partition p4 values less than (80),
  partition pd values less than (maxvalue)
)
tablespace sys_tbs_disk_data;
Create success.

$T0> desc t1;
[ TABLESPACE : SYS_TBS_DISK_DATA ]
[ ATTRIBUTE ]                                                         
------------------------------------------------------------------------------
NAME                                     TYPE                        IS NULL 
------------------------------------------------------------------------------
I1                                       INTEGER                     
I2                                       INTEGER                     
I3                                       INTEGER                     
I4                                       INTEGER                     
T1 has no index
T1 has no primary key

$T0> ##################################
$T0> # SECTOR; LIST PARTITION
$T0> ##################################

$T0> create table t2
( 
  i1 integer,
  i2 integer, 
  i3 integer,
  i4 integer
)
partition by range(i4)
(
  partition p1 values (1,6,11,16,21,26,31,36,41,46,51,56,61,66,71,76,81,86,91,96),
  partition p2 values (2,7,12,17,22,27,32,37,42,47,52,57,62,67,72,77,82,87,92,97),
  partition p3 values (3,8,13,18,23,28,33,38,43,48,53,58,63,68,73,78,83,88,93,98),
  partition p4 values (4,9,14,19,24,29,34,39,44,49,54,59,64,69,74,79,84,89,94,99),
  partition pd values (default)
)
tablespace sys_tbs_disk_data;
[ERR-31001 : SQL syntax error 

line 14: missing or invalid syntax
  partition PD values (default)
                       ^     ^

]

$T0> desc t2;
[ERR-91014 : The table (T2) does not exist.]

$T0> ##################################
$T0> # SECTOR; FINALIZATION
$T0> ##################################

$T0> SKIP BEGIN;
$T0> drop table t1;
$T0> drop table t2;
$T0> alter session set explain plan = off;
$T0> alter system set trclog_detail_predicate = 0;
$T0> SKIP END;

