 
+----------------------------------------------------------------------+
--+SECTOR 0; BY ATC
+----------------------------------------------------------------------+
 
$P0> --+PROCESS P0;
--###################################################################
--# PARTITIONED SELECT BUG GIFT SET
--###################################################################

--###################################################################
--+SECTOR 1; PREPARATION
--###################################################################

--+SKIP BEGIN; 
$P0> DROP TABLE T1;
--+SKIP END; 

$P0> CREATE TABLE T1 ( I1 CHAR(10), I2 VARCHAR(10), I3 NUMERIC,I4 NUMERIC, I5 DATE ) 
     PARTITION BY RANGE( I1 ) 
     ( 
         PARTITION P1 VALUES LESS THAN( 'a' ),
         PARTITION P2 VALUES LESS THAN( 'b' ),
         PARTITION P3 VALUES DEFAULT 
     ) 
     TABLESPACE SYS_TBS_DISK_DATA;
Create success.

$P0> INSERT INTO T1 VALUES ('char','varchar',124.234,-12.000234,'2-APR-00');
1 row inserted.
$P0> INSERT INTO T1 SELECT I3, I4, I3, I4, I5 FROM T1;
1 row inserted.
$P0> INSERT INTO T1 SELECT 2, 1, I3, I4, I5 FROM T1;
2 rows inserted.
$P0> INSERT INTO T1 VALUES (TO_DATE('2-APR-00'), TO_DATE('2-APR-00'),
                            '123','45.234E10',TRIM('2-APR-00'));
[ERR-2100D : Invalid data type length]
$P0> INSERT INTO T1 VALUES ( 'a', '', TRIM('123'), TRIM('234.023E12'), '2-APR-00');
1 row inserted.
$P0> INSERT INTO T1 VALUES ( '', 'b', TRIM('123'), TRIM('234.023E12'), '2-APR-00');
1 row inserted.
$P0> INSERT INTO T1 VALUES ( '', '', TRIM('123'), TRIM('234.023E12'), '2-APR-00');
1 row inserted.

$P0> SELECT * FROM T1;
T1.I1       T1.I2       T1.I3       T1.I4       T1.I5                
---------------------------------------------------------------------------
124         -12         124         -12         02-APR-2000          
2           1           124         -12         02-APR-2000          
2           1           124         -12         02-APR-2000          
a                       123         2.3402E+14  02-APR-2000          
char        varchar     124         -12         02-APR-2000          
            b           123         2.3402E+14  02-APR-2000          
                        123         2.3402E+14  02-APR-2000          
7 rows selected.

--#########################################
--+SECTOR 2; DO JOB #1
--#########################################

$P0> SELECT * FROM T1 WHERE I5 = '2-APR-00';
T1.I1       T1.I2       T1.I3       T1.I4       T1.I5                
---------------------------------------------------------------------------
124         -12         124         -12         02-APR-2000          
2           1           124         -12         02-APR-2000          
2           1           124         -12         02-APR-2000          
a                       123         2.3402E+14  02-APR-2000          
char        varchar     124         -12         02-APR-2000          
            b           123         2.3402E+14  02-APR-2000          
                        123         2.3402E+14  02-APR-2000          
7 rows selected.
$P0> SELECT * FROM T1 WHERE '2-APR-00' = I5;
T1.I1       T1.I2       T1.I3       T1.I4       T1.I5                
---------------------------------------------------------------------------
124         -12         124         -12         02-APR-2000          
2           1           124         -12         02-APR-2000          
2           1           124         -12         02-APR-2000          
a                       123         2.3402E+14  02-APR-2000          
char        varchar     124         -12         02-APR-2000          
            b           123         2.3402E+14  02-APR-2000          
                        123         2.3402E+14  02-APR-2000          
7 rows selected.
$P0> SELECT * FROM T1 WHERE '2-APR-00' != I5;
T1.I1       T1.I2       T1.I3       T1.I4       T1.I5                
---------------------------------------------------------------------------
No rows selected.
$P0> SELECT * FROM T1 WHERE '2-APR-00' <> I5;
T1.I1       T1.I2       T1.I3       T1.I4       T1.I5                
---------------------------------------------------------------------------
No rows selected.
$P0> SELECT * FROM T1 WHERE '2-APR-00' > I5;
T1.I1       T1.I2       T1.I3       T1.I4       T1.I5                
---------------------------------------------------------------------------
No rows selected.
$P0> SELECT * FROM T1 WHERE '2-APR-00' < I5;
T1.I1       T1.I2       T1.I3       T1.I4       T1.I5                
---------------------------------------------------------------------------
No rows selected.
$P0> SELECT * FROM T1 WHERE '2-APR-00' >= I5;
T1.I1       T1.I2       T1.I3       T1.I4       T1.I5                
---------------------------------------------------------------------------
124         -12         124         -12         02-APR-2000          
2           1           124         -12         02-APR-2000          
2           1           124         -12         02-APR-2000          
a                       123         2.3402E+14  02-APR-2000          
char        varchar     124         -12         02-APR-2000          
            b           123         2.3402E+14  02-APR-2000          
                        123         2.3402E+14  02-APR-2000          
7 rows selected.
$P0> SELECT * FROM T1 WHERE '2-APR-00' <= I5;
T1.I1       T1.I2       T1.I3       T1.I4       T1.I5                
---------------------------------------------------------------------------
124         -12         124         -12         02-APR-2000          
2           1           124         -12         02-APR-2000          
2           1           124         -12         02-APR-2000          
a                       123         2.3402E+14  02-APR-2000          
char        varchar     124         -12         02-APR-2000          
            b           123         2.3402E+14  02-APR-2000          
                        123         2.3402E+14  02-APR-2000          
7 rows selected.
$P0> SELECT * FROM T1 WHERE '2-APR-00' = '2-APR-00';
T1.I1       T1.I2       T1.I3       T1.I4       T1.I5                
---------------------------------------------------------------------------
124         -12         124         -12         02-APR-2000          
2           1           124         -12         02-APR-2000          
2           1           124         -12         02-APR-2000          
a                       123         2.3402E+14  02-APR-2000          
char        varchar     124         -12         02-APR-2000          
            b           123         2.3402E+14  02-APR-2000          
                        123         2.3402E+14  02-APR-2000          
7 rows selected.

--#########################################
--+SECTOR 3; DO JOB #2
--#########################################

-- should be 1 row
$P0> SELECT * FROM T1 WHERE I1 LIKE I1 ESCAPE 1;
[ERR-21020 : Missing or invalid literal following the escape character]
-- should be 1 row
$P0> SELECT * FROM T1 WHERE I3 NOT LIKE I1 ESCAPE 1;
[ERR-21020 : Missing or invalid literal following the escape character]

--###################################################################
--+SECTOR 4; FINALIZATION
--###################################################################
--+SKIP BEGIN; 
$P0> DROP TABLE T1;
--+SKIP END; 

--###################################################################
--+SECTOR 5; PREPARATION
--###################################################################

--+SKIP BEGIN; 
$P0> DROP TABLE T1;
--+SKIP END; 

$P0> CREATE TABLE T1(I1 NUMERIC, I2 NUMERIC, I3 NUMERIC) 
     PARTITION BY RANGE( I1 ) 
     ( 
         PARTITION P1 VALUES LESS THAN( 2 ),
         PARTITION P2 VALUES LESS THAN( 3 ),
         PARTITION P3 VALUES DEFAULT 
     ) TABLESPACE SYS_TBS_DISK_DATA;
Create success.

$P0> INSERT INTO T1 VALUES (1,1,1);
1 row inserted.
$P0> INSERT INTO T1 VALUES (7,7,7);
1 row inserted.
$P0> INSERT INTO T1 VALUES (2,2,2);
1 row inserted.
$P0> INSERT INTO T1 VALUES (1,1,1);
1 row inserted.

--#########################################
--+SECTOR 6; DO JOB #3
--#########################################

-- should be 2 rows
$P0> SELECT * FROM T1 WHERE 1 IN (I1);
T1.I1       T1.I2       T1.I3       
----------------------------------------
1           1           1           
1           1           1           
2 rows selected.

--###################################################################
--+SECTOR 7; FINALIZATION
--###################################################################
--+SKIP BEGIN; 
$P0> DROP TABLE T1;
--+SKIP END; 

--###################################################################
--+SECTOR 8; PREPARATION
-- ORGIN FROM ./Legacy/SELECT/FROM/PREDICATE/predicateNormalForm.sql L99
--###################################################################

--+SKIP BEGIN; 
$P0> DROP TABLE T1;
$P0> DROP TABLE T2;
--+SKIP END; 

$P0> CREATE TABLE T1 (I1 INTEGER , I2 CHAR(10) , I3 CHAR(10) , I4 INTEGER) 
     PARTITION BY RANGE( I1 ) 
     ( 
         PARTITION P1 VALUES DEFAULT 
     ) TABLESPACE SYS_TBS_DISK_DATA;
Create success.

$P0> CREATE TABLE T2 (I1 INTEGER , I2 CHAR(10) , I3 CHAR(10) , I4 INTEGER) 
     PARTITION BY RANGE( I1 ) 
     ( 
         PARTITION P1 VALUES DEFAULT 
     ) TABLESPACE SYS_TBS_DISK_DATA;
Create success.

$P0> INSERT INTO T1 VALUES ( NULL 	, NULL 		, NULL 		, 1);
1 row inserted.
$P0> INSERT INTO T1 VALUES ( 1 		, 'ABC'		, ''		, 10);
1 row inserted.
$P0> INSERT INTO T1 VALUES ( 2 		, '!@#$'	, 'ABC'		, 3);
1 row inserted.
$P0> INSERT INTO T1 VALUES ( 3 		, '한글'	, 'ABC'		, 23);
1 row inserted.
$P0> INSERT INTO T1 VALUES ( 4 		, 'atibase'	, '한글'	, 21);
1 row inserted.
$P0> INSERT INTO T1 VALUES ( 5 		, '100'		, '100'		, 0);
1 row inserted.
$P0> INSERT INTO T1 VALUES ( 6 		, '3'		, '4'		, -1);
1 row inserted.
$P0> INSERT INTO T1 VALUES ( 1 		, '1'		, '1'		, 1);
1 row inserted.

$P0> INSERT INTO T2 VALUES ( NULL 	, NULL 		, NULL 		, 2);
1 row inserted.
$P0> INSERT INTO T2 VALUES ( 1 		, '1'		, '1'		, 1);
1 row inserted.
$P0> INSERT INTO T2 VALUES ( 2 		, 'ABC'		, ''		, 0);
1 row inserted.
$P0> INSERT INTO T2 VALUES ( 3 		, '100'		, '100'		, 100);
1 row inserted.
$P0> INSERT INTO T2 VALUES ( 4 		, '!@$##$'	, 'ABC'		, 20);
1 row inserted.
$P0> INSERT INTO T2 VALUES ( 5 		, '3'		, '4'		, 1);
1 row inserted.
$P0> INSERT INTO T2 VALUES ( 6 		, '알티베이스'		, 'altibase'	, 3);
1 row inserted.
$P0> INSERT INTO T2 VALUES ( 2 		, 'altibase'		, '1'	, 2);
1 row inserted.
$P0> INSERT INTO T2 VALUES ( 1 		, 'false'		, '-_-'	, -1);
1 row inserted.

--#########################################
--+SECTOR 9; DO JOB #4
--#########################################

-- should be 3 rows
$P0> SELECT * FROM T1, T2 WHERE ( ( T1.I1 > 2 OR T1.I1 = T2.I1 OR T2.I3 IS NOT NULL) AND (T1.I2 = T2.I2) AND T2.I4 > 0);
T1.I1       T1.I2       T1.I3       T1.I4       T2.I1       T2.I2       
-------------------------------------------------------------------------------
T2.I3       T2.I4       
---------------------------
5           100         100         0           3           100         
100         100         
6           3           4           -1          5           3           
4           1           
1           1           1           1           1           1           
1           1           
3 rows selected.

--###################################################################
--+SECTOR 10; FINALIZATION
--###################################################################
--+SKIP BEGIN; 
$P0> DROP TABLE T1;
$P0> DROP TABLE T2;
--+SKIP END; 


--###################################################################
--+SECTOR 11; PREPARATION
-- ORGIN FROM ./Legacy/SELECT/FROM/PREDICATE/predicateJoin.sql L664
--###################################################################

--+SKIP BEGIN; 
$P0> DROP TABLE J3;
$P0> DROP TABLE J4;
--+SKIP END; 

$P0> CREATE TABLE J3 ( I1 INTEGER, I2 VARCHAR(5), I3 DATE, I4 CHAR(2), I5 NUMBER ) 
     PARTITION BY RANGE( I1 ) ( PARTITION P1 VALUES DEFAULT ) TABLESPACE SYS_TBS_DISK_DATA;
Create success.
$P0> CREATE TABLE J4 ( I1 INTEGER, I2 VARCHAR(5), I3 DATE, I4 CHAR(2), I5 NUMBER ) 
     PARTITION BY RANGE( I1 ) ( PARTITION P1 VALUES DEFAULT ) TABLESPACE SYS_TBS_DISK_DATA;
Create success.

$P0> CREATE INDEX J3_I12345 ON J3 ( I1, I2, I3, I4, I5 );
Create success.
$P0> CREATE INDEX J4_I12345 ON J4 ( I1, I2, I3, I4, I5 );
Create success.

$P0> INSERT INTO J3 VALUES (   -2,   'AAA', '01-JAN-1998', 'A4', NULL );
1 row inserted.
$P0> INSERT INTO J3 VALUES ( -555,  'T/티', '20-APR-2001', 'A3', 10.5 );
1 row inserted.
$P0> INSERT INTO J3 VALUES ( NULL,  'LIKE', '01-NOV-2002', 'A3',    1 );
1 row inserted.
$P0> INSERT INTO J3 VALUES (  100,   'AAA', '27-OCT-2006', 'A2',   -1 );
1 row inserted.
$P0> INSERT INTO J3 VALUES (    9,    NULL, '15-MAR-2000', 'A1',    1 );
1 row inserted.

$P0> INSERT INTO J4 VALUES (   -2,   'AAA', '01-JAN-1998', 'A4', NULL );
1 row inserted.
$P0> INSERT INTO J4 VALUES ( NULL,  'LIKE', '01-NOV-2002', 'A3',    1 );
1 row inserted.
$P0> INSERT INTO J4 VALUES (    9,    NULL, '15-MAR-2000', 'A1',    1 );
1 row inserted.

--#########################################
--+SECTOR 12; DO JOB #5
--#########################################

-- should be success
$P0> SELECT * FROM J3 LEFT OUTER JOIN J4 ON J3.I1=J4.I1 AND J3.I4=J4.I2
                                             AND J3.I4='A3'  AND J4.I3 IS NOT NULL
                  WHERE J3.I1=100 AND J4.I1 IN (1,2,3) AND J4.I2 >=ALL (1,2,3);
J3.I1       J3.I2  J3.I3                J3.I4  J3.I5       J4.I1       
------------------------------------------------------------------------------
J4.I2  J4.I3                J4.I4  J4.I5       
----------------------------------------------------
No rows selected.

--###################################################################
--+SECTOR 13; FINALIZATION
--###################################################################
--+SKIP BEGIN; 
$P0> DROP TABLE J3;
$P0> DROP TABLE J4;
--+SKIP END; 


