 
+----------------------------------------------------------------------+
SECTOR 0; BY ATC
+----------------------------------------------------------------------+
 
$T0> THREAD T0 C0;
$T0> ###########################################################################
$T0> # Native Global Index - environment helpers
$T0> #
$T0> # 네이티브 글로벌 인덱스는 프로퍼티로 게이트된다.
$T0> # 이름은 MEM_GLOBAL_INDEX_ENABLE 로 확정됐다(idpDescResource.cpp).
$T0> #
$T0> # ★ 이 프로퍼티는 비영속이다. ALTER SYSTEM 으로 바꾼 값은 재기동하면
$T0> #   파일 값(기본 0)으로 돌아간다. 그래서 각 케이스가 자기 PREPARE 에서
$T0> #   켜야 하고, FINALIZE 에서 꺼서 다음 케이스에 새지 않게 해야 한다.
$T0> ###########################################################################

$T0> #
$T0> # 네이티브 글로벌 인덱스 생성을 허용한다.
$T0> #

$T0> #
$T0> # 네이티브 글로벌 인덱스 생성을 막는다(기존 동작).
$T0> # off 상태에서 메모리 파티션드 테이블의 non-partitioned index는
$T0> # 기존과 동일하게 거부되어야 한다.
$T0> #

$T0> #
$T0> # 현재 설정 확인.
$T0> #
$T0> ###########################################################################
$T0> # Native Global Index - catalog inspection helpers
$T0> #
$T0> # 구버전(PROJ-1624)의 meta 테스트는 "숨김 객체가 이렇게 보인다"를
$T0> # 검증했다. 네이티브에서는 검증 방향이 정반대다: 숨김 객체가
$T0> # 생기지 않아야 하고, 대신 SYS_PART_INDICES_ 에 판별자 행이 하나 있어야
$T0> # 한다.
$T0> ###########################################################################

$T0> #
$T0> # 숨김 글로벌 인덱스 객체가 하나도 없어야 한다.
$T0> # 구버전은 여기서 $GIT_/$GIK_/$GIR_ 가 줄줄이 나왔다.
$T0> #

$T0> #
$T0> # SYS_INDICES_ 에서 본 글로벌 인덱스의 모습.
$T0> #
$T0> # 네이티브 글로벌 인덱스는 숨김 방식과 마찬가지로 IS_PARTITIONED = 'F'
$T0> # 이지만, INDEX_TABLE_ID 가 0 이어야 한다(숨김 테이블이 없으므로).
$T0> # 숨김 방식은 INDEX_TABLE_ID 가 0 이 아니다. 이것이 두 방식의
$T0> # 카탈로그 상 구분점이다.
$T0> #

$T0> #
$T0> # SYS_PART_INDICES_ 의 판별자 행.
$T0> #
$T0> # 네이티브 글로벌 인덱스는 여기에 행을 하나 남긴다. 캐시 로더가
$T0> # IS_PARTITIONED='F' 를 보고 무조건 non-partitioned 로 하드코딩하기
$T0> # 때문에, 재기동 후에도 네이티브임을 알아보려면 이 행이 필요하다.
$T0> # 숨김 방식은 이 행을 만들지 않는다.
$T0> #

$T0> #
$T0> # SYS_INDEX_PARTITIONS_ 에는 행이 없어야 한다.
$T0> # 물리 인덱스가 파티션별로 존재하지 않는 것이 로컬 인덱스와의 구분점이다.
$T0> #

$T0> #
$T0> # 한 테이블의 인덱스 카탈로그 전경.
$T0> #
$T0> ###########################################################################
$T0> # TestCase Description = 디스크 파티션드 테이블의 non-partitioned index 가
$T0> #                        어느 스위치에 반응하는지.
$T0> #
$T0> #   ★ 이 파일의 전제는 D17 이 한 번 뒤집었다 (2026-08-04).
$T0> #
$T0> #   처음 이 케이스가 고정한 것은 "네이티브 글로벌 인덱스는 메모리 전용이며,
$T0> #   디스크 파티션드 테이블은 프로퍼티를 켜도 구버전(PROJ-1624)의 숨김
$T0> #   테이블 방식을 그대로 쓴다" 였다(코드 리뷰 P0-4). 그 문장의 앞 절반은
$T0> #   더 이상 참이 아니다 -- D17 이 디스크 네이티브 경로를 열었다.
$T0> #
$T0> #   뒤 절반은 여전히 참이고, 그것이 이 파일이 계속 지키는 것이다:
$T0> #   **MEM_GLOBAL_INDEX_ENABLE 은 디스크를 한 바이트도 움직이지 못한다.**
$T0> #   매체마다 스위치가 따로이기 때문이다 -- 메모리는 그 프로퍼티,
$T0> #   디스크는 DISK_GLOBAL_INDEX_ENABLE. off 의 뜻도 다르다:
$T0> #   메모리 off 는 그 문장을 실패시키고, 디스크 off 는 그 문장을 종전
$T0> #   구현으로 성공시킨다.
$T0> #
$T0> #   그래서 섹터가 두 부류다.
$T0> #     - 앞쪽(PROPERTY OFF / PROPERTY ON / PK / UK): 메모리 스위치를 켜도
$T0> #       디스크는 $GIT_ 그대로. 회귀 0 의 그물이다.
$T0> #     - 뒤쪽(DISK NATIVE ...): 디스크 스위치를 켜면 같은 문장이 네이티브를
$T0> #       만든다. 그리고 그 전에 만든 $GIT_ 인덱스는 계속 산다.
$T0> #
$T0> #   구분점:
$T0> #     네이티브  : SYS_PART_INDICES_.PARTITION_TYPE = 101, INDEX_TABLE_ID = 0
$T0> #     구버전    : SYS_PART_INDICES_ 행 없음, INDEX_TABLE_ID != 0
$T0> #
$T0> #   ★ 전제는 2026-08-06 에 한 번 더 뒤집혔다 (V3 D-4).
$T0> #
$T0> #   두 프로퍼티의 파일 기본값이 개발 기간 동안 **둘 다 1** 이 됐다
$T0> #   (idpDescResource.cpp). 이 파일은 디스크 스위치의 기본값이 0 이라고
$T0> #   믿고 앞쪽 네 섹터를 적었기 때문에, 그 전환만으로 아홉 자리가
$T0> #   어긋났다 -- 전부 같은 모양이다:
$T0> #     INDEX_TABLE_ID  NONZERO -> ZERO
$T0> #     SYS_PART_INDICES_  행 없음 -> PARTITION_TYPE 101
$T0> #     SYS_INDEX_PARTITIONS_  T1_PK 3 행 -> 없음
$T0> #   즉 $GIT_ 를 잰다고 적어 놓고 네이티브를 재고 있었다.
$T0> #
$T0> #   그래서 이제 **두 부류가 각자 자기 전제를 세운다.** 기본값이 어느
$T0> #   쪽으로 움직여도 이 파일은 자기가 재려는 것을 잰다:
$T0> #     - 앞쪽: PREPARATION 이 DISK_GLOBAL_INDEX_ENABLE = 0 을 못박는다.
$T0> #       그 사이에 값을 바꾸는 문장이 없으므로 네 섹터가 함께 덮인다.
$T0> #     - 뒤쪽: 원래도 스스로 1 을 세우고 있었다. 이제 세운 값을
$T0> #       v$property 로 전사에 남겨, 전사가 자기 전제를 적게 한다.
$T0> #     - FINALIZE: 파일 기본값 1 로 되돌려 다음 케이스에 0 이 새지 않게
$T0> #       한다. 이 프로퍼티는 비영속이라 재기동으로도 1 로 돌아가지만,
$T0> #       한 인스턴스 위에서 스위트가 이어 도는 동안은 이것이 유일한
$T0> #       복원이다.
$T0> #
$T0> # Project ID           = Native Global Index (memory + disk)
$T0> ###########################################################################

$T0> #
$T0> # 디스크 쪽 스위치. globalIndexEnv.i 의 ENABLE/DISABLE_GLOBAL_INDEX 는
$T0> # 메모리 프로퍼티만 만지므로 여기 짝을 둔다.
$T0> #
$T0> # 공유 include 에 넣지 않는 이유: ATC 는 INCLUDE 한 파일의 주석까지
$T0> # 전사에 찍는다. 거기에 한 줄이라도 넣으면 스위트 37 개의 .lst 가 전부
$T0> # 움직인다 -- 이 job 이 대지 못할 변화를 36 개에 굳히게 된다
$T0> # (disk-natc.md 4 가 같은 이유로 피한 자리다).
$T0> #
$T0> # 세운 값을 곧바로 읽는 것이 요점이다: 전사 자체가 자기 전제를 적게 된다.
$T0> #

$T0> #
$T0> # 디스크 파티션드 테이블. 파티션 키는 i1.
$T0> #

$T0> ##################################
$T0> # SECTOR; PREPARATION
$T0> ##################################

$T0> SKIP BEGIN;
$T0> drop table t1;
$T0> drop table t2;
$T0> SKIP END;
$T0> alter system set MEM_GLOBAL_INDEX_ENABLE = 0;
Alter success.

$T0> # 앞쪽 네 섹터(PROPERTY OFF / PROPERTY ON / PK / UK)의 전제.
$T0> # 그것들이 재는 것은 $GIT_ 구현이고, 그 구현은 이 값이 0 일 때만
$T0> # 만들어진다. 파일 기본값은 1 이므로 여기서 세우지 않으면 네 섹터가
$T0> # 이름과 다른 것(네이티브)을 재게 된다 -- 실제로 그랬다.
$T0> # 뒤쪽 DISK NATIVE 섹터들이 각자 1 로 다시 세운다.
$T0> alter system set DISK_GLOBAL_INDEX_ENABLE = 0;
Alter success.
$T0> select name, value1 from v$property where name = 'DISK_GLOBAL_INDEX_ENABLE';
NAME                                                                                                                                                                                                                                                              
--------------------------------------------------------------------------------------------------------------------------------------------------------------------------------------------------------------------------------------------------------------------
VALUE1                                                                                                                                                                                                                                                            
--------------------------------------------------------------------------------------------------------------------------------------------------------------------------------------------------------------------------------------------------------------------
DISK_GLOBAL_INDEX_ENABLE                                                                                                                                                                                                                                          
0                                                                                                                                                                                                                                                                 
1 row selected.

$T0> ##################################
$T0> # SECTOR; PROPERTY OFF - BASELINE
$T0> ##################################
$T0> # 프로퍼티가 꺼진 상태의 디스크 파티션드 테이블. 이것이 기준선이다.
$T0> # 아래 "PROPERTY ON" 섹터의 출력이 여기와 같아야 한다.

$T0> alter system set MEM_GLOBAL_INDEX_ENABLE = 0;
Alter success.


$T0> create table t1( i1 integer, i2 integer, i3 integer, i4 integer )
partition by range(i1)
(
  partition p1 values less than (100),
  partition p2 values less than (200),
  partition p3 values default
)
tablespace sys_tbs_disk_data;
Create success.

$T0> # 파티션 키를 포함하지 않는 인덱스 -> 구버전 글로벌 인덱스가 만들어진다
$T0> create index gidx1 on t1(i2);
Create success.

$T0> desc t1;
[ TABLESPACE : SYS_TBS_DISK_DATA ]
[ ATTRIBUTE ]                                                         
------------------------------------------------------------------------------
NAME                                     TYPE                        IS NULL 
------------------------------------------------------------------------------
I1                                       INTEGER                     
I2                                       INTEGER                     
I3                                       INTEGER                     
I4                                       INTEGER                     
[ INDEX ]                                                       
------------------------------------------------------------------------------
NAME                                     TYPE     IS UNIQUE     COLUMN
------------------------------------------------------------------------------
GIDX1                                    BTREE                  I2 ASC
T1 has no primary key
$T0> select i.index_name,
         i.is_unique,
         i.is_partitioned,
         decode(i.index_table_id, 0, 'ZERO', 'NONZERO') index_table_id_kind
  from system_.sys_indices_ i, system_.sys_tables_ t
  where i.table_id = t.table_id
    and t.table_name = upper('t1')
    and t.user_id = user_id()
  order by i.index_name;
INDEX_NAME                                                                                                                        
------------------------------------------------------------------------------------------------------------------------------------
IS_UNIQUE  IS_PARTITIONED  INDEX_TABLE_ID_KIND  
----------------------------------------------------
GIDX1                                                                                                                             
F  F  NONZERO  
1 row selected.
$T0> select i.index_name, p.partition_type
  from system_.sys_part_indices_ p, system_.sys_indices_ i, system_.sys_tables_ t
  where p.index_id = i.index_id
    and i.table_id = t.table_id
    and t.table_name = upper('t1')
    and t.user_id = user_id()
  order by i.index_name;
INDEX_NAME                                                                                                                        
------------------------------------------------------------------------------------------------------------------------------------
PARTITION_TYPE 
-----------------
No rows selected.
$T0> select i.index_name, count(*) part_index_cnt
  from system_.sys_index_partitions_ p, system_.sys_indices_ i, system_.sys_tables_ t
  where p.index_id = i.index_id
    and i.table_id = t.table_id
    and t.table_name = upper('t1')
    and t.user_id = user_id()
  group by i.index_name
  order by i.index_name;
INDEX_NAME                                                                                                                        
------------------------------------------------------------------------------------------------------------------------------------
PART_INDEX_CNT       
-----------------------
No rows selected.
$T0> # 숨김 인덱스 테이블 ($GIT_) - 없어야 정상
$T0> select u.user_name, t.table_name, t.table_type
  from system_.sys_tables_ t, system_.sys_users_ u
  where t.table_name like '$GIT[_]%' escape '['
    and t.user_id = u.user_id
  order by t.table_name;
USER_NAME                                                                                                                         
------------------------------------------------------------------------------------------------------------------------------------
TABLE_NAME                                                                                                                        
------------------------------------------------------------------------------------------------------------------------------------
TABLE_TYPE  
--------------
No rows selected.

$T0> # 숨김 인덱스 테이블의 인덱스 ($GIK_, $GIR_) - 없어야 정상
$T0> select u.user_name, i.index_name
  from system_.sys_indices_ i, system_.sys_users_ u
  where ( i.index_name like '$GIK[_]%' escape '['
       or i.index_name like '$GIR[_]%' escape '[' )
    and i.user_id = u.user_id
  order by i.index_name;
USER_NAME                                                                                                                         
------------------------------------------------------------------------------------------------------------------------------------
INDEX_NAME                                                                                                                        
------------------------------------------------------------------------------------------------------------------------------------
No rows selected.

$T0> insert into t1 select level,       level,       level * 2, level * 3 from dual connect by level <= 30;
30 rows inserted.
$T0> insert into t1 select level + 100, level + 100, level * 2, level * 3 from dual connect by level <= 30;
30 rows inserted.
$T0> insert into t1 select level + 200, level + 200, level * 2, level * 3 from dual connect by level <= 30;
30 rows inserted.
$T0> commit;
Commit success.

$T0> select /*+ index(t1, gidx1) */ count(*) from t1 where i2 >= 0;
COUNT                
-----------------------
90                   
1 row selected.
$T0> select /*+ FULL SCAN(t1) */ count(*) from t1 where i2 >= 0;
COUNT                
-----------------------
90                   
1 row selected.

$T0> select /*+ index(t1, gidx1) */ i1, i2 from t1 where i2 between 100 and 110 order by i1;
I1          I2          
---------------------------
101         101         
102         102         
103         103         
104         104         
105         105         
106         106         
107         107         
108         108         
109         109         
110         110         
10 rows selected.

$T0> ##################################
$T0> # SECTOR; PROPERTY ON - MUST BE IDENTICAL
$T0> ##################################
$T0> # ★ 프로퍼티를 켜도 디스크 테이블의 동작이 달라지면 안 된다.
$T0> #   위 섹터와 출력이 한 글자도 달라선 안 된다.

$T0> alter system set MEM_GLOBAL_INDEX_ENABLE = 1;
Alter success.


$T0> create table t1( i1 integer, i2 integer, i3 integer, i4 integer )
partition by range(i1)
(
  partition p1 values less than (100),
  partition p2 values less than (200),
  partition p3 values default
)
tablespace sys_tbs_disk_data;
Create success.

$T0> create index gidx1 on t1(i2);
Create success.

$T0> desc t1;
[ TABLESPACE : SYS_TBS_DISK_DATA ]
[ ATTRIBUTE ]                                                         
------------------------------------------------------------------------------
NAME                                     TYPE                        IS NULL 
------------------------------------------------------------------------------
I1                                       INTEGER                     
I2                                       INTEGER                     
I3                                       INTEGER                     
I4                                       INTEGER                     
[ INDEX ]                                                       
------------------------------------------------------------------------------
NAME                                     TYPE     IS UNIQUE     COLUMN
------------------------------------------------------------------------------
GIDX1                                    BTREE                  I2 ASC
T1 has no primary key
$T0> select i.index_name,
         i.is_unique,
         i.is_partitioned,
         decode(i.index_table_id, 0, 'ZERO', 'NONZERO') index_table_id_kind
  from system_.sys_indices_ i, system_.sys_tables_ t
  where i.table_id = t.table_id
    and t.table_name = upper('t1')
    and t.user_id = user_id()
  order by i.index_name;
INDEX_NAME                                                                                                                        
------------------------------------------------------------------------------------------------------------------------------------
IS_UNIQUE  IS_PARTITIONED  INDEX_TABLE_ID_KIND  
----------------------------------------------------
GIDX1                                                                                                                             
F  F  NONZERO  
1 row selected.
$T0> select i.index_name, p.partition_type
  from system_.sys_part_indices_ p, system_.sys_indices_ i, system_.sys_tables_ t
  where p.index_id = i.index_id
    and i.table_id = t.table_id
    and t.table_name = upper('t1')
    and t.user_id = user_id()
  order by i.index_name;
INDEX_NAME                                                                                                                        
------------------------------------------------------------------------------------------------------------------------------------
PARTITION_TYPE 
-----------------
No rows selected.
$T0> select i.index_name, count(*) part_index_cnt
  from system_.sys_index_partitions_ p, system_.sys_indices_ i, system_.sys_tables_ t
  where p.index_id = i.index_id
    and i.table_id = t.table_id
    and t.table_name = upper('t1')
    and t.user_id = user_id()
  group by i.index_name
  order by i.index_name;
INDEX_NAME                                                                                                                        
------------------------------------------------------------------------------------------------------------------------------------
PART_INDEX_CNT       
-----------------------
No rows selected.
$T0> # 숨김 인덱스 테이블 ($GIT_) - 없어야 정상
$T0> select u.user_name, t.table_name, t.table_type
  from system_.sys_tables_ t, system_.sys_users_ u
  where t.table_name like '$GIT[_]%' escape '['
    and t.user_id = u.user_id
  order by t.table_name;
USER_NAME                                                                                                                         
------------------------------------------------------------------------------------------------------------------------------------
TABLE_NAME                                                                                                                        
------------------------------------------------------------------------------------------------------------------------------------
TABLE_TYPE  
--------------
No rows selected.

$T0> # 숨김 인덱스 테이블의 인덱스 ($GIK_, $GIR_) - 없어야 정상
$T0> select u.user_name, i.index_name
  from system_.sys_indices_ i, system_.sys_users_ u
  where ( i.index_name like '$GIK[_]%' escape '['
       or i.index_name like '$GIR[_]%' escape '[' )
    and i.user_id = u.user_id
  order by i.index_name;
USER_NAME                                                                                                                         
------------------------------------------------------------------------------------------------------------------------------------
INDEX_NAME                                                                                                                        
------------------------------------------------------------------------------------------------------------------------------------
No rows selected.

$T0> insert into t1 select level,       level,       level * 2, level * 3 from dual connect by level <= 30;
30 rows inserted.
$T0> insert into t1 select level + 100, level + 100, level * 2, level * 3 from dual connect by level <= 30;
30 rows inserted.
$T0> insert into t1 select level + 200, level + 200, level * 2, level * 3 from dual connect by level <= 30;
30 rows inserted.
$T0> commit;
Commit success.

$T0> select /*+ index(t1, gidx1) */ count(*) from t1 where i2 >= 0;
COUNT                
-----------------------
90                   
1 row selected.
$T0> select /*+ FULL SCAN(t1) */ count(*) from t1 where i2 >= 0;
COUNT                
-----------------------
90                   
1 row selected.

$T0> select /*+ index(t1, gidx1) */ i1, i2 from t1 where i2 between 100 and 110 order by i1;
I1          I2          
---------------------------
101         101         
102         102         
103         103         
104         104         
105         105         
106         106         
107         107         
108         108         
109         109         
110         110         
10 rows selected.

$T0> ##################################
$T0> # SECTOR; NON-PARTITION-KEY PRIMARY KEY ON DISK
$T0> ##################################
$T0> # 파티션 키(i1)를 포함하지 않는 PK. 이것이 P0-4 가 겨냥한 정확한 조합이다.


$T0> create table t1( i1 integer, i2 integer, i3 integer, i4 integer )
partition by range(i1)
(
  partition p1 values less than (100),
  partition p2 values less than (200),
  partition p3 values default
)
tablespace sys_tbs_disk_data;
Create success.

$T0> alter table t1 add constraint t1_pk primary key (i2);
Alter success.

$T0> select i.index_name,
         i.is_unique,
         i.is_partitioned,
         decode(i.index_table_id, 0, 'ZERO', 'NONZERO') index_table_id_kind
  from system_.sys_indices_ i, system_.sys_tables_ t
  where i.table_id = t.table_id
    and t.table_name = upper('t1')
    and t.user_id = user_id()
  order by i.index_name;
INDEX_NAME                                                                                                                        
------------------------------------------------------------------------------------------------------------------------------------
IS_UNIQUE  IS_PARTITIONED  INDEX_TABLE_ID_KIND  
----------------------------------------------------
T1_PK                                                                                                                             
T  F  NONZERO  
1 row selected.
$T0> select i.index_name, p.partition_type
  from system_.sys_part_indices_ p, system_.sys_indices_ i, system_.sys_tables_ t
  where p.index_id = i.index_id
    and i.table_id = t.table_id
    and t.table_name = upper('t1')
    and t.user_id = user_id()
  order by i.index_name;
INDEX_NAME                                                                                                                        
------------------------------------------------------------------------------------------------------------------------------------
PARTITION_TYPE 
-----------------
T1_PK                                                                                                                             
0           
1 row selected.
$T0> select i.index_name, count(*) part_index_cnt
  from system_.sys_index_partitions_ p, system_.sys_indices_ i, system_.sys_tables_ t
  where p.index_id = i.index_id
    and i.table_id = t.table_id
    and t.table_name = upper('t1')
    and t.user_id = user_id()
  group by i.index_name
  order by i.index_name;
INDEX_NAME                                                                                                                        
------------------------------------------------------------------------------------------------------------------------------------
PART_INDEX_CNT       
-----------------------
T1_PK                                                                                                                             
3                    
1 row selected.
$T0> # 숨김 인덱스 테이블 ($GIT_) - 없어야 정상
$T0> select u.user_name, t.table_name, t.table_type
  from system_.sys_tables_ t, system_.sys_users_ u
  where t.table_name like '$GIT[_]%' escape '['
    and t.user_id = u.user_id
  order by t.table_name;
USER_NAME                                                                                                                         
------------------------------------------------------------------------------------------------------------------------------------
TABLE_NAME                                                                                                                        
------------------------------------------------------------------------------------------------------------------------------------
TABLE_TYPE  
--------------
No rows selected.

$T0> # 숨김 인덱스 테이블의 인덱스 ($GIK_, $GIR_) - 없어야 정상
$T0> select u.user_name, i.index_name
  from system_.sys_indices_ i, system_.sys_users_ u
  where ( i.index_name like '$GIK[_]%' escape '['
       or i.index_name like '$GIR[_]%' escape '[' )
    and i.user_id = u.user_id
  order by i.index_name;
USER_NAME                                                                                                                         
------------------------------------------------------------------------------------------------------------------------------------
INDEX_NAME                                                                                                                        
------------------------------------------------------------------------------------------------------------------------------------
No rows selected.

$T0> insert into t1 values (10,  1000, 1, 1);
1 row inserted.
$T0> insert into t1 values (150, 2000, 2, 2);
1 row inserted.
$T0> insert into t1 values (250, 3000, 3, 3);
1 row inserted.
$T0> commit;
Commit success.

$T0> # 파티션을 넘는 중복 -> 실패해야 한다
$T0> insert into t1 values (250, 1000, 4, 4);
[ERR-11058 : The row already exists in a unique index.]

$T0> # 새 값 -> 성공
$T0> insert into t1 values (250, 4000, 4, 4);
1 row inserted.
$T0> commit;
Commit success.

$T0> select i1, i2 from t1 order by i1;
I1          I2          
---------------------------
10          1000        
150         2000        
250         4000        
250         3000        
4 rows selected.

$T0> ##################################
$T0> # SECTOR; NON-PARTITION-KEY UNIQUE ON DISK
$T0> ##################################


$T0> create table t1( i1 integer, i2 integer, i3 integer, i4 integer )
partition by range(i1)
(
  partition p1 values less than (100),
  partition p2 values less than (200),
  partition p3 values default
)
tablespace sys_tbs_disk_data;
Create success.

$T0> create unique index t1_uk on t1(i2, i3);
Create success.

$T0> select i.index_name,
         i.is_unique,
         i.is_partitioned,
         decode(i.index_table_id, 0, 'ZERO', 'NONZERO') index_table_id_kind
  from system_.sys_indices_ i, system_.sys_tables_ t
  where i.table_id = t.table_id
    and t.table_name = upper('t1')
    and t.user_id = user_id()
  order by i.index_name;
INDEX_NAME                                                                                                                        
------------------------------------------------------------------------------------------------------------------------------------
IS_UNIQUE  IS_PARTITIONED  INDEX_TABLE_ID_KIND  
----------------------------------------------------
T1_UK                                                                                                                             
T  F  NONZERO  
1 row selected.
$T0> select i.index_name, p.partition_type
  from system_.sys_part_indices_ p, system_.sys_indices_ i, system_.sys_tables_ t
  where p.index_id = i.index_id
    and i.table_id = t.table_id
    and t.table_name = upper('t1')
    and t.user_id = user_id()
  order by i.index_name;
INDEX_NAME                                                                                                                        
------------------------------------------------------------------------------------------------------------------------------------
PARTITION_TYPE 
-----------------
No rows selected.
$T0> select i.index_name, count(*) part_index_cnt
  from system_.sys_index_partitions_ p, system_.sys_indices_ i, system_.sys_tables_ t
  where p.index_id = i.index_id
    and i.table_id = t.table_id
    and t.table_name = upper('t1')
    and t.user_id = user_id()
  group by i.index_name
  order by i.index_name;
INDEX_NAME                                                                                                                        
------------------------------------------------------------------------------------------------------------------------------------
PART_INDEX_CNT       
-----------------------
No rows selected.
$T0> # 숨김 인덱스 테이블 ($GIT_) - 없어야 정상
$T0> select u.user_name, t.table_name, t.table_type
  from system_.sys_tables_ t, system_.sys_users_ u
  where t.table_name like '$GIT[_]%' escape '['
    and t.user_id = u.user_id
  order by t.table_name;
USER_NAME                                                                                                                         
------------------------------------------------------------------------------------------------------------------------------------
TABLE_NAME                                                                                                                        
------------------------------------------------------------------------------------------------------------------------------------
TABLE_TYPE  
--------------
No rows selected.

$T0> # 숨김 인덱스 테이블의 인덱스 ($GIK_, $GIR_) - 없어야 정상
$T0> select u.user_name, i.index_name
  from system_.sys_indices_ i, system_.sys_users_ u
  where ( i.index_name like '$GIK[_]%' escape '['
       or i.index_name like '$GIR[_]%' escape '[' )
    and i.user_id = u.user_id
  order by i.index_name;
USER_NAME                                                                                                                         
------------------------------------------------------------------------------------------------------------------------------------
INDEX_NAME                                                                                                                        
------------------------------------------------------------------------------------------------------------------------------------
No rows selected.

$T0> insert into t1 values (10,  1, 1, 1);
1 row inserted.
$T0> insert into t1 values (150, 1, 1, 2);
[ERR-11058 : The row already exists in a unique index.]

$T0> insert into t1 values (150, 1, 2, 2);
1 row inserted.
$T0> commit;
Commit success.

$T0> select i1, i2, i3 from t1 order by i1;
I1          I2          I3          
----------------------------------------
10          1           1           
150         1           2           
2 rows selected.

$T0> ##################################
$T0> # SECTOR; MEMORY TABLE FOR CONTRAST
$T0> ##################################
$T0> # 같은 문장을 메모리 파티션드 테이블에 걸면 판별자가 101 이고 숨김
$T0> # 객체가 없어야 한다. 위 디스크 섹터들과 정확히 반대다.


$T0> create table t2( i1 integer, i2 integer, i3 integer, i4 integer )
partition by range(i1)
(
  partition p1 values less than (100),
  partition p2 values less than (200),
  partition p3 values default
)
tablespace sys_tbs_mem_data;
Create success.

$T0> create index gidx1 on t2(i2);
Create success.

$T0> select i.index_name,
         i.is_unique,
         i.is_partitioned,
         decode(i.index_table_id, 0, 'ZERO', 'NONZERO') index_table_id_kind
  from system_.sys_indices_ i, system_.sys_tables_ t
  where i.table_id = t.table_id
    and t.table_name = upper('t2')
    and t.user_id = user_id()
  order by i.index_name;
INDEX_NAME                                                                                                                        
------------------------------------------------------------------------------------------------------------------------------------
IS_UNIQUE  IS_PARTITIONED  INDEX_TABLE_ID_KIND  
----------------------------------------------------
GIDX1                                                                                                                             
F  F  ZERO     
1 row selected.
$T0> select i.index_name, p.partition_type
  from system_.sys_part_indices_ p, system_.sys_indices_ i, system_.sys_tables_ t
  where p.index_id = i.index_id
    and i.table_id = t.table_id
    and t.table_name = upper('t2')
    and t.user_id = user_id()
  order by i.index_name;
INDEX_NAME                                                                                                                        
------------------------------------------------------------------------------------------------------------------------------------
PARTITION_TYPE 
-----------------
GIDX1                                                                                                                             
101         
1 row selected.
$T0> select i.index_name, count(*) part_index_cnt
  from system_.sys_index_partitions_ p, system_.sys_indices_ i, system_.sys_tables_ t
  where p.index_id = i.index_id
    and i.table_id = t.table_id
    and t.table_name = upper('t2')
    and t.user_id = user_id()
  group by i.index_name
  order by i.index_name;
INDEX_NAME                                                                                                                        
------------------------------------------------------------------------------------------------------------------------------------
PART_INDEX_CNT       
-----------------------
No rows selected.
$T0> # 숨김 인덱스 테이블 ($GIT_) - 없어야 정상
$T0> select u.user_name, t.table_name, t.table_type
  from system_.sys_tables_ t, system_.sys_users_ u
  where t.table_name like '$GIT[_]%' escape '['
    and t.user_id = u.user_id
  order by t.table_name;
USER_NAME                                                                                                                         
------------------------------------------------------------------------------------------------------------------------------------
TABLE_NAME                                                                                                                        
------------------------------------------------------------------------------------------------------------------------------------
TABLE_TYPE  
--------------
No rows selected.

$T0> # 숨김 인덱스 테이블의 인덱스 ($GIK_, $GIR_) - 없어야 정상
$T0> select u.user_name, i.index_name
  from system_.sys_indices_ i, system_.sys_users_ u
  where ( i.index_name like '$GIK[_]%' escape '['
       or i.index_name like '$GIR[_]%' escape '[' )
    and i.user_id = u.user_id
  order by i.index_name;
USER_NAME                                                                                                                         
------------------------------------------------------------------------------------------------------------------------------------
INDEX_NAME                                                                                                                        
------------------------------------------------------------------------------------------------------------------------------------
No rows selected.

$T0> # ★ t2 를 여기서 지운다. 인덱스 이름은 사용자 단위로 유일하므로, t2 의
$T0> #   GIDX1 을 살려 두면 아래 두 섹터의 "create index gidx1 on t1(i2)" 가
$T0> #   자기가 재려는 판정에 닿지 못하고 ERR-3104C(중복 인덱스 이름)로 먼저
$T0> #   죽는다. 실제로 그래 왔다 -- 매체 혼합 섹터는 ERR-314AB 를 잰다고
$T0> #   적어 두고 ERR-3104C 를 재고 있었다(D23 발견).

$T0> ##################################
$T0> # SECTOR; DISK LOGICAL TABLE WITH MEMORY PARTITIONS
$T0> ##################################
$T0> # 논리 테이블만 디스크. 매체가 섞이므로 거부되어야 한다 (ERR-314AB).
$T0> # createIndexError.tc 와 겹치지만, 여기서는 "디스크 쪽 판정" 의 일부로
$T0> # 다시 확인한다.


$T0> create table t1( i1 integer, i2 integer )
partition by range(i1)
(
  partition p1 values less than (100) tablespace sys_tbs_mem_data,
  partition p2 values default tablespace sys_tbs_mem_data
)
tablespace sys_tbs_disk_data;
Create success.

$T0> create index gidx1 on t1(i2);
[ERR-314AB : A native global index requires the partitioned table and every one of its partitions to reside in memory tablespaces.]

$T0> ##################################
$T0> # SECTOR; DISK NATIVE - DISK_GLOBAL_INDEX_ENABLE = 1
$T0> ##################################
$T0> # ★ D17 이 뒤집는 기대다. 위 섹터들이 고정한 "디스크는 종전 그대로" 는
$T0> #   지금도 참이지만, 그것은 MEM_GLOBAL_INDEX_ENABLE 에 대해서만이다.
$T0> #   디스크는 별도 스위치 DISK_GLOBAL_INDEX_ENABLE 을 갖고, 그것을
$T0> #   켜면 같은 문장이 $GIT_ 대신 네이티브 글로벌 인덱스를 만든다.
$T0> #   (이 섹터가 처음 적힐 때 그 스위치의 기본값은 0 이었다. 지금은 1 이라
$T0> #   앞쪽 섹터들이 0 을 못박고, 이 섹터가 1 을 되세운다 -- 머리말 참조.)
$T0> #
$T0> #   집계 컬럼에 별칭을 붙이는 것은 취향이 아니다 -- count(*) 의 헤더
$T0> #   라벨이 클라이언트에 따라 COUNT / COUNT(*) 로 갈려서, 별칭이 없으면
$T0> #   기대 출력이 서버가 아니라 클라이언트를 시험하게 된다.

$T0> alter system set DISK_GLOBAL_INDEX_ENABLE = 1;
Alter success.
$T0> select name, value1 from v$property where name = 'DISK_GLOBAL_INDEX_ENABLE';
NAME                                                                                                                                                                                                                                                              
--------------------------------------------------------------------------------------------------------------------------------------------------------------------------------------------------------------------------------------------------------------------
VALUE1                                                                                                                                                                                                                                                            
--------------------------------------------------------------------------------------------------------------------------------------------------------------------------------------------------------------------------------------------------------------------
DISK_GLOBAL_INDEX_ENABLE                                                                                                                                                                                                                                          
1                                                                                                                                                                                                                                                                 
1 row selected.


$T0> create table t1( i1 integer, i2 integer, i3 integer, i4 integer )
partition by range(i1)
(
  partition p1 values less than (100),
  partition p2 values less than (200),
  partition p3 values default
)
tablespace sys_tbs_disk_data;
Create success.

$T0> create index gidx1 on t1(i2);
Create success.

$T0> select i.index_name,
         i.is_unique,
         i.is_partitioned,
         decode(i.index_table_id, 0, 'ZERO', 'NONZERO') index_table_id_kind
  from system_.sys_indices_ i, system_.sys_tables_ t
  where i.table_id = t.table_id
    and t.table_name = upper('t1')
    and t.user_id = user_id()
  order by i.index_name;
INDEX_NAME                                                                                                                        
------------------------------------------------------------------------------------------------------------------------------------
IS_UNIQUE  IS_PARTITIONED  INDEX_TABLE_ID_KIND  
----------------------------------------------------
GIDX1                                                                                                                             
F  F  ZERO     
1 row selected.
$T0> select i.index_name, p.partition_type
  from system_.sys_part_indices_ p, system_.sys_indices_ i, system_.sys_tables_ t
  where p.index_id = i.index_id
    and i.table_id = t.table_id
    and t.table_name = upper('t1')
    and t.user_id = user_id()
  order by i.index_name;
INDEX_NAME                                                                                                                        
------------------------------------------------------------------------------------------------------------------------------------
PARTITION_TYPE 
-----------------
GIDX1                                                                                                                             
101         
1 row selected.
$T0> select i.index_name, count(*) part_index_cnt
  from system_.sys_index_partitions_ p, system_.sys_indices_ i, system_.sys_tables_ t
  where p.index_id = i.index_id
    and i.table_id = t.table_id
    and t.table_name = upper('t1')
    and t.user_id = user_id()
  group by i.index_name
  order by i.index_name;
INDEX_NAME                                                                                                                        
------------------------------------------------------------------------------------------------------------------------------------
PART_INDEX_CNT       
-----------------------
No rows selected.
$T0> # 숨김 인덱스 테이블 ($GIT_) - 없어야 정상
$T0> select u.user_name, t.table_name, t.table_type
  from system_.sys_tables_ t, system_.sys_users_ u
  where t.table_name like '$GIT[_]%' escape '['
    and t.user_id = u.user_id
  order by t.table_name;
USER_NAME                                                                                                                         
------------------------------------------------------------------------------------------------------------------------------------
TABLE_NAME                                                                                                                        
------------------------------------------------------------------------------------------------------------------------------------
TABLE_TYPE  
--------------
No rows selected.

$T0> # 숨김 인덱스 테이블의 인덱스 ($GIK_, $GIR_) - 없어야 정상
$T0> select u.user_name, i.index_name
  from system_.sys_indices_ i, system_.sys_users_ u
  where ( i.index_name like '$GIK[_]%' escape '['
       or i.index_name like '$GIR[_]%' escape '[' )
    and i.user_id = u.user_id
  order by i.index_name;
USER_NAME                                                                                                                         
------------------------------------------------------------------------------------------------------------------------------------
INDEX_NAME                                                                                                                        
------------------------------------------------------------------------------------------------------------------------------------
No rows selected.

$T0> insert into t1 select level,       level,       level * 2, level * 3 from dual connect by level <= 30;
30 rows inserted.
$T0> insert into t1 select level + 100, level + 100, level * 2, level * 3 from dual connect by level <= 30;
30 rows inserted.
$T0> insert into t1 select level + 200, level + 200, level * 2, level * 3 from dual connect by level <= 30;
30 rows inserted.
$T0> commit;
Commit success.

$T0> select /*+ index(t1, gidx1) */ count(*) row_cnt from t1 where i2 >= 0;
ROW_CNT              
-----------------------
90                   
1 row selected.
$T0> select /*+ FULL SCAN(t1) */ count(*) row_cnt from t1 where i2 >= 0;
ROW_CNT              
-----------------------
90                   
1 row selected.

$T0> select /*+ index(t1, gidx1) */ i1, i2 from t1 where i2 between 100 and 110 order by i1;
I1          I2          
---------------------------
101         101         
102         102         
103         103         
104         104         
105         105         
106         106         
107         107         
108         108         
109         109         
110         110         
10 rows selected.

$T0> ##################################
$T0> # SECTOR; DISK NATIVE - NON-PARTITION-KEY PRIMARY KEY
$T0> ##################################
$T0> # 위 "NON-PARTITION-KEY PRIMARY KEY ON DISK" 섹터와 같은 문장이다.
$T0> # 다른 것은 판별자가 101 이고 숨김 객체가 없다는 것뿐이며, 파티션을
$T0> # 넘는 중복 거절은 양쪽 다 성립한다 -- 그것이 전환의 요건이다.
$T0> #
$T0> # 앞 섹터가 켜 둔 값을 물려받지만 그것을 믿지 않는다 -- 자기가 재는
$T0> # 것이 네이티브이므로 자기가 세운다.

$T0> alter system set DISK_GLOBAL_INDEX_ENABLE = 1;
Alter success.
$T0> select name, value1 from v$property where name = 'DISK_GLOBAL_INDEX_ENABLE';
NAME                                                                                                                                                                                                                                                              
--------------------------------------------------------------------------------------------------------------------------------------------------------------------------------------------------------------------------------------------------------------------
VALUE1                                                                                                                                                                                                                                                            
--------------------------------------------------------------------------------------------------------------------------------------------------------------------------------------------------------------------------------------------------------------------
DISK_GLOBAL_INDEX_ENABLE                                                                                                                                                                                                                                          
1                                                                                                                                                                                                                                                                 
1 row selected.



$T0> create table t1( i1 integer, i2 integer, i3 integer, i4 integer )
partition by range(i1)
(
  partition p1 values less than (100),
  partition p2 values less than (200),
  partition p3 values default
)
tablespace sys_tbs_disk_data;
Create success.

$T0> alter table t1 add constraint t1_pk primary key (i2);
Alter success.

$T0> select i.index_name,
         i.is_unique,
         i.is_partitioned,
         decode(i.index_table_id, 0, 'ZERO', 'NONZERO') index_table_id_kind
  from system_.sys_indices_ i, system_.sys_tables_ t
  where i.table_id = t.table_id
    and t.table_name = upper('t1')
    and t.user_id = user_id()
  order by i.index_name;
INDEX_NAME                                                                                                                        
------------------------------------------------------------------------------------------------------------------------------------
IS_UNIQUE  IS_PARTITIONED  INDEX_TABLE_ID_KIND  
----------------------------------------------------
T1_PK                                                                                                                             
T  F  ZERO     
1 row selected.
$T0> select i.index_name, p.partition_type
  from system_.sys_part_indices_ p, system_.sys_indices_ i, system_.sys_tables_ t
  where p.index_id = i.index_id
    and i.table_id = t.table_id
    and t.table_name = upper('t1')
    and t.user_id = user_id()
  order by i.index_name;
INDEX_NAME                                                                                                                        
------------------------------------------------------------------------------------------------------------------------------------
PARTITION_TYPE 
-----------------
T1_PK                                                                                                                             
101         
1 row selected.
$T0> select i.index_name, count(*) part_index_cnt
  from system_.sys_index_partitions_ p, system_.sys_indices_ i, system_.sys_tables_ t
  where p.index_id = i.index_id
    and i.table_id = t.table_id
    and t.table_name = upper('t1')
    and t.user_id = user_id()
  group by i.index_name
  order by i.index_name;
INDEX_NAME                                                                                                                        
------------------------------------------------------------------------------------------------------------------------------------
PART_INDEX_CNT       
-----------------------
No rows selected.
$T0> # 숨김 인덱스 테이블 ($GIT_) - 없어야 정상
$T0> select u.user_name, t.table_name, t.table_type
  from system_.sys_tables_ t, system_.sys_users_ u
  where t.table_name like '$GIT[_]%' escape '['
    and t.user_id = u.user_id
  order by t.table_name;
USER_NAME                                                                                                                         
------------------------------------------------------------------------------------------------------------------------------------
TABLE_NAME                                                                                                                        
------------------------------------------------------------------------------------------------------------------------------------
TABLE_TYPE  
--------------
No rows selected.

$T0> # 숨김 인덱스 테이블의 인덱스 ($GIK_, $GIR_) - 없어야 정상
$T0> select u.user_name, i.index_name
  from system_.sys_indices_ i, system_.sys_users_ u
  where ( i.index_name like '$GIK[_]%' escape '['
       or i.index_name like '$GIR[_]%' escape '[' )
    and i.user_id = u.user_id
  order by i.index_name;
USER_NAME                                                                                                                         
------------------------------------------------------------------------------------------------------------------------------------
INDEX_NAME                                                                                                                        
------------------------------------------------------------------------------------------------------------------------------------
No rows selected.

$T0> insert into t1 values (10,  1000, 1, 1);
1 row inserted.
$T0> insert into t1 values (150, 2000, 2, 2);
1 row inserted.
$T0> insert into t1 values (250, 3000, 3, 3);
1 row inserted.
$T0> commit;
Commit success.

$T0> # 파티션을 넘는 중복 -> 실패해야 한다
$T0> insert into t1 values (250, 1000, 4, 4);
[ERR-11058 : The row already exists in a unique index.]

$T0> # 새 값 -> 성공
$T0> insert into t1 values (250, 4000, 4, 4);
1 row inserted.
$T0> commit;
Commit success.

$T0> select i1, i2 from t1 order by i1;
I1          I2          
---------------------------
10          1000        
150         2000        
250         4000        
250         3000        
4 rows selected.

$T0> ##################################
$T0> # SECTOR; DISK - $GIT_ 와 네이티브의 공존
$T0> ##################################
$T0> # 전환 규약: 스위치를 켜기 전에 만든 $GIT_ 인덱스는 그대로 살아 있고,
$T0> # 켠 뒤에 만든 것만 네이티브다. 둘이 한 테이블에 공존하며 둘 다 답한다.
$T0> #
$T0> # 여기서는 SELECT_INDEX_META 대신 카탈로그 뷰 셋만 본다 --
$T0> # CHECK_NO_HIDDEN_OBJECT 의 '$GIT[_]%' ESCAPE '[' 패턴은 보이는 것과
$T0> # 달리 "$GIT_]%" 를 뜻해서 숨김 테이블이 있어도 잡지 못한다. 공존을
$T0> # 가르는 진짜 필드는 INDEX_TABLE_ID 이므로 그것을 본다.

$T0> alter system set DISK_GLOBAL_INDEX_ENABLE = 0;
Alter success.
$T0> select name, value1 from v$property where name = 'DISK_GLOBAL_INDEX_ENABLE';
NAME                                                                                                                                                                                                                                                              
--------------------------------------------------------------------------------------------------------------------------------------------------------------------------------------------------------------------------------------------------------------------
VALUE1                                                                                                                                                                                                                                                            
--------------------------------------------------------------------------------------------------------------------------------------------------------------------------------------------------------------------------------------------------------------------
DISK_GLOBAL_INDEX_ENABLE                                                                                                                                                                                                                                          
0                                                                                                                                                                                                                                                                 
1 row selected.



$T0> create table t1( i1 integer, i2 integer, i3 integer, i4 integer )
partition by range(i1)
(
  partition p1 values less than (100),
  partition p2 values less than (200),
  partition p3 values default
)
tablespace sys_tbs_disk_data;
Create success.

$T0> create index gidx_old on t1(i2);
Create success.

$T0> alter system set DISK_GLOBAL_INDEX_ENABLE = 1;
Alter success.
$T0> select name, value1 from v$property where name = 'DISK_GLOBAL_INDEX_ENABLE';
NAME                                                                                                                                                                                                                                                              
--------------------------------------------------------------------------------------------------------------------------------------------------------------------------------------------------------------------------------------------------------------------
VALUE1                                                                                                                                                                                                                                                            
--------------------------------------------------------------------------------------------------------------------------------------------------------------------------------------------------------------------------------------------------------------------
DISK_GLOBAL_INDEX_ENABLE                                                                                                                                                                                                                                          
1                                                                                                                                                                                                                                                                 
1 row selected.

$T0> create index gidx_new on t1(i3);
Create success.

$T0> select i.index_name,
         i.is_unique,
         i.is_partitioned,
         decode(i.index_table_id, 0, 'ZERO', 'NONZERO') index_table_id_kind
  from system_.sys_indices_ i, system_.sys_tables_ t
  where i.table_id = t.table_id
    and t.table_name = upper('t1')
    and t.user_id = user_id()
  order by i.index_name;
INDEX_NAME                                                                                                                        
------------------------------------------------------------------------------------------------------------------------------------
IS_UNIQUE  IS_PARTITIONED  INDEX_TABLE_ID_KIND  
----------------------------------------------------
GIDX_NEW                                                                                                                          
F  F  ZERO     
GIDX_OLD                                                                                                                          
F  F  NONZERO  
2 rows selected.
$T0> select i.index_name, p.partition_type
  from system_.sys_part_indices_ p, system_.sys_indices_ i, system_.sys_tables_ t
  where p.index_id = i.index_id
    and i.table_id = t.table_id
    and t.table_name = upper('t1')
    and t.user_id = user_id()
  order by i.index_name;
INDEX_NAME                                                                                                                        
------------------------------------------------------------------------------------------------------------------------------------
PARTITION_TYPE 
-----------------
GIDX_NEW                                                                                                                          
101         
1 row selected.
$T0> select i.index_name, count(*) part_index_cnt
  from system_.sys_index_partitions_ p, system_.sys_indices_ i, system_.sys_tables_ t
  where p.index_id = i.index_id
    and i.table_id = t.table_id
    and t.table_name = upper('t1')
    and t.user_id = user_id()
  group by i.index_name
  order by i.index_name;
INDEX_NAME                                                                                                                        
------------------------------------------------------------------------------------------------------------------------------------
PART_INDEX_CNT       
-----------------------
No rows selected.

$T0> insert into t1 select level,       level,       level * 2, level * 3 from dual connect by level <= 30;
30 rows inserted.
$T0> insert into t1 select level + 100, level + 100, level * 2, level * 3 from dual connect by level <= 30;
30 rows inserted.
$T0> insert into t1 select level + 200, level + 200, level * 2, level * 3 from dual connect by level <= 30;
30 rows inserted.
$T0> commit;
Commit success.

$T0> select /*+ index(t1, gidx_old) */ count(*) row_cnt from t1 where i2 >= 0;
ROW_CNT              
-----------------------
90                   
1 row selected.
$T0> select /*+ index(t1, gidx_new) */ count(*) row_cnt from t1 where i3 >= 0;
ROW_CNT              
-----------------------
90                   
1 row selected.

$T0> # 한 INSERT 가 둘 다에 반영된다
$T0> insert into t1 values (150, 777, 888, 9);
1 row inserted.
$T0> commit;
Commit success.

$T0> select /*+ index(t1, gidx_old) */ i1 from t1 where i2 = 777;
I1          
--------------
150         
1 row selected.
$T0> select /*+ index(t1, gidx_new) */ i1 from t1 where i3 = 888;
I1          
--------------
150         
1 row selected.

$T0> ##################################
$T0> # SECTOR; FINALIZATION
$T0> ##################################
$T0> # 파일 기본값 1 로 되돌린다. 이 케이스는 0 을 여러 번 세우고 끝나므로,
$T0> # 되돌리지 않으면 같은 인스턴스에서 이어 도는 다음 케이스가 0 을 물려
$T0> # 받는다 -- 옛 코드가 정확히 그렇게 끝나고 있었다(마지막 문장이 0).

$T0> alter system set DISK_GLOBAL_INDEX_ENABLE = 1;
Alter success.
$T0> select name, value1 from v$property where name = 'DISK_GLOBAL_INDEX_ENABLE';
NAME                                                                                                                                                                                                                                                              
--------------------------------------------------------------------------------------------------------------------------------------------------------------------------------------------------------------------------------------------------------------------
VALUE1                                                                                                                                                                                                                                                            
--------------------------------------------------------------------------------------------------------------------------------------------------------------------------------------------------------------------------------------------------------------------
DISK_GLOBAL_INDEX_ENABLE                                                                                                                                                                                                                                          
1                                                                                                                                                                                                                                                                 
1 row selected.

$T0> SKIP BEGIN;
$T0> drop table t1;
$T0> drop table t2;
$T0> SKIP END;
$T0> alter system set MEM_GLOBAL_INDEX_ENABLE = 0;
Alter success.

