 
+----------------------------------------------------------------------+
--+SECTOR 0; BY ATC
+----------------------------------------------------------------------+
 
$P0> --+PROCESS P0;
--###################################################################
--# ALTER TABLE ... ADD PARTITION (PartKey: VARCHAR)
--###################################################################

--###################################################################
--+SECTOR 1; PREPARATION
--###################################################################

--+SKIP BEGIN; 
$P0> DROP TABLE T1;
$P0> DROP TABLE T2;
$P0> DROP TABLE T3;
--+SKIP END; 

--+APPEND_LST Schema_Hash_Varchar.sql;
>>> [Schema_Hash_Varchar.sql] BEGIN <<<
DROP TABLE T1;
DROP TABLE T2;

CREATE TABLE T1( I1 VARCHAR(10), I2 VARCHAR(10), I3 INTEGER )
PARTITION BY HASH (I1)
(
    PARTITION P1 TABLESPACE PDT_TBS2,
    PARTITION P2 TABLESPACE PDT_TBS3,
    PARTITION P3,
    PARTITION P4
) TABLESPACE PDT_TBS;

INSERT INTO T1 VALUES (NULL, '100', 100);
INSERT INTO T1 VALUES ('000', '100', 100);
INSERT INTO T1 VALUES ('050', '100', 100);
INSERT INTO T1 VALUES ('075', '100', 100);
INSERT INTO T1 VALUES ('100', '100', 100);
INSERT INTO T1 VALUES ('150', '100', 100);
INSERT INTO T1 VALUES ('175', '100', 100);
INSERT INTO T1 VALUES ('200', '100', 100);
INSERT INTO T1 VALUES ('250', '100', 100);
INSERT INTO T1 VALUES ('275', '100', 100);
INSERT INTO T1 VALUES ('300', '100', 100);
INSERT INTO T1 VALUES ('350', '100', 100);
INSERT INTO T1 VALUES ('375', '100', 100);


CREATE TABLE T2( I1 VARCHAR(1000), I2 VARCHAR(10), I3 INTEGER )
PARTITION BY HASH (I1)
(
    PARTITION P1 TABLESPACE PDT_TBS2,
    PARTITION P2 TABLESPACE PDT_TBS3,
    PARTITION P3,
    PARTITION P4 TABLESPACE PDT_TBS4
) TABLESPACE PDT_TBS;

INSERT INTO T2 VALUES (NULL, '100', 100);
INSERT INTO T2 VALUES ('000', '100', 100);
INSERT INTO T2 VALUES ('050', '100', 100);
INSERT INTO T2 VALUES ('075', '100', 100);
INSERT INTO T2 VALUES ('100', '100', 100);
INSERT INTO T2 VALUES ('150', '100', 100);
INSERT INTO T2 VALUES ('175', '100', 100);
INSERT INTO T2 VALUES ('200', '100', 100);
INSERT INTO T2 VALUES ('250', '100', 100);
INSERT INTO T2 VALUES ('275', '100', 100);
INSERT INTO T2 VALUES ('300', '100', 100);
INSERT INTO T2 VALUES ('350', '100', 100);
INSERT INTO T2 VALUES ('375', '100', 100);

CREATE INDEX IDX1 ON T2(I1, I3);

CREATE INDEX IDX2 ON T2(I3, I1, I2);

CREATE INDEX IDX3 ON T2(I2, I3);

CREATE INDEX IDX4 ON T2(I1) LOCAL
(
    PARTITION IDX1_P3 ON P3,
    PARTITION IDX1_P4 ON P4
);
>>> [Schema_Hash_Varchar.sql] END <<<
--+SYSTEM is -silent -f Schema_Hash_Varchar.sql;

--###################################################################
--+SECTOR 2; BASIC TEST
--###################################################################
--##############################
--+SECTOR 3; 문법 체크
--##############################
$P0> DROP TABLE TEST;
[ERR-31031 : Table or view was not found : 
0001 : DROP TABLE TEST
                 ^   ^
]
$P0> CREATE TABLE TEST( I1 VARCHAR(1000), I2 INTEGER )
     PARTITION BY HASH(I1)
     (
         PARTITION P1,
         PARTITION P2,
         PARTITION P3,
         PARTITION P4
     ) TABLESPACE PDT_TBS;
Create success.

-- should be fail
$P0> ALTER TABLE TEST 
     ADD PARTITION P1_1 TABLESPACE PDT_TBS2, P1_2;
[ERR-31001 : SQL syntax error 

line 2: parse error
     ADD PARTITION P1_1 TABLESPACE PDT_TBS2, P1_2
                                           ^

]

$P0> DROP TABLE TEST;
Drop success.

--##############################
--+SECTOR 4; 파티션드 테이블인지 체크
--##############################
$P0> DROP TABLE TEST;
[ERR-31031 : Table or view was not found : 
0001 : DROP TABLE TEST
                 ^   ^
]
$P0> CREATE TABLE TEST( I1 VARCHAR(1000), I2 INTEGER );
Create success.

-- should be fail
$P0> ALTER TABLE TEST 
     ADD PARTITION P1_1 TABLESPACE PDT_TBS2;
[ERR-31268 : Unable to alter table partition on non-partitioned table]

$P0> DROP TABLE TEST;
Drop success.


--##############################
--+SECTOR 5; DstPart 파티션 이름 체크
--##############################
--+SYSTEM is -silent -f Schema_Hash_Varchar.sql;

-- should be fail
$P0> ALTER TABLE T1 
     ADD PARTITION P1;
[ERR-31270 : The partition name is already used by the partitioned table 
0002 :      ADD PARTITION P1
                         ^ ^
]

-- should be fail
$P0> ALTER TABLE T1 
     ADD PARTITION P2;
[ERR-31270 : The partition name is already used by the partitioned table 
0002 :      ADD PARTITION P2
                         ^ ^
]

-- should be fail
$P0> ALTER TABLE T1 
     ADD PARTITION P3;
[ERR-31270 : The partition name is already used by the partitioned table 
0002 :      ADD PARTITION P3
                         ^ ^
]

-- should be fail
$P0> ALTER TABLE T1 
     ADD PARTITION P4;
[ERR-31270 : The partition name is already used by the partitioned table 
0002 :      ADD PARTITION P4
                         ^ ^
]

-- should be success 
$P0> ALTER TABLE T1 
     ADD PARTITION P5;
Alter success.

-- should be fail
$P0> ALTER TABLE T1 
     ADD PARTITION P5;
[ERR-31270 : The partition name is already used by the partitioned table 
0002 :      ADD PARTITION P5
                         ^ ^
]

-- should be fail
$P0> ALTER TABLE T1 
     ADD PARTITION P5 TABLESPACE PDT_TBS3;
[ERR-31270 : The partition name is already used by the partitioned table 
0002 :      ADD PARTITION P5 TABLESPACE PDT_TBS3
                         ^ ^
]

-- should be fail
$P0> ALTER TABLE T1 
     ADD PARTITION P4 TABLESPACE PDT_TBS2;
[ERR-31270 : The partition name is already used by the partitioned table 
0002 :      ADD PARTITION P4 TABLESPACE PDT_TBS2
                         ^ ^
]

-- should be fail
$P0> ALTER TABLE T1 
     ADD PARTITION P3 TABLESPACE PDT_TBS;
[ERR-31270 : The partition name is already used by the partitioned table 
0002 :      ADD PARTITION P3 TABLESPACE PDT_TBS
                         ^ ^
]


--##############################
--+SECTOR 6; DstPart의 TBS 체크
--##############################
--+SYSTEM is -silent -f Schema_Hash_Varchar.sql;

$P0> ALTER TABLE T1 
     ADD PARTITION P5;
Alter success.

-- Result: PDT_TBS
$P0> SELECT C.NAME
     FROM SYSTEM_.SYS_TABLE_PARTITIONS_ A, SYSTEM_.SYS_TABLES_ B, V$TABLESPACES C
     WHERE A.TABLE_ID = B.TABLE_ID AND 
           A.TBS_ID = C.ID AND
           B.TABLE_NAME = 'T1' AND
           A.PARTITION_NAME = 'P5';
NAME                                      
--------------------------------------------
PDT_TBS                                   
1 row selected.

$P0> ALTER TABLE T1 
     ADD PARTITION P6 TABLESPACE PDT_TBS3;
Alter success.

-- Result: PDT_TBS3
$P0> SELECT C.NAME
     FROM SYSTEM_.SYS_TABLE_PARTITIONS_ A, SYSTEM_.SYS_TABLES_ B, V$TABLESPACES C
     WHERE A.TABLE_ID = B.TABLE_ID AND 
           A.TBS_ID = C.ID AND
           B.TABLE_NAME = 'T1' AND
           A.PARTITION_NAME = 'P6';
NAME                                      
--------------------------------------------
PDT_TBS3                                  
1 row selected.


$P0> ALTER TABLE T2 
     ADD PARTITION P5;
Alter success.

-- Result: PDT_TBS
$P0> SELECT C.NAME
     FROM SYSTEM_.SYS_TABLE_PARTITIONS_ A, SYSTEM_.SYS_TABLES_ B, V$TABLESPACES C
     WHERE A.TABLE_ID = B.TABLE_ID AND 
           A.TBS_ID = C.ID AND
           B.TABLE_NAME = 'T2' AND
           A.PARTITION_NAME = 'P5';
NAME                                      
--------------------------------------------
PDT_TBS                                   
1 row selected.

$P0> ALTER TABLE T2 
     ADD PARTITION P6 TABLESPACE PDT_TBS3;
Alter success.

-- Result: PDT_TBS3
$P0> SELECT C.NAME
     FROM SYSTEM_.SYS_TABLE_PARTITIONS_ A, SYSTEM_.SYS_TABLES_ B, V$TABLESPACES C
     WHERE A.TABLE_ID = B.TABLE_ID AND 
           A.TBS_ID = C.ID AND
           B.TABLE_NAME = 'T2' AND
           A.PARTITION_NAME = 'P6';
NAME                                      
--------------------------------------------
PDT_TBS3                                  
1 row selected.


--##############################
--+SECTOR 7; DstPart의 LOB 컬럼의 TBS 체크
--##############################

$P0> DROP TABLE T1;
Drop success.
$P0> CREATE TABLE T1 ( I1 VARCHAR(1000), I2 BLOB, I3 CLOB )
     PARTITION BY HASH (I1) 
     ( PARTITION P1 TABLESPACE PDT_TBS 
                             LOB(I2, I3) STORE AS ( TABLESPACE PDT_TBS2 ), 
       PARTITION P2 TABLESPACE PDT_TBS3,
       PARTITION P3
     ) TABLESPACE PDT_TBS4 LOB(I3) STORE AS ( TABLESPACE PDT_TBS5 );
Create success.

$P0> INSERT INTO T1 VALUES ( '100',   'ABC', 'DEF' );
1 row inserted.
$P0> INSERT INTO T1 VALUES ( '150',   'ABC', 'DEF' );
1 row inserted.
$P0> INSERT INTO T1 VALUES ( '200',   'ABC', 'DEF' );
1 row inserted.
$P0> INSERT INTO T1 VALUES ( '250',   'ABC', 'DEF' );
1 row inserted.

$P0> ALTER TABLE T1
     ADD PARTITION P4;
Alter success.

-- result: 4
$P0> SELECT COUNT(*) FROM T1;
COUNT                
-----------------------
4                    
1 row selected.

-- result: PDT_TBS4
$P0> SELECT C.NAME
     FROM SYSTEM_.SYS_TABLE_PARTITIONS_ A, SYSTEM_.SYS_TABLES_ B, V$TABLESPACES C
     WHERE A.TABLE_ID = B.TABLE_ID AND
           A.TBS_ID = C.ID AND
           B.TABLE_NAME = 'T1' AND
           A.PARTITION_NAME='P4';
NAME                                      
--------------------------------------------
PDT_TBS4                                  
1 row selected.

-- Result: PDT_TBS4, PDT_TBS5
$P0> SELECT TBS.NAME
     FROM SYSTEM_.SYS_TABLES_ TAB, SYSTEM_.SYS_PART_LOBS_ LOBS, SYSTEM_.SYS_TABLE_PARTITIONS_ PART, V$TABLESPACES TBS
     WHERE TAB.TABLE_ID = LOBS.TABLE_ID AND
           PART.PARTITION_ID = LOBS.PARTITION_ID AND
           LOBS.TBS_ID = TBS.ID AND
           TAB.TABLE_NAME = 'T1' AND
           PART.PARTITION_NAME = 'P4'
     ORDER BY LOBS.COLUMN_ID ASC;
NAME                                      
--------------------------------------------
PDT_TBS4                                  
PDT_TBS5                                  
2 rows selected.


$P0> DROP TABLE T1;
Drop success.
$P0> CREATE TABLE T1 ( I1 VARCHAR(10), I2 BLOB, I3 CLOB )
     PARTITION BY HASH (I1) 
     ( PARTITION P1 TABLESPACE PDT_TBS 
                                 LOB(I2, I3) STORE AS ( TABLESPACE PDT_TBS2 ), 
       PARTITION P2 TABLESPACE PDT_TBS3,
       PARTITION P3
     ) TABLESPACE PDT_TBS4 LOB(I3) STORE AS ( TABLESPACE PDT_TBS5 );
Create success.

$P0> INSERT INTO T1 VALUES ( 100,   'ABC', 'DEF' );
1 row inserted.
$P0> INSERT INTO T1 VALUES ( '150',   'ABC', 'DEF' );
1 row inserted.
$P0> INSERT INTO T1 VALUES ( '200',   'ABC', 'DEF' );
1 row inserted.
$P0> INSERT INTO T1 VALUES ( '250',   'ABC', 'DEF' );
1 row inserted.

$P0> ALTER TABLE T1
     ADD PARTITION P4 TABLESPACE PDT_TBS2 LOB(I2) STORE AS ( TABLESPACE PDT_TBS3 );
Alter success.

-- result: 4
$P0> SELECT COUNT(*) FROM T1;
COUNT                
-----------------------
4                    
1 row selected.

-- result: PDT_TBS2
$P0> SELECT C.NAME
     FROM SYSTEM_.SYS_TABLE_PARTITIONS_ A, SYSTEM_.SYS_TABLES_ B, V$TABLESPACES C
     WHERE A.TABLE_ID = B.TABLE_ID AND
           A.TBS_ID = C.ID AND
           B.TABLE_NAME = 'T1' AND
           A.PARTITION_NAME='P4';
NAME                                      
--------------------------------------------
PDT_TBS2                                  
1 row selected.

-- Result: PDT_TBS3, PDT_TBS5
$P0> SELECT TBS.NAME
     FROM SYSTEM_.SYS_TABLES_ TAB, SYSTEM_.SYS_PART_LOBS_ LOBS, SYSTEM_.SYS_TABLE_PARTITIONS_ PART, V$TABLESPACES TBS
     WHERE TAB.TABLE_ID = LOBS.TABLE_ID AND
           PART.PARTITION_ID = LOBS.PARTITION_ID AND
           LOBS.TBS_ID = TBS.ID AND
           TAB.TABLE_NAME = 'T1' AND
           PART.PARTITION_NAME = 'P4'
     ORDER BY LOBS.COLUMN_ID ASC;
NAME                                      
--------------------------------------------
PDT_TBS3                                  
PDT_TBS5                                  
2 rows selected.


$P0> DROP TABLE T1;
Drop success.
$P0> CREATE TABLE T1 ( I1 VARCHAR(1000), I2 BLOB, I3 CLOB )
     PARTITION BY HASH (I1)
     ( PARTITION P1 TABLESPACE PDT_TBS                  
                                 LOB(I2, I3) STORE AS ( TABLESPACE PDT_TBS2 ),  
       PARTITION P2 TABLESPACE PDT_TBS3,
       PARTITION P3 
     ) TABLESPACE PDT_TBS4 LOB(I3) STORE AS ( TABLESPACE PDT_TBS5 );
Create success.

$P0> INSERT INTO T1 VALUES ( '100',   'ABC', 'DEF' );
1 row inserted.
$P0> INSERT INTO T1 VALUES ( '150',   'ABC', 'DEF' );
1 row inserted.
$P0> INSERT INTO T1 VALUES ( '200',   'ABC', 'DEF' );
1 row inserted.
$P0> INSERT INTO T1 VALUES ( '250',   'ABC', 'DEF' );
1 row inserted.

$P0> ALTER TABLE T1
     ADD PARTITION P4 TABLESPACE PDT_TBS2;
Alter success.

-- result: 4
$P0> SELECT COUNT(*) FROM T1;
COUNT                
-----------------------
4                    
1 row selected.

-- result: PDT_TBS2
$P0> SELECT C.NAME
     FROM SYSTEM_.SYS_TABLE_PARTITIONS_ A, SYSTEM_.SYS_TABLES_ B, V$TABLESPACES C
     WHERE A.TABLE_ID = B.TABLE_ID AND
           A.TBS_ID = C.ID AND
           B.TABLE_NAME = 'T1' AND
           A.PARTITION_NAME='P4';
NAME                                      
--------------------------------------------
PDT_TBS2                                  
1 row selected.

-- Result: PDT_TBS2, PDT_TBS5
$P0> SELECT TBS.NAME
     FROM SYSTEM_.SYS_TABLES_ TAB, SYSTEM_.SYS_PART_LOBS_ LOBS, SYSTEM_.SYS_TABLE_PARTITIONS_ PART, V$TABLESPACES TBS
     WHERE TAB.TABLE_ID = LOBS.TABLE_ID AND
           PART.PARTITION_ID = LOBS.PARTITION_ID AND
           LOBS.TBS_ID = TBS.ID AND
           TAB.TABLE_NAME = 'T1' AND
           PART.PARTITION_NAME = 'P4'
     ORDER BY LOBS.COLUMN_ID ASC;
NAME                                      
--------------------------------------------
PDT_TBS2                                  
PDT_TBS5                                  
2 rows selected.


$P0> DROP TABLE T1;
Drop success.
$P0> CREATE TABLE T1 ( I1 VARCHAR(10), I2 BLOB, I3 CLOB )
     PARTITION BY HASH (I1)
     ( PARTITION P1 TABLESPACE PDT_TBS                  
                                 LOB(I2, I3) STORE AS ( TABLESPACE PDT_TBS2 ),  
       PARTITION P2 TABLESPACE PDT_TBS3,
       PARTITION P3 
     ) TABLESPACE PDT_TBS4 LOB(I3) STORE AS ( TABLESPACE PDT_TBS5 );
Create success.

$P0> INSERT INTO T1 VALUES ( '100',   'ABC', 'DEF' );
1 row inserted.
$P0> INSERT INTO T1 VALUES ( '150',   'ABC', 'DEF' );
1 row inserted.
$P0> INSERT INTO T1 VALUES ( '200',   'ABC', 'DEF' );
1 row inserted.
$P0> INSERT INTO T1 VALUES ( '250',   'ABC', 'DEF' );
1 row inserted.

$P0> ALTER TABLE T1
     ADD PARTITION P4 LOB STORE AS ( TABLESPACE PDT_TBS3 );
Alter success.

-- result: 4
$P0> SELECT COUNT(*) FROM T1;
COUNT                
-----------------------
4                    
1 row selected.

-- result: PDT_TBS4
$P0> SELECT C.NAME
     FROM SYSTEM_.SYS_TABLE_PARTITIONS_ A, SYSTEM_.SYS_TABLES_ B, V$TABLESPACES C
     WHERE A.TABLE_ID = B.TABLE_ID AND
           A.TBS_ID = C.ID AND
           B.TABLE_NAME = 'T1' AND
           A.PARTITION_NAME='P4';
NAME                                      
--------------------------------------------
PDT_TBS4                                  
1 row selected.

-- Result: PDT_TBS3, PDT_TBS3
$P0> SELECT TBS.NAME
     FROM SYSTEM_.SYS_TABLES_ TAB, SYSTEM_.SYS_PART_LOBS_ LOBS, SYSTEM_.SYS_TABLE_PARTITIONS_ PART, V$TABLESPACES TBS
     WHERE TAB.TABLE_ID = LOBS.TABLE_ID AND
           PART.PARTITION_ID = LOBS.PARTITION_ID AND
           LOBS.TBS_ID = TBS.ID AND
           TAB.TABLE_NAME = 'T1' AND
           PART.PARTITION_NAME = 'P4'
     ORDER BY LOBS.COLUMN_ID ASC;
NAME                                      
--------------------------------------------
PDT_TBS3                                  
PDT_TBS3                                  
2 rows selected.



--##################################################################
--+SECTOR 8; DATA 비교(create 5 partition VS. create 4 partition + add partition)
--##################################################################
--+SYSTEM is -silent -f Schema_Hash_Varchar.sql;

$P0> CREATE TABLE TEST( I1 VARCHAR(1000), I2 VARCHAR(10), I3 INTEGER )
     PARTITION BY HASH (I1)
     (
         PARTITION P1,
         PARTITION P2,
         PARTITION P3,
         PARTITION P4,
         PARTITION P5
     ) TABLESPACE PDT_TBS;
Create success.

$P0> INSERT INTO TEST VALUES (NULL, 100, 100);
1 row inserted.
$P0> INSERT INTO TEST VALUES ('000', 100, 100);
1 row inserted.
$P0> INSERT INTO TEST VALUES ('050', 100, 100);
1 row inserted.
$P0> INSERT INTO TEST VALUES ('075', 100, 100);
1 row inserted.
$P0> INSERT INTO TEST VALUES ('100', 100, 100);
1 row inserted.
$P0> INSERT INTO TEST VALUES ('150', 100, 100);
1 row inserted.
$P0> INSERT INTO TEST VALUES ('175', 100, 100);
1 row inserted.
$P0> INSERT INTO TEST VALUES ('200', 100, 100);
1 row inserted.
$P0> INSERT INTO TEST VALUES ('250', 100, 100);
1 row inserted.
$P0> INSERT INTO TEST VALUES ('275', 100, 100);
1 row inserted.
$P0> INSERT INTO TEST VALUES ('300', 100, 100);
1 row inserted.
$P0> INSERT INTO TEST VALUES ('350', 100, 100);
1 row inserted.
$P0> INSERT INTO TEST VALUES ('375', 100, 100);
1 row inserted.

$P0> SELECT COUNT(*) FROM TEST PARTITION (P1);
COUNT                
-----------------------
5                    
1 row selected.
$P0> SELECT COUNT(*) FROM TEST PARTITION (P2);
COUNT                
-----------------------
3                    
1 row selected.
$P0> SELECT COUNT(*) FROM TEST PARTITION (P3);
COUNT                
-----------------------
1                    
1 row selected.
$P0> SELECT COUNT(*) FROM TEST PARTITION (P4);
COUNT                
-----------------------
2                    
1 row selected.
$P0> SELECT COUNT(*) FROM TEST PARTITION (P5);
COUNT                
-----------------------
2                    
1 row selected.

$P0> ALTER TABLE T1 ADD PARTITION P5;
Alter success.

$P0> SELECT COUNT(*) FROM T1 PARTITION (P1);
COUNT                
-----------------------
5                    
1 row selected.
$P0> SELECT COUNT(*) FROM T1 PARTITION (P2);
COUNT                
-----------------------
3                    
1 row selected.
$P0> SELECT COUNT(*) FROM T1 PARTITION (P3);
COUNT                
-----------------------
1                    
1 row selected.
$P0> SELECT COUNT(*) FROM T1 PARTITION (P4);
COUNT                
-----------------------
2                    
1 row selected.
$P0> SELECT COUNT(*) FROM T1 PARTITION (P5);
COUNT                
-----------------------
2                    
1 row selected.

$P0> ALTER TABLE T2 ADD PARTITION P5;
Alter success.

$P0> SELECT COUNT(*) FROM T2 PARTITION (P1) WHERE I1 < '400' OR I1 IS NULL;
COUNT                
-----------------------
5                    
1 row selected.
$P0> SELECT COUNT(*) FROM T2 PARTITION (P2) WHERE I1 < '400' OR I1 IS NULL;
COUNT                
-----------------------
3                    
1 row selected.
$P0> SELECT COUNT(*) FROM T2 PARTITION (P3) WHERE I1 < '400' OR I1 IS NULL;
COUNT                
-----------------------
1                    
1 row selected.
$P0> SELECT COUNT(*) FROM T2 PARTITION (P4) WHERE I1 < '400' OR I1 IS NULL;
COUNT                
-----------------------
2                    
1 row selected.
$P0> SELECT COUNT(*) FROM T2 PARTITION (P5) WHERE I1 < '400' OR I1 IS NULL;
COUNT                
-----------------------
2                    
1 row selected.

$P0> DROP TABLE TEST;
Drop success.


--##################################################################
--+SECTOR 9; FINALIZATION
--##################################################################
--+SKIP BEGIN; 
$P0> DROP TABLE T1;
$P0> DROP TABLE T2;
$P0> DROP TABLE T3;
--+SKIP END; 

