 
+----------------------------------------------------------------------+
--+SECTOR 0; BY ATC
+----------------------------------------------------------------------+
 
$P0> --+PROCESS P0;
--######################################################
-- ADD PARTITIOIN ( PK:INTEGER )
--######################################################

--###################################
--+SECTOR 1; INTIALIZE
--###################################

--+SKIP BEGIN; 
$P0> DROP TABLE PDT_RANGE;
--+SKIP END; 

$P0> CREATE TABLE PDT_RANGE
     (
         F1   INTEGER,
         F2   INTEGER
     ) 
     PARTITION BY RANGE( F1 )
     (
         PARTITION P1 VALUES LESS THAN ( 10 ),
         PARTITION P2 VALUES LESS THAN ( 20 ),
         PARTITION P3 VALUES LESS THAN ( 30 ),
         PARTITION P4 VALUES DEFAULT
     ) TABLESPACE PDT_TBS;
Create success.


--#########################################
--+SECTOR 2; DO JOB #1 (1. Basic Test)
--#########################################

-- nothing to do

--#########################################
--+SECTOR 3; DO JOB #2 (2. Validation Test)
--#########################################

------------------------------------------
-- 2.1 테이블의 종류에 따른 에러검사
------------------------------------------
-- should be fail
$P0> ALTER TABLE PDT_RANGE
     ADD PARTITION P5;
[ERR-31278 : Cannot add a partition to a non-hash partitioned table]


--#########################################
--+SECTOR 4; DO JOB #3 (3. Execution Test)
--#########################################

-- nothing to do


--###################################
--+SECTOR 5; FINALIZE
--###################################

$P0> DROP TABLE PDT_RANGE;
Drop success.

