 
+----------------------------------------------------------------------+
--+SECTOR 0; BY ATC
+----------------------------------------------------------------------+
 
$P0> --+PROCESS P0;
--###################################################################
--# D$DISK_INDEX_BTREE_STRUCTURE
--###################################################################

--###################################################################
--+SECTOR 1; PREPARATION
--###################################################################

--+SKIP BEGIN; 
$P0> DROP TABLE D1;
$P0> DROP TABLE D2;
$P0> DROP TABLE D3;
--+SKIP END; 

$P0> CREATE TABLE D1 
     ( 
         I1 INTEGER, 
         I2 CHAR(3000), 
         I3 INTEGER 
     ) TABLESPACE SYS_TBS_DISK_DATA;
Create success.

$P0> CREATE INDEX D1_IDX1 ON D1(I2);
Create success.

$P0> INSERT INTO D1 VALUES ( 1, 1, 1 );
1 row inserted.

--#########################################
--+SECTOR 2; DO JOB
--#########################################

-- [Empty dump object]
$P0> CREATE TABLE D3 AS SELECT * FROM D$DISK_INDEX_BTREE_STRUCTURE;
[ERR-3124D : Empty dump object.]
-- should be success
$P0> CREATE TABLE D2 AS SELECT * FROM D$DISK_INDEX_BTREE_STRUCTURE(D1_IDX1);
Create success.


--###################################################################
--+SECTOR 3; FINALIZATION
--###################################################################

--+SKIP BEGIN; 
$P0> DROP TABLE D1;
$P0> DROP TABLE D2;
$P0> DROP TABLE D3;
--+SKIP END; 


