 
+----------------------------------------------------------------------+
SECTOR 0; BY ATC
+----------------------------------------------------------------------+
 
$T0> THREAD T0 C0;
$T0> ###########################################################################
$T0> # NativeGlobalIndexPort1624 - 전제와 판별자
$T0> #
$T0> # 이 스위트의 전 케이스가 재는 것은 **디스크 파티션드 테이블 위의 네이티브
$T0> # 글로벌 인덱스**다. 원본(qp4/Project3/PROJ-1624-GlobalIndex)이 같은 문장으로
$T0> # 재던 것은 숨김 테이블 $GIT_ 였다. 갈림길은 프로퍼티 하나다:
$T0> #
$T0> #   DISK_GLOBAL_INDEX_ENABLE = 1  -> 네이티브 (이 스위트)
$T0> #   DISK_GLOBAL_INDEX_ENABLE = 0  -> $GIT_    (원본 스위트)
$T0> #
$T0> # ★ 그래서 케이스마다 자기 전제를 세운다(F07 규약).
$T0> #   파일 기본값은 2026-08-06 부터 1 이지만, 기본값에 기대면 그 값이 움직이는
$T0> #   날 이 스위트는 "네이티브를 잰다"고 적어 놓고 $GIT_ 를 재게 된다 --
$T0> #   원본 PROJ-1624 와 NATC ddl/diskPartitionedTable.tc 가 실제로 그렇게
$T0> #   어긋났었다(disk-natc.md 6).
$T0> #
$T0> # ★ 이 프로퍼티는 비영속이다. ALTER SYSTEM 값은 재기동하면 파일 값으로
$T0> #   돌아간다. 한 인스턴스 위에서 스위트가 이어 도는 동안은 FINALIZE 의
$T0> #   복원이 유일한 방벽이다.
$T0> ###########################################################################

$T0> #
$T0> # 전제를 세우고, 세운 값을 전사에 남긴다.
$T0> # 전사가 자기 전제를 적게 하는 것이 목적이므로 v$property 조회를 뺄 수 없다.
$T0> #

$T0> #
$T0> # 파일 기본값(1)으로 되돌린다. 다음 케이스에 0 이 새지 않게 한다.
$T0> #

$T0> #
$T0> # 인덱스가 어느 구현인지 카탈로그로 판별해 전사에 남긴다.
$T0> #
$T0> #   NATIVE GLOBAL : SYS_PART_INDICES_.PARTITION_TYPE = 101, INDEX_TABLE_ID = 0
$T0> #   LOCAL         : IS_PARTITIONED = 'T', SYS_INDEX_PARTITIONS_ 에 행
$T0> #   $GIT_ GLOBAL  : INDEX_TABLE_ID != 0 (숨김 테이블 OID)
$T0> #
$T0> # ★ 이 절이 이 스위트의 이빨이다. 프로퍼티가 0 이면 CREATE INDEX 로 만든
$T0> #   인덱스가 $GIT_ 로 내려가 KIND 가 통째로 바뀌고, 같은 문장을 재고 있다는
$T0> #   착각이 여기서 깨진다.
$T0> #
$T0> # ★ 원본 fixture 의 T1_PK(i2,i1) / T1_UK(i3,i2,i1) 은 파티션 키 i1 을
$T0> #   포함하므로 두 구현 어느 쪽에서도 글로벌이 아니라 LOCAL 이다. 원본
$T0> #   check_global_index.i 가 "$GIT_T1_PK" 를 조회한 것은 존재하지 않는
$T0> #   테이블을 겨눈 것이었다 -- v3-natc-port.md 3.2.
$T0> #

$T0> #
$T0> # 숨김 테이블이 하나도 없다는 것을 남긴다.
$T0> # 네이티브 경로에서는 $GIT_ 가 만들어지지 않는다.
$T0> #
$T0> ###########################################################################
$T0> # NativeGlobalIndexPort1624 - SELECT_META 의 네이티브 재정의 (배치 6·7)
$T0> #
$T0> # 원본 meta/select_meta.i (= PROJ-1624-QC/select_meta.i, 두 파일은 바이트
$T0> # 동일하다) 를 대신한다. 원본이 정의하던 DEF 넷을 **같은 이름, 같은 인자**
$T0> # 로 다시 정의하므로, 이 배치 11 개 케이스의 CALL 자리는 원본과 바이트
$T0> # 동일하게 남는다 -- 배치 4 의 checkFunctionIndex.i, 배치 5 의
$T0> # desc_global_index.i 가 쓴 것과 같은 수법이다.
$T0> #
$T0> # 넷 중 갈아 끼운 것은 SELECT_META() 하나다. CREATE_BACKUP_META() /
$T0> # DROP_BACKUP_META() / COMPARE_META() 는 매체를 묻지 않는다 -- 카탈로그
$T0> # 여섯 장을 통째로 떠서 DDL 앞뒤를 차집합으로 견주는 절이고, 네이티브
$T0> # 에서도 재는 것이 같다(오히려 여기서 더 값지다: 숨김 테이블이 없으므로
$T0> # 잔재가 남으면 그것을 가려 줄 것도 없다). 그래서 원본 그대로 옮겼다.
$T0> #
$T0> # ---------------------------------------------------------------------
$T0> # ★ 원본 SELECT_META() 는 무엇을 하고 있었나
$T0> # ---------------------------------------------------------------------
$T0> #   질의 1  sys_tables_   where table_name like '$%'   -> 숨김 테이블 목록
$T0> #   질의 2  sys_columns_  같은 테이블의 컬럼           -> $GIT_OID/$GIT_RID
$T0> #   질의 3  sys_indices_  where index_name like '$%'   -> $GIK_ / $GIR_
$T0> #   질의 4  sys_index_columns_ 그 인덱스들의 키 컬럼
$T0> #
$T0> # 즉 "글로벌 인덱스가 카탈로그에 **이렇게 보인다**" 이다. 네이티브에서는
$T0> # 그 넷이 전부 빈 표가 된다 -- 방향이 통째로 뒤집힌다. 빈 표만 적으면
$T0> # 질의가 깨져도 빈 표이므로(원본의 is_global 질의가 실제로 그렇게 죽어
$T0> # 있었다 -- v4-natc-port-4.md 2), 없음은 **값 0** 으로 적고 그 자리에
$T0> # 네이티브가 무엇을 두는지를 같은 수의 질의로 이어 적는다.
$T0> #
$T0> # ---------------------------------------------------------------------
$T0> # ★ 네 겹 (원본 네 질의와 자리를 맞춘다)
$T0> # ---------------------------------------------------------------------
$T0> #   겹 0  숨김 객체가 없다. $GIT_ 테이블 수와 $ 로 시작하는 테이블 수,
$T0> #         $GIK_/$GIR_ 인덱스 수와 $ 로 시작하는 인덱스 수를 따로 센다.
$T0> #         (원본 질의 1·3 의 자리. 전부 0 이어야 한다.)
$T0> #   겹 1  그 자리에 있는 것 -- 파티션드 테이블 위의 인덱스 전량과 판별자.
$T0> #         원본이 숨김 테이블의 소유자/유형/테이블스페이스를 적던 자리다.
$T0> #
$T0> # ★ 겹 1~3 은 **이 케이스가 만든 T1·T2 로 좁힌다.** 원본의 like '$%' 는
$T0> #   스스로 좁아 있었다(숨김 객체는 케이스가 만든 것뿐이다). 그것을 그대로
$T0> #   "파티션드 테이블 전량" 으로 옮기면 이웃 케이스가 남긴 테이블까지 세게
$T0> #   되고, 그러면 이 케이스의 기대값이 자기가 한 일이 아니라 스위트 순서의
$T0> #   함수가 된다 -- 배치 4 의 BUG-35460 이 실제로 그렇게 되어 있었다
$T0> #   (v4-natc-port-2.md 5.2). T1·T2·T3 은 이 조각을 INCLUDE 하는 11 개
$T0> #   케이스가 쓰는 이름 전부다(배치 6 의 여덟은 T1·T2, 배치 7 의
$T0> #   index.tc 가 T3 을 더한다). 겹 0 의 두 셈만 스위트 전역이며, 그것은
$T0> #   "이 스위트의 어느 케이스도 숨김 객체를 만들지 않는다" 라는 더 센
$T0> #   진술이라 일부러 좁히지 않았다.
$T0> #   겹 2  키 컬럼과 자료형. 원본 질의 2 가 숨김 테이블의 컬럼을 적던 자리
$T0> #         이며, 거기 있던 $GIT_OID/$GIT_RID BIGINT 두 줄이 네이티브에는
$T0> #         없다는 것이 겹 0 의 0 과 짝을 이룬다.
$T0> #   겹 3  SYS_PART_INDICES_ 의 판별자 행과 인덱스 파티션 수. 글로벌이면
$T0> #         파티션 수 0 · 판별자 101, 로컬이면 파티션 수 = 테이블 파티션 수.
$T0> #
$T0> # ★ 인덱스 ID·테이블 ID·OID 는 한 줄도 내지 않는다. 인스턴스가 여태 만든
$T0> #   객체 수의 함수라 실행마다 달라진다(NEEDS_FRESH_INSTANCE). 원본이
$T0> #   order by t.table_id / i.index_id 로 정렬하던 것도 이름 정렬로 바꿨다 --
$T0> #   ID 를 찍지 않으면서 ID 순서에 기대면 그 순서가 전사에만 남는다.
$T0> ###########################################################################

$T0> ###########################################################################
$T0> # 아래 셋은 원본 그대로다 -- 매체를 묻지 않는 카탈로그 차집합 검사.
$T0> ###########################################################################

$T0> ###########################################################################
$T0> # TestCase Description = ported from qp4/Project3/PROJ-1624-GlobalIndex/PROJ-1624-QC/index.tc
$T0> #
$T0> # Body below is byte-identical to the original. What this port adds is the
$T0> # premise: PIN_DISK_NATIVE() pins DISK_GLOBAL_INDEX_ENABLE = 1 and writes
$T0> # the value into the transcript, so the case states what it measures
$T0> # instead of inheriting it (F07 -- see include/globalIndexEnv.i).
$T0> #
$T0> # Project ID           = Native Global Index (disk) - PROJ-1624 port
$T0> ###########################################################################

$T0> #######################################################################
$T0> # INDEX DDL TEST
$T0> #######################################################################

$T0> #######################################################################
$T0> # SIMPLE INDEX DDL TEST
$T0> #######################################################################

$T0> ###################################
$T0> #SECTOR; PREPARATION
$T0> ###################################

$T0> set linesize 200;
$T0> alter system set DISK_GLOBAL_INDEX_ENABLE = 1;
Alter success.
$T0> select cast(value1 as varchar(10)) disk_global_index_enable from v$property
  where name = 'DISK_GLOBAL_INDEX_ENABLE';
DISK_GLOBAL_INDEX_ENABLE  
----------------------------
1           
1 row selected.

$T0> DROP INDEX T1_IDX;
[ERR-31014 : Index not found]
$T0> DROP TABLE T1;
[ERR-31031 : Table or view was not found : 
0001 : DROP TABLE T1
                 ^ ^
]
$T0> CREATE TABLE T1 ( I INTEGER, J VARCHAR(10) )
partition by range(I)
(
	partition p1 values less than('3'),
	partition p2 values less than('7'),
	partition p3 values default
) TABLESPACE SYS_TBS_DISK_DATA;
Create success.


$T0> ###################################
$T0> #SECTOR; WITHOUT DATA
$T0> ###################################

$T0> # 겹 0 -- 숨김 객체가 없다 (원본 질의 1·3 의 자리)
$T0> select count(case when t.table_name like '$GIT!_%' escape '!' then 1 end) git_table,
       count(*) dollar_table
from system_.sys_tables_ t
where t.table_name like '$%';
GIT_TABLE            DOLLAR_TABLE         
---------------------------------------------
0                    0                    
1 row selected.

$T0> select count(case when i.index_name like '$GIK!_%' escape '!' then 1 end) gik_index,
       count(case when i.index_name like '$GIR!_%' escape '!' then 1 end) gir_index,
       count(*) dollar_index
from system_.sys_indices_ i
where i.index_name like '$%';
GIK_INDEX            GIR_INDEX            DOLLAR_INDEX         
-------------------------------------------------------------------
0                    0                    0                    
1 row selected.

$T0> # 겹 1 -- 그 자리에 있는 것 (파티션드 테이블 위의 인덱스 전량)
$T0> select cast(u.user_name as varchar(8)) user_name,
       cast(t.table_name as varchar(6)) table_name,
       cast(i.index_name as varchar(8)) index_name,
       cast( case when i.index_table_id != 0          then 'GIT-HIDDEN-TABLE'
                  when i.is_partitioned = 'T'         then 'LOCAL'
                  when nvl(p.partition_type,-1) = 101 then 'NATIVE-GLOBAL'
                  else 'UNKNOWN' end as varchar(16) ) kind,
       cast(i.is_unique as varchar(2)) uq,
       cast(b.name as varchar(18)) tbs_name
from system_.sys_indices_ i, system_.sys_tables_ t, system_.sys_users_ u,
     v$tablespaces b,
     ( select index_id, max(partition_type) partition_type
       from system_.sys_part_indices_ group by index_id ) p
where i.table_id = t.table_id
  and i.user_id = u.user_id
  and i.tbs_id = b.id
  and i.index_id = p.index_id(+)
  and t.table_id in ( select table_id from system_.sys_part_tables_ )
  and t.table_name in ( 'T1', 'T2', 'T3' )
order by 1, 2, 3;
USER_NAME  TABLE_NAME  INDEX_NAME  KIND              UQ  TBS_NAME            
------------------------------------------------------------------------------------
No rows selected.

$T0> # 겹 2 -- 키 컬럼과 자료형 (원본 질의 2·4 의 자리)
$T0> select cast(u.user_name as varchar(8)) user_name,
       cast(t.table_name as varchar(6)) table_name,
       cast(i.index_name as varchar(8)) index_name,
       j.index_col_order ord,
       cast(c.column_name as varchar(8)) column_name,
       cast(d.type_name as varchar(10)) type_name,
       cast(j.sort_order as varchar(2)) sort_order
from system_.sys_indices_ i, system_.sys_tables_ t, system_.sys_users_ u,
     system_.sys_index_columns_ j, system_.sys_columns_ c, v$datatype d
where i.table_id = t.table_id
  and i.user_id = u.user_id
  and i.index_id = j.index_id
  and j.column_id = c.column_id
  and c.data_type = d.data_type
  and t.table_id in ( select table_id from system_.sys_part_tables_ )
  and t.table_name in ( 'T1', 'T2', 'T3' )
order by 1, 2, 3, 4;
USER_NAME  TABLE_NAME  INDEX_NAME  ORD         COLUMN_NAME  TYPE_NAME   SORT_ORDER  
--------------------------------------------------------------------------------------------
No rows selected.

$T0> # 겹 3 -- 판별자 행과 인덱스 파티션 수
$T0> select cast(u.user_name as varchar(8)) user_name,
       cast(t.table_name as varchar(6)) table_name,
       cast(i.index_name as varchar(8)) index_name,
       cast( ( select count(*) from system_.sys_part_indices_ pi
               where pi.index_id = i.index_id ) as integer ) part_idx_rows,
       cast( ( select max(pi.partition_type) from system_.sys_part_indices_ pi
               where pi.index_id = i.index_id ) as integer ) part_type,
       cast( ( select count(*) from system_.sys_index_partitions_ ip
               where ip.index_id = i.index_id ) as integer ) idx_partitions
from system_.sys_indices_ i, system_.sys_tables_ t, system_.sys_users_ u
where i.table_id = t.table_id
  and i.user_id = u.user_id
  and t.table_id in ( select table_id from system_.sys_part_tables_ )
  and t.table_name in ( 'T1', 'T2', 'T3' )
order by 1, 2, 3;
USER_NAME  TABLE_NAME  INDEX_NAME  PART_IDX_ROWS PART_TYPE   IDX_PARTITIONS 
-----------------------------------------------------------------------------------
No rows selected.

$T0> CREATE INDEX T1_IDX ON T1 (I);
Create success.

$T0> # 겹 0 -- 숨김 객체가 없다 (원본 질의 1·3 의 자리)
$T0> select count(case when t.table_name like '$GIT!_%' escape '!' then 1 end) git_table,
       count(*) dollar_table
from system_.sys_tables_ t
where t.table_name like '$%';
GIT_TABLE            DOLLAR_TABLE         
---------------------------------------------
0                    0                    
1 row selected.

$T0> select count(case when i.index_name like '$GIK!_%' escape '!' then 1 end) gik_index,
       count(case when i.index_name like '$GIR!_%' escape '!' then 1 end) gir_index,
       count(*) dollar_index
from system_.sys_indices_ i
where i.index_name like '$%';
GIK_INDEX            GIR_INDEX            DOLLAR_INDEX         
-------------------------------------------------------------------
0                    0                    0                    
1 row selected.

$T0> # 겹 1 -- 그 자리에 있는 것 (파티션드 테이블 위의 인덱스 전량)
$T0> select cast(u.user_name as varchar(8)) user_name,
       cast(t.table_name as varchar(6)) table_name,
       cast(i.index_name as varchar(8)) index_name,
       cast( case when i.index_table_id != 0          then 'GIT-HIDDEN-TABLE'
                  when i.is_partitioned = 'T'         then 'LOCAL'
                  when nvl(p.partition_type,-1) = 101 then 'NATIVE-GLOBAL'
                  else 'UNKNOWN' end as varchar(16) ) kind,
       cast(i.is_unique as varchar(2)) uq,
       cast(b.name as varchar(18)) tbs_name
from system_.sys_indices_ i, system_.sys_tables_ t, system_.sys_users_ u,
     v$tablespaces b,
     ( select index_id, max(partition_type) partition_type
       from system_.sys_part_indices_ group by index_id ) p
where i.table_id = t.table_id
  and i.user_id = u.user_id
  and i.tbs_id = b.id
  and i.index_id = p.index_id(+)
  and t.table_id in ( select table_id from system_.sys_part_tables_ )
  and t.table_name in ( 'T1', 'T2', 'T3' )
order by 1, 2, 3;
USER_NAME  TABLE_NAME  INDEX_NAME  KIND              UQ  TBS_NAME            
------------------------------------------------------------------------------------
SYS       T1      T1_IDX    NATIVE-GLOBAL     F   SYS_TBS_DISK_DATA   
1 row selected.

$T0> # 겹 2 -- 키 컬럼과 자료형 (원본 질의 2·4 의 자리)
$T0> select cast(u.user_name as varchar(8)) user_name,
       cast(t.table_name as varchar(6)) table_name,
       cast(i.index_name as varchar(8)) index_name,
       j.index_col_order ord,
       cast(c.column_name as varchar(8)) column_name,
       cast(d.type_name as varchar(10)) type_name,
       cast(j.sort_order as varchar(2)) sort_order
from system_.sys_indices_ i, system_.sys_tables_ t, system_.sys_users_ u,
     system_.sys_index_columns_ j, system_.sys_columns_ c, v$datatype d
where i.table_id = t.table_id
  and i.user_id = u.user_id
  and i.index_id = j.index_id
  and j.column_id = c.column_id
  and c.data_type = d.data_type
  and t.table_id in ( select table_id from system_.sys_part_tables_ )
  and t.table_name in ( 'T1', 'T2', 'T3' )
order by 1, 2, 3, 4;
USER_NAME  TABLE_NAME  INDEX_NAME  ORD         COLUMN_NAME  TYPE_NAME   SORT_ORDER  
--------------------------------------------------------------------------------------------
SYS       T1      T1_IDX    0           I         INTEGER     A   
1 row selected.

$T0> # 겹 3 -- 판별자 행과 인덱스 파티션 수
$T0> select cast(u.user_name as varchar(8)) user_name,
       cast(t.table_name as varchar(6)) table_name,
       cast(i.index_name as varchar(8)) index_name,
       cast( ( select count(*) from system_.sys_part_indices_ pi
               where pi.index_id = i.index_id ) as integer ) part_idx_rows,
       cast( ( select max(pi.partition_type) from system_.sys_part_indices_ pi
               where pi.index_id = i.index_id ) as integer ) part_type,
       cast( ( select count(*) from system_.sys_index_partitions_ ip
               where ip.index_id = i.index_id ) as integer ) idx_partitions
from system_.sys_indices_ i, system_.sys_tables_ t, system_.sys_users_ u
where i.table_id = t.table_id
  and i.user_id = u.user_id
  and t.table_id in ( select table_id from system_.sys_part_tables_ )
  and t.table_name in ( 'T1', 'T2', 'T3' )
order by 1, 2, 3;
USER_NAME  TABLE_NAME  INDEX_NAME  PART_IDX_ROWS PART_TYPE   IDX_PARTITIONS 
-----------------------------------------------------------------------------------
SYS       T1      T1_IDX    1           101         0           
1 row selected.

$T0> INSERT INTO T1 VALUES (1, 'AA');
1 row inserted.
$T0> INSERT INTO T1 VALUES (2, 'BB');
1 row inserted.

$T0> CREATE UNIQUE INDEX T1_IDX2 ON T1 (J);
Create success.
$T0> INSERT INTO T1 VALUES (2, 'BB');
[ERR-11058 : The row already exists in a unique index.]
$T0> INSERT INTO T1 VALUES (2, 'CC');
1 row inserted.
$T0> SELECT * FROM T1;
T1.I        T1.J        
---------------------------
1           AA          
2           BB          
2           CC          
3 rows selected.

$T0> ###################################
$T0> #SECTOR; DROP INDEX
$T0> ###################################

$T0> DROP INDEX T1_IDX;
Drop success.

$T0> # 겹 0 -- 숨김 객체가 없다 (원본 질의 1·3 의 자리)
$T0> select count(case when t.table_name like '$GIT!_%' escape '!' then 1 end) git_table,
       count(*) dollar_table
from system_.sys_tables_ t
where t.table_name like '$%';
GIT_TABLE            DOLLAR_TABLE         
---------------------------------------------
0                    0                    
1 row selected.

$T0> select count(case when i.index_name like '$GIK!_%' escape '!' then 1 end) gik_index,
       count(case when i.index_name like '$GIR!_%' escape '!' then 1 end) gir_index,
       count(*) dollar_index
from system_.sys_indices_ i
where i.index_name like '$%';
GIK_INDEX            GIR_INDEX            DOLLAR_INDEX         
-------------------------------------------------------------------
0                    0                    0                    
1 row selected.

$T0> # 겹 1 -- 그 자리에 있는 것 (파티션드 테이블 위의 인덱스 전량)
$T0> select cast(u.user_name as varchar(8)) user_name,
       cast(t.table_name as varchar(6)) table_name,
       cast(i.index_name as varchar(8)) index_name,
       cast( case when i.index_table_id != 0          then 'GIT-HIDDEN-TABLE'
                  when i.is_partitioned = 'T'         then 'LOCAL'
                  when nvl(p.partition_type,-1) = 101 then 'NATIVE-GLOBAL'
                  else 'UNKNOWN' end as varchar(16) ) kind,
       cast(i.is_unique as varchar(2)) uq,
       cast(b.name as varchar(18)) tbs_name
from system_.sys_indices_ i, system_.sys_tables_ t, system_.sys_users_ u,
     v$tablespaces b,
     ( select index_id, max(partition_type) partition_type
       from system_.sys_part_indices_ group by index_id ) p
where i.table_id = t.table_id
  and i.user_id = u.user_id
  and i.tbs_id = b.id
  and i.index_id = p.index_id(+)
  and t.table_id in ( select table_id from system_.sys_part_tables_ )
  and t.table_name in ( 'T1', 'T2', 'T3' )
order by 1, 2, 3;
USER_NAME  TABLE_NAME  INDEX_NAME  KIND              UQ  TBS_NAME            
------------------------------------------------------------------------------------
SYS       T1      T1_IDX2   NATIVE-GLOBAL     T   SYS_TBS_DISK_DATA   
1 row selected.

$T0> # 겹 2 -- 키 컬럼과 자료형 (원본 질의 2·4 의 자리)
$T0> select cast(u.user_name as varchar(8)) user_name,
       cast(t.table_name as varchar(6)) table_name,
       cast(i.index_name as varchar(8)) index_name,
       j.index_col_order ord,
       cast(c.column_name as varchar(8)) column_name,
       cast(d.type_name as varchar(10)) type_name,
       cast(j.sort_order as varchar(2)) sort_order
from system_.sys_indices_ i, system_.sys_tables_ t, system_.sys_users_ u,
     system_.sys_index_columns_ j, system_.sys_columns_ c, v$datatype d
where i.table_id = t.table_id
  and i.user_id = u.user_id
  and i.index_id = j.index_id
  and j.column_id = c.column_id
  and c.data_type = d.data_type
  and t.table_id in ( select table_id from system_.sys_part_tables_ )
  and t.table_name in ( 'T1', 'T2', 'T3' )
order by 1, 2, 3, 4;
USER_NAME  TABLE_NAME  INDEX_NAME  ORD         COLUMN_NAME  TYPE_NAME   SORT_ORDER  
--------------------------------------------------------------------------------------------
SYS       T1      T1_IDX2   0           J         VARCHAR     A   
1 row selected.

$T0> # 겹 3 -- 판별자 행과 인덱스 파티션 수
$T0> select cast(u.user_name as varchar(8)) user_name,
       cast(t.table_name as varchar(6)) table_name,
       cast(i.index_name as varchar(8)) index_name,
       cast( ( select count(*) from system_.sys_part_indices_ pi
               where pi.index_id = i.index_id ) as integer ) part_idx_rows,
       cast( ( select max(pi.partition_type) from system_.sys_part_indices_ pi
               where pi.index_id = i.index_id ) as integer ) part_type,
       cast( ( select count(*) from system_.sys_index_partitions_ ip
               where ip.index_id = i.index_id ) as integer ) idx_partitions
from system_.sys_indices_ i, system_.sys_tables_ t, system_.sys_users_ u
where i.table_id = t.table_id
  and i.user_id = u.user_id
  and t.table_id in ( select table_id from system_.sys_part_tables_ )
  and t.table_name in ( 'T1', 'T2', 'T3' )
order by 1, 2, 3;
USER_NAME  TABLE_NAME  INDEX_NAME  PART_IDX_ROWS PART_TYPE   IDX_PARTITIONS 
-----------------------------------------------------------------------------------
SYS       T1      T1_IDX2   1           101         0           
1 row selected.

$T0> DELETE FROM T1 WHERE I = 1;
1 row deleted.

$T0> SELECT * FROM T1 ORDER BY I, J;
T1.I        T1.J        
---------------------------
2           BB          
2           CC          
2 rows selected.

$T0> ###################################
$T0> #SECTOR; CREATE INDEX WITH DATA
$T0> ###################################

$T0> CREATE UNIQUE INDEX T1_IDX ON T1 (I);
[ERR-11058 : The row already exists in a unique index.]

$T0> INSERT INTO T1 VALUES (2, 'DD');
1 row inserted.

$T0> SELECT * FROM T1 ORDER BY I, J;
T1.I        T1.J        
---------------------------
2           BB          
2           CC          
2           DD          
3 rows selected.

$T0> ###################################
$T0> #SECTOR; FINALIZATION
$T0> ###################################

$T0> DROP TABLE T1;
Drop success.

$T0> #######################################################################
$T0> # BTREE INDEX test
$T0> #######################################################################

$T0> ###################################
$T0> #SECTOR; PREPARATION
$T0> ###################################

$T0> SKIP BEGIN;
$T0> DROP TABLE T1;
$T0> SKIP END;

$T0> CREATE TABLE T1 (I1 CHAR(3), I2 CHAR(3), I3 CHAR(3))
partition by list(i1)
(
	partition p1 values ('aaa','c'),
	partition p2 values ('ddd','bbb'),
	partition p3 values default
) TABLESPACE SYS_TBS_DISK_DATA;
Create success.


$T0> INSERT INTO T1 VALUES ('aaa','aaa','aaa');
1 row inserted.
$T0> INSERT INTO T1 VALUES ('bbb','b','b');
1 row inserted.
$T0> INSERT INTO T1 VALUES ('c','c','c');
1 row inserted.
$T0> INSERT INTO T1 VALUES ('ddd','d','d');
1 row inserted.
$T0> INSERT INTO T1 VALUES ('ddd','e','e');
1 row inserted.
$T0> INSERT INTO T1 VALUES ('ddd','f','f');
1 row inserted.
$T0> INSERT INTO T1 VALUES ('a','a','a');
1 row inserted.
$T0> INSERT INTO T1 VALUES ('e','e','e');
1 row inserted.
$T0> INSERT INTO T1 VALUES ('c','a','c');
1 row inserted.
$T0> INSERT INTO T1 VALUES ('f','f','f');
1 row inserted.
$T0> INSERT INTO T1 VALUES ('c','c','c');
1 row inserted.

$T0> SKIP BEGIN;
$T0> DROP INDEX IDX1;
$T0> SKIP END;

$T0> ##################################
$T0> #SECTOR; BTREE INDEX test ASC
$T0> ###################################

$T0> CREATE INDEX IDX1 ON T1 (I1 ASC);
Create success.

$T0> SELECT * FROM T1 WHERE I1 > 'b' AND I2 >= 'c';
T1.I1  T1.I2  T1.I3  
-------------------------
c    c    c    
c    c    c    
ddd  d    d    
ddd  e    e    
ddd  f    f    
e    e    e    
f    f    f    
7 rows selected.
$T0> SELECT * FROM T1 WHERE I2 >= 'c' AND I1 > 'b';
T1.I1  T1.I2  T1.I3  
-------------------------
c    c    c    
c    c    c    
ddd  d    d    
ddd  e    e    
ddd  f    f    
e    e    e    
f    f    f    
7 rows selected.
$T0> SELECT * FROM T1 WHERE I2 = 'd' AND I1 LIKE 'd%' AND I3 = 'd';
T1.I1  T1.I2  T1.I3  
-------------------------
ddd  d    d    
1 row selected.
$T0> SELECT * FROM T1 WHERE I1 LIKE 'd%' AND I2 = 'd' AND I1 = 'ddd';
T1.I1  T1.I2  T1.I3  
-------------------------
ddd  d    d    
1 row selected.
$T0> SELECT * FROM T1 WHERE I1 LIKE 'd%' AND I2 = 'd' OR I1 = 'ddd';
T1.I1  T1.I2  T1.I3  
-------------------------
ddd  d    d    
ddd  e    e    
ddd  f    f    
3 rows selected.

$T0> SKIP BEGIN;
$T0> DROP INDEX IDX1;
$T0> SKIP END;

$T0> ###################################
$T0> #SECTOR; BTREE INDEX test DESC
$T0> ###################################

$T0> CREATE INDEX IDX1 ON T1 (I1 DESC);
Create success.

$T0> SELECT * FROM T1 WHERE I1 > 'b' AND I2 >= 'c';
T1.I1  T1.I2  T1.I3  
-------------------------
f    f    f    
e    e    e    
ddd  d    d    
ddd  e    e    
ddd  f    f    
c    c    c    
c    c    c    
7 rows selected.
$T0> SELECT * FROM T1 WHERE I2 >= 'c' AND I1 > 'b';
T1.I1  T1.I2  T1.I3  
-------------------------
f    f    f    
e    e    e    
ddd  d    d    
ddd  e    e    
ddd  f    f    
c    c    c    
c    c    c    
7 rows selected.
$T0> SELECT * FROM T1 WHERE I2 = 'd' AND I1 LIKE 'd%' AND I3 = 'd';
T1.I1  T1.I2  T1.I3  
-------------------------
ddd  d    d    
1 row selected.
$T0> SELECT * FROM T1 WHERE I1 LIKE 'd%' AND I2 = 'd' AND I1 = 'ddd';
T1.I1  T1.I2  T1.I3  
-------------------------
ddd  d    d    
1 row selected.
$T0> SELECT * FROM T1 WHERE I1 LIKE 'd%' AND I2 = 'd' OR I1 = 'ddd';
T1.I1  T1.I2  T1.I3  
-------------------------
ddd  d    d    
ddd  e    e    
ddd  f    f    
3 rows selected.

$T0> ###################################
$T0> #SECTOR; FINALIZATION
$T0> ###################################

$T0> SKIP BEGIN;
$T0> DROP TABLE T1;
$T0> DROP INDEX IDX1;
$T0> SKIP END;

$T0> #######################################################################
$T0> # CREATE INDEX 
$T0> #######################################################################

$T0> ###################################
$T0> #SECTOR; PREPARATION
$T0> ###################################

$T0> SKIP BEGIN;
$T0> DROP TABLE T1;
$T0> DROP TABLE T2;
$T0> DROP TABLE T3;
$T0> SKIP END;

$T0> CREATE TABLE T1 (I1 NUMERIC, I2 NUMERIC, I3 NUMERIC) 
partition by range(i1)
(
	partition p1 values less than('15'),
	partition p2 values less than('35'),
	partition p3 values default
) TABLESPACE SYS_TBS_DISK_DATA;
Create success.

$T0> CREATE TABLE T2 (I4 NUMERIC, I5 NUMERIC, I6 NUMERIC)
partition by range(i1)
(
	partition p1 values less than('15'),
	partition p2 values less than('45'),
	partition p3 values default
) TABLESPACE SYS_TBS_DISK_DATA;
[ERR-31261 : Invalid partition key column name 
0002 : partition by RANGE(I1)
                         ^ ^
]

$T0> CREATE TABLE T3 (I6 NUMERIC, I7 NUMERIC, I8 NUMERIC)
partition by range(i1)
(
	partition p1 values less than('25'),
	partition p2 values less than('55'),
	partition p3 values default
) TABLESPACE SYS_TBS_DISK_DATA;
[ERR-31261 : Invalid partition key column name 
0002 : partition by RANGE(I1)
                         ^ ^
]


$T0> INSERT INTO T1 VALUES (10,10,10);
1 row inserted.
$T0> INSERT INTO T1 VALUES (20,20,20);
1 row inserted.
$T0> INSERT INTO T1 VALUES (30,30,30);
1 row inserted.
$T0> INSERT INTO T2 VALUES (10,10,10);
[ERR-31031 : Table or view was not found : 
0001 : INSERT INTO T2 VALUES (10,10,10)
                  ^ ^
]
$T0> INSERT INTO T2 VALUES (20,20,20);
[ERR-31031 : Table or view was not found : 
0001 : INSERT INTO T2 VALUES (20,20,20)
                  ^ ^
]
$T0> INSERT INTO T2 VALUES (40,40,40);
[ERR-31031 : Table or view was not found : 
0001 : INSERT INTO T2 VALUES (40,40,40)
                  ^ ^
]
$T0> INSERT INTO T3 VALUES (10,10,10);
[ERR-31031 : Table or view was not found : 
0001 : INSERT INTO T3 VALUES (10,10,10)
                  ^ ^
]
$T0> INSERT INTO T3 VALUES (20,20,20);
[ERR-31031 : Table or view was not found : 
0001 : INSERT INTO T3 VALUES (20,20,20)
                  ^ ^
]
$T0> INSERT INTO T3 VALUES (50,50,50);
[ERR-31031 : Table or view was not found : 
0001 : INSERT INTO T3 VALUES (50,50,50)
                  ^ ^
]

$T0> SKIP BEGIN;
$T0> DROP INDEX IDX1;
$T0> DROP INDEX IDX2;
$T0> DROP INDEX IDX3;
$T0> DROP INDEX IDX4;
$T0> DROP INDEX IDX5;
$T0> DROP INDEX IDX6;
$T0> DROP INDEX IDX7;
$T0> DROP INDEX IDX8;
$T0> DROP INDEX IDX9;
$T0> SKIP END;

$T0> ###################################
$T0> #SECTOR; CREATE INDEX ASC
$T0> ###################################

$T0> CREATE INDEX idx1 ON t1 (i1 ASC);
Create success.

$T0> ###################################
$T0> #SECTOR; CREATE INDEX ASC has already index
$T0> ###################################

$T0> CREATE INDEX idx2 ON t1 (i1 ASC) INDEXTYPE IS BTREE;
[ERR-31051 : Duplicate key columns in an index]
$T0> CREATE INDEX idx3 ON t1 (i2 ASC);
Create success.
$T0> CREATE INDEX idx4 ON t1 (i2 ASC) INDEXTYPE IS RTREE;
[ERR-31237 : cannot create index in the data type.]
$T0> CREATE INDEX idx5 ON t1 (i3 ASC);
Create success.
$T0> CREATE INDEX idx6 ON t1 (i3 ASC) INDEXTYPE IS BTREE;
[ERR-31051 : Duplicate key columns in an index]
$T0> CREATE INDEX idx7 ON t1 (i1 ASC, i2 ASC, i3 ASC);
Create success.
$T0> CREATE INDEX idx8 ON t1 (i1 ASC, i2 ASC, i3 ASC) INDEXTYPE IS BTREE;
[ERR-31051 : Duplicate key columns in an index]
$T0> CREATE INDEX idx9 ON t1 (i1 ASC, i2 ASC);
Create success.

$T0> SKIP BEGIN;
$T0> DROP INDEX IDX1;
$T0> DROP INDEX IDX2;
$T0> DROP INDEX IDX3;
$T0> DROP INDEX IDX4;
$T0> DROP INDEX IDX5;
$T0> DROP INDEX IDX6;
$T0> DROP INDEX IDX7;
$T0> DROP INDEX IDX8;
$T0> DROP INDEX IDX9;
$T0> DROP INDEX IDX10;
$T0> DROP INDEX IDX11;
$T0> DROP INDEX IDX12;
$T0> DROP INDEX IDX13;
$T0> DROP INDEX IDX14;
$T0> SKIP END;

$T0> ###################################
$T0> #SECTOR; CREATE INDEX DESC 
$T0> ###################################

$T0> CREATE INDEX IDX1 ON T1 (I1 DESC);
Create success.

$T0> ###################################
$T0> #SECTOR; CREATE INDEX DESC has already index & COLUMN ORDER
$T0> ###################################

$T0> CREATE INDEX IDX2 ON T1 (I1 DESC) INDEXTYPE IS BTREE;
[ERR-31051 : Duplicate key columns in an index]
$T0> CREATE INDEX IDX3 ON T1 (I2 DESC);
Create success.
$T0> CREATE INDEX IDX4 ON T1 (I2 DESC) INDEXTYPE IS RTREE;
[ERR-31237 : cannot create index in the data type.]
$T0> CREATE INDEX IDX5 ON T1 (I3 DESC);
Create success.
$T0> CREATE INDEX IDX6 ON T1 (I3 DESC) INDEXTYPE IS BTREE;
[ERR-31051 : Duplicate key columns in an index]
$T0> CREATE INDEX IDX7 ON T1 (I1 DESC, I2 DESC, I3 DESC);
Create success.
$T0> CREATE INDEX IDX8 ON T1 (I1 DESC, I2 DESC, I3 DESC) INDEXTYPE IS BTREE;
[ERR-31051 : Duplicate key columns in an index]
$T0> CREATE INDEX IDX9 ON T1 (I1 DESC, I3 DESC, I2 DESC);
Create success.
$T0> CREATE INDEX IDX10 ON T1 (I1 ASC, I3 DESC, I2 ASC);
Create success.
$T0> CREATE INDEX IDX11 ON T1 (I2 ASC);
Create success.
$T0> CREATE INDEX IDX12 ON T2 (I4 DESC, I4 ASC);
[ERR-31007 : Duplicate column name 
0001 : CREATE INDEX IDX12 ON T2 (I4 DESC, I4 ASC)
                                         ^ ^
]

$T0> INSERT INTO T3 VALUES (NULL,NULL,NULL);
[ERR-31031 : Table or view was not found : 
0001 : INSERT INTO T3 VALUES (NULL,NULL,NULL)
                  ^ ^
]
$T0> INSERT INTO T3 VALUES (NULL,NULL,NULL);
[ERR-31031 : Table or view was not found : 
0001 : INSERT INTO T3 VALUES (NULL,NULL,NULL)
                  ^ ^
]
$T0> CREATE INDEX IDX13 ON T3 (I7 DESC);
[ERR-31031 : Table or view was not found : 
0001 : CREATE INDEX IDX13 ON T3 (I7 DESC)
                            ^ ^
]
$T0> CREATE UNIQUE INDEX IDX14 ON T3 (I8 DESC);
[ERR-31031 : Table or view was not found : 
0001 : CREATE UNIQUE INDEX IDX14 ON T3 (I8 DESC)
                                   ^ ^
]

$T0> ###################################
$T0> #SECTOR; FINALIZATION
$T0> ###################################

$T0> SKIP BEGIN;
$T0> DROP TABLE T1;
$T0> DROP TABLE T2;
$T0> DROP TABLE T3;
$T0> DROP INDEX IDX1;
$T0> DROP INDEX IDX2;
$T0> DROP INDEX IDX3;
$T0> DROP INDEX IDX4;
$T0> DROP INDEX IDX5;
$T0> DROP INDEX IDX6;
$T0> DROP INDEX IDX7;
$T0> DROP INDEX IDX8;
$T0> DROP INDEX IDX9;
$T0> DROP INDEX IDX10;
$T0> DROP INDEX IDX11;
$T0> DROP INDEX IDX12;
$T0> DROP INDEX IDX13;
$T0> DROP INDEX IDX14;
$T0> SKIP END;

