 
+----------------------------------------------------------------------+
--+SECTOR 0; BY ATC
+----------------------------------------------------------------------+
 
$P0> --+PROCESS P0;
--############################################################################
--# Lock (Partitioned)Table Execution TEST
--############################################################################

--###################################
--+SECTOR 1; PREPARATION
--###################################
--+SKIP BEGIN; 
$P0> DROP TABLE RANGE_TAB;
$P0> DROP TABLE HASH_TAB;
--+SKIP END; 

--########################################################
--+SECTOR 2; SHARE = LOCK(S)
--########################################################

--####################################
--# DROP TABLE
--####################################
# ==> [Schema.sql] BEGIN <=
--+SKIP BEGIN; 
$P0> DROP TABLE RANGE_TAB;
$P0> DROP TABLE HASH_TAB;

$P0> CREATE TABLE RANGE_TAB
     (
         I1 INTEGER,
         I2 VARCHAR(10) VARIABLE
     )
     PARTITION BY RANGE( I1 )
     (
         PARTITION P1 VALUES LESS THAN (10),
         PARTITION P2 VALUES LESS THAN (20),
         PARTITION P3 VALUES LESS THAN (30),
         PARTITION P4 VALUES DEFAULT
     ) TABLESPACE SYS_TBS_DISK_DATA;

$P0> ALTER TABLE RANGE_TAB ENABLE ROW MOVEMENT;

$P0> CREATE INDEX IDX1 ON RANGE_TAB(I1);

$P0> INSERT INTO RANGE_TAB VALUES(5 , 'ABC');
$P0> INSERT INTO RANGE_TAB VALUES(15 , 'ABC');
$P0> INSERT INTO RANGE_TAB VALUES(25 , 'ABC');
$P0> INSERT INTO RANGE_TAB VALUES(35 , 'ABC');

$P0> CREATE TABLE HASH_TAB
     (
         I1 INTEGER,
         I2 VARCHAR(10) VARIABLE
     )
     PARTITION BY HASH( I1 )
     (
         PARTITION P1,
         PARTITION P2,
         PARTITION P3,
         PARTITION P4
     ) TABLESPACE SYS_TBS_DISK_DATA;

$P0> ALTER TABLE HASH_TAB ENABLE ROW MOVEMENT;

$P0> CREATE INDEX IDX2 ON HASH_TAB(I1);

$P0> INSERT INTO HASH_TAB VALUES(1 , 'ABC');
$P0> INSERT INTO HASH_TAB VALUES(2 , 'ABC');
$P0> INSERT INTO HASH_TAB VALUES(3 , 'ABC');
$P0> INSERT INTO HASH_TAB VALUES(4 , 'ABC');
--+SKIP END; 
# ==> [Schema.sql] END <=

$P0> --+PWAIT ;

$P0> --+PWAIT ;

$P0> --+PWAIT ;

$P0> --+PWAIT ;

--####################################
--# CREATE INDEX
--####################################
# ==> [Schema.sql] BEGIN <=
--+SKIP BEGIN; 
$P0> DROP TABLE RANGE_TAB;
$P0> DROP TABLE HASH_TAB;

$P0> CREATE TABLE RANGE_TAB
     (
         I1 INTEGER,
         I2 VARCHAR(10) VARIABLE
     )
     PARTITION BY RANGE( I1 )
     (
         PARTITION P1 VALUES LESS THAN (10),
         PARTITION P2 VALUES LESS THAN (20),
         PARTITION P3 VALUES LESS THAN (30),
         PARTITION P4 VALUES DEFAULT
     ) TABLESPACE SYS_TBS_DISK_DATA;

$P0> ALTER TABLE RANGE_TAB ENABLE ROW MOVEMENT;

$P0> CREATE INDEX IDX1 ON RANGE_TAB(I1);

$P0> INSERT INTO RANGE_TAB VALUES(5 , 'ABC');
$P0> INSERT INTO RANGE_TAB VALUES(15 , 'ABC');
$P0> INSERT INTO RANGE_TAB VALUES(25 , 'ABC');
$P0> INSERT INTO RANGE_TAB VALUES(35 , 'ABC');

$P0> CREATE TABLE HASH_TAB
     (
         I1 INTEGER,
         I2 VARCHAR(10) VARIABLE
     )
     PARTITION BY HASH( I1 )
     (
         PARTITION P1,
         PARTITION P2,
         PARTITION P3,
         PARTITION P4
     ) TABLESPACE SYS_TBS_DISK_DATA;

$P0> ALTER TABLE HASH_TAB ENABLE ROW MOVEMENT;

$P0> CREATE INDEX IDX2 ON HASH_TAB(I1);

$P0> INSERT INTO HASH_TAB VALUES(1 , 'ABC');
$P0> INSERT INTO HASH_TAB VALUES(2 , 'ABC');
$P0> INSERT INTO HASH_TAB VALUES(3 , 'ABC');
$P0> INSERT INTO HASH_TAB VALUES(4 , 'ABC');
--+SKIP END; 
# ==> [Schema.sql] END <=

$P0> --+PWAIT ;

$P0> --+PWAIT ;

$P0> --+PWAIT ;

$P0> --+PWAIT ;

--####################################
--# DROP INDEX
--####################################
# ==> [Schema.sql] BEGIN <=
--+SKIP BEGIN; 
$P0> DROP TABLE RANGE_TAB;
$P0> DROP TABLE HASH_TAB;

$P0> CREATE TABLE RANGE_TAB
     (
         I1 INTEGER,
         I2 VARCHAR(10) VARIABLE
     )
     PARTITION BY RANGE( I1 )
     (
         PARTITION P1 VALUES LESS THAN (10),
         PARTITION P2 VALUES LESS THAN (20),
         PARTITION P3 VALUES LESS THAN (30),
         PARTITION P4 VALUES DEFAULT
     ) TABLESPACE SYS_TBS_DISK_DATA;

$P0> ALTER TABLE RANGE_TAB ENABLE ROW MOVEMENT;

$P0> CREATE INDEX IDX1 ON RANGE_TAB(I1);

$P0> INSERT INTO RANGE_TAB VALUES(5 , 'ABC');
$P0> INSERT INTO RANGE_TAB VALUES(15 , 'ABC');
$P0> INSERT INTO RANGE_TAB VALUES(25 , 'ABC');
$P0> INSERT INTO RANGE_TAB VALUES(35 , 'ABC');

$P0> CREATE TABLE HASH_TAB
     (
         I1 INTEGER,
         I2 VARCHAR(10) VARIABLE
     )
     PARTITION BY HASH( I1 )
     (
         PARTITION P1,
         PARTITION P2,
         PARTITION P3,
         PARTITION P4
     ) TABLESPACE SYS_TBS_DISK_DATA;

$P0> ALTER TABLE HASH_TAB ENABLE ROW MOVEMENT;

$P0> CREATE INDEX IDX2 ON HASH_TAB(I1);

$P0> INSERT INTO HASH_TAB VALUES(1 , 'ABC');
$P0> INSERT INTO HASH_TAB VALUES(2 , 'ABC');
$P0> INSERT INTO HASH_TAB VALUES(3 , 'ABC');
$P0> INSERT INTO HASH_TAB VALUES(4 , 'ABC');
--+SKIP END; 
# ==> [Schema.sql] END <=

$P0> --+PWAIT ;

$P0> --+PWAIT ;

$P0> --+PWAIT ;

$P0> --+PWAIT ;


--####################################
--# ADD COLUMN
--####################################
# ==> [Schema.sql] BEGIN <=
--+SKIP BEGIN; 
$P0> DROP TABLE RANGE_TAB;
$P0> DROP TABLE HASH_TAB;

$P0> CREATE TABLE RANGE_TAB
     (
         I1 INTEGER,
         I2 VARCHAR(10) VARIABLE
     )
     PARTITION BY RANGE( I1 )
     (
         PARTITION P1 VALUES LESS THAN (10),
         PARTITION P2 VALUES LESS THAN (20),
         PARTITION P3 VALUES LESS THAN (30),
         PARTITION P4 VALUES DEFAULT
     ) TABLESPACE SYS_TBS_DISK_DATA;

$P0> ALTER TABLE RANGE_TAB ENABLE ROW MOVEMENT;

$P0> CREATE INDEX IDX1 ON RANGE_TAB(I1);

$P0> INSERT INTO RANGE_TAB VALUES(5 , 'ABC');
$P0> INSERT INTO RANGE_TAB VALUES(15 , 'ABC');
$P0> INSERT INTO RANGE_TAB VALUES(25 , 'ABC');
$P0> INSERT INTO RANGE_TAB VALUES(35 , 'ABC');

$P0> CREATE TABLE HASH_TAB
     (
         I1 INTEGER,
         I2 VARCHAR(10) VARIABLE
     )
     PARTITION BY HASH( I1 )
     (
         PARTITION P1,
         PARTITION P2,
         PARTITION P3,
         PARTITION P4
     ) TABLESPACE SYS_TBS_DISK_DATA;

$P0> ALTER TABLE HASH_TAB ENABLE ROW MOVEMENT;

$P0> CREATE INDEX IDX2 ON HASH_TAB(I1);

$P0> INSERT INTO HASH_TAB VALUES(1 , 'ABC');
$P0> INSERT INTO HASH_TAB VALUES(2 , 'ABC');
$P0> INSERT INTO HASH_TAB VALUES(3 , 'ABC');
$P0> INSERT INTO HASH_TAB VALUES(4 , 'ABC');
--+SKIP END; 
# ==> [Schema.sql] END <=

$P0> --+PWAIT ;

$P0> --+PWAIT ;

$P0> --+PWAIT ;

$P0> --+PWAIT ;

--####################################
--# DROP COLUMN
--####################################
# ==> [Schema.sql] BEGIN <=
--+SKIP BEGIN; 
$P0> DROP TABLE RANGE_TAB;
$P0> DROP TABLE HASH_TAB;

$P0> CREATE TABLE RANGE_TAB
     (
         I1 INTEGER,
         I2 VARCHAR(10) VARIABLE
     )
     PARTITION BY RANGE( I1 )
     (
         PARTITION P1 VALUES LESS THAN (10),
         PARTITION P2 VALUES LESS THAN (20),
         PARTITION P3 VALUES LESS THAN (30),
         PARTITION P4 VALUES DEFAULT
     ) TABLESPACE SYS_TBS_DISK_DATA;

$P0> ALTER TABLE RANGE_TAB ENABLE ROW MOVEMENT;

$P0> CREATE INDEX IDX1 ON RANGE_TAB(I1);

$P0> INSERT INTO RANGE_TAB VALUES(5 , 'ABC');
$P0> INSERT INTO RANGE_TAB VALUES(15 , 'ABC');
$P0> INSERT INTO RANGE_TAB VALUES(25 , 'ABC');
$P0> INSERT INTO RANGE_TAB VALUES(35 , 'ABC');

$P0> CREATE TABLE HASH_TAB
     (
         I1 INTEGER,
         I2 VARCHAR(10) VARIABLE
     )
     PARTITION BY HASH( I1 )
     (
         PARTITION P1,
         PARTITION P2,
         PARTITION P3,
         PARTITION P4
     ) TABLESPACE SYS_TBS_DISK_DATA;

$P0> ALTER TABLE HASH_TAB ENABLE ROW MOVEMENT;

$P0> CREATE INDEX IDX2 ON HASH_TAB(I1);

$P0> INSERT INTO HASH_TAB VALUES(1 , 'ABC');
$P0> INSERT INTO HASH_TAB VALUES(2 , 'ABC');
$P0> INSERT INTO HASH_TAB VALUES(3 , 'ABC');
$P0> INSERT INTO HASH_TAB VALUES(4 , 'ABC');
--+SKIP END; 
# ==> [Schema.sql] END <=

$P0> --+PWAIT ;

$P0> --+PWAIT ;

$P0> --+PWAIT ;

$P0> --+PWAIT ;

--####################################
--# TRUNCATE TABLE
--####################################
# ==> [Schema.sql] BEGIN <=
--+SKIP BEGIN; 
$P0> DROP TABLE RANGE_TAB;
$P0> DROP TABLE HASH_TAB;

$P0> CREATE TABLE RANGE_TAB
     (
         I1 INTEGER,
         I2 VARCHAR(10) VARIABLE
     )
     PARTITION BY RANGE( I1 )
     (
         PARTITION P1 VALUES LESS THAN (10),
         PARTITION P2 VALUES LESS THAN (20),
         PARTITION P3 VALUES LESS THAN (30),
         PARTITION P4 VALUES DEFAULT
     ) TABLESPACE SYS_TBS_DISK_DATA;

$P0> ALTER TABLE RANGE_TAB ENABLE ROW MOVEMENT;

$P0> CREATE INDEX IDX1 ON RANGE_TAB(I1);

$P0> INSERT INTO RANGE_TAB VALUES(5 , 'ABC');
$P0> INSERT INTO RANGE_TAB VALUES(15 , 'ABC');
$P0> INSERT INTO RANGE_TAB VALUES(25 , 'ABC');
$P0> INSERT INTO RANGE_TAB VALUES(35 , 'ABC');

$P0> CREATE TABLE HASH_TAB
     (
         I1 INTEGER,
         I2 VARCHAR(10) VARIABLE
     )
     PARTITION BY HASH( I1 )
     (
         PARTITION P1,
         PARTITION P2,
         PARTITION P3,
         PARTITION P4
     ) TABLESPACE SYS_TBS_DISK_DATA;

$P0> ALTER TABLE HASH_TAB ENABLE ROW MOVEMENT;

$P0> CREATE INDEX IDX2 ON HASH_TAB(I1);

$P0> INSERT INTO HASH_TAB VALUES(1 , 'ABC');
$P0> INSERT INTO HASH_TAB VALUES(2 , 'ABC');
$P0> INSERT INTO HASH_TAB VALUES(3 , 'ABC');
$P0> INSERT INTO HASH_TAB VALUES(4 , 'ABC');
--+SKIP END; 
# ==> [Schema.sql] END <=

$P0> --+PWAIT ;

$P0> --+PWAIT ;

$P0> --+PWAIT ;

$P0> --+PWAIT ;

--####################################
--# RENAME TABLE
--####################################
# ==> [Schema.sql] BEGIN <=
--+SKIP BEGIN; 
$P0> DROP TABLE RANGE_TAB;
$P0> DROP TABLE HASH_TAB;

$P0> CREATE TABLE RANGE_TAB
     (
         I1 INTEGER,
         I2 VARCHAR(10) VARIABLE
     )
     PARTITION BY RANGE( I1 )
     (
         PARTITION P1 VALUES LESS THAN (10),
         PARTITION P2 VALUES LESS THAN (20),
         PARTITION P3 VALUES LESS THAN (30),
         PARTITION P4 VALUES DEFAULT
     ) TABLESPACE SYS_TBS_DISK_DATA;

$P0> ALTER TABLE RANGE_TAB ENABLE ROW MOVEMENT;

$P0> CREATE INDEX IDX1 ON RANGE_TAB(I1);

$P0> INSERT INTO RANGE_TAB VALUES(5 , 'ABC');
$P0> INSERT INTO RANGE_TAB VALUES(15 , 'ABC');
$P0> INSERT INTO RANGE_TAB VALUES(25 , 'ABC');
$P0> INSERT INTO RANGE_TAB VALUES(35 , 'ABC');

$P0> CREATE TABLE HASH_TAB
     (
         I1 INTEGER,
         I2 VARCHAR(10) VARIABLE
     )
     PARTITION BY HASH( I1 )
     (
         PARTITION P1,
         PARTITION P2,
         PARTITION P3,
         PARTITION P4
     ) TABLESPACE SYS_TBS_DISK_DATA;

$P0> ALTER TABLE HASH_TAB ENABLE ROW MOVEMENT;

$P0> CREATE INDEX IDX2 ON HASH_TAB(I1);

$P0> INSERT INTO HASH_TAB VALUES(1 , 'ABC');
$P0> INSERT INTO HASH_TAB VALUES(2 , 'ABC');
$P0> INSERT INTO HASH_TAB VALUES(3 , 'ABC');
$P0> INSERT INTO HASH_TAB VALUES(4 , 'ABC');
--+SKIP END; 
# ==> [Schema.sql] END <=

$P0> --+PWAIT ;

$P0> --+PWAIT ;

$P0> --+PWAIT ;

$P0> --+PWAIT ;

--+SKIP BEGIN; 
$P0> DROP TABLE NEW_RANGE_TAB;
--+SKIP END; 


--####################################
--# ADD PARTITION
--####################################
# ==> [Schema.sql] BEGIN <=
--+SKIP BEGIN; 
$P0> DROP TABLE RANGE_TAB;
$P0> DROP TABLE HASH_TAB;

$P0> CREATE TABLE RANGE_TAB
     (
         I1 INTEGER,
         I2 VARCHAR(10) VARIABLE
     )
     PARTITION BY RANGE( I1 )
     (
         PARTITION P1 VALUES LESS THAN (10),
         PARTITION P2 VALUES LESS THAN (20),
         PARTITION P3 VALUES LESS THAN (30),
         PARTITION P4 VALUES DEFAULT
     ) TABLESPACE SYS_TBS_DISK_DATA;

$P0> ALTER TABLE RANGE_TAB ENABLE ROW MOVEMENT;

$P0> CREATE INDEX IDX1 ON RANGE_TAB(I1);

$P0> INSERT INTO RANGE_TAB VALUES(5 , 'ABC');
$P0> INSERT INTO RANGE_TAB VALUES(15 , 'ABC');
$P0> INSERT INTO RANGE_TAB VALUES(25 , 'ABC');
$P0> INSERT INTO RANGE_TAB VALUES(35 , 'ABC');

$P0> CREATE TABLE HASH_TAB
     (
         I1 INTEGER,
         I2 VARCHAR(10) VARIABLE
     )
     PARTITION BY HASH( I1 )
     (
         PARTITION P1,
         PARTITION P2,
         PARTITION P3,
         PARTITION P4
     ) TABLESPACE SYS_TBS_DISK_DATA;

$P0> ALTER TABLE HASH_TAB ENABLE ROW MOVEMENT;

$P0> CREATE INDEX IDX2 ON HASH_TAB(I1);

$P0> INSERT INTO HASH_TAB VALUES(1 , 'ABC');
$P0> INSERT INTO HASH_TAB VALUES(2 , 'ABC');
$P0> INSERT INTO HASH_TAB VALUES(3 , 'ABC');
$P0> INSERT INTO HASH_TAB VALUES(4 , 'ABC');
--+SKIP END; 
# ==> [Schema.sql] END <=

$P0> --+PWAIT ;

$P0> --+PWAIT ;

$P0> --+PWAIT ;

$P0> --+PWAIT ;

--####################################
--# COALESCE PARTITION
--####################################
# ==> [Schema.sql] BEGIN <=
--+SKIP BEGIN; 
$P0> DROP TABLE RANGE_TAB;
$P0> DROP TABLE HASH_TAB;

$P0> CREATE TABLE RANGE_TAB
     (
         I1 INTEGER,
         I2 VARCHAR(10) VARIABLE
     )
     PARTITION BY RANGE( I1 )
     (
         PARTITION P1 VALUES LESS THAN (10),
         PARTITION P2 VALUES LESS THAN (20),
         PARTITION P3 VALUES LESS THAN (30),
         PARTITION P4 VALUES DEFAULT
     ) TABLESPACE SYS_TBS_DISK_DATA;

$P0> ALTER TABLE RANGE_TAB ENABLE ROW MOVEMENT;

$P0> CREATE INDEX IDX1 ON RANGE_TAB(I1);

$P0> INSERT INTO RANGE_TAB VALUES(5 , 'ABC');
$P0> INSERT INTO RANGE_TAB VALUES(15 , 'ABC');
$P0> INSERT INTO RANGE_TAB VALUES(25 , 'ABC');
$P0> INSERT INTO RANGE_TAB VALUES(35 , 'ABC');

$P0> CREATE TABLE HASH_TAB
     (
         I1 INTEGER,
         I2 VARCHAR(10) VARIABLE
     )
     PARTITION BY HASH( I1 )
     (
         PARTITION P1,
         PARTITION P2,
         PARTITION P3,
         PARTITION P4
     ) TABLESPACE SYS_TBS_DISK_DATA;

$P0> ALTER TABLE HASH_TAB ENABLE ROW MOVEMENT;

$P0> CREATE INDEX IDX2 ON HASH_TAB(I1);

$P0> INSERT INTO HASH_TAB VALUES(1 , 'ABC');
$P0> INSERT INTO HASH_TAB VALUES(2 , 'ABC');
$P0> INSERT INTO HASH_TAB VALUES(3 , 'ABC');
$P0> INSERT INTO HASH_TAB VALUES(4 , 'ABC');
--+SKIP END; 
# ==> [Schema.sql] END <=

$P0> --+PWAIT ;

$P0> --+PWAIT ;

$P0> --+PWAIT ;

$P0> --+PWAIT ;

--####################################
--# DROP PARTITION
--####################################
# ==> [Schema.sql] BEGIN <=
--+SKIP BEGIN; 
$P0> DROP TABLE RANGE_TAB;
$P0> DROP TABLE HASH_TAB;

$P0> CREATE TABLE RANGE_TAB
     (
         I1 INTEGER,
         I2 VARCHAR(10) VARIABLE
     )
     PARTITION BY RANGE( I1 )
     (
         PARTITION P1 VALUES LESS THAN (10),
         PARTITION P2 VALUES LESS THAN (20),
         PARTITION P3 VALUES LESS THAN (30),
         PARTITION P4 VALUES DEFAULT
     ) TABLESPACE SYS_TBS_DISK_DATA;

$P0> ALTER TABLE RANGE_TAB ENABLE ROW MOVEMENT;

$P0> CREATE INDEX IDX1 ON RANGE_TAB(I1);

$P0> INSERT INTO RANGE_TAB VALUES(5 , 'ABC');
$P0> INSERT INTO RANGE_TAB VALUES(15 , 'ABC');
$P0> INSERT INTO RANGE_TAB VALUES(25 , 'ABC');
$P0> INSERT INTO RANGE_TAB VALUES(35 , 'ABC');

$P0> CREATE TABLE HASH_TAB
     (
         I1 INTEGER,
         I2 VARCHAR(10) VARIABLE
     )
     PARTITION BY HASH( I1 )
     (
         PARTITION P1,
         PARTITION P2,
         PARTITION P3,
         PARTITION P4
     ) TABLESPACE SYS_TBS_DISK_DATA;

$P0> ALTER TABLE HASH_TAB ENABLE ROW MOVEMENT;

$P0> CREATE INDEX IDX2 ON HASH_TAB(I1);

$P0> INSERT INTO HASH_TAB VALUES(1 , 'ABC');
$P0> INSERT INTO HASH_TAB VALUES(2 , 'ABC');
$P0> INSERT INTO HASH_TAB VALUES(3 , 'ABC');
$P0> INSERT INTO HASH_TAB VALUES(4 , 'ABC');
--+SKIP END; 
# ==> [Schema.sql] END <=

$P0> --+PWAIT ;

$P0> --+PWAIT ;

$P0> --+PWAIT ;

$P0> --+PWAIT ;

--####################################
--# MERGE PARTITION
--####################################
# ==> [Schema.sql] BEGIN <=
--+SKIP BEGIN; 
$P0> DROP TABLE RANGE_TAB;
$P0> DROP TABLE HASH_TAB;

$P0> CREATE TABLE RANGE_TAB
     (
         I1 INTEGER,
         I2 VARCHAR(10) VARIABLE
     )
     PARTITION BY RANGE( I1 )
     (
         PARTITION P1 VALUES LESS THAN (10),
         PARTITION P2 VALUES LESS THAN (20),
         PARTITION P3 VALUES LESS THAN (30),
         PARTITION P4 VALUES DEFAULT
     ) TABLESPACE SYS_TBS_DISK_DATA;

$P0> ALTER TABLE RANGE_TAB ENABLE ROW MOVEMENT;

$P0> CREATE INDEX IDX1 ON RANGE_TAB(I1);

$P0> INSERT INTO RANGE_TAB VALUES(5 , 'ABC');
$P0> INSERT INTO RANGE_TAB VALUES(15 , 'ABC');
$P0> INSERT INTO RANGE_TAB VALUES(25 , 'ABC');
$P0> INSERT INTO RANGE_TAB VALUES(35 , 'ABC');

$P0> CREATE TABLE HASH_TAB
     (
         I1 INTEGER,
         I2 VARCHAR(10) VARIABLE
     )
     PARTITION BY HASH( I1 )
     (
         PARTITION P1,
         PARTITION P2,
         PARTITION P3,
         PARTITION P4
     ) TABLESPACE SYS_TBS_DISK_DATA;

$P0> ALTER TABLE HASH_TAB ENABLE ROW MOVEMENT;

$P0> CREATE INDEX IDX2 ON HASH_TAB(I1);

$P0> INSERT INTO HASH_TAB VALUES(1 , 'ABC');
$P0> INSERT INTO HASH_TAB VALUES(2 , 'ABC');
$P0> INSERT INTO HASH_TAB VALUES(3 , 'ABC');
$P0> INSERT INTO HASH_TAB VALUES(4 , 'ABC');
--+SKIP END; 
# ==> [Schema.sql] END <=

$P0> --+PWAIT ;

$P0> --+PWAIT ;

$P0> --+PWAIT ;

$P0> --+PWAIT ;

--####################################
--# RENAME PARTITION
--####################################
# ==> [Schema.sql] BEGIN <=
--+SKIP BEGIN; 
$P0> DROP TABLE RANGE_TAB;
$P0> DROP TABLE HASH_TAB;

$P0> CREATE TABLE RANGE_TAB
     (
         I1 INTEGER,
         I2 VARCHAR(10) VARIABLE
     )
     PARTITION BY RANGE( I1 )
     (
         PARTITION P1 VALUES LESS THAN (10),
         PARTITION P2 VALUES LESS THAN (20),
         PARTITION P3 VALUES LESS THAN (30),
         PARTITION P4 VALUES DEFAULT
     ) TABLESPACE SYS_TBS_DISK_DATA;

$P0> ALTER TABLE RANGE_TAB ENABLE ROW MOVEMENT;

$P0> CREATE INDEX IDX1 ON RANGE_TAB(I1);

$P0> INSERT INTO RANGE_TAB VALUES(5 , 'ABC');
$P0> INSERT INTO RANGE_TAB VALUES(15 , 'ABC');
$P0> INSERT INTO RANGE_TAB VALUES(25 , 'ABC');
$P0> INSERT INTO RANGE_TAB VALUES(35 , 'ABC');

$P0> CREATE TABLE HASH_TAB
     (
         I1 INTEGER,
         I2 VARCHAR(10) VARIABLE
     )
     PARTITION BY HASH( I1 )
     (
         PARTITION P1,
         PARTITION P2,
         PARTITION P3,
         PARTITION P4
     ) TABLESPACE SYS_TBS_DISK_DATA;

$P0> ALTER TABLE HASH_TAB ENABLE ROW MOVEMENT;

$P0> CREATE INDEX IDX2 ON HASH_TAB(I1);

$P0> INSERT INTO HASH_TAB VALUES(1 , 'ABC');
$P0> INSERT INTO HASH_TAB VALUES(2 , 'ABC');
$P0> INSERT INTO HASH_TAB VALUES(3 , 'ABC');
$P0> INSERT INTO HASH_TAB VALUES(4 , 'ABC');
--+SKIP END; 
# ==> [Schema.sql] END <=

$P0> --+PWAIT ;

$P0> --+PWAIT ;

$P0> --+PWAIT ;

$P0> --+PWAIT ;

--####################################
--# SPLIT PARTITION
--####################################
# ==> [Schema.sql] BEGIN <=
--+SKIP BEGIN; 
$P0> DROP TABLE RANGE_TAB;
$P0> DROP TABLE HASH_TAB;

$P0> CREATE TABLE RANGE_TAB
     (
         I1 INTEGER,
         I2 VARCHAR(10) VARIABLE
     )
     PARTITION BY RANGE( I1 )
     (
         PARTITION P1 VALUES LESS THAN (10),
         PARTITION P2 VALUES LESS THAN (20),
         PARTITION P3 VALUES LESS THAN (30),
         PARTITION P4 VALUES DEFAULT
     ) TABLESPACE SYS_TBS_DISK_DATA;

$P0> ALTER TABLE RANGE_TAB ENABLE ROW MOVEMENT;

$P0> CREATE INDEX IDX1 ON RANGE_TAB(I1);

$P0> INSERT INTO RANGE_TAB VALUES(5 , 'ABC');
$P0> INSERT INTO RANGE_TAB VALUES(15 , 'ABC');
$P0> INSERT INTO RANGE_TAB VALUES(25 , 'ABC');
$P0> INSERT INTO RANGE_TAB VALUES(35 , 'ABC');

$P0> CREATE TABLE HASH_TAB
     (
         I1 INTEGER,
         I2 VARCHAR(10) VARIABLE
     )
     PARTITION BY HASH( I1 )
     (
         PARTITION P1,
         PARTITION P2,
         PARTITION P3,
         PARTITION P4
     ) TABLESPACE SYS_TBS_DISK_DATA;

$P0> ALTER TABLE HASH_TAB ENABLE ROW MOVEMENT;

$P0> CREATE INDEX IDX2 ON HASH_TAB(I1);

$P0> INSERT INTO HASH_TAB VALUES(1 , 'ABC');
$P0> INSERT INTO HASH_TAB VALUES(2 , 'ABC');
$P0> INSERT INTO HASH_TAB VALUES(3 , 'ABC');
$P0> INSERT INTO HASH_TAB VALUES(4 , 'ABC');
--+SKIP END; 
# ==> [Schema.sql] END <=

$P0> --+PWAIT ;

$P0> --+PWAIT ;

$P0> --+PWAIT ;

$P0> --+PWAIT ;

--####################################
--# TRUNCATE PARTITION
--####################################
# ==> [Schema.sql] BEGIN <=
--+SKIP BEGIN; 
$P0> DROP TABLE RANGE_TAB;
$P0> DROP TABLE HASH_TAB;

$P0> CREATE TABLE RANGE_TAB
     (
         I1 INTEGER,
         I2 VARCHAR(10) VARIABLE
     )
     PARTITION BY RANGE( I1 )
     (
         PARTITION P1 VALUES LESS THAN (10),
         PARTITION P2 VALUES LESS THAN (20),
         PARTITION P3 VALUES LESS THAN (30),
         PARTITION P4 VALUES DEFAULT
     ) TABLESPACE SYS_TBS_DISK_DATA;

$P0> ALTER TABLE RANGE_TAB ENABLE ROW MOVEMENT;

$P0> CREATE INDEX IDX1 ON RANGE_TAB(I1);

$P0> INSERT INTO RANGE_TAB VALUES(5 , 'ABC');
$P0> INSERT INTO RANGE_TAB VALUES(15 , 'ABC');
$P0> INSERT INTO RANGE_TAB VALUES(25 , 'ABC');
$P0> INSERT INTO RANGE_TAB VALUES(35 , 'ABC');

$P0> CREATE TABLE HASH_TAB
     (
         I1 INTEGER,
         I2 VARCHAR(10) VARIABLE
     )
     PARTITION BY HASH( I1 )
     (
         PARTITION P1,
         PARTITION P2,
         PARTITION P3,
         PARTITION P4
     ) TABLESPACE SYS_TBS_DISK_DATA;

$P0> ALTER TABLE HASH_TAB ENABLE ROW MOVEMENT;

$P0> CREATE INDEX IDX2 ON HASH_TAB(I1);

$P0> INSERT INTO HASH_TAB VALUES(1 , 'ABC');
$P0> INSERT INTO HASH_TAB VALUES(2 , 'ABC');
$P0> INSERT INTO HASH_TAB VALUES(3 , 'ABC');
$P0> INSERT INTO HASH_TAB VALUES(4 , 'ABC');
--+SKIP END; 
# ==> [Schema.sql] END <=

$P0> --+PWAIT ;

$P0> --+PWAIT ;

$P0> --+PWAIT ;

$P0> --+PWAIT ;


--####################################
--# REBUILD PARTITION
--####################################
# ==> [Schema.sql] BEGIN <=
--+SKIP BEGIN; 
$P0> DROP TABLE RANGE_TAB;
$P0> DROP TABLE HASH_TAB;

$P0> CREATE TABLE RANGE_TAB
     (
         I1 INTEGER,
         I2 VARCHAR(10) VARIABLE
     )
     PARTITION BY RANGE( I1 )
     (
         PARTITION P1 VALUES LESS THAN (10),
         PARTITION P2 VALUES LESS THAN (20),
         PARTITION P3 VALUES LESS THAN (30),
         PARTITION P4 VALUES DEFAULT
     ) TABLESPACE SYS_TBS_DISK_DATA;

$P0> ALTER TABLE RANGE_TAB ENABLE ROW MOVEMENT;

$P0> CREATE INDEX IDX1 ON RANGE_TAB(I1);

$P0> INSERT INTO RANGE_TAB VALUES(5 , 'ABC');
$P0> INSERT INTO RANGE_TAB VALUES(15 , 'ABC');
$P0> INSERT INTO RANGE_TAB VALUES(25 , 'ABC');
$P0> INSERT INTO RANGE_TAB VALUES(35 , 'ABC');

$P0> CREATE TABLE HASH_TAB
     (
         I1 INTEGER,
         I2 VARCHAR(10) VARIABLE
     )
     PARTITION BY HASH( I1 )
     (
         PARTITION P1,
         PARTITION P2,
         PARTITION P3,
         PARTITION P4
     ) TABLESPACE SYS_TBS_DISK_DATA;

$P0> ALTER TABLE HASH_TAB ENABLE ROW MOVEMENT;

$P0> CREATE INDEX IDX2 ON HASH_TAB(I1);

$P0> INSERT INTO HASH_TAB VALUES(1 , 'ABC');
$P0> INSERT INTO HASH_TAB VALUES(2 , 'ABC');
$P0> INSERT INTO HASH_TAB VALUES(3 , 'ABC');
$P0> INSERT INTO HASH_TAB VALUES(4 , 'ABC');
--+SKIP END; 
# ==> [Schema.sql] END <=

$P0> --+PWAIT ;

$P0> --+PWAIT ;

$P0> --+PWAIT ;

$P0> --+PWAIT ;


--####################################
--# SELECT
--####################################
# ==> [Schema.sql] BEGIN <=
--+SKIP BEGIN; 
$P0> DROP TABLE RANGE_TAB;
$P0> DROP TABLE HASH_TAB;

$P0> CREATE TABLE RANGE_TAB
     (
         I1 INTEGER,
         I2 VARCHAR(10) VARIABLE
     )
     PARTITION BY RANGE( I1 )
     (
         PARTITION P1 VALUES LESS THAN (10),
         PARTITION P2 VALUES LESS THAN (20),
         PARTITION P3 VALUES LESS THAN (30),
         PARTITION P4 VALUES DEFAULT
     ) TABLESPACE SYS_TBS_DISK_DATA;

$P0> ALTER TABLE RANGE_TAB ENABLE ROW MOVEMENT;

$P0> CREATE INDEX IDX1 ON RANGE_TAB(I1);

$P0> INSERT INTO RANGE_TAB VALUES(5 , 'ABC');
$P0> INSERT INTO RANGE_TAB VALUES(15 , 'ABC');
$P0> INSERT INTO RANGE_TAB VALUES(25 , 'ABC');
$P0> INSERT INTO RANGE_TAB VALUES(35 , 'ABC');

$P0> CREATE TABLE HASH_TAB
     (
         I1 INTEGER,
         I2 VARCHAR(10) VARIABLE
     )
     PARTITION BY HASH( I1 )
     (
         PARTITION P1,
         PARTITION P2,
         PARTITION P3,
         PARTITION P4
     ) TABLESPACE SYS_TBS_DISK_DATA;

$P0> ALTER TABLE HASH_TAB ENABLE ROW MOVEMENT;

$P0> CREATE INDEX IDX2 ON HASH_TAB(I1);

$P0> INSERT INTO HASH_TAB VALUES(1 , 'ABC');
$P0> INSERT INTO HASH_TAB VALUES(2 , 'ABC');
$P0> INSERT INTO HASH_TAB VALUES(3 , 'ABC');
$P0> INSERT INTO HASH_TAB VALUES(4 , 'ABC');
--+SKIP END; 
# ==> [Schema.sql] END <=

$P0> --+PWAIT ;

$P0> --+PWAIT ;

$P0> --+PWAIT ;

$P0> --+PWAIT ;


--####################################
--# SELECT FOR UPDATE
--####################################
# ==> [Schema.sql] BEGIN <=
--+SKIP BEGIN; 
$P0> DROP TABLE RANGE_TAB;
$P0> DROP TABLE HASH_TAB;

$P0> CREATE TABLE RANGE_TAB
     (
         I1 INTEGER,
         I2 VARCHAR(10) VARIABLE
     )
     PARTITION BY RANGE( I1 )
     (
         PARTITION P1 VALUES LESS THAN (10),
         PARTITION P2 VALUES LESS THAN (20),
         PARTITION P3 VALUES LESS THAN (30),
         PARTITION P4 VALUES DEFAULT
     ) TABLESPACE SYS_TBS_DISK_DATA;

$P0> ALTER TABLE RANGE_TAB ENABLE ROW MOVEMENT;

$P0> CREATE INDEX IDX1 ON RANGE_TAB(I1);

$P0> INSERT INTO RANGE_TAB VALUES(5 , 'ABC');
$P0> INSERT INTO RANGE_TAB VALUES(15 , 'ABC');
$P0> INSERT INTO RANGE_TAB VALUES(25 , 'ABC');
$P0> INSERT INTO RANGE_TAB VALUES(35 , 'ABC');

$P0> CREATE TABLE HASH_TAB
     (
         I1 INTEGER,
         I2 VARCHAR(10) VARIABLE
     )
     PARTITION BY HASH( I1 )
     (
         PARTITION P1,
         PARTITION P2,
         PARTITION P3,
         PARTITION P4
     ) TABLESPACE SYS_TBS_DISK_DATA;

$P0> ALTER TABLE HASH_TAB ENABLE ROW MOVEMENT;

$P0> CREATE INDEX IDX2 ON HASH_TAB(I1);

$P0> INSERT INTO HASH_TAB VALUES(1 , 'ABC');
$P0> INSERT INTO HASH_TAB VALUES(2 , 'ABC');
$P0> INSERT INTO HASH_TAB VALUES(3 , 'ABC');
$P0> INSERT INTO HASH_TAB VALUES(4 , 'ABC');
--+SKIP END; 
# ==> [Schema.sql] END <=

$P0> --+PWAIT ;

$P0> --+PWAIT ;

$P0> --+PWAIT ;


--####################################
--# INSERT
--####################################
# ==> [Schema.sql] BEGIN <=
--+SKIP BEGIN; 
$P0> DROP TABLE RANGE_TAB;
$P0> DROP TABLE HASH_TAB;

$P0> CREATE TABLE RANGE_TAB
     (
         I1 INTEGER,
         I2 VARCHAR(10) VARIABLE
     )
     PARTITION BY RANGE( I1 )
     (
         PARTITION P1 VALUES LESS THAN (10),
         PARTITION P2 VALUES LESS THAN (20),
         PARTITION P3 VALUES LESS THAN (30),
         PARTITION P4 VALUES DEFAULT
     ) TABLESPACE SYS_TBS_DISK_DATA;

$P0> ALTER TABLE RANGE_TAB ENABLE ROW MOVEMENT;

$P0> CREATE INDEX IDX1 ON RANGE_TAB(I1);

$P0> INSERT INTO RANGE_TAB VALUES(5 , 'ABC');
$P0> INSERT INTO RANGE_TAB VALUES(15 , 'ABC');
$P0> INSERT INTO RANGE_TAB VALUES(25 , 'ABC');
$P0> INSERT INTO RANGE_TAB VALUES(35 , 'ABC');

$P0> CREATE TABLE HASH_TAB
     (
         I1 INTEGER,
         I2 VARCHAR(10) VARIABLE
     )
     PARTITION BY HASH( I1 )
     (
         PARTITION P1,
         PARTITION P2,
         PARTITION P3,
         PARTITION P4
     ) TABLESPACE SYS_TBS_DISK_DATA;

$P0> ALTER TABLE HASH_TAB ENABLE ROW MOVEMENT;

$P0> CREATE INDEX IDX2 ON HASH_TAB(I1);

$P0> INSERT INTO HASH_TAB VALUES(1 , 'ABC');
$P0> INSERT INTO HASH_TAB VALUES(2 , 'ABC');
$P0> INSERT INTO HASH_TAB VALUES(3 , 'ABC');
$P0> INSERT INTO HASH_TAB VALUES(4 , 'ABC');
--+SKIP END; 
# ==> [Schema.sql] END <=

$P0> --+PWAIT ;

$P0> --+PWAIT ;

$P0> --+PWAIT ;


--####################################
--# UPDATE
--####################################
# ==> [Schema.sql] BEGIN <=
--+SKIP BEGIN; 
$P0> DROP TABLE RANGE_TAB;
$P0> DROP TABLE HASH_TAB;

$P0> CREATE TABLE RANGE_TAB
     (
         I1 INTEGER,
         I2 VARCHAR(10) VARIABLE
     )
     PARTITION BY RANGE( I1 )
     (
         PARTITION P1 VALUES LESS THAN (10),
         PARTITION P2 VALUES LESS THAN (20),
         PARTITION P3 VALUES LESS THAN (30),
         PARTITION P4 VALUES DEFAULT
     ) TABLESPACE SYS_TBS_DISK_DATA;

$P0> ALTER TABLE RANGE_TAB ENABLE ROW MOVEMENT;

$P0> CREATE INDEX IDX1 ON RANGE_TAB(I1);

$P0> INSERT INTO RANGE_TAB VALUES(5 , 'ABC');
$P0> INSERT INTO RANGE_TAB VALUES(15 , 'ABC');
$P0> INSERT INTO RANGE_TAB VALUES(25 , 'ABC');
$P0> INSERT INTO RANGE_TAB VALUES(35 , 'ABC');

$P0> CREATE TABLE HASH_TAB
     (
         I1 INTEGER,
         I2 VARCHAR(10) VARIABLE
     )
     PARTITION BY HASH( I1 )
     (
         PARTITION P1,
         PARTITION P2,
         PARTITION P3,
         PARTITION P4
     ) TABLESPACE SYS_TBS_DISK_DATA;

$P0> ALTER TABLE HASH_TAB ENABLE ROW MOVEMENT;

$P0> CREATE INDEX IDX2 ON HASH_TAB(I1);

$P0> INSERT INTO HASH_TAB VALUES(1 , 'ABC');
$P0> INSERT INTO HASH_TAB VALUES(2 , 'ABC');
$P0> INSERT INTO HASH_TAB VALUES(3 , 'ABC');
$P0> INSERT INTO HASH_TAB VALUES(4 , 'ABC');
--+SKIP END; 
# ==> [Schema.sql] END <=

$P0> --+PWAIT ;

$P0> --+PWAIT ;

$P0> --+PWAIT ;


--####################################
--# DELETE
--####################################
# ==> [Schema.sql] BEGIN <=
--+SKIP BEGIN; 
$P0> DROP TABLE RANGE_TAB;
$P0> DROP TABLE HASH_TAB;

$P0> CREATE TABLE RANGE_TAB
     (
         I1 INTEGER,
         I2 VARCHAR(10) VARIABLE
     )
     PARTITION BY RANGE( I1 )
     (
         PARTITION P1 VALUES LESS THAN (10),
         PARTITION P2 VALUES LESS THAN (20),
         PARTITION P3 VALUES LESS THAN (30),
         PARTITION P4 VALUES DEFAULT
     ) TABLESPACE SYS_TBS_DISK_DATA;

$P0> ALTER TABLE RANGE_TAB ENABLE ROW MOVEMENT;

$P0> CREATE INDEX IDX1 ON RANGE_TAB(I1);

$P0> INSERT INTO RANGE_TAB VALUES(5 , 'ABC');
$P0> INSERT INTO RANGE_TAB VALUES(15 , 'ABC');
$P0> INSERT INTO RANGE_TAB VALUES(25 , 'ABC');
$P0> INSERT INTO RANGE_TAB VALUES(35 , 'ABC');

$P0> CREATE TABLE HASH_TAB
     (
         I1 INTEGER,
         I2 VARCHAR(10) VARIABLE
     )
     PARTITION BY HASH( I1 )
     (
         PARTITION P1,
         PARTITION P2,
         PARTITION P3,
         PARTITION P4
     ) TABLESPACE SYS_TBS_DISK_DATA;

$P0> ALTER TABLE HASH_TAB ENABLE ROW MOVEMENT;

$P0> CREATE INDEX IDX2 ON HASH_TAB(I1);

$P0> INSERT INTO HASH_TAB VALUES(1 , 'ABC');
$P0> INSERT INTO HASH_TAB VALUES(2 , 'ABC');
$P0> INSERT INTO HASH_TAB VALUES(3 , 'ABC');
$P0> INSERT INTO HASH_TAB VALUES(4 , 'ABC');
--+SKIP END; 
# ==> [Schema.sql] END <=

$P0> --+PWAIT ;

$P0> --+PWAIT ;

$P0> --+PWAIT ;


--#################################
--+SECTOR 3; FINALIZATION
--#################################

--+SKIP BEGIN; 
$P0> DROP TABLE RANGE_TAB;
$P0> DROP TABLE HASH_TAB;
--+SKIP END; 


$P1> AUTOCOMMIT OFF;
Set autocommit off success.

$P1> LOCK TABLE RANGE_TAB IN SHARE MODE NOWAIT;
Lock success.


$P1> COMMIT;
Commit success.


$P1> AUTOCOMMIT OFF;
Set autocommit off success.

$P1> LOCK TABLE RANGE_TAB IN SHARE MODE NOWAIT;
Lock success.


$P1> COMMIT;
Commit success.


$P1> AUTOCOMMIT OFF;
Set autocommit off success.

$P1> LOCK TABLE RANGE_TAB IN SHARE MODE NOWAIT;
Lock success.


$P1> COMMIT;
Commit success.


$P1> AUTOCOMMIT OFF;
Set autocommit off success.

$P1> LOCK TABLE RANGE_TAB IN SHARE MODE NOWAIT;
Lock success.


$P1> COMMIT;
Commit success.


$P1> AUTOCOMMIT OFF;
Set autocommit off success.

$P1> LOCK TABLE RANGE_TAB IN SHARE MODE NOWAIT;
Lock success.


$P1> COMMIT;
Commit success.


$P1> AUTOCOMMIT OFF;
Set autocommit off success.

$P1> LOCK TABLE RANGE_TAB IN SHARE MODE NOWAIT;
Lock success.


$P1> COMMIT;
Commit success.


$P1> AUTOCOMMIT OFF;
Set autocommit off success.

$P1> LOCK TABLE RANGE_TAB IN SHARE MODE NOWAIT;
Lock success.


$P1> COMMIT;
Commit success.


$P1> AUTOCOMMIT OFF;
Set autocommit off success.

$P1> LOCK TABLE HASH_TAB IN SHARE MODE NOWAIT;
Lock success.


$P1> COMMIT;
Commit success.


$P1> AUTOCOMMIT OFF;
Set autocommit off success.

$P1> LOCK TABLE HASH_TAB IN SHARE MODE NOWAIT;
Lock success.


$P1> COMMIT;
Commit success.


$P1> AUTOCOMMIT OFF;
Set autocommit off success.

$P1> LOCK TABLE RANGE_TAB IN SHARE MODE NOWAIT;
Lock success.


$P1> COMMIT;
Commit success.


$P1> AUTOCOMMIT OFF;
Set autocommit off success.

$P1> LOCK TABLE RANGE_TAB IN SHARE MODE NOWAIT;
Lock success.


$P1> COMMIT;
Commit success.


$P1> AUTOCOMMIT OFF;
Set autocommit off success.

$P1> LOCK TABLE RANGE_TAB IN SHARE MODE NOWAIT;
Lock success.


$P1> COMMIT;
Commit success.


$P1> AUTOCOMMIT OFF;
Set autocommit off success.

$P1> LOCK TABLE RANGE_TAB IN SHARE MODE NOWAIT;
Lock success.


$P1> COMMIT;
Commit success.


$P1> AUTOCOMMIT OFF;
Set autocommit off success.

$P1> LOCK TABLE RANGE_TAB IN SHARE MODE NOWAIT;
Lock success.


$P1> COMMIT;
Commit success.


$P1> AUTOCOMMIT OFF;
Set autocommit off success.

$P1> LOCK TABLE RANGE_TAB IN SHARE MODE NOWAIT;
Lock success.


$P1> COMMIT;
Commit success.


$P1> AUTOCOMMIT OFF;
Set autocommit off success.

$P1> LOCK TABLE RANGE_TAB IN SHARE MODE NOWAIT;
Lock success.


$P1> COMMIT;
Commit success.


$P1> AUTOCOMMIT OFF;
Set autocommit off success.

$P1> LOCK TABLE RANGE_TAB IN SHARE MODE NOWAIT;
Lock success.

--+SYSTEM sleep 2;

$P1> COMMIT;
Commit success.



$P1> COMMIT;
Commit success.


$P1> AUTOCOMMIT OFF;
Set autocommit off success.

$P1> LOCK TABLE RANGE_TAB IN SHARE MODE NOWAIT;
Lock success.

--+SYSTEM sleep 2;

$P1> COMMIT;
Commit success.



$P1> COMMIT;
Commit success.


$P1> AUTOCOMMIT OFF;
Set autocommit off success.

$P1> LOCK TABLE RANGE_TAB IN SHARE MODE NOWAIT;
Lock success.

--+SYSTEM sleep 2;

$P1> COMMIT;
Commit success.



$P1> COMMIT;
Commit success.


$P1> AUTOCOMMIT OFF;
Set autocommit off success.

$P1> LOCK TABLE RANGE_TAB IN SHARE MODE NOWAIT;
Lock success.

--+SYSTEM sleep 2;

$P1> COMMIT;
Commit success.



$P1> COMMIT;
Commit success.


$P2> DROP TABLE RANGE_TAB;
[ERR-11075 : The transaction has exceeded the lock timeout specified by the user.]


$P2> CREATE INDEX NEW_IDX ON RANGE_TAB(I1) LOCAL
             (
                 PARTITION P1_IDX1 ON P1,
                 PARTITION P2_IDX1 ON P2,
                 PARTITION P3_IDX1 ON P3,
                 PARTITION P4_IDX1 ON P4
             );
[ERR-31051 : Duplicate key columns in an index]


$P2> DROP INDEX IDX1;
[ERR-11075 : The transaction has exceeded the lock timeout specified by the user.]


$P2> ALTER TABLE RANGE_TAB ADD COLUMN ( I3 INTEGER );
[ERR-11075 : The transaction has exceeded the lock timeout specified by the user.]


$P2> ALTER TABLE RANGE_TAB DROP COLUMN I2;
[ERR-11075 : The transaction has exceeded the lock timeout specified by the user.]


$P2> TRUNCATE TABLE RANGE_TAB;
[ERR-11075 : The transaction has exceeded the lock timeout specified by the user.]


$P2> ALTER TABLE RANGE_TAB RENAME TO NEW_RANGE_TAB;
[ERR-11075 : The transaction has exceeded the lock timeout specified by the user.]


$P2> ALTER TABLE HASH_TAB ADD PARTITION P5;
[ERR-11075 : The transaction has exceeded the lock timeout specified by the user.]


$P2> ALTER TABLE HASH_TAB COALESCE PARTITION;
[ERR-11075 : The transaction has exceeded the lock timeout specified by the user.]


$P2> ALTER TABLE RANGE_TAB DROP PARTITION P2;
[ERR-11075 : The transaction has exceeded the lock timeout specified by the user.]


$P2> ALTER TABLE RANGE_TAB MERGE PARTITIONS P2, P3
             INTO PARTITION P2_3;
[ERR-11075 : The transaction has exceeded the lock timeout specified by the user.]


$P2> ALTER TABLE RANGE_TAB RENAME PARTITION P2 TO P2_NEW;
[ERR-11075 : The transaction has exceeded the lock timeout specified by the user.]


$P2> ALTER TABLE RANGE_TAB SPLIT PARTITION P2
             AT (15)
             INTO ( PARTITION P2_1,
                    PARTITION P2_2 );
[ERR-11075 : The transaction has exceeded the lock timeout specified by the user.]


$P2> ALTER TABLE RANGE_TAB TRUNCATE PARTITION P3;
[ERR-11075 : The transaction has exceeded the lock timeout specified by the user.]


$P2> ALTER INDEX IDX1 REBUILD PARTITION P2_IDX1;
[ERR-31287 : cannot alter the index rebuild for a non-partitioned index.]


$P2> SELECT * FROM RANGE_TAB;
RANGE_TAB.I1 RANGE_TAB.I2  
------------------------------
5           ABC         
15          ABC         
25          ABC         
35          ABC         
4 rows selected.


--+SYSTEM sleep 1;
$P2> SELECT * FROM RANGE_TAB FOR UPDATE;
RANGE_TAB.I1 RANGE_TAB.I2  
------------------------------
5           ABC         
15          ABC         
25          ABC         
35          ABC         
4 rows selected.


--+SYSTEM sleep 1;
$P2> INSERT INTO RANGE_TAB VALUES ( 123, 'ABC' );
1 row inserted.


--+SYSTEM sleep 1;
$P2> UPDATE RANGE_TAB SET I1 = 777;
4 rows updated.


--+SYSTEM sleep 1;
$P2> DELETE FROM RANGE_TAB;
4 rows deleted.


