 
+----------------------------------------------------------------------+
--+SECTOR 0; BY ATC
+----------------------------------------------------------------------+
 
$P0> --+PROCESS P0;
--###################################################################
--# ALTER TABLE ... TRUNCATE PARTITION (PartKey: VARCHAR)
--###################################################################

--###################################################################
--+SECTOR 1; PREPARATION
--###################################################################

--+SKIP BEGIN; 
$P0> DROP TABLE T1;
$P0> DROP TABLE T2;
$P0> DROP TABLE T3;
--+SKIP END; 

--+APPEND_LST Schema_Hash_Varchar.sql;
>>> [Schema_Hash_Varchar.sql] BEGIN <<<
DROP TABLE T1;
DROP TABLE T2;

CREATE TABLE T1( I1 VARCHAR(1000), I2 VARCHAR(10), I3 INTEGER )
PARTITION BY HASH (I1)
(
    PARTITION P1 TABLESPACE PDT_TBS2,
    PARTITION P2 TABLESPACE PDT_TBS3,
    PARTITION P3,
    PARTITION P4
) TABLESPACE PDT_TBS;

INSERT INTO T1 VALUES (NULL, '100', 100);
INSERT INTO T1 VALUES ('000', '100', 100);
INSERT INTO T1 VALUES ('050', '100', 100);
INSERT INTO T1 VALUES ('075', '100', 100);
INSERT INTO T1 VALUES ('100', '100', 100);
INSERT INTO T1 VALUES ('150', '100', 100);
INSERT INTO T1 VALUES ('175', '100', 100);
INSERT INTO T1 VALUES ('200', '100', 100);
INSERT INTO T1 VALUES ('250', '100', 100);
INSERT INTO T1 VALUES ('275', '100', 100);
INSERT INTO T1 VALUES ('300', '100', 100);
INSERT INTO T1 VALUES ('350', '100', 100);
INSERT INTO T1 VALUES ('375', '100', 100);


CREATE TABLE T2( I1 VARCHAR(10), I2 VARCHAR(1000), I3 INTEGER )
PARTITION BY HASH (I1)
(
    PARTITION P1 TABLESPACE PDT_TBS2,
    PARTITION P2 TABLESPACE PDT_TBS3,
    PARTITION P3,
    PARTITION P4 TABLESPACE PDT_TBS4
) TABLESPACE PDT_TBS;

INSERT INTO T2 VALUES (NULL, '100', 100);
INSERT INTO T2 VALUES ('000', '100', 100);
INSERT INTO T2 VALUES ('050', '100', 100);
INSERT INTO T2 VALUES ('075', '100', 100);
INSERT INTO T2 VALUES ('100', '100', 100);
INSERT INTO T2 VALUES ('150', '100', 100);
INSERT INTO T2 VALUES ('175', '100', 100);
INSERT INTO T2 VALUES ('200', '100', 100);
INSERT INTO T2 VALUES ('250', '100', 100);
INSERT INTO T2 VALUES ('275', '100', 100);
INSERT INTO T2 VALUES ('300', '100', 100);
INSERT INTO T2 VALUES ('350', '100', 100);
INSERT INTO T2 VALUES ('375', '100', 100);


CREATE INDEX IDX1 ON T2(I1, I3);
CREATE INDEX IDX2 ON T2(I3, I1, I2);
CREATE INDEX IDX3 ON T2(I2, I3);

CREATE INDEX IDX4 ON T2(I1) LOCAL
(
    PARTITION IDX1_P3 ON P3,
    PARTITION IDX1_P4 ON P4
);
>>> [Schema_Hash_Varchar.sql] END <<<
--+SYSTEM is -silent -f Schema_Hash_Varchar.sql;

--###################################################################
--+SECTOR 2; BASIC TEST
--###################################################################
--##############################
--+SECTOR 3; 문법 체크
--##############################
$P0> DROP TABLE TEST;
[ERR-31031 : Table or view was not found : 
0001 : DROP TABLE TEST
                 ^   ^
]
$P0> CREATE TABLE TEST( I1 VARCHAR(1000), I2 INTEGER )
     PARTITION BY HASH(I1)
     (
         PARTITION P1,
         PARTITION P2,
         PARTITION P3,
         PARTITION P4
     ) TABLESPACE PDT_TBS;
Create success.

-- should be fail
$P0> ALTER TABLE TEST 
     TRUNCATE PARTITION P1_1 TABLESPACE PDT_TBS2;
[ERR-31001 : SQL syntax error 

line 2: parse error
     TRUNCATE PARTITION P1_1 TABLESPACE PDT_TBS2
                             ^        ^

]

$P0> DROP TABLE TEST;
Drop success.

--##############################
--+SECTOR 4; 파티션드 테이블인지 체크
--##############################
$P0> DROP TABLE TEST;
[ERR-31031 : Table or view was not found : 
0001 : DROP TABLE TEST
                 ^   ^
]
$P0> CREATE TABLE TEST( I1 VARCHAR(1000), I2 INTEGER );
Create success.

-- should be fail
$P0> ALTER TABLE TEST 
     TRUNCATE PARTITION P1_1;
[ERR-31268 : Unable to alter table partition on non-partitioned table]

$P0> DROP TABLE TEST;
Drop success.


--##############################
--+SECTOR 5; 파티션 이름 체크
--##############################
--+SYSTEM is -silent -f Schema_Hash_Varchar.sql;

-- should be fail
$P0> ALTER TABLE T1 
     TRUNCATE PARTITION P5;
[ERR-3125B : The table partition does not exist. 
0002 :      TRUNCATE PARTITION P5
                              ^ ^
]

-- should be success
$P0> ALTER TABLE T1 
     TRUNCATE PARTITION P4;
Alter success.

-- should be success
$P0> ALTER TABLE T1 
     TRUNCATE PARTITION P3;
Alter success.

-- should be success
$P0> ALTER TABLE T1 
     TRUNCATE PARTITION P2;
Alter success.

-- should be success
$P0> ALTER TABLE T1 
     TRUNCATE PARTITION P1;
Alter success.



--##############################
--+SECTOR 6; LOB 컬럼이 있는 경우의 TRUNCATE PARTITION
--##############################
$P0> DROP TABLE T1;
Drop success.
$P0> CREATE TABLE T1 ( I1 VARCHAR(1000), I2 BLOB, I3 CLOB )
     PARTITION BY HASH(I1) 
     ( PARTITION P1 TABLESPACE PDT_TBS 
                             LOB(I2, I3) STORE AS ( TABLESPACE PDT_TBS2 ), 
       PARTITION P2 TABLESPACE PDT_TBS3,
       PARTITION P3
     ) TABLESPACE PDT_TBS4 LOB(I3) STORE AS ( TABLESPACE PDT_TBS5 );
Create success.

$P0> INSERT INTO T1 VALUES ( '100',   'ABC', 'DEF' );
1 row inserted.
$P0> INSERT INTO T1 VALUES ( '150',   'ABC', 'DEF' );
1 row inserted.
$P0> INSERT INTO T1 VALUES ( '200',   'ABC', 'DEF' );
1 row inserted.
$P0> INSERT INTO T1 VALUES ( '250',   'ABC', 'DEF' );
1 row inserted.

$P0> ALTER TABLE T1
     TRUNCATE PARTITION P3;
Alter success.

$P0> ALTER TABLE T1
     TRUNCATE PARTITION P2;
Alter success.

$P0> ALTER TABLE T1
     TRUNCATE PARTITION P1;
Alter success.

-- result: 0
$P0> SELECT COUNT(*) FROM T1;
COUNT                
-----------------------
0                    
1 row selected.



--##################################################################
--+SECTOR 7; 인덱스 검사
--##################################################################
--+SYSTEM is -silent -f Schema_Hash_Varchar.sql;

-- result: 000, 100, 100
$P0> SELECT /* INDEX ASC ( T2, IDX1 ) */ *
     FROM T2 LIMIT 1;
T2.I1       
--------------
T2.I2                                                                                                                                                                                                                                                                                                                                                                                                                                                                                                                                                                                                                                                                                                                                                                                                                                                                                                                                                                                                                                     
--------------------------------------------------------------------------------------------------------------------------------------------------------------------------------------------------------------------------------------------------------------------------------------------------------------------------------------------------------------------------------------------------------------------------------------------------------------------------------------------------------------------------------------------------------------------------------------------------------------------------------------------------------------------------------------------------------------------------------------------------------------------------------------------------------------------------------------------------------------------------------------------------------------------------------------------------------------------------------------------------------------------------------------------
T2.I3       
--------------
175         
100                                                                                                                                                                                                                                                                                                                                                                                                                                                                                                                                                                                                                                                                                                                                                                                                                                                                                                                                                                                                                                       
100         
1 row selected.

$P0> ALTER TABLE T2
     TRUNCATE PARTITION P1;
Alter success.

$P0> ALTER TABLE T2
     TRUNCATE PARTITION P2;
Alter success.

$P0> ALTER TABLE T2
     TRUNCATE PARTITION P3;
Alter success.

$P0> ALTER TABLE T2
     TRUNCATE PARTITION P4;
Alter success.

$P0> INSERT INTO T2 VALUES ('000', '350', 444 );
1 row inserted.
$P0> INSERT INTO T2 VALUES ('050', '300', 111);
1 row inserted.
$P0> INSERT INTO T2 VALUES ('100', '250', 555);
1 row inserted.
$P0> INSERT INTO T2 VALUES ('150', '200', 888);
1 row inserted.
$P0> INSERT INTO T2 VALUES ('200', '150', 777);
1 row inserted.
$P0> INSERT INTO T2 VALUES ('250', '100', 666);
1 row inserted.
$P0> INSERT INTO T2 VALUES ('300', '050', 333);
1 row inserted.
$P0> INSERT INTO T2 VALUES ('350', '000', 222);
1 row inserted.

-- result: 000, 350, 444
$P0> SELECT /* INDEX ASC ( T2, IDX1 ) */ *
     FROM T2 LIMIT 1;
T2.I1       
--------------
T2.I2                                                                                                                                                                                                                                                                                                                                                                                                                                                                                                                                                                                                                                                                                                                                                                                                                                                                                                                                                                                                                                     
--------------------------------------------------------------------------------------------------------------------------------------------------------------------------------------------------------------------------------------------------------------------------------------------------------------------------------------------------------------------------------------------------------------------------------------------------------------------------------------------------------------------------------------------------------------------------------------------------------------------------------------------------------------------------------------------------------------------------------------------------------------------------------------------------------------------------------------------------------------------------------------------------------------------------------------------------------------------------------------------------------------------------------------------
T2.I3       
--------------
250         
100                                                                                                                                                                                                                                                                                                                                                                                                                                                                                                                                                                                                                                                                                                                                                                                                                                                                                                                                                                                                                                       
666         
1 row selected.

-- result: 050, 350, 111
$P0> SELECT /* INDEX ASC ( T2, IDX2 ) */ *
     FROM T2 LIMIT 1;
T2.I1       
--------------
T2.I2                                                                                                                                                                                                                                                                                                                                                                                                                                                                                                                                                                                                                                                                                                                                                                                                                                                                                                                                                                                                                                     
--------------------------------------------------------------------------------------------------------------------------------------------------------------------------------------------------------------------------------------------------------------------------------------------------------------------------------------------------------------------------------------------------------------------------------------------------------------------------------------------------------------------------------------------------------------------------------------------------------------------------------------------------------------------------------------------------------------------------------------------------------------------------------------------------------------------------------------------------------------------------------------------------------------------------------------------------------------------------------------------------------------------------------------------
T2.I3       
--------------
250         
100                                                                                                                                                                                                                                                                                                                                                                                                                                                                                                                                                                                                                                                                                                                                                                                                                                                                                                                                                                                                                                       
666         
1 row selected.

-- result: 350, 000, 222
$P0> SELECT /* INDEX ASC ( T2, IDX3 ) */ *
     FROM T2 LIMIT 1;
T2.I1       
--------------
T2.I2                                                                                                                                                                                                                                                                                                                                                                                                                                                                                                                                                                                                                                                                                                                                                                                                                                                                                                                                                                                                                                     
--------------------------------------------------------------------------------------------------------------------------------------------------------------------------------------------------------------------------------------------------------------------------------------------------------------------------------------------------------------------------------------------------------------------------------------------------------------------------------------------------------------------------------------------------------------------------------------------------------------------------------------------------------------------------------------------------------------------------------------------------------------------------------------------------------------------------------------------------------------------------------------------------------------------------------------------------------------------------------------------------------------------------------------------
T2.I3       
--------------
250         
100                                                                                                                                                                                                                                                                                                                                                                                                                                                                                                                                                                                                                                                                                                                                                                                                                                                                                                                                                                                                                                       
666         
1 row selected.



--##################################################################
--+SECTOR 8; FINALIZATION
--##################################################################
--+SKIP BEGIN; 
$P0> DROP TABLE T1;
$P0> DROP TABLE T2;
$P0> DROP TABLE T3;
--+SKIP END; 

