 
+----------------------------------------------------------------------+
--+SECTOR 0; BY ATC
+----------------------------------------------------------------------+
 
$P0> --+PROCESS P0;
--######################################################
-- TRUNCATE PARTITIOIN
--######################################################

--###################################
--+SECTOR 1; INTIALIZE
--###################################

--+SKIP BEGIN; 
$P0> DROP TABLE T1 CASCADE;
$P0> DROP TABLE PDT_RANGE CASCADE;
--+SKIP END; 

$P0> CREATE TABLE PDT_RANGE
     (
         F1   INTEGER,
         F2   INTEGER
     ) 
     PARTITION BY RANGE( F1 )
     (
         PARTITION P1 VALUES LESS THAN ( 10 ),
         PARTITION P2 VALUES LESS THAN ( 20 ),
         PARTITION P3 VALUES LESS THAN ( 30 ),
         PARTITION P4 VALUES DEFAULT
     ) TABLESPACE PDT_TBS;
Create success.


--#########################################
--+SECTOR 2; DO JOB #1 (1. Basic Test)
--#########################################

$P0> INSERT INTO PDT_RANGE VALUES( 0, 0 );
1 row inserted.
$P0> INSERT INTO PDT_RANGE VALUES( 10, 0 );
1 row inserted.
$P0> INSERT INTO PDT_RANGE VALUES( 20, 0 );
1 row inserted.
$P0> INSERT INTO PDT_RANGE VALUES( 30, 0 );
1 row inserted.

-- should be 4
$P0> SELECT COUNT(*) FROM PDT_RANGE;
COUNT                
-----------------------
4                    
1 row selected.

$P0> ALTER TABLE PDT_RANGE
     TRUNCATE PARTITION P1;
Alter success.

-- should be 3
$P0> SELECT COUNT(*) FROM PDT_RANGE;
COUNT                
-----------------------
3                    
1 row selected.

-- should be 0
$P0> SELECT COUNT(*) FROM PDT_RANGE PARTITION( P1 );
COUNT                
-----------------------
0                    
1 row selected.


--#########################################
--+SECTOR 3; DO JOB #2 (2. Validation Test)
--#########################################

----------------------------
-- 2.1 파티션 이름 검사
----------------------------
-- should be fail
$P0> ALTER TABLE PDT_RANGE
     TRUNCATE PARTITION P5;
[ERR-3125B : The table partition does not exist. 
0002 :      TRUNCATE PARTITION P5
                              ^ ^
]

----------------------------
-- 2.2 참조키 검사 
----------------------------
$P0> DROP TABLE PDT_RANGE CASCADE;
Drop success.
$P0> CREATE TABLE PDT_RANGE
     (
         F1   INTEGER PRIMARY KEY,
         F2   INTEGER
     ) 
     PARTITION BY RANGE( F1 )
     (
         PARTITION P1 VALUES LESS THAN ( 10 ),
         PARTITION P2 VALUES LESS THAN ( 20 ),
         PARTITION P3 VALUES LESS THAN ( 30 ),
         PARTITION P4 VALUES DEFAULT
     ) TABLESPACE PDT_TBS;
Create success.

$P0> INSERT INTO PDT_RANGE VALUES( 0, 0 );
1 row inserted.
$P0> INSERT INTO PDT_RANGE VALUES( 10, 0 );
1 row inserted.
$P0> INSERT INTO PDT_RANGE VALUES( 20, 0 );
1 row inserted.
$P0> INSERT INTO PDT_RANGE VALUES( 30, 0 );
1 row inserted.

$P0> CREATE TABLE T1
     (
         F1  INTEGER CONSTRAINT FK_CONST REFERENCES PDT_RANGE( F1 ),
         F2  INTEGER
     );
Create success.

-- should be fail
$P0> ALTER TABLE PDT_RANGE
     TRUNCATE PARTITION P1;
[ERR-3102A : A foreign key constraint depends on the table or column.]


--#########################################
--+SECTOR 4; DO JOB #3 (3. Execution Test)
--#########################################

$P0> DROP TABLE PDT_RANGE CASCADE;
Drop success.
$P0> CREATE TABLE PDT_RANGE
     (
         F1   INTEGER,
         F2   INTEGER
     ) 
     PARTITION BY RANGE( F1 )
     (
         PARTITION P1 VALUES LESS THAN ( 10 ),
         PARTITION P2 VALUES LESS THAN ( 20 ),
         PARTITION P3 VALUES LESS THAN ( 30 ),
         PARTITION P4 VALUES DEFAULT
     ) TABLESPACE PDT_TBS;
Create success.
$P0> INSERT INTO PDT_RANGE VALUES( 0, 0 );
1 row inserted.
$P0> INSERT INTO PDT_RANGE VALUES( 10, 0 );
1 row inserted.
$P0> INSERT INTO PDT_RANGE VALUES( 20, 0 );
1 row inserted.
$P0> INSERT INTO PDT_RANGE VALUES( 30, 0 );
1 row inserted.
$P0> INSERT INTO PDT_RANGE VALUES( NULL, 0 );
1 row inserted.
$P0> INSERT INTO PDT_RANGE VALUES( NULL, 0 );
1 row inserted.

-- should be 6
$P0> SELECT COUNT(*) FROM PDT_RANGE;
COUNT                
-----------------------
6                    
1 row selected.

-- should be 3
$P0> SELECT COUNT(*) FROM PDT_RANGE PARTITION( P4 );
COUNT                
-----------------------
3                    
1 row selected.

$P0> ALTER TABLE PDT_RANGE
     TRUNCATE PARTITION P4;
Alter success.

-- should be 3
$P0> SELECT COUNT(*) FROM PDT_RANGE;
COUNT                
-----------------------
3                    
1 row selected.

-- should be 0
$P0> SELECT COUNT(*) FROM PDT_RANGE PARTITION( P4 );
COUNT                
-----------------------
0                    
1 row selected.


--###################################
--+SECTOR 5; FINALIZE
--###################################

$P0> DROP TABLE T1 CASCADE;
Drop success.
$P0> DROP TABLE PDT_RANGE CASCADE;
Drop success.

