 
+----------------------------------------------------------------------+
SECTOR 0; BY ATC
+----------------------------------------------------------------------+
 
$T0> THREAD T0 C0;
$T0> ###########################################################################
$T0> # Global Index Test
$T0> ###########################################################################

$T0> ##################################
$T0> # SECTOR; PREPARATION
$T0> ##################################

$T0> SKIP BEGIN;
$T0> drop table t1;
$T0> drop table t2;

$T0> alter session set explain plan = off;
$T0> alter session set trclog_detail_predicate = 0;
$T0> alter system set trclog_explain_graph = 0;

$T0> SKIP END;

$T0> set linesize 200;

$T0> ##################################
$T0> # SECTOR; CREATE TABLE
$T0> ##################################

$T0> create table t1
( 
  i1 integer,
  i2 integer, 
  i3 integer
)
partition by range(i1)
(
  partition p1 values less than (5),
  partition pd values default
)
tablespace sys_tbs_disk_data;
Create success.

$T0> insert into t1 values ( 1, 1, 1 );
1 row inserted.
$T0> insert into t1 values ( 2, 2, 2 );
1 row inserted.
$T0> insert into t1 values ( 3, 3, 3 );
1 row inserted.
$T0> insert into t1 values ( 4, 4, 4 );
1 row inserted.
$T0> insert into t1 values ( 5, 5, 5 );
1 row inserted.
$T0> insert into t1 values ( 6, 6, 6 );
1 row inserted.
$T0> insert into t1 values ( 7, 7, 7 );
1 row inserted.
$T0> insert into t1 values ( 8, 8, 8 );
1 row inserted.
$T0> insert into t1 values ( 9, 9, 9 );
1 row inserted.
$T0> insert into t1 values ( 10, 10, 10 );
1 row inserted.

$T0> create index t1_idx2 on t1(i2);
Create success.
$T0> create index t1_idx3 on t1(i3) local;
Create success.

$T0> create table t2
( 
  i1 integer,
  i2 integer, 
  i3 integer
)
partition by range(i1)
(
  partition p1 values less than (5),
  partition pd values default
)
tablespace sys_tbs_disk_data;
Create success.

$T0> insert into t2 values ( 1, 1, 1 );
1 row inserted.
$T0> insert into t2 values ( 2, 2, 2 );
1 row inserted.
$T0> insert into t2 values ( 3, 3, 3 );
1 row inserted.
$T0> insert into t2 values ( 4, 4, 4 );
1 row inserted.
$T0> insert into t2 values ( 5, 5, 5 );
1 row inserted.
$T0> insert into t2 values ( 6, 6, 6 );
1 row inserted.
$T0> insert into t2 values ( 7, 7, 7 );
1 row inserted.
$T0> insert into t2 values ( 8, 8, 8 );
1 row inserted.
$T0> insert into t2 values ( 9, 9, 9 );
1 row inserted.
$T0> insert into t2 values ( 10, 10, 10 );
1 row inserted.

$T0> desc t1;
[ TABLESPACE : SYS_TBS_DISK_DATA ]
[ ATTRIBUTE ]                                                         
------------------------------------------------------------------------------
NAME                                     TYPE                        IS NULL 
------------------------------------------------------------------------------
I1                                       INTEGER                     
I2                                       INTEGER                     
I3                                       INTEGER                     
[ INDEX ]                                                       
------------------------------------------------------------------------------
NAME                                     TYPE     IS UNIQUE     COLUMN
------------------------------------------------------------------------------
T1_IDX2                                  BTREE                  I2 ASC
T1_IDX3                                  BTREE                  I3 ASC
T1 has no primary key
$T0> desc t2;
[ TABLESPACE : SYS_TBS_DISK_DATA ]
[ ATTRIBUTE ]                                                         
------------------------------------------------------------------------------
NAME                                     TYPE                        IS NULL 
------------------------------------------------------------------------------
I1                                       INTEGER                     
I2                                       INTEGER                     
I3                                       INTEGER                     
T2 has no index
T2 has no primary key

$T0> alter session set explain plan = on;
Alter success.
$T0> alter session set trclog_detail_predicate = 1;
Alter success.

$T0> ##################################
$T0> # SECTOR; CONSTANT FILTER
$T0> ##################################

$T0> select * from t1, t2 where t1.i2=t2.i2 and 1=1;
T1.I1       T1.I2       T1.I3       T2.I1       T2.I2       T2.I3       
-------------------------------------------------------------------------------
1           1           1           1           1           1           
2           2           2           2           2           2           
3           3           3           3           3           3           
4           4           4           4           4           4           
5           5           5           5           5           5           
6           6           6           6           6           6           
7           7           7           7           7           7           
8           8           8           8           8           8           
9           9           9           9           9           9           
10          10          10          10          10          10          
10 rows selected.
------------------------------------------------------------
PROJECT ( COLUMN_COUNT: 6, TUPLE_SIZE: 24, COST: BLOCKED )
 JOIN ( METHOD: HASH, COST: BLOCKED )
  PARTITION-COORDINATOR ( TABLE: SYS.T1, PARTITION: 2/2, FULL SCAN, ACCESS: 10, COST: BLOCKED )
   SCAN ( PARTITION: PD, FULL SCAN, ACCESS: 6, DISK_PAGE_COUNT: BLOCKED, COST: BLOCKED )
   SCAN ( PARTITION: P1, FULL SCAN, ACCESS: 4, DISK_PAGE_COUNT: BLOCKED, COST: BLOCKED )
  HASH ( ITEM_SIZE: BLOCKED, ITEM_COUNT: 10, DISK_PAGE_COUNT: BLOCKED, ACCESS: 10, COST: BLOCKED )
   [ FILTER ]
   T1.I2 = T2.I2
   PARTITION-COORDINATOR ( TABLE: SYS.T2, PARTITION: 2/2, FULL SCAN, ACCESS: 10, COST: BLOCKED )
    SCAN ( PARTITION: PD, FULL SCAN, ACCESS: 6, DISK_PAGE_COUNT: BLOCKED, COST: BLOCKED )
    SCAN ( PARTITION: P1, FULL SCAN, ACCESS: 4, DISK_PAGE_COUNT: BLOCKED, COST: BLOCKED )
------------------------------------------------------------
$T0> select * from t1, t2 where t1.i3=t2.i3 and 1=1;
T1.I1       T1.I2       T1.I3       T2.I1       T2.I2       T2.I3       
-------------------------------------------------------------------------------
1           1           1           1           1           1           
2           2           2           2           2           2           
3           3           3           3           3           3           
4           4           4           4           4           4           
5           5           5           5           5           5           
6           6           6           6           6           6           
7           7           7           7           7           7           
8           8           8           8           8           8           
9           9           9           9           9           9           
10          10          10          10          10          10          
10 rows selected.
------------------------------------------------------------
PROJECT ( COLUMN_COUNT: 6, TUPLE_SIZE: 24, COST: BLOCKED )
 JOIN ( METHOD: HASH, COST: BLOCKED )
  PARTITION-COORDINATOR ( TABLE: SYS.T1, PARTITION: 2/2, FULL SCAN, ACCESS: 10, COST: BLOCKED )
   SCAN ( PARTITION: PD, FULL SCAN, ACCESS: 6, DISK_PAGE_COUNT: BLOCKED, COST: BLOCKED )
   SCAN ( PARTITION: P1, FULL SCAN, ACCESS: 4, DISK_PAGE_COUNT: BLOCKED, COST: BLOCKED )
  HASH ( ITEM_SIZE: BLOCKED, ITEM_COUNT: 10, DISK_PAGE_COUNT: BLOCKED, ACCESS: 10, COST: BLOCKED )
   [ FILTER ]
   T1.I3 = T2.I3
   PARTITION-COORDINATOR ( TABLE: SYS.T2, PARTITION: 2/2, FULL SCAN, ACCESS: 10, COST: BLOCKED )
    SCAN ( PARTITION: PD, FULL SCAN, ACCESS: 6, DISK_PAGE_COUNT: BLOCKED, COST: BLOCKED )
    SCAN ( PARTITION: P1, FULL SCAN, ACCESS: 4, DISK_PAGE_COUNT: BLOCKED, COST: BLOCKED )
------------------------------------------------------------

$T0> select * from t1, t2 where t1.i2=t2.i2 and 1=0;
T1.I1       T1.I2       T1.I3       T2.I1       T2.I2       T2.I3       
-------------------------------------------------------------------------------
No rows selected.
------------------------------------------------------------
PROJECT ( COLUMN_COUNT: 6, TUPLE_SIZE: 24, COST: BLOCKED )
 JOIN ( METHOD: HASH, COST: BLOCKED )
  PARTITION-COORDINATOR ( TABLE: SYS.T1, PARTITION: 2/2, FULL SCAN, ACCESS: 0, COST: BLOCKED )
   [ CONSTANT FILTER ]
   1 = 0
   SCAN ( PARTITION: PD, FULL SCAN, ACCESS: 0, DISK_PAGE_COUNT: BLOCKED, COST: BLOCKED )
   SCAN ( PARTITION: P1, FULL SCAN, ACCESS: 0, DISK_PAGE_COUNT: BLOCKED, COST: BLOCKED )
  HASH ( ITEM_SIZE: 0, ITEM_COUNT: 0, BUCKET_COUNT: 10240, ACCESS: 0, COST: BLOCKED )
   [ FILTER ]
   T1.I2 = T2.I2
   PARTITION-COORDINATOR ( TABLE: SYS.T2, PARTITION: 2/2, FULL SCAN, ACCESS: 0, COST: BLOCKED )
    SCAN ( PARTITION: PD, FULL SCAN, ACCESS: 0, DISK_PAGE_COUNT: BLOCKED, COST: BLOCKED )
    SCAN ( PARTITION: P1, FULL SCAN, ACCESS: 0, DISK_PAGE_COUNT: BLOCKED, COST: BLOCKED )
------------------------------------------------------------
$T0> select * from t1, t2 where t1.i3=t2.i3 and 1=0;
T1.I1       T1.I2       T1.I3       T2.I1       T2.I2       T2.I3       
-------------------------------------------------------------------------------
No rows selected.
------------------------------------------------------------
PROJECT ( COLUMN_COUNT: 6, TUPLE_SIZE: 24, COST: BLOCKED )
 JOIN ( METHOD: HASH, COST: BLOCKED )
  PARTITION-COORDINATOR ( TABLE: SYS.T1, PARTITION: 2/2, FULL SCAN, ACCESS: 0, COST: BLOCKED )
   [ CONSTANT FILTER ]
   1 = 0
   SCAN ( PARTITION: PD, FULL SCAN, ACCESS: 0, DISK_PAGE_COUNT: BLOCKED, COST: BLOCKED )
   SCAN ( PARTITION: P1, FULL SCAN, ACCESS: 0, DISK_PAGE_COUNT: BLOCKED, COST: BLOCKED )
  HASH ( ITEM_SIZE: 0, ITEM_COUNT: 0, BUCKET_COUNT: 10240, ACCESS: 0, COST: BLOCKED )
   [ FILTER ]
   T1.I3 = T2.I3
   PARTITION-COORDINATOR ( TABLE: SYS.T2, PARTITION: 2/2, FULL SCAN, ACCESS: 0, COST: BLOCKED )
    SCAN ( PARTITION: PD, FULL SCAN, ACCESS: 0, DISK_PAGE_COUNT: BLOCKED, COST: BLOCKED )
    SCAN ( PARTITION: P1, FULL SCAN, ACCESS: 0, DISK_PAGE_COUNT: BLOCKED, COST: BLOCKED )
------------------------------------------------------------

$T0> ##################################
$T0> # SECTOR; CONSTANT FILTER
$T0> ##################################

$T0> var v1 integer;
$T0> exec :v1 := 1;
Execute success.

$T0> prepare select * from t1, t2 where t1.i2=t2.i2 and :v1 =1;
T1.I1       T1.I2       T1.I3       T2.I1       T2.I2       T2.I3       
-------------------------------------------------------------------------------
1           1           1           1           1           1           
2           2           2           2           2           2           
3           3           3           3           3           3           
4           4           4           4           4           4           
5           5           5           5           5           5           
6           6           6           6           6           6           
7           7           7           7           7           7           
8           8           8           8           8           8           
9           9           9           9           9           9           
10          10          10          10          10          10          
10 rows selected.
------------------------------------------------------------
PROJECT ( COLUMN_COUNT: 6, TUPLE_SIZE: 24, COST: BLOCKED )
 JOIN ( METHOD: HASH, COST: BLOCKED )
  PARTITION-COORDINATOR ( TABLE: SYS.T1, PARTITION: 2/2, FULL SCAN, ACCESS: 10, COST: BLOCKED )
   [ CONSTANT FILTER ]
   :v1 = 1
   SCAN ( PARTITION: PD, FULL SCAN, ACCESS: 6, DISK_PAGE_COUNT: BLOCKED, COST: BLOCKED )
   SCAN ( PARTITION: P1, FULL SCAN, ACCESS: 4, DISK_PAGE_COUNT: BLOCKED, COST: BLOCKED )
  HASH ( ITEM_SIZE: BLOCKED, ITEM_COUNT: 10, DISK_PAGE_COUNT: BLOCKED, ACCESS: 10, COST: BLOCKED )
   [ FILTER ]
   T1.I2 = T2.I2
   PARTITION-COORDINATOR ( TABLE: SYS.T2, PARTITION: 2/2, FULL SCAN, ACCESS: 10, COST: BLOCKED )
    SCAN ( PARTITION: PD, FULL SCAN, ACCESS: 6, DISK_PAGE_COUNT: BLOCKED, COST: BLOCKED )
    SCAN ( PARTITION: P1, FULL SCAN, ACCESS: 4, DISK_PAGE_COUNT: BLOCKED, COST: BLOCKED )
------------------------------------------------------------
$T0> prepare select * from t1, t2 where t1.i3=t2.i3 and :v1 =1;
T1.I1       T1.I2       T1.I3       T2.I1       T2.I2       T2.I3       
-------------------------------------------------------------------------------
1           1           1           1           1           1           
2           2           2           2           2           2           
3           3           3           3           3           3           
4           4           4           4           4           4           
5           5           5           5           5           5           
6           6           6           6           6           6           
7           7           7           7           7           7           
8           8           8           8           8           8           
9           9           9           9           9           9           
10          10          10          10          10          10          
10 rows selected.
------------------------------------------------------------
PROJECT ( COLUMN_COUNT: 6, TUPLE_SIZE: 24, COST: BLOCKED )
 JOIN ( METHOD: HASH, COST: BLOCKED )
  PARTITION-COORDINATOR ( TABLE: SYS.T1, PARTITION: 2/2, FULL SCAN, ACCESS: 10, COST: BLOCKED )
   [ CONSTANT FILTER ]
   :v1 = 1
   SCAN ( PARTITION: PD, FULL SCAN, ACCESS: 6, DISK_PAGE_COUNT: BLOCKED, COST: BLOCKED )
   SCAN ( PARTITION: P1, FULL SCAN, ACCESS: 4, DISK_PAGE_COUNT: BLOCKED, COST: BLOCKED )
  HASH ( ITEM_SIZE: BLOCKED, ITEM_COUNT: 10, DISK_PAGE_COUNT: BLOCKED, ACCESS: 10, COST: BLOCKED )
   [ FILTER ]
   T1.I3 = T2.I3
   PARTITION-COORDINATOR ( TABLE: SYS.T2, PARTITION: 2/2, FULL SCAN, ACCESS: 10, COST: BLOCKED )
    SCAN ( PARTITION: PD, FULL SCAN, ACCESS: 6, DISK_PAGE_COUNT: BLOCKED, COST: BLOCKED )
    SCAN ( PARTITION: P1, FULL SCAN, ACCESS: 4, DISK_PAGE_COUNT: BLOCKED, COST: BLOCKED )
------------------------------------------------------------

$T0> prepare select * from t1, t2 where t1.i2=t2.i2 and :v1 =0;
T1.I1       T1.I2       T1.I3       T2.I1       T2.I2       T2.I3       
-------------------------------------------------------------------------------
No rows selected.
------------------------------------------------------------
PROJECT ( COLUMN_COUNT: 6, TUPLE_SIZE: 24, COST: BLOCKED )
 JOIN ( METHOD: HASH, COST: BLOCKED )
  PARTITION-COORDINATOR ( TABLE: SYS.T1, PARTITION: 2/2, FULL SCAN, ACCESS: 0, COST: BLOCKED )
   [ CONSTANT FILTER ]
   :v1 = 0
   SCAN ( PARTITION: PD, FULL SCAN, ACCESS: 0, DISK_PAGE_COUNT: BLOCKED, COST: BLOCKED )
   SCAN ( PARTITION: P1, FULL SCAN, ACCESS: 0, DISK_PAGE_COUNT: BLOCKED, COST: BLOCKED )
  HASH ( ITEM_SIZE: 0, ITEM_COUNT: 0, BUCKET_COUNT: 10240, ACCESS: 0, COST: BLOCKED )
   [ FILTER ]
   T1.I2 = T2.I2
   PARTITION-COORDINATOR ( TABLE: SYS.T2, PARTITION: 2/2, FULL SCAN, ACCESS: 0, COST: BLOCKED )
    SCAN ( PARTITION: PD, FULL SCAN, ACCESS: 0, DISK_PAGE_COUNT: BLOCKED, COST: BLOCKED )
    SCAN ( PARTITION: P1, FULL SCAN, ACCESS: 0, DISK_PAGE_COUNT: BLOCKED, COST: BLOCKED )
------------------------------------------------------------
$T0> prepare select * from t1, t2 where t1.i3=t2.i3 and :v1 =0;
T1.I1       T1.I2       T1.I3       T2.I1       T2.I2       T2.I3       
-------------------------------------------------------------------------------
No rows selected.
------------------------------------------------------------
PROJECT ( COLUMN_COUNT: 6, TUPLE_SIZE: 24, COST: BLOCKED )
 JOIN ( METHOD: HASH, COST: BLOCKED )
  PARTITION-COORDINATOR ( TABLE: SYS.T1, PARTITION: 2/2, FULL SCAN, ACCESS: 0, COST: BLOCKED )
   [ CONSTANT FILTER ]
   :v1 = 0
   SCAN ( PARTITION: PD, FULL SCAN, ACCESS: 0, DISK_PAGE_COUNT: BLOCKED, COST: BLOCKED )
   SCAN ( PARTITION: P1, FULL SCAN, ACCESS: 0, DISK_PAGE_COUNT: BLOCKED, COST: BLOCKED )
  HASH ( ITEM_SIZE: 0, ITEM_COUNT: 0, BUCKET_COUNT: 10240, ACCESS: 0, COST: BLOCKED )
   [ FILTER ]
   T1.I3 = T2.I3
   PARTITION-COORDINATOR ( TABLE: SYS.T2, PARTITION: 2/2, FULL SCAN, ACCESS: 0, COST: BLOCKED )
    SCAN ( PARTITION: PD, FULL SCAN, ACCESS: 0, DISK_PAGE_COUNT: BLOCKED, COST: BLOCKED )
    SCAN ( PARTITION: P1, FULL SCAN, ACCESS: 0, DISK_PAGE_COUNT: BLOCKED, COST: BLOCKED )
------------------------------------------------------------

$T0> ##################################
$T0> # SECTOR; FINALIZATION
$T0> ##################################

$T0> SKIP BEGIN;
$T0> drop table t1;
$T0> drop table t2;

$T0> alter session set explain plan = off;
$T0> alter session set trclog_detail_predicate = 0;
$T0> alter system set trclog_explain_graph = 0;

$T0> SKIP END;

