 
+----------------------------------------------------------------------+
SECTOR 0; BY ATC
+----------------------------------------------------------------------+
 
$T0> THREAD T0 C0;
$T0> ###########################################################################
$T0> # Global Index Test
$T0> ###########################################################################

$T0> ##################################
$T0> # SECTOR; PREPARATION
$T0> ##################################

$T0> SKIP BEGIN;
$T0> drop table t1;
$T0> drop table t2;

$T0> alter session set explain plan = off;
$T0> alter session set trclog_detail_predicate = 0;
$T0> alter system set trclog_explain_graph = 0;

$T0> SKIP END;

$T0> set linesize 200;

$T0> ##################################
$T0> # SECTOR; CREATE TABLE
$T0> ##################################

$T0> create table t1(i1 integer, i2 integer, i3 integer)
partition by range(i1)
(
  partition p1 values less than (3),
  partition p2 values default
)
tablespace sys_tbs_disk_data;
Create success.

$T0> insert into t1 values (1, 1, 1);
1 row inserted.
$T0> insert into t1 values (2, 2, 1);
1 row inserted.
$T0> insert into t1 values (3, 3, 3);
1 row inserted.
$T0> insert into t1 values (4, 4, 3);
1 row inserted.

$T0> create index idx1 on t1(i2);
Create success.
$T0> create index idx2 on t1(i3) local;
Create success.

$T0> create table t2(i1 integer, i2 integer, i3 integer)
tablespace sys_tbs_disk_data;
Create success.

$T0> insert into t2 values (1, 1, 1);
1 row inserted.
$T0> insert into t2 values (2, 2, 1);
1 row inserted.
$T0> insert into t2 values (3, 3, 3);
1 row inserted.
$T0> insert into t2 values (4, 4, 3);
1 row inserted.

$T0> alter session set explain plan = on;
Alter success.
$T0> alter session set trclog_detail_predicate = 1;
Alter success.

$T0> ##################################
$T0> # SECTOR; ORDER BY
$T0> ##################################

$T0> select * from t1 where i3=1 order by i3;
T1.I1       T1.I2       T1.I3       
----------------------------------------
2           2           1           
1           1           1           
2 rows selected.
------------------------------------------------------------
PROJECT ( COLUMN_COUNT: 3, TUPLE_SIZE: 12, COST: BLOCKED )
 SORT ( ITEM_SIZE: BLOCKED, ITEM_COUNT: 2, DISK_PAGE_COUNT: BLOCKED, ACCESS: 2, COST: BLOCKED )
  PARTITION-COORDINATOR ( TABLE: SYS.T1, PARTITION: 2/2, INDEX: SYS.IDX2, ACCESS: 2, COST: BLOCKED )
   SCAN ( PARTITION: P2, INDEX: SYS.IDX2, RANGE SCAN, ACCESS: 0, DISK_PAGE_COUNT: BLOCKED, COST: BLOCKED )
    [ FIXED KEY ]
    AND
     OR
      I3 = 1
   SCAN ( PARTITION: P1, INDEX: SYS.IDX2, RANGE SCAN, ACCESS: 2, DISK_PAGE_COUNT: BLOCKED, COST: BLOCKED )
    [ FIXED KEY ]
    AND
     OR
      I3 = 1
------------------------------------------------------------
$T0> select * from t1 where i3=1 order by i3 desc;
T1.I1       T1.I2       T1.I3       
----------------------------------------
2           2           1           
1           1           1           
2 rows selected.
------------------------------------------------------------
PROJECT ( COLUMN_COUNT: 3, TUPLE_SIZE: 12, COST: BLOCKED )
 SORT ( ITEM_SIZE: BLOCKED, ITEM_COUNT: 2, DISK_PAGE_COUNT: BLOCKED, ACCESS: 2, COST: BLOCKED )
  PARTITION-COORDINATOR ( TABLE: SYS.T1, PARTITION: 2/2, INDEX: SYS.IDX2, ACCESS: 2, COST: BLOCKED )
   SCAN ( PARTITION: P2, INDEX: SYS.IDX2, RANGE SCAN, ACCESS: 0, DISK_PAGE_COUNT: BLOCKED, COST: BLOCKED )
    [ FIXED KEY ]
    AND
     OR
      I3 = 1
   SCAN ( PARTITION: P1, INDEX: SYS.IDX2, RANGE SCAN, ACCESS: 2, DISK_PAGE_COUNT: BLOCKED, COST: BLOCKED )
    [ FIXED KEY ]
    AND
     OR
      I3 = 1
------------------------------------------------------------

$T0> select * from t1 where i2=1 order by i2;
T1.I1       T1.I2       T1.I3       
----------------------------------------
1           1           1           
1 row selected.
------------------------------------------------------------
PROJECT ( COLUMN_COUNT: 3, TUPLE_SIZE: 12, COST: BLOCKED )
 PARTITION-COORDINATOR ( TABLE: SYS.T1, PARTITION: 2/2, INDEX: SYS.IDX1, ACCESS: 1, COST: BLOCKED )
  [ FIXED KEY ]
  AND
   OR
    I2 = 1
  SCAN ( PARTITION: P2, RID SCAN, ACCESS: 0, DISK_PAGE_COUNT: BLOCKED, COST: BLOCKED )
  SCAN ( PARTITION: P1, RID SCAN, ACCESS: 1, DISK_PAGE_COUNT: BLOCKED, COST: BLOCKED )
------------------------------------------------------------
$T0> select * from t1 where i2=1 order by i2 desc;
T1.I1       T1.I2       T1.I3       
----------------------------------------
1           1           1           
1 row selected.
------------------------------------------------------------
PROJECT ( COLUMN_COUNT: 3, TUPLE_SIZE: 12, COST: BLOCKED )
 PARTITION-COORDINATOR ( TABLE: SYS.T1, PARTITION: 2/2, INDEX: SYS.IDX1, ACCESS: 1, COST: BLOCKED )
  [ FIXED KEY ]
  AND
   OR
    I2 = 1
  SCAN ( PARTITION: P2, RID SCAN, ACCESS: 0, DISK_PAGE_COUNT: BLOCKED, COST: BLOCKED )
  SCAN ( PARTITION: P1, RID SCAN, ACCESS: 1, DISK_PAGE_COUNT: BLOCKED, COST: BLOCKED )
------------------------------------------------------------

$T0> ##################################
$T0> # SECTOR; DISTINCT
$T0> ##################################

$T0> select distinct i2 from t1;
I2          
--------------
1           
2           
3           
4           
4 rows selected.
------------------------------------------------------------
PROJECT ( COLUMN_COUNT: 1, TUPLE_SIZE: 4, COST: BLOCKED )
 DISTINCT ( ITEM_SIZE: BLOCKED, ITEM_COUNT: 4, DISK_PAGE_COUNT: BLOCKED, ACCESS: 4, COST: BLOCKED )
  PARTITION-COORDINATOR ( TABLE: SYS.T1, PARTITION: 2/2, FULL SCAN, ACCESS: 4, COST: BLOCKED )
   SCAN ( PARTITION: P2, FULL SCAN, ACCESS: 2, DISK_PAGE_COUNT: BLOCKED, COST: BLOCKED )
   SCAN ( PARTITION: P1, FULL SCAN, ACCESS: 2, DISK_PAGE_COUNT: BLOCKED, COST: BLOCKED )
------------------------------------------------------------
$T0> select distinct i2 from t1 where i2>0;
I2          
--------------
1           
2           
3           
4           
4 rows selected.
------------------------------------------------------------
PROJECT ( COLUMN_COUNT: 1, TUPLE_SIZE: 4, COST: BLOCKED )
 GROUPING
  PARTITION-COORDINATOR ( TABLE: SYS.T1, PARTITION: 2/2, INDEX: SYS.IDX1, ACCESS: 4, COST: BLOCKED )
   [ FIXED KEY ]
   AND
    OR
     I2 > 0
   SCAN ( PARTITION: P2, RID SCAN, ACCESS: 2, DISK_PAGE_COUNT: BLOCKED, COST: BLOCKED )
   SCAN ( PARTITION: P1, RID SCAN, ACCESS: 2, DISK_PAGE_COUNT: BLOCKED, COST: BLOCKED )
------------------------------------------------------------

$T0> select distinct i3 from t1;
I3          
--------------
1           
3           
2 rows selected.
------------------------------------------------------------
PROJECT ( COLUMN_COUNT: 1, TUPLE_SIZE: 4, COST: BLOCKED )
 DISTINCT ( ITEM_SIZE: BLOCKED, ITEM_COUNT: 2, DISK_PAGE_COUNT: BLOCKED, ACCESS: 2, COST: BLOCKED )
  PARTITION-COORDINATOR ( TABLE: SYS.T1, PARTITION: 2/2, FULL SCAN, ACCESS: 4, COST: BLOCKED )
   SCAN ( PARTITION: P2, FULL SCAN, ACCESS: 2, DISK_PAGE_COUNT: BLOCKED, COST: BLOCKED )
   SCAN ( PARTITION: P1, FULL SCAN, ACCESS: 2, DISK_PAGE_COUNT: BLOCKED, COST: BLOCKED )
------------------------------------------------------------
$T0> select distinct i3 from t1 where i3>0;
I3          
--------------
1           
3           
2 rows selected.
------------------------------------------------------------
PROJECT ( COLUMN_COUNT: 1, TUPLE_SIZE: 4, COST: BLOCKED )
 DISTINCT ( ITEM_SIZE: BLOCKED, ITEM_COUNT: 2, DISK_PAGE_COUNT: BLOCKED, ACCESS: 2, COST: BLOCKED )
  PARTITION-COORDINATOR ( TABLE: SYS.T1, PARTITION: 2/2, INDEX: SYS.IDX2, ACCESS: 4, COST: BLOCKED )
   SCAN ( PARTITION: P2, INDEX: SYS.IDX2, RANGE SCAN, ACCESS: 2, DISK_PAGE_COUNT: BLOCKED, COST: BLOCKED )
    [ FIXED KEY ]
    AND
     OR
      I3 > 0
   SCAN ( PARTITION: P1, INDEX: SYS.IDX2, RANGE SCAN, ACCESS: 2, DISK_PAGE_COUNT: BLOCKED, COST: BLOCKED )
    [ FIXED KEY ]
    AND
     OR
      I3 > 0
------------------------------------------------------------

$T0> ##################################
$T0> # SECTOR; DISTINCT + ORDER BY
$T0> ##################################

$T0> select distinct i2 from t1 order by i2;
I2          
--------------
1           
2           
3           
4           
4 rows selected.
------------------------------------------------------------
PROJECT ( COLUMN_COUNT: 1, TUPLE_SIZE: 4, COST: BLOCKED )
 SORT ( ITEM_SIZE: BLOCKED, ITEM_COUNT: 4, DISK_PAGE_COUNT: BLOCKED, ACCESS: 4, COST: BLOCKED )
  DISTINCT ( ITEM_SIZE: BLOCKED, ITEM_COUNT: 4, DISK_PAGE_COUNT: BLOCKED, ACCESS: 4, COST: BLOCKED )
   PARTITION-COORDINATOR ( TABLE: SYS.T1, PARTITION: 2/2, FULL SCAN, ACCESS: 4, COST: BLOCKED )
    SCAN ( PARTITION: P2, FULL SCAN, ACCESS: 2, DISK_PAGE_COUNT: BLOCKED, COST: BLOCKED )
    SCAN ( PARTITION: P1, FULL SCAN, ACCESS: 2, DISK_PAGE_COUNT: BLOCKED, COST: BLOCKED )
------------------------------------------------------------
$T0> select distinct i2 from t1 order by i2 desc;
I2          
--------------
4           
3           
2           
1           
4 rows selected.
------------------------------------------------------------
PROJECT ( COLUMN_COUNT: 1, TUPLE_SIZE: 4, COST: BLOCKED )
 SORT ( ITEM_SIZE: BLOCKED, ITEM_COUNT: 4, DISK_PAGE_COUNT: BLOCKED, ACCESS: 4, COST: BLOCKED )
  DISTINCT ( ITEM_SIZE: BLOCKED, ITEM_COUNT: 4, DISK_PAGE_COUNT: BLOCKED, ACCESS: 4, COST: BLOCKED )
   PARTITION-COORDINATOR ( TABLE: SYS.T1, PARTITION: 2/2, FULL SCAN, ACCESS: 4, COST: BLOCKED )
    SCAN ( PARTITION: P2, FULL SCAN, ACCESS: 2, DISK_PAGE_COUNT: BLOCKED, COST: BLOCKED )
    SCAN ( PARTITION: P1, FULL SCAN, ACCESS: 2, DISK_PAGE_COUNT: BLOCKED, COST: BLOCKED )
------------------------------------------------------------
$T0> select distinct i2 from t1 where i2>0 order by i2;
I2          
--------------
1           
2           
3           
4           
4 rows selected.
------------------------------------------------------------
PROJECT ( COLUMN_COUNT: 1, TUPLE_SIZE: 4, COST: BLOCKED )
 GROUPING
  PARTITION-COORDINATOR ( TABLE: SYS.T1, PARTITION: 2/2, INDEX: SYS.IDX1, ACCESS: 4, COST: BLOCKED )
   [ FIXED KEY ]
   AND
    OR
     I2 > 0
   SCAN ( PARTITION: P2, RID SCAN, ACCESS: 2, DISK_PAGE_COUNT: BLOCKED, COST: BLOCKED )
   SCAN ( PARTITION: P1, RID SCAN, ACCESS: 2, DISK_PAGE_COUNT: BLOCKED, COST: BLOCKED )
------------------------------------------------------------
$T0> select distinct i2 from t1 where i2>0 order by i2 desc;
I2          
--------------
4           
3           
2           
1           
4 rows selected.
------------------------------------------------------------
PROJECT ( COLUMN_COUNT: 1, TUPLE_SIZE: 4, COST: BLOCKED )
 GROUPING
  PARTITION-COORDINATOR ( TABLE: SYS.T1, PARTITION: 2/2, INDEX: SYS.IDX1, ACCESS: 4, COST: BLOCKED )
   [ FIXED KEY ]
   AND
    OR
     I2 > 0
   SCAN ( PARTITION: P2, RID SCAN, ACCESS: 2, DISK_PAGE_COUNT: BLOCKED, COST: BLOCKED )
   SCAN ( PARTITION: P1, RID SCAN, ACCESS: 2, DISK_PAGE_COUNT: BLOCKED, COST: BLOCKED )
------------------------------------------------------------

$T0> select distinct i3 from t1 order by i3;
I3          
--------------
1           
3           
2 rows selected.
------------------------------------------------------------
PROJECT ( COLUMN_COUNT: 1, TUPLE_SIZE: 4, COST: BLOCKED )
 SORT ( ITEM_SIZE: BLOCKED, ITEM_COUNT: 2, DISK_PAGE_COUNT: BLOCKED, ACCESS: 2, COST: BLOCKED )
  DISTINCT ( ITEM_SIZE: BLOCKED, ITEM_COUNT: 2, DISK_PAGE_COUNT: BLOCKED, ACCESS: 2, COST: BLOCKED )
   PARTITION-COORDINATOR ( TABLE: SYS.T1, PARTITION: 2/2, FULL SCAN, ACCESS: 4, COST: BLOCKED )
    SCAN ( PARTITION: P2, FULL SCAN, ACCESS: 2, DISK_PAGE_COUNT: BLOCKED, COST: BLOCKED )
    SCAN ( PARTITION: P1, FULL SCAN, ACCESS: 2, DISK_PAGE_COUNT: BLOCKED, COST: BLOCKED )
------------------------------------------------------------
$T0> select distinct i3 from t1 order by i3 desc;
I3          
--------------
3           
1           
2 rows selected.
------------------------------------------------------------
PROJECT ( COLUMN_COUNT: 1, TUPLE_SIZE: 4, COST: BLOCKED )
 SORT ( ITEM_SIZE: BLOCKED, ITEM_COUNT: 2, DISK_PAGE_COUNT: BLOCKED, ACCESS: 2, COST: BLOCKED )
  DISTINCT ( ITEM_SIZE: BLOCKED, ITEM_COUNT: 2, DISK_PAGE_COUNT: BLOCKED, ACCESS: 2, COST: BLOCKED )
   PARTITION-COORDINATOR ( TABLE: SYS.T1, PARTITION: 2/2, FULL SCAN, ACCESS: 4, COST: BLOCKED )
    SCAN ( PARTITION: P2, FULL SCAN, ACCESS: 2, DISK_PAGE_COUNT: BLOCKED, COST: BLOCKED )
    SCAN ( PARTITION: P1, FULL SCAN, ACCESS: 2, DISK_PAGE_COUNT: BLOCKED, COST: BLOCKED )
------------------------------------------------------------
$T0> select distinct i3 from t1 where i3>0 order by i3;
I3          
--------------
1           
3           
2 rows selected.
------------------------------------------------------------
PROJECT ( COLUMN_COUNT: 1, TUPLE_SIZE: 4, COST: BLOCKED )
 SORT ( ITEM_SIZE: BLOCKED, ITEM_COUNT: 2, DISK_PAGE_COUNT: BLOCKED, ACCESS: 2, COST: BLOCKED )
  DISTINCT ( ITEM_SIZE: BLOCKED, ITEM_COUNT: 2, DISK_PAGE_COUNT: BLOCKED, ACCESS: 2, COST: BLOCKED )
   PARTITION-COORDINATOR ( TABLE: SYS.T1, PARTITION: 2/2, INDEX: SYS.IDX2, ACCESS: 4, COST: BLOCKED )
    SCAN ( PARTITION: P2, INDEX: SYS.IDX2, RANGE SCAN, ACCESS: 2, DISK_PAGE_COUNT: BLOCKED, COST: BLOCKED )
     [ FIXED KEY ]
     AND
      OR
       I3 > 0
    SCAN ( PARTITION: P1, INDEX: SYS.IDX2, RANGE SCAN, ACCESS: 2, DISK_PAGE_COUNT: BLOCKED, COST: BLOCKED )
     [ FIXED KEY ]
     AND
      OR
       I3 > 0
------------------------------------------------------------
$T0> select distinct i3 from t1 where i3>0 order by i3 desc;
I3          
--------------
3           
1           
2 rows selected.
------------------------------------------------------------
PROJECT ( COLUMN_COUNT: 1, TUPLE_SIZE: 4, COST: BLOCKED )
 SORT ( ITEM_SIZE: BLOCKED, ITEM_COUNT: 2, DISK_PAGE_COUNT: BLOCKED, ACCESS: 2, COST: BLOCKED )
  DISTINCT ( ITEM_SIZE: BLOCKED, ITEM_COUNT: 2, DISK_PAGE_COUNT: BLOCKED, ACCESS: 2, COST: BLOCKED )
   PARTITION-COORDINATOR ( TABLE: SYS.T1, PARTITION: 2/2, INDEX: SYS.IDX2, ACCESS: 4, COST: BLOCKED )
    SCAN ( PARTITION: P2, INDEX: SYS.IDX2, RANGE SCAN, ACCESS: 2, DISK_PAGE_COUNT: BLOCKED, COST: BLOCKED )
     [ FIXED KEY ]
     AND
      OR
       I3 > 0
    SCAN ( PARTITION: P1, INDEX: SYS.IDX2, RANGE SCAN, ACCESS: 2, DISK_PAGE_COUNT: BLOCKED, COST: BLOCKED )
     [ FIXED KEY ]
     AND
      OR
       I3 > 0
------------------------------------------------------------

$T0> ##################################
$T0> # SECTOR; JOIN
$T0> ##################################

$T0> select t1.i2, t2.i2 from t1, t2 where t1.i2=t2.i2;
I2          I2          
---------------------------
1           1           
2           2           
3           3           
4           4           
4 rows selected.
------------------------------------------------------------
PROJECT ( COLUMN_COUNT: 2, TUPLE_SIZE: 8, COST: BLOCKED )
 JOIN ( METHOD: INDEX_NL, COST: BLOCKED )
  SCAN ( TABLE: SYS.T2, FULL SCAN, ACCESS: 4, DISK_PAGE_COUNT: BLOCKED, COST: BLOCKED )
  PARTITION-COORDINATOR ( TABLE: SYS.T1, PARTITION: 2/2, INDEX: SYS.IDX1, ACCESS: 4, COST: BLOCKED )
   [ VARIABLE KEY ]
   OR
    AND
     T1.I2 = T2.I2
   SCAN ( PARTITION: P2, RID SCAN, ACCESS: 2, DISK_PAGE_COUNT: BLOCKED, COST: BLOCKED )
   SCAN ( PARTITION: P1, RID SCAN, ACCESS: 2, DISK_PAGE_COUNT: BLOCKED, COST: BLOCKED )
------------------------------------------------------------

$T0> select t1.i3, t2.i3 from t1, t2 where t1.i3=t2.i3;
I3          I3          
---------------------------
1           1           
1           1           
1           1           
1           1           
3           3           
3           3           
3           3           
3           3           
8 rows selected.
------------------------------------------------------------
PROJECT ( COLUMN_COUNT: 2, TUPLE_SIZE: 8, COST: BLOCKED )
 JOIN ( METHOD: INDEX_NL, COST: BLOCKED )
  SCAN ( TABLE: SYS.T2, FULL SCAN, ACCESS: 4, DISK_PAGE_COUNT: BLOCKED, COST: BLOCKED )
  PARTITION-COORDINATOR ( TABLE: SYS.T1, PARTITION: 2/2, FULL SCAN, ACCESS: 8, COST: BLOCKED )
   SCAN ( PARTITION: P2, INDEX: SYS.IDX2, RANGE SCAN, ACCESS: 4, DISK_PAGE_COUNT: BLOCKED, COST: BLOCKED )
    [ VARIABLE KEY ]
    OR
     AND
      T1.I3 = T2.I3
   SCAN ( PARTITION: P1, INDEX: SYS.IDX2, RANGE SCAN, ACCESS: 4, DISK_PAGE_COUNT: BLOCKED, COST: BLOCKED )
    [ VARIABLE KEY ]
    OR
     AND
      T1.I3 = T2.I3
------------------------------------------------------------

$T0> select t1.i1, t2.i1 from t1, t2 where t1.i1=t2.i1;
I1          I1          
---------------------------
1           1           
2           2           
3           3           
4           4           
4 rows selected.
------------------------------------------------------------
PROJECT ( COLUMN_COUNT: 2, TUPLE_SIZE: 8, COST: BLOCKED )
 JOIN ( METHOD: HASH, COST: BLOCKED )
  SCAN ( TABLE: SYS.T2, FULL SCAN, ACCESS: 4, DISK_PAGE_COUNT: BLOCKED, COST: BLOCKED )
  HASH ( ITEM_SIZE: BLOCKED, ITEM_COUNT: 4, DISK_PAGE_COUNT: BLOCKED, ACCESS: 4, COST: BLOCKED )
   [ FILTER ]
   T1.I1 = T2.I1
   PARTITION-COORDINATOR ( TABLE: SYS.T1, PARTITION: 2/2, FULL SCAN, ACCESS: 4, COST: BLOCKED )
    SCAN ( PARTITION: P2, FULL SCAN, ACCESS: 2, DISK_PAGE_COUNT: BLOCKED, COST: BLOCKED )
    SCAN ( PARTITION: P1, FULL SCAN, ACCESS: 2, DISK_PAGE_COUNT: BLOCKED, COST: BLOCKED )
------------------------------------------------------------

$T0> ##################################
$T0> # SECTOR; MIN,MAX
$T0> ##################################

$T0> select min(i2) from t1;
MIN(I2)     
--------------
1           
1 row selected.
------------------------------------------------------------
PROJECT ( COLUMN_COUNT: 1, TUPLE_SIZE: 4, COST: BLOCKED )
 PARTITION-COORDINATOR ( TABLE: SYS.T1, PARTITION: 2/2, INDEX: SYS.IDX1, ACCESS: 1, COST: BLOCKED )
  SCAN ( PARTITION: P2, RID SCAN, ACCESS: 0, DISK_PAGE_COUNT: BLOCKED, COST: BLOCKED )
  SCAN ( PARTITION: P1, RID SCAN, ACCESS: 1, DISK_PAGE_COUNT: BLOCKED, COST: BLOCKED )
------------------------------------------------------------
$T0> select max(i2) from t1;
MAX(I2)     
--------------
4           
1 row selected.
------------------------------------------------------------
PROJECT ( COLUMN_COUNT: 1, TUPLE_SIZE: 4, COST: BLOCKED )
 PARTITION-COORDINATOR ( TABLE: SYS.T1, PARTITION: 2/2, INDEX: SYS.IDX1, ACCESS: 1, COST: BLOCKED )
  SCAN ( PARTITION: P2, RID SCAN, ACCESS: 1, DISK_PAGE_COUNT: BLOCKED, COST: BLOCKED )
  SCAN ( PARTITION: P1, RID SCAN, ACCESS: 0, DISK_PAGE_COUNT: BLOCKED, COST: BLOCKED )
------------------------------------------------------------

$T0> select min(i3) from t1;
MIN(I3)     
--------------
1           
1 row selected.
------------------------------------------------------------
PROJECT ( COLUMN_COUNT: 1, TUPLE_SIZE: 4, COST: BLOCKED )
 GROUP-AGGREGATION ( ITEM_SIZE: BLOCKED, GROUP_COUNT: 1, BUCKET_COUNT: 1, ACCESS: 1, COST: BLOCKED )
  PARTITION-COORDINATOR ( TABLE: SYS.T1, PARTITION: 2/2, FULL SCAN, ACCESS: 2, COST: BLOCKED )
   SCAN ( PARTITION: P2, INDEX: SYS.IDX2, RANGE SCAN, ACCESS: 1, DISK_PAGE_COUNT: BLOCKED, COST: BLOCKED )
   SCAN ( PARTITION: P1, INDEX: SYS.IDX2, RANGE SCAN, ACCESS: 1, DISK_PAGE_COUNT: BLOCKED, COST: BLOCKED )
------------------------------------------------------------
$T0> select max(i3) from t1;
MAX(I3)     
--------------
3           
1 row selected.
------------------------------------------------------------
PROJECT ( COLUMN_COUNT: 1, TUPLE_SIZE: 4, COST: BLOCKED )
 GROUP-AGGREGATION ( ITEM_SIZE: BLOCKED, GROUP_COUNT: 1, BUCKET_COUNT: 1, ACCESS: 1, COST: BLOCKED )
  PARTITION-COORDINATOR ( TABLE: SYS.T1, PARTITION: 2/2, FULL SCAN, ACCESS: 2, COST: BLOCKED )
   SCAN ( PARTITION: P2, INDEX: SYS.IDX2, RANGE SCAN DESC, ACCESS: 1, DISK_PAGE_COUNT: BLOCKED, COST: BLOCKED )
   SCAN ( PARTITION: P1, INDEX: SYS.IDX2, RANGE SCAN DESC, ACCESS: 1, DISK_PAGE_COUNT: BLOCKED, COST: BLOCKED )
------------------------------------------------------------

$T0> ##################################
$T0> # SECTOR; FINALIZATION
$T0> ##################################

$T0> SKIP BEGIN;
$T0> drop table t1;
$T0> drop table t2;

$T0> alter session set explain plan = off;
$T0> alter session set trclog_detail_predicate = 0;
$T0> alter system set trclog_explain_graph = 0;

$T0> SKIP END;

