 
+----------------------------------------------------------------------+
SECTOR 0; BY ATC
+----------------------------------------------------------------------+
 
$T0> THREAD T0 C0;
$T0> ###########################################################################
$T0> # Global Index Test
$T0> ###########################################################################

$T0> ##################################
$T0> # SECTOR; PREPARATION
$T0> ##################################

$T0> SKIP BEGIN;
$T0> drop table t1;
$T0> drop table t2;

$T0> alter session set explain plan = off;
$T0> alter session set trclog_detail_predicate = 0;
$T0> alter system set trclog_explain_graph = 0;

$T0> SKIP END;

$T0> set linesize 200;

$T0> ##################################
$T0> # SECTOR; CREATE TABLE
$T0> ##################################

$T0> ALTER SYSTEM SET __DBMS_STAT_METHOD = 1;
Alter success.

$T0> create table t1(i1 integer, i2 integer, i3 integer)
partition by range(i1)
(
  partition p1 values less than (3),
  partition p2 values default
)
tablespace sys_tbs_disk_data;
Create success.

$T0> insert into t1 values (1, 1, 1);
1 row inserted.
$T0> insert into t1 values (2, 2, 1);
1 row inserted.
$T0> insert into t1 values (3, 3, 3);
1 row inserted.
$T0> insert into t1 values (4, 4, 3);
1 row inserted.

$T0> create index idx1 on t1(i2);
Create success.
$T0> create index idx2 on t1(i3) local;
Create success.

$T0> select * from t1;
T1.I1       T1.I2       T1.I3       
----------------------------------------
1           1           1           
2           2           1           
3           3           3           
4           4           3           
4 rows selected.

$T0> ##################################
$T0> # SECTOR; SELECTIVITY
$T0> ##################################

$T0> alter session set explain plan = on;
Alter success.
$T0> alter session set trclog_detail_predicate = 1;
Alter success.
$T0> alter system set trclog_explain_graph = 1;
Alter success.

$T0> select * from t1 where i3=1;
T1.I1       T1.I2       T1.I3       
----------------------------------------
1           1           1           
2           2           1           
2 rows selected.

||----------------------------------------------------------
||-------------------------------------------------
||[[ PROJECTION GRAPH ]]
||-------------------------------------------------
||== Cost Information ==
||INPUT_RECORD_COUNT : 2048
||OUTPUT_RECORD_COUNT: 2048
||RECORD_SIZE        : 12
||SELECTIVITY        : 1
||GRAPH_ACCESS_COST  : 69.4272
||GRAPH_DISK_COST    : 0
||GRAPH_TOTAL_COST   : 69.4272
||TOTAL_ACCESS_COST  : 2119.65998
||TOTAL_DISK_COST    : 0
||TOTAL_ALL_COST     : 2119.65998
|  |-------------------------------------------------
|  |[[ PARTITION GRAPH ]]
|  |-------------------------------------------------
|  |== Cost Information ==
|  |INPUT_RECORD_COUNT : 20480
|  |OUTPUT_RECORD_COUNT: 2048
|  |RECORD_SIZE        : 12
|  |SELECTIVITY        : 0.1
|  |GRAPH_ACCESS_COST  : 2050.23278
|  |GRAPH_DISK_COST    : 0
|  |GRAPH_TOTAL_COST   : 2050.23278
|  |TOTAL_ACCESS_COST  : 2050.23278
|  |TOTAL_DISK_COST    : 0
|  |TOTAL_ALL_COST     : 2050.23278
|  |== Table Information ==
|  |TABLE NAME         : T1
|  |  I1 : 100
|  |  I2 : 100
|  |  I3 : 100
|  |== Index Information ==
|  |  IDX1 : 4
|  |  IDX2 : 2
|  |== Access Method Information ==
|  |FULL SCAN
|  |  ACCESS_COST : 21174.272
|  |  DISK_COST   : 345
|  |  TOTAL_COST  : 21519.272
|  |INDEX SCAN[IDX1]
|  |  ACCESS_COST : 23223.272
|  |  DISK_COST   : 0
|  |  TOTAL_COST  : 23223.272
|  |INDEX SCAN[IDX2]
|  |  ACCESS_COST : 2050.23278
|  |  DISK_COST   : 0
|  |  TOTAL_COST  : 2050.23278
|    |-------------------------------------------------
|    |[[ SELECTION GRAPH ]]
|    |-------------------------------------------------
|    |== Cost Information ==
|    |INPUT_RECORD_COUNT : 10240
|    |OUTPUT_RECORD_COUNT: 1024
|    |RECORD_SIZE        : 12
|    |SELECTIVITY        : 0.1
|    |GRAPH_ACCESS_COST  : 1025.11639
|    |GRAPH_DISK_COST    : 0
|    |GRAPH_TOTAL_COST   : 1025.11639
|    |TOTAL_ACCESS_COST  : 1025.11639
|    |TOTAL_DISK_COST    : 0
|    |TOTAL_ALL_COST     : 1025.11639
|    |== Partition Information ==
|    |PARTITION NAME         : P2
|    |  I1 : 100
|    |  I2 : 100
|    |  I3 : 100
|    |== Index Information ==
|    |  IDX2 : 1
|    |-------------------------------------------------
|    |[[ SELECTION GRAPH ]]
|    |-------------------------------------------------
|    |== Cost Information ==
|    |INPUT_RECORD_COUNT : 10240
|    |OUTPUT_RECORD_COUNT: 1024
|    |RECORD_SIZE        : 12
|    |SELECTIVITY        : 0.1
|    |GRAPH_ACCESS_COST  : 1025.11639
|    |GRAPH_DISK_COST    : 0
|    |GRAPH_TOTAL_COST   : 1025.11639
|    |TOTAL_ACCESS_COST  : 1025.11639
|    |TOTAL_DISK_COST    : 0
|    |TOTAL_ALL_COST     : 1025.11639
|    |== Partition Information ==
|    |PARTITION NAME         : P1
|    |  I1 : 100
|    |  I2 : 100
|    |  I3 : 100
|    |== Index Information ==
|    |  IDX2 : 1
||----------------------------------------------------------

------------------------------------------------------------
PROJECT ( COLUMN_COUNT: 3, TUPLE_SIZE: 12, COST: BLOCKED )
 PARTITION-COORDINATOR ( TABLE: SYS.T1, PARTITION: 2/2, INDEX: SYS.IDX2, ACCESS: 2, COST: BLOCKED )
  SCAN ( PARTITION: P2, INDEX: SYS.IDX2, RANGE SCAN, ACCESS: 0, DISK_PAGE_COUNT: BLOCKED, COST: BLOCKED )
   [ FIXED KEY ]
   AND
    OR
     I3 = 1
  SCAN ( PARTITION: P1, INDEX: SYS.IDX2, RANGE SCAN, ACCESS: 2, DISK_PAGE_COUNT: BLOCKED, COST: BLOCKED )
   [ FIXED KEY ]
   AND
    OR
     I3 = 1
------------------------------------------------------------

$T0> select * from t1 where i2=1;
T1.I1       T1.I2       T1.I3       
----------------------------------------
1           1           1           
1 row selected.

||----------------------------------------------------------
||-------------------------------------------------
||[[ PROJECTION GRAPH ]]
||-------------------------------------------------
||== Cost Information ==
||INPUT_RECORD_COUNT : 2048
||OUTPUT_RECORD_COUNT: 2048
||RECORD_SIZE        : 12
||SELECTIVITY        : 1
||GRAPH_ACCESS_COST  : 69.4272
||GRAPH_DISK_COST    : 0
||GRAPH_TOTAL_COST   : 69.4272
||TOTAL_ACCESS_COST  : 4166.65885
||TOTAL_DISK_COST    : 0
||TOTAL_ALL_COST     : 4166.65885
|  |-------------------------------------------------
|  |[[ PARTITION GRAPH ]]
|  |-------------------------------------------------
|  |== Cost Information ==
|  |INPUT_RECORD_COUNT : 20480
|  |OUTPUT_RECORD_COUNT: 2048
|  |RECORD_SIZE        : 12
|  |SELECTIVITY        : 0.1
|  |GRAPH_ACCESS_COST  : 4097.23165
|  |GRAPH_DISK_COST    : 0
|  |GRAPH_TOTAL_COST   : 4097.23165
|  |TOTAL_ACCESS_COST  : 4097.23165
|  |TOTAL_DISK_COST    : 0
|  |TOTAL_ALL_COST     : 4097.23165
|  |== Table Information ==
|  |TABLE NAME         : T1
|  |  I1 : 100
|  |  I2 : 100
|  |  I3 : 100
|  |== Index Information ==
|  |  IDX1 : 4
|  |  IDX2 : 2
|  |== Access Method Information ==
|  |FULL SCAN
|  |  ACCESS_COST : 21174.272
|  |  DISK_COST   : 345
|  |  TOTAL_COST  : 21519.272
|  |INDEX SCAN[IDX1]
|  |  ACCESS_COST : 4097.23165
|  |  DISK_COST   : 0
|  |  TOTAL_COST  : 4097.23165
|  |INDEX SCAN[IDX2]
|  |  ACCESS_COST : 21176.272
|  |  DISK_COST   : 0
|  |  TOTAL_COST  : 21176.272
|    |-------------------------------------------------
|    |[[ SELECTION GRAPH ]]
|    |-------------------------------------------------
|    |== Cost Information ==
|    |INPUT_RECORD_COUNT : 10240
|    |OUTPUT_RECORD_COUNT: 1024
|    |RECORD_SIZE        : 12
|    |SELECTIVITY        : 0.1
|    |GRAPH_ACCESS_COST  : 10588.136
|    |GRAPH_DISK_COST    : 0
|    |GRAPH_TOTAL_COST   : 10588.136
|    |TOTAL_ACCESS_COST  : 10588.136
|    |TOTAL_DISK_COST    : 0
|    |TOTAL_ALL_COST     : 10588.136
|    |== Partition Information ==
|    |PARTITION NAME         : P2
|    |  I1 : 100
|    |  I2 : 100
|    |  I3 : 100
|    |== Index Information ==
|    |  IDX2 : 1
|    |-------------------------------------------------
|    |[[ SELECTION GRAPH ]]
|    |-------------------------------------------------
|    |== Cost Information ==
|    |INPUT_RECORD_COUNT : 10240
|    |OUTPUT_RECORD_COUNT: 1024
|    |RECORD_SIZE        : 12
|    |SELECTIVITY        : 0.1
|    |GRAPH_ACCESS_COST  : 10588.136
|    |GRAPH_DISK_COST    : 0
|    |GRAPH_TOTAL_COST   : 10588.136
|    |TOTAL_ACCESS_COST  : 10588.136
|    |TOTAL_DISK_COST    : 0
|    |TOTAL_ALL_COST     : 10588.136
|    |== Partition Information ==
|    |PARTITION NAME         : P1
|    |  I1 : 100
|    |  I2 : 100
|    |  I3 : 100
|    |== Index Information ==
|    |  IDX2 : 1
||----------------------------------------------------------

------------------------------------------------------------
PROJECT ( COLUMN_COUNT: 3, TUPLE_SIZE: 12, COST: BLOCKED )
 PARTITION-COORDINATOR ( TABLE: SYS.T1, PARTITION: 2/2, INDEX: SYS.IDX1, ACCESS: 1, COST: BLOCKED )
  [ FIXED KEY ]
  AND
   OR
    I2 = 1
  SCAN ( PARTITION: P2, RID SCAN, ACCESS: 0, DISK_PAGE_COUNT: BLOCKED, COST: BLOCKED )
  SCAN ( PARTITION: P1, RID SCAN, ACCESS: 1, DISK_PAGE_COUNT: BLOCKED, COST: BLOCKED )
------------------------------------------------------------

$T0> select * from t1 where i2=1 and i3=1;
T1.I1       T1.I2       T1.I3       
----------------------------------------
1           1           1           
1 row selected.

||----------------------------------------------------------
||-------------------------------------------------
||[[ PROJECTION GRAPH ]]
||-------------------------------------------------
||== Cost Information ==
||INPUT_RECORD_COUNT : 204.8
||OUTPUT_RECORD_COUNT: 204.8
||RECORD_SIZE        : 12
||SELECTIVITY        : 1
||GRAPH_ACCESS_COST  : 6.94272
||GRAPH_DISK_COST    : 0
||GRAPH_TOTAL_COST   : 6.94272
||TOTAL_ACCESS_COST  : 2126.6027
||TOTAL_DISK_COST    : 0
||TOTAL_ALL_COST     : 2126.6027
|  |-------------------------------------------------
|  |[[ PARTITION GRAPH ]]
|  |-------------------------------------------------
|  |== Cost Information ==
|  |INPUT_RECORD_COUNT : 20480
|  |OUTPUT_RECORD_COUNT: 204.8
|  |RECORD_SIZE        : 12
|  |SELECTIVITY        : 0.01
|  |GRAPH_ACCESS_COST  : 2119.65998
|  |GRAPH_DISK_COST    : 0
|  |GRAPH_TOTAL_COST   : 2119.65998
|  |TOTAL_ACCESS_COST  : 2119.65998
|  |TOTAL_DISK_COST    : 0
|  |TOTAL_ALL_COST     : 2119.65998
|  |== Table Information ==
|  |TABLE NAME         : T1
|  |  I1 : 100
|  |  I2 : 100
|  |  I3 : 100
|  |== Index Information ==
|  |  IDX1 : 4
|  |  IDX2 : 2
|  |== Access Method Information ==
|  |FULL SCAN
|  |  ACCESS_COST : 21868.544
|  |  DISK_COST   : 345
|  |  TOTAL_COST  : 22213.544
|  |INDEX SCAN[IDX1]
|  |  ACCESS_COST : 2323.45885
|  |  DISK_COST   : 0
|  |  TOTAL_COST  : 2323.45885
|  |INDEX SCAN[IDX2]
|  |  ACCESS_COST : 2119.65998
|  |  DISK_COST   : 0
|  |  TOTAL_COST  : 2119.65998
|    |-------------------------------------------------
|    |[[ SELECTION GRAPH ]]
|    |-------------------------------------------------
|    |== Cost Information ==
|    |INPUT_RECORD_COUNT : 10240
|    |OUTPUT_RECORD_COUNT: 102.4
|    |RECORD_SIZE        : 12
|    |SELECTIVITY        : 0.01
|    |GRAPH_ACCESS_COST  : 1059.82999
|    |GRAPH_DISK_COST    : 0
|    |GRAPH_TOTAL_COST   : 1059.82999
|    |TOTAL_ACCESS_COST  : 1059.82999
|    |TOTAL_DISK_COST    : 0
|    |TOTAL_ALL_COST     : 1059.82999
|    |== Partition Information ==
|    |PARTITION NAME         : P2
|    |  I1 : 100
|    |  I2 : 100
|    |  I3 : 100
|    |== Index Information ==
|    |  IDX2 : 1
|    |-------------------------------------------------
|    |[[ SELECTION GRAPH ]]
|    |-------------------------------------------------
|    |== Cost Information ==
|    |INPUT_RECORD_COUNT : 10240
|    |OUTPUT_RECORD_COUNT: 102.4
|    |RECORD_SIZE        : 12
|    |SELECTIVITY        : 0.01
|    |GRAPH_ACCESS_COST  : 1059.82999
|    |GRAPH_DISK_COST    : 0
|    |GRAPH_TOTAL_COST   : 1059.82999
|    |TOTAL_ACCESS_COST  : 1059.82999
|    |TOTAL_DISK_COST    : 0
|    |TOTAL_ALL_COST     : 1059.82999
|    |== Partition Information ==
|    |PARTITION NAME         : P1
|    |  I1 : 100
|    |  I2 : 100
|    |  I3 : 100
|    |== Index Information ==
|    |  IDX2 : 1
||----------------------------------------------------------

------------------------------------------------------------
PROJECT ( COLUMN_COUNT: 3, TUPLE_SIZE: 12, COST: BLOCKED )
 PARTITION-COORDINATOR ( TABLE: SYS.T1, PARTITION: 2/2, INDEX: SYS.IDX2, ACCESS: 1, COST: BLOCKED )
  SCAN ( PARTITION: P2, INDEX: SYS.IDX2, RANGE SCAN, ACCESS: 0, DISK_PAGE_COUNT: BLOCKED, COST: BLOCKED )
   [ FIXED KEY ]
   AND
    OR
     I3 = 1
   [ FILTER SERIAL EXECUTE ]
   I2 = 1
  SCAN ( PARTITION: P1, INDEX: SYS.IDX2, RANGE SCAN, ACCESS: 2, DISK_PAGE_COUNT: BLOCKED, COST: BLOCKED )
   [ FIXED KEY ]
   AND
    OR
     I3 = 1
   [ FILTER SERIAL EXECUTE ]
   I2 = 1
------------------------------------------------------------

$T0> ALTER SYSTEM SET __DBMS_STAT_METHOD = 0;
Alter success.

$T0> ##################################
$T0> # SECTOR; FINALIZATION
$T0> ##################################

$T0> SKIP BEGIN;
$T0> drop table t1;
$T0> drop table t2;

$T0> alter session set explain plan = off;
$T0> alter session set trclog_detail_predicate = 0;
$T0> alter system set trclog_explain_graph = 0;

$T0> SKIP END;

