 
+----------------------------------------------------------------------+
--+SECTOR 0; BY ATC
+----------------------------------------------------------------------+
 
$P0> --+PROCESS P0;
--###############################################################
--# HINTS TEST SET
--###############################################################

--+SKIP BEGIN; 
$P0> DROP TABLE T1;
--+SKIP END; 

--######################################
--+SECTOR 1; PREPARATION
--######################################

$P0> CREATE TABLE T1 ( I1 INTEGER, I2 INTEGER, I3 INTEGER ) 
     PARTITION BY RANGE(I1) ( PARTITION P1 VALUES DEFAULT TABLESPACE PDT_TBS ) 
     TABLESPACE SYS_TBS_DISK_DATA;
Create success.

$P0> CREATE INDEX T1_IDX1 ON T1(I1);
Create success.
$P0> CREATE INDEX T1_IDX2 ON T1(I1, i2);
Create success.
$P0> CREATE INDEX T1_IDX3 ON T1(I1, i2, i3);
Create success.
$P0> CREATE INDEX T1_IDX4 ON T1(I2);
Create success.
$P0> CREATE INDEX T1_IDX5 ON T1(I3 ASC);
Create success.
$P0> CREATE INDEX T1_IDX6 ON T1(I3 DESC);
Create success.

$P0> INSERT INTO T1 VALUES (2,1,8);
1 row inserted.
$P0> INSERT INTO T1 VALUES (1,2,7);
1 row inserted.
$P0> INSERT INTO T1 VALUES (3,3,4);
1 row inserted.
$P0> INSERT INTO T1 VALUES (5,1,9);
1 row inserted.
$P0> INSERT INTO T1 VALUES (4,2,4);
1 row inserted.
$P0> INSERT INTO T1 VALUES (6,3,1);
1 row inserted.
$P0> INSERT INTO T1 VALUES (9,1,3);
1 row inserted.
$P0> INSERT INTO T1 VALUES (8,2,2);
1 row inserted.
$P0> INSERT INTO T1 VALUES (7,3,5);
1 row inserted.

--######################################
--+SECTOR 2; DO JOB
--######################################

$P0> SELECT /*+ INDEX DESC ( T1, T1_IDX5 ) */ I3 FROM T1 GROUP BY I3;
I3          
--------------
9           
8           
7           
5           
4           
3           
2           
1           
8 rows selected.

--######################################
--+SECTOR 3; FINALIZATION
--######################################

--+SKIP BEGIN; 
$P0> DROP TABLE T1;
--+SKIP END; 

