 
+----------------------------------------------------------------------+
SECTOR 0; BY ATC
+----------------------------------------------------------------------+
 
$T0> THREAD T0 C0;
$T0> ###########################################################################
$T0> # NativeGlobalIndexPort1624 - 전제와 판별자
$T0> #
$T0> # 이 스위트의 전 케이스가 재는 것은 **디스크 파티션드 테이블 위의 네이티브
$T0> # 글로벌 인덱스**다. 원본(qp4/Project3/PROJ-1624-GlobalIndex)이 같은 문장으로
$T0> # 재던 것은 숨김 테이블 $GIT_ 였다. 갈림길은 프로퍼티 하나다:
$T0> #
$T0> #   DISK_GLOBAL_INDEX_ENABLE = 1  -> 네이티브 (이 스위트)
$T0> #   DISK_GLOBAL_INDEX_ENABLE = 0  -> $GIT_    (원본 스위트)
$T0> #
$T0> # ★ 그래서 케이스마다 자기 전제를 세운다(F07 규약).
$T0> #   파일 기본값은 2026-08-06 부터 1 이지만, 기본값에 기대면 그 값이 움직이는
$T0> #   날 이 스위트는 "네이티브를 잰다"고 적어 놓고 $GIT_ 를 재게 된다 --
$T0> #   원본 PROJ-1624 와 NATC ddl/diskPartitionedTable.tc 가 실제로 그렇게
$T0> #   어긋났었다(disk-natc.md 6).
$T0> #
$T0> # ★ 이 프로퍼티는 비영속이다. ALTER SYSTEM 값은 재기동하면 파일 값으로
$T0> #   돌아간다. 한 인스턴스 위에서 스위트가 이어 도는 동안은 FINALIZE 의
$T0> #   복원이 유일한 방벽이다.
$T0> ###########################################################################

$T0> #
$T0> # 전제를 세우고, 세운 값을 전사에 남긴다.
$T0> # 전사가 자기 전제를 적게 하는 것이 목적이므로 v$property 조회를 뺄 수 없다.
$T0> #

$T0> #
$T0> # 파일 기본값(1)으로 되돌린다. 다음 케이스에 0 이 새지 않게 한다.
$T0> #

$T0> #
$T0> # 인덱스가 어느 구현인지 카탈로그로 판별해 전사에 남긴다.
$T0> #
$T0> #   NATIVE GLOBAL : SYS_PART_INDICES_.PARTITION_TYPE = 101, INDEX_TABLE_ID = 0
$T0> #   LOCAL         : IS_PARTITIONED = 'T', SYS_INDEX_PARTITIONS_ 에 행
$T0> #   $GIT_ GLOBAL  : INDEX_TABLE_ID != 0 (숨김 테이블 OID)
$T0> #
$T0> # ★ 이 절이 이 스위트의 이빨이다. 프로퍼티가 0 이면 CREATE INDEX 로 만든
$T0> #   인덱스가 $GIT_ 로 내려가 KIND 가 통째로 바뀌고, 같은 문장을 재고 있다는
$T0> #   착각이 여기서 깨진다.
$T0> #
$T0> # ★ 원본 fixture 의 T1_PK(i2,i1) / T1_UK(i3,i2,i1) 은 파티션 키 i1 을
$T0> #   포함하므로 두 구현 어느 쪽에서도 글로벌이 아니라 LOCAL 이다. 원본
$T0> #   check_global_index.i 가 "$GIT_T1_PK" 를 조회한 것은 존재하지 않는
$T0> #   테이블을 겨눈 것이었다 -- v3-natc-port.md 3.2.
$T0> #

$T0> #
$T0> # 숨김 테이블이 하나도 없다는 것을 남긴다.
$T0> # 네이티브 경로에서는 $GIT_ 가 만들어지지 않는다.
$T0> #
$T0> ###########################################################################
$T0> # TestCase Description = NULL 키가 네이티브 글로벌 인덱스에 실리고 보이는가
$T0> #
$T0> #   원본: qp4/Project3/PROJ-1624-GlobalIndex/basic/null_value.tc
$T0> #
$T0> #   ★ 이 케이스는 셋 중 가장 크게 다시 쓴 것이다. 원본은 힙과
$T0> #     "$GIT_T1_IDX1" 을 PSM 안에서 rid 로 짝지어 "한쪽에만 있는 행"을
$T0> #     찍었다. 네이티브에는 그 테이블이 없고 rid 를 SQL 로 볼 수 없다.
$T0> #     게다가 원본의 그 PSM 도, 옆의 FULL OUTER JOIN 도 디스크 테이블에서
$T0> #     _PROWID 를 쓰기 때문에 실제로는 동작한 적이 없다(ERR-31385) --
$T0> #     v3-natc-port.md 3.1.
$T0> #
$T0> #   그래서 같은 질문("NULL 키 행이 트리에 실리는가, 지워지는가")을
$T0> #   인덱스 스캔으로 직접 묻는다:
$T0> #     - 인덱스 경유 결과와 풀스캔 결과의 양방향 차집합이 0행인가
$T0> #     - NULL 키 행이 인덱스 스캔에 보이는가 (i2 is null)
$T0> #     - 카운트가 맞는가
$T0> #   힌트가 실제로 글로벌 인덱스를 잡았다는 플랜 증거를 매번 먼저 남긴다.
$T0> #
$T0> #   ★ 전제: DISK_GLOBAL_INDEX_ENABLE = 1. PREPARATION 이 못박는다.
$T0> #
$T0> # Project ID           = Native Global Index (disk) - PROJ-1624 port
$T0> ###########################################################################

$T0> #
$T0> # 트리와 힙이 일치하는가. 원본 check_index() 의 자리다.
$T0> #

$T0> ##################################
$T0> # SECTOR; PREPARATION
$T0> ##################################

$T0> SKIP BEGIN;
$T0> drop table t1;
$T0> alter session set explain plan = off;
$T0> alter session set trclog_detail_predicate = 0;
$T0> alter system set trclog_explain_graph = 0;
$T0> SKIP END;

$T0> alter system set DISK_GLOBAL_INDEX_ENABLE = 1;
Alter success.

$T0> set linesize 200;
$T0> alter system set DISK_GLOBAL_INDEX_ENABLE = 1;
Alter success.
$T0> select cast(value1 as varchar(10)) disk_global_index_enable from v$property
  where name = 'DISK_GLOBAL_INDEX_ENABLE';
DISK_GLOBAL_INDEX_ENABLE  
----------------------------
1           
1 row selected.

$T0> ##################################
$T0> # SECTOR; CREATE TABLE
$T0> ##################################

$T0> create table t1
(
  i1 integer,
  i2 integer
)
partition by hash(i1)
(
  partition p1,
  partition p2,
  partition p3
)
enable row movement
tablespace sys_tbs_disk_data;
Create success.

$T0> create index t1_idx1 on t1(i2);
Create success.

$T0> desc t1;
[ TABLESPACE : SYS_TBS_DISK_DATA ]
[ ATTRIBUTE ]                                                         
------------------------------------------------------------------------------
NAME                                     TYPE                        IS NULL 
------------------------------------------------------------------------------
I1                                       INTEGER                     
I2                                       INTEGER                     
[ INDEX ]                                                       
------------------------------------------------------------------------------
NAME                                     TYPE     IS UNIQUE     COLUMN
------------------------------------------------------------------------------
T1_IDX1                                  BTREE                  I2 ASC
T1 has no primary key

$T0> ##################################
$T0> # SECTOR; MEDIA
$T0> ##################################

$T0> # 원본은 여기서 desc "$GIT_T1_IDX1" 로 숨김 테이블의 모양을 찍었다.
$T0> # 네이티브에는 그런 객체가 없다는 것이 이 자리의 기대다.
$T0> select cast(i.index_name as varchar(20)) index_name,
         cast( case when i.index_table_id != 0          then 'GIT-HIDDEN-TABLE'
                    when i.is_partitioned = 'T'         then 'LOCAL'
                    when nvl(p.partition_type,-1) = 101 then 'NATIVE-GLOBAL'
                    else 'UNKNOWN' end as varchar(16) ) kind,
         i.index_table_id,
         cast(i.is_partitioned as varchar(1)) is_part,
         nvl(p.partition_type,-1) part_type
  from system_.sys_indices_ i,
       system_.sys_tables_ t,
       ( select index_id, max(partition_type) partition_type
         from system_.sys_part_indices_ group by index_id ) p
  where i.table_id = t.table_id
    and t.table_name = upper('T1')
    and t.user_id = user_id()
    and i.index_id = p.index_id(+)
  order by 1;
INDEX_NAME            KIND              INDEX_TABLE_ID IS_PART  PART_TYPE   
----------------------------------------------------------------------------------
T1_IDX1               NATIVE-GLOBAL     0           F  101         
1 row selected.
$T0> select count(*) git_hidden_table_count
  from system_.sys_tables_
  where table_name like '$GIT!_%' escape '!'
    and user_id = user_id();
GIT_HIDDEN_TABLE_COUNT 
-------------------------
0                    
1 row selected.

$T0> set linesize 200;

$T0> # 힌트가 실제로 글로벌 인덱스를 잡았는가 (이것이 없으면 아래는
$T0> # 풀스캔 minus 풀스캔이 되어 무조건 0행이다)
$T0> alter session set explain plan = on;
Alter success.
$T0> select /*+ index(t1, t1_idx1) */ count(*) from t1 where i2 is not null or i2 is null;
COUNT                
-----------------------
0                    
1 row selected.
------------------------------------------------------------
PROJECT ( COLUMN_COUNT: 1, TUPLE_SIZE: 8, COST: BLOCKED )
 GROUP-AGGREGATION ( ITEM_SIZE: BLOCKED, GROUP_COUNT: 1, BUCKET_COUNT: 1, ACCESS: 1, COST: BLOCKED )
  SCAN ( TABLE: SYS.T1, INDEX: SYS.T1_IDX1, GLOBAL-INDEX, RANGE SCAN, ACCESS: 0, DISK_PAGE_COUNT: BLOCKED, COST: BLOCKED )
------------------------------------------------------------
$T0> alter session set explain plan = off;
Alter success.

$T0> # 인덱스 경유에만 있는 행 (없어야 정상)
$T0> select * from
  (
    select /*+ index(t1, t1_idx1) */ i1, i2 from t1 where i2 is not null or i2 is null
    minus
    select /*+ FULL SCAN(t1) */ i1, i2 from t1 where i2 is not null or i2 is null
  )
  order by 1, 2;
I1          I2          
---------------------------
No rows selected.

$T0> # 풀스캔에만 있는 행 (없어야 정상)
$T0> select * from
  (
    select /*+ FULL SCAN(t1) */ i1, i2 from t1 where i2 is not null or i2 is null
    minus
    select /*+ index(t1, t1_idx1) */ i1, i2 from t1 where i2 is not null or i2 is null
  )
  order by 1, 2;
I1          I2          
---------------------------
No rows selected.

$T0> # 카운트 교차 확인 -- 중복·유령까지 잡는다
$T0> select /*+ index(t1, t1_idx1) */ count(*) c, count(i2) c_notnull, sum(i1) s1, sum(i2) s2
  from t1 where i2 is not null or i2 is null;
C                    C_NOTNULL            S1                   S2                   
-----------------------------------------------------------------------------------------
0                    0                                                              
1 row selected.

$T0> select /*+ FULL SCAN(t1) */ count(*) c, count(i2) c_notnull, sum(i1) s1, sum(i2) s2
  from t1;
C                    C_NOTNULL            S1                   S2                   
-----------------------------------------------------------------------------------------
0                    0                                                              
1 row selected.

$T0> # NULL 키 행이 인덱스 스캔에 보이는가
$T0> select /*+ index(t1, t1_idx1) */ i1, i2 from t1 where i2 is null order by 1;
I1          I2          
---------------------------
No rows selected.

$T0> ##################################
$T0> # SECTOR; INSERT
$T0> ##################################

$T0> insert into t1 values (1, null);
1 row inserted.
$T0> insert into t1 values (2, null);
1 row inserted.
$T0> insert into t1 values (3, null);
1 row inserted.
$T0> insert into t1 values (4, null);
1 row inserted.

$T0> set linesize 200;

$T0> # 힌트가 실제로 글로벌 인덱스를 잡았는가 (이것이 없으면 아래는
$T0> # 풀스캔 minus 풀스캔이 되어 무조건 0행이다)
$T0> alter session set explain plan = on;
Alter success.
$T0> select /*+ index(t1, t1_idx1) */ count(*) from t1 where i2 is not null or i2 is null;
COUNT                
-----------------------
4                    
1 row selected.
------------------------------------------------------------
PROJECT ( COLUMN_COUNT: 1, TUPLE_SIZE: 8, COST: BLOCKED )
 GROUP-AGGREGATION ( ITEM_SIZE: BLOCKED, GROUP_COUNT: 1, BUCKET_COUNT: 1, ACCESS: 1, COST: BLOCKED )
  SCAN ( TABLE: SYS.T1, INDEX: SYS.T1_IDX1, GLOBAL-INDEX, RANGE SCAN, ACCESS: 4, DISK_PAGE_COUNT: BLOCKED, COST: BLOCKED )
------------------------------------------------------------
$T0> alter session set explain plan = off;
Alter success.

$T0> # 인덱스 경유에만 있는 행 (없어야 정상)
$T0> select * from
  (
    select /*+ index(t1, t1_idx1) */ i1, i2 from t1 where i2 is not null or i2 is null
    minus
    select /*+ FULL SCAN(t1) */ i1, i2 from t1 where i2 is not null or i2 is null
  )
  order by 1, 2;
I1          I2          
---------------------------
No rows selected.

$T0> # 풀스캔에만 있는 행 (없어야 정상)
$T0> select * from
  (
    select /*+ FULL SCAN(t1) */ i1, i2 from t1 where i2 is not null or i2 is null
    minus
    select /*+ index(t1, t1_idx1) */ i1, i2 from t1 where i2 is not null or i2 is null
  )
  order by 1, 2;
I1          I2          
---------------------------
No rows selected.

$T0> # 카운트 교차 확인 -- 중복·유령까지 잡는다
$T0> select /*+ index(t1, t1_idx1) */ count(*) c, count(i2) c_notnull, sum(i1) s1, sum(i2) s2
  from t1 where i2 is not null or i2 is null;
C                    C_NOTNULL            S1                   S2                   
-----------------------------------------------------------------------------------------
4                    0                    10                                        
1 row selected.

$T0> select /*+ FULL SCAN(t1) */ count(*) c, count(i2) c_notnull, sum(i1) s1, sum(i2) s2
  from t1;
C                    C_NOTNULL            S1                   S2                   
-----------------------------------------------------------------------------------------
4                    0                    10                                        
1 row selected.

$T0> # NULL 키 행이 인덱스 스캔에 보이는가
$T0> select /*+ index(t1, t1_idx1) */ i1, i2 from t1 where i2 is null order by 1;
I1          I2          
---------------------------
1                       
2                       
3                       
4                       
4 rows selected.

$T0> insert into t1 values (5, 5);
1 row inserted.

$T0> set linesize 200;

$T0> # 힌트가 실제로 글로벌 인덱스를 잡았는가 (이것이 없으면 아래는
$T0> # 풀스캔 minus 풀스캔이 되어 무조건 0행이다)
$T0> alter session set explain plan = on;
Alter success.
$T0> select /*+ index(t1, t1_idx1) */ count(*) from t1 where i2 is not null or i2 is null;
COUNT                
-----------------------
5                    
1 row selected.
------------------------------------------------------------
PROJECT ( COLUMN_COUNT: 1, TUPLE_SIZE: 8, COST: BLOCKED )
 GROUP-AGGREGATION ( ITEM_SIZE: BLOCKED, GROUP_COUNT: 1, BUCKET_COUNT: 1, ACCESS: 1, COST: BLOCKED )
  SCAN ( TABLE: SYS.T1, INDEX: SYS.T1_IDX1, GLOBAL-INDEX, RANGE SCAN, ACCESS: 5, DISK_PAGE_COUNT: BLOCKED, COST: BLOCKED )
------------------------------------------------------------
$T0> alter session set explain plan = off;
Alter success.

$T0> # 인덱스 경유에만 있는 행 (없어야 정상)
$T0> select * from
  (
    select /*+ index(t1, t1_idx1) */ i1, i2 from t1 where i2 is not null or i2 is null
    minus
    select /*+ FULL SCAN(t1) */ i1, i2 from t1 where i2 is not null or i2 is null
  )
  order by 1, 2;
I1          I2          
---------------------------
No rows selected.

$T0> # 풀스캔에만 있는 행 (없어야 정상)
$T0> select * from
  (
    select /*+ FULL SCAN(t1) */ i1, i2 from t1 where i2 is not null or i2 is null
    minus
    select /*+ index(t1, t1_idx1) */ i1, i2 from t1 where i2 is not null or i2 is null
  )
  order by 1, 2;
I1          I2          
---------------------------
No rows selected.

$T0> # 카운트 교차 확인 -- 중복·유령까지 잡는다
$T0> select /*+ index(t1, t1_idx1) */ count(*) c, count(i2) c_notnull, sum(i1) s1, sum(i2) s2
  from t1 where i2 is not null or i2 is null;
C                    C_NOTNULL            S1                   S2                   
-----------------------------------------------------------------------------------------
5                    1                    15                   5                    
1 row selected.

$T0> select /*+ FULL SCAN(t1) */ count(*) c, count(i2) c_notnull, sum(i1) s1, sum(i2) s2
  from t1;
C                    C_NOTNULL            S1                   S2                   
-----------------------------------------------------------------------------------------
5                    1                    15                   5                    
1 row selected.

$T0> # NULL 키 행이 인덱스 스캔에 보이는가
$T0> select /*+ index(t1, t1_idx1) */ i1, i2 from t1 where i2 is null order by 1;
I1          I2          
---------------------------
1                       
2                       
3                       
4                       
4 rows selected.

$T0> ##################################
$T0> # SECTOR; UPDATE
$T0> ##################################

$T0> update t1 set i2=1 where i1=1;
1 row updated.

$T0> set linesize 200;

$T0> # 힌트가 실제로 글로벌 인덱스를 잡았는가 (이것이 없으면 아래는
$T0> # 풀스캔 minus 풀스캔이 되어 무조건 0행이다)
$T0> alter session set explain plan = on;
Alter success.
$T0> select /*+ index(t1, t1_idx1) */ count(*) from t1 where i2 is not null or i2 is null;
COUNT                
-----------------------
5                    
1 row selected.
------------------------------------------------------------
PROJECT ( COLUMN_COUNT: 1, TUPLE_SIZE: 8, COST: BLOCKED )
 GROUP-AGGREGATION ( ITEM_SIZE: BLOCKED, GROUP_COUNT: 1, BUCKET_COUNT: 1, ACCESS: 1, COST: BLOCKED )
  SCAN ( TABLE: SYS.T1, INDEX: SYS.T1_IDX1, GLOBAL-INDEX, RANGE SCAN, ACCESS: 5, DISK_PAGE_COUNT: BLOCKED, COST: BLOCKED )
------------------------------------------------------------
$T0> alter session set explain plan = off;
Alter success.

$T0> # 인덱스 경유에만 있는 행 (없어야 정상)
$T0> select * from
  (
    select /*+ index(t1, t1_idx1) */ i1, i2 from t1 where i2 is not null or i2 is null
    minus
    select /*+ FULL SCAN(t1) */ i1, i2 from t1 where i2 is not null or i2 is null
  )
  order by 1, 2;
I1          I2          
---------------------------
No rows selected.

$T0> # 풀스캔에만 있는 행 (없어야 정상)
$T0> select * from
  (
    select /*+ FULL SCAN(t1) */ i1, i2 from t1 where i2 is not null or i2 is null
    minus
    select /*+ index(t1, t1_idx1) */ i1, i2 from t1 where i2 is not null or i2 is null
  )
  order by 1, 2;
I1          I2          
---------------------------
No rows selected.

$T0> # 카운트 교차 확인 -- 중복·유령까지 잡는다
$T0> select /*+ index(t1, t1_idx1) */ count(*) c, count(i2) c_notnull, sum(i1) s1, sum(i2) s2
  from t1 where i2 is not null or i2 is null;
C                    C_NOTNULL            S1                   S2                   
-----------------------------------------------------------------------------------------
5                    2                    15                   6                    
1 row selected.

$T0> select /*+ FULL SCAN(t1) */ count(*) c, count(i2) c_notnull, sum(i1) s1, sum(i2) s2
  from t1;
C                    C_NOTNULL            S1                   S2                   
-----------------------------------------------------------------------------------------
5                    2                    15                   6                    
1 row selected.

$T0> # NULL 키 행이 인덱스 스캔에 보이는가
$T0> select /*+ index(t1, t1_idx1) */ i1, i2 from t1 where i2 is null order by 1;
I1          I2          
---------------------------
2                       
3                       
4                       
3 rows selected.

$T0> update t1 set i2=null where i1=5;
1 row updated.

$T0> set linesize 200;

$T0> # 힌트가 실제로 글로벌 인덱스를 잡았는가 (이것이 없으면 아래는
$T0> # 풀스캔 minus 풀스캔이 되어 무조건 0행이다)
$T0> alter session set explain plan = on;
Alter success.
$T0> select /*+ index(t1, t1_idx1) */ count(*) from t1 where i2 is not null or i2 is null;
COUNT                
-----------------------
5                    
1 row selected.
------------------------------------------------------------
PROJECT ( COLUMN_COUNT: 1, TUPLE_SIZE: 8, COST: BLOCKED )
 GROUP-AGGREGATION ( ITEM_SIZE: BLOCKED, GROUP_COUNT: 1, BUCKET_COUNT: 1, ACCESS: 1, COST: BLOCKED )
  SCAN ( TABLE: SYS.T1, INDEX: SYS.T1_IDX1, GLOBAL-INDEX, RANGE SCAN, ACCESS: 5, DISK_PAGE_COUNT: BLOCKED, COST: BLOCKED )
------------------------------------------------------------
$T0> alter session set explain plan = off;
Alter success.

$T0> # 인덱스 경유에만 있는 행 (없어야 정상)
$T0> select * from
  (
    select /*+ index(t1, t1_idx1) */ i1, i2 from t1 where i2 is not null or i2 is null
    minus
    select /*+ FULL SCAN(t1) */ i1, i2 from t1 where i2 is not null or i2 is null
  )
  order by 1, 2;
I1          I2          
---------------------------
No rows selected.

$T0> # 풀스캔에만 있는 행 (없어야 정상)
$T0> select * from
  (
    select /*+ FULL SCAN(t1) */ i1, i2 from t1 where i2 is not null or i2 is null
    minus
    select /*+ index(t1, t1_idx1) */ i1, i2 from t1 where i2 is not null or i2 is null
  )
  order by 1, 2;
I1          I2          
---------------------------
No rows selected.

$T0> # 카운트 교차 확인 -- 중복·유령까지 잡는다
$T0> select /*+ index(t1, t1_idx1) */ count(*) c, count(i2) c_notnull, sum(i1) s1, sum(i2) s2
  from t1 where i2 is not null or i2 is null;
C                    C_NOTNULL            S1                   S2                   
-----------------------------------------------------------------------------------------
5                    1                    15                   1                    
1 row selected.

$T0> select /*+ FULL SCAN(t1) */ count(*) c, count(i2) c_notnull, sum(i1) s1, sum(i2) s2
  from t1;
C                    C_NOTNULL            S1                   S2                   
-----------------------------------------------------------------------------------------
5                    1                    15                   1                    
1 row selected.

$T0> # NULL 키 행이 인덱스 스캔에 보이는가
$T0> select /*+ index(t1, t1_idx1) */ i1, i2 from t1 where i2 is null order by 1;
I1          I2          
---------------------------
2                       
3                       
4                       
5                       
4 rows selected.

$T0> ##################################
$T0> # SECTOR; DELETE
$T0> ##################################

$T0> delete from t1 where i1=1;
1 row deleted.

$T0> set linesize 200;

$T0> # 힌트가 실제로 글로벌 인덱스를 잡았는가 (이것이 없으면 아래는
$T0> # 풀스캔 minus 풀스캔이 되어 무조건 0행이다)
$T0> alter session set explain plan = on;
Alter success.
$T0> select /*+ index(t1, t1_idx1) */ count(*) from t1 where i2 is not null or i2 is null;
COUNT                
-----------------------
4                    
1 row selected.
------------------------------------------------------------
PROJECT ( COLUMN_COUNT: 1, TUPLE_SIZE: 8, COST: BLOCKED )
 GROUP-AGGREGATION ( ITEM_SIZE: BLOCKED, GROUP_COUNT: 1, BUCKET_COUNT: 1, ACCESS: 1, COST: BLOCKED )
  SCAN ( TABLE: SYS.T1, INDEX: SYS.T1_IDX1, GLOBAL-INDEX, RANGE SCAN, ACCESS: 4, DISK_PAGE_COUNT: BLOCKED, COST: BLOCKED )
------------------------------------------------------------
$T0> alter session set explain plan = off;
Alter success.

$T0> # 인덱스 경유에만 있는 행 (없어야 정상)
$T0> select * from
  (
    select /*+ index(t1, t1_idx1) */ i1, i2 from t1 where i2 is not null or i2 is null
    minus
    select /*+ FULL SCAN(t1) */ i1, i2 from t1 where i2 is not null or i2 is null
  )
  order by 1, 2;
I1          I2          
---------------------------
No rows selected.

$T0> # 풀스캔에만 있는 행 (없어야 정상)
$T0> select * from
  (
    select /*+ FULL SCAN(t1) */ i1, i2 from t1 where i2 is not null or i2 is null
    minus
    select /*+ index(t1, t1_idx1) */ i1, i2 from t1 where i2 is not null or i2 is null
  )
  order by 1, 2;
I1          I2          
---------------------------
No rows selected.

$T0> # 카운트 교차 확인 -- 중복·유령까지 잡는다
$T0> select /*+ index(t1, t1_idx1) */ count(*) c, count(i2) c_notnull, sum(i1) s1, sum(i2) s2
  from t1 where i2 is not null or i2 is null;
C                    C_NOTNULL            S1                   S2                   
-----------------------------------------------------------------------------------------
4                    0                    14                                        
1 row selected.

$T0> select /*+ FULL SCAN(t1) */ count(*) c, count(i2) c_notnull, sum(i1) s1, sum(i2) s2
  from t1;
C                    C_NOTNULL            S1                   S2                   
-----------------------------------------------------------------------------------------
4                    0                    14                                        
1 row selected.

$T0> # NULL 키 행이 인덱스 스캔에 보이는가
$T0> select /*+ index(t1, t1_idx1) */ i1, i2 from t1 where i2 is null order by 1;
I1          I2          
---------------------------
2                       
3                       
4                       
5                       
4 rows selected.

$T0> delete from t1 where i1=2;
1 row deleted.

$T0> set linesize 200;

$T0> # 힌트가 실제로 글로벌 인덱스를 잡았는가 (이것이 없으면 아래는
$T0> # 풀스캔 minus 풀스캔이 되어 무조건 0행이다)
$T0> alter session set explain plan = on;
Alter success.
$T0> select /*+ index(t1, t1_idx1) */ count(*) from t1 where i2 is not null or i2 is null;
COUNT                
-----------------------
3                    
1 row selected.
------------------------------------------------------------
PROJECT ( COLUMN_COUNT: 1, TUPLE_SIZE: 8, COST: BLOCKED )
 GROUP-AGGREGATION ( ITEM_SIZE: BLOCKED, GROUP_COUNT: 1, BUCKET_COUNT: 1, ACCESS: 1, COST: BLOCKED )
  SCAN ( TABLE: SYS.T1, INDEX: SYS.T1_IDX1, GLOBAL-INDEX, RANGE SCAN, ACCESS: 3, DISK_PAGE_COUNT: BLOCKED, COST: BLOCKED )
------------------------------------------------------------
$T0> alter session set explain plan = off;
Alter success.

$T0> # 인덱스 경유에만 있는 행 (없어야 정상)
$T0> select * from
  (
    select /*+ index(t1, t1_idx1) */ i1, i2 from t1 where i2 is not null or i2 is null
    minus
    select /*+ FULL SCAN(t1) */ i1, i2 from t1 where i2 is not null or i2 is null
  )
  order by 1, 2;
I1          I2          
---------------------------
No rows selected.

$T0> # 풀스캔에만 있는 행 (없어야 정상)
$T0> select * from
  (
    select /*+ FULL SCAN(t1) */ i1, i2 from t1 where i2 is not null or i2 is null
    minus
    select /*+ index(t1, t1_idx1) */ i1, i2 from t1 where i2 is not null or i2 is null
  )
  order by 1, 2;
I1          I2          
---------------------------
No rows selected.

$T0> # 카운트 교차 확인 -- 중복·유령까지 잡는다
$T0> select /*+ index(t1, t1_idx1) */ count(*) c, count(i2) c_notnull, sum(i1) s1, sum(i2) s2
  from t1 where i2 is not null or i2 is null;
C                    C_NOTNULL            S1                   S2                   
-----------------------------------------------------------------------------------------
3                    0                    12                                        
1 row selected.

$T0> select /*+ FULL SCAN(t1) */ count(*) c, count(i2) c_notnull, sum(i1) s1, sum(i2) s2
  from t1;
C                    C_NOTNULL            S1                   S2                   
-----------------------------------------------------------------------------------------
3                    0                    12                                        
1 row selected.

$T0> # NULL 키 행이 인덱스 스캔에 보이는가
$T0> select /*+ index(t1, t1_idx1) */ i1, i2 from t1 where i2 is null order by 1;
I1          I2          
---------------------------
3                       
4                       
5                       
3 rows selected.

$T0> ##################################
$T0> # SECTOR; FINALIZATION
$T0> ##################################

$T0> SKIP BEGIN;
$T0> drop table t1;
$T0> alter session set explain plan = off;
$T0> alter session set trclog_detail_predicate = 0;
$T0> alter system set trclog_explain_graph = 0;
$T0> SKIP END;

$T0> alter system set DISK_GLOBAL_INDEX_ENABLE = 1;
Alter success.

