 
+----------------------------------------------------------------------+
--+SECTOR 0; BY ATC
+----------------------------------------------------------------------+
 
$P0> --+PROCESS P0;
--###################################################################
--# DELETE HINT
--###################################################################

--###################################################################
--+SECTOR 1; PREPARATION
--###################################################################

--+SKIP BEGIN; 
$P0> DROP TABLE T1;
--+SKIP END; 

$P0> CREATE TABLE T1
     (
         I1 INTEGER, 
         I2 INTEGER
     ) 
     PARTITION BY RANGE( I1 ) 
     ( 
         PARTITION P1 VALUES DEFAULT 
     ) TABLESPACE SYS_TBS_DISK_DATA;
Create success.

$P0> CREATE INDEX T1_IDX1 ON T1(I1 ASC);
Create success.

$P0> CREATE INDEX T1_IDX2 ON T1(I1 DESC) INDEXTYPE IS BTREE;
Create success.

$P0> INSERT INTO T1 VALUES(1, 1);
1 row inserted.
$P0> INSERT INTO T1 VALUES(2, 2);
1 row inserted.
$P0> INSERT INTO T1 VALUES(3, 3);
1 row inserted.
$P0> INSERT INTO T1 VALUES(4, 8);
1 row inserted.
$P0> INSERT INTO T1 VALUES(5, 6);
1 row inserted.
$P0> INSERT INTO T1 VALUES(6, 7);
1 row inserted.
$P0> INSERT INTO T1 VALUES(7, 4);
1 row inserted.
$P0> INSERT INTO T1 VALUES(8, 5);
1 row inserted.
$P0> INSERT INTO T1 VALUES(0, 5);
1 row inserted.
$P0> INSERT INTO T1 VALUES(10, 5);
1 row inserted.
$P0> INSERT INTO T1 VALUES(9, 5);
1 row inserted.
$P0> INSERT INTO T1 VALUES(11, 5);
1 row inserted.
$P0> INSERT INTO T1 VALUES(15, 5);
1 row inserted.
$P0> INSERT INTO T1 VALUES(12, 5);
1 row inserted.
$P0> INSERT INTO T1 VALUES(13, 5);
1 row inserted.
$P0> INSERT INTO T1 VALUES(14, 5);
1 row inserted.
$P0> INSERT INTO T1 VALUES(16, 5);
1 row inserted.

--#########################################
--+SECTOR 2; DO JOB
--#########################################

$P0> DELETE /*+ FULL SCAN(T1) */ FROM T1 WHERE I1 = 1;
1 row deleted.
$P0> DELETE /*+ INDEX(T1, T1_IDX2) */ FROM T1 WHERE I2 = 2;
1 row deleted.
$P0> DELETE /*+ NO INDEX(T1, T1_IDX2) */ FROM T1 WHERE I2 = 3;
1 row deleted.
$P0> DELETE /*+ RULE */ FROM T1 WHERE I2 = 4;
1 row deleted.
$P0> DELETE /*+ COST */ FROM T1 WHERE I2 = 5;
10 rows deleted.
$P0> DELETE FROM T1 /*+ COST */ WHERE I2 = 5;
[ERR-31001 : SQL syntax error 

line 1: parse error
DELETE FROM T1 /*+ COST */ WHERE I2 = 5
               ^         ^

]

--###################################################################
--+SECTOR 3; FINALIZATION
--###################################################################

--+SKIP BEGIN; 
$P0> DROP TABLE T1;
--+SKIP END; 


