 
+----------------------------------------------------------------------+
SECTOR 0; BY ATC
+----------------------------------------------------------------------+
 
$T0> THREAD T0 C0;
$T0> ###########################################################################
$T0> # Native Global Index - environment helpers
$T0> #
$T0> # 네이티브 글로벌 인덱스는 프로퍼티로 게이트된다.
$T0> # 이름은 MEM_GLOBAL_INDEX_ENABLE 로 확정됐다(idpDescResource.cpp).
$T0> #
$T0> # ★ 이 프로퍼티는 비영속이다. ALTER SYSTEM 으로 바꾼 값은 재기동하면
$T0> #   파일 값(기본 0)으로 돌아간다. 그래서 각 케이스가 자기 PREPARE 에서
$T0> #   켜야 하고, FINALIZE 에서 꺼서 다음 케이스에 새지 않게 해야 한다.
$T0> ###########################################################################

$T0> #
$T0> # 네이티브 글로벌 인덱스 생성을 허용한다.
$T0> #
$T0> #
$T0> # 네이티브 글로벌 인덱스 생성을 막는다(기존 동작).
$T0> # off 상태에서 메모리 파티션드 테이블의 non-partitioned index는
$T0> # 기존과 동일하게 거부되어야 한다.
$T0> #
$T0> ###########################################################################
$T0> # Native Global Index - memory partitioned table helpers
$T0> #
$T0> # 구버전(PROJ-1624) 테스트는 파티션드 테이블을 전부 디스크
$T0> # (tablespace sys_tbs_disk_data)에 만들었다. 당시 서버가 메모리 파티션드
$T0> # 테이블의 글로벌 인덱스를 전면 금지했기 때문이다.
$T0> #
$T0> # 이 스위트가 검증하는 것은 그 반대다. 여기서 만드는 테이블은 전부
$T0> # 메모리 테이블스페이스에 있다.
$T0> ###########################################################################

$T0> #
$T0> # 단일 메모리 테이블스페이스에 파티션 3개를 만든다.
$T0> #
$T0> # @aPartType : range | hash | list
$T0> # @aKeyType  : 파티션 키 컬럼 타입
$T0> # @aColType  : 나머지 컬럼 타입
$T0> #
$T0> # 컬럼 구성: i1(파티션 키), i2, i3, i4
$T0> #
$T0> #
$T0> # range 파티션 기준으로 세 파티션에 고르게 데이터를 넣는다.
$T0> # i1: 파티션 키, i2/i3/i4: 값
$T0> #
$T0> #
$T0> # hash/list 파티션 테이블에 데이터를 넣는다.
$T0> #
$T0> #
$T0> # 인덱스 경유 결과와 풀스캔 결과가 완전히 같은지 양방향으로 확인한다.
$T0> # 두 select 모두 0행이어야 정상이다.
$T0> #
$T0> # @aTable  : 테이블 이름
$T0> # @aIndex  : 글로벌 인덱스 이름
$T0> # @aCols   : 비교할 컬럼 목록 (예: "i1, i2")
$T0> # @aPred   : where 절 술어 (예: "i2 >= 0 or i2 is null")
$T0> #
$T0> # 바깥 ORDER BY 는 이름이 아니라 **위치**로 준다. @aCols 에 substr(...) 같은
$T0> # 표현식이 들어갈 수 있는데, 파생 테이블의 컬럼은 표현식 이름으로 참조할 수
$T0> # 없다(ERR-31058). 두 select 모두 0행이 정상이므로 정렬은 실패했을 때의
$T0> # 출력을 위한 것뿐이다.
$T0> #
$T0> # 주의: 인덱스 컬럼에 null 이 있으면 인덱스 스캔이 null 행을 건너뛸 수
$T0> #       있다. @aPred 를 null 행까지 포함하도록 주거나, null 케이스는
$T0> #       CHECK_INDEX_SCAN_NOTNULL 로 나눠서 확인한다.
$T0> #
$T0> #
$T0> # 카운트와 집계를 교차 확인한다.
$T0> # 인덱스가 어떤 파티션의 키를 빠뜨리거나 유령 키를 갖고 있으면 어긋난다.
$T0> #
$T0> #
$T0> # 파티션별 행 수의 합이 전체와 같은지 확인한다.
$T0> # 파티션 3개 + default 구성(p1,p2,p3)을 전제한다.
$T0> #
$T0> #
$T0> # 위 검사를 한 번에 수행한다. 시나리오 끝마다 호출한다.
$T0> #
$T0> ###########################################################################
$T0> # TestCase Description = 파티션드 테이블에 대한 INSERT 가 부모의 글로벌
$T0> #                        인덱스에도 반영되는지 확인한다. range/hash/list
$T0> #                        전 파티션 방식.
$T0> # Project ID           = Native Global Index (memory)
$T0> ###########################################################################

$T0> ##################################
$T0> # SECTOR; PREPARATION
$T0> ##################################

$T0> SKIP BEGIN;
$T0> drop table t1;
$T0> SKIP END;
$T0> alter system set MEM_GLOBAL_INDEX_ENABLE = 0;
Alter success.
$T0> alter system set MEM_GLOBAL_INDEX_ENABLE = 1;
Alter success.

$T0> ##################################
$T0> # SECTOR; RANGE PARTITION
$T0> ##################################



$T0> create table t1( i1 integer, i2 integer, i3 integer, i4 integer )
partition by range(i1)
(
  partition p1 values less than (100),
  partition p2 values less than (200),
  partition p3 values default
)
tablespace sys_tbs_mem_data;
Create success.



$T0> create index gidx1 on t1(i2);
Create success.
$T0> create index gidx2 on t1(i3, i2);
Create success.
$T0> create index lidx1 on t1(i4) local;
Create success.

$T0> # 파티션 하나씩 채우면서 매번 확인한다
$T0> insert into t1 select level, level, level * 2, level * 3 from dual connect by level <= 30;
30 rows inserted.
$T0> commit;
Commit success.
$T0> # 인덱스 경유 결과에만 있는 행 (없어야 정상)
$T0> select * from
  (
    select /*+ index(t1, gidx1) */ i1, i2 from t1 where i2 is not null
    minus
    select /*+ FULL SCAN(t1) */ i1, i2 from t1 where i2 is not null
  )
  order by 1;
I1          I2          
---------------------------
No rows selected.

$T0> # 풀스캔 결과에만 있는 행 (없어야 정상)
$T0> select * from
  (
    select /*+ FULL SCAN(t1) */ i1, i2 from t1 where i2 is not null
    minus
    select /*+ index(t1, gidx1) */ i1, i2 from t1 where i2 is not null
  )
  order by 1;
I1          I2          
---------------------------
No rows selected.
$T0> select /*+ FULL SCAN(t1) */ count(*) full_cnt,
         count(i2) full_key_cnt,
         nvl(sum(i2), -1) full_sum,
         nvl(min(i2), -1) full_min,
         nvl(max(i2), -1) full_max
  from t1;
FULL_CNT             FULL_KEY_CNT         FULL_SUM             FULL_MIN    
--------------------------------------------------------------------------------
FULL_MAX    
--------------
30                   30                   465                  1           
30          
1 row selected.

$T0> select /*+ index(t1, gidx1) */ count(i2) idx_key_cnt,
         nvl(sum(i2), -1) idx_sum,
         nvl(min(i2), -1) idx_min,
         nvl(max(i2), -1) idx_max
  from t1
  where i2 is not null;
IDX_KEY_CNT          IDX_SUM              IDX_MIN     IDX_MAX     
-----------------------------------------------------------------------
30                   465                  1           30          
1 row selected.
$T0> select count(*) total_cnt from t1;
TOTAL_CNT            
-----------------------
30                   
1 row selected.

$T0> select 'P1' part_name, count(*) part_cnt from t1 partition (p1)
  union all
  select 'P2', count(*) from t1 partition (p2)
  union all
  select 'P3', count(*) from t1 partition (p3)
  order by 1;
PART_NAME  PART_CNT             
-----------------------------------
P1  30                   
P2  0                    
P3  0                    
3 rows selected.

$T0> insert into t1 select level + 100, level + 100, level * 2, level * 3 from dual connect by level <= 30;
30 rows inserted.
$T0> commit;
Commit success.
$T0> # 인덱스 경유 결과에만 있는 행 (없어야 정상)
$T0> select * from
  (
    select /*+ index(t1, gidx1) */ i1, i2 from t1 where i2 is not null
    minus
    select /*+ FULL SCAN(t1) */ i1, i2 from t1 where i2 is not null
  )
  order by 1;
I1          I2          
---------------------------
No rows selected.

$T0> # 풀스캔 결과에만 있는 행 (없어야 정상)
$T0> select * from
  (
    select /*+ FULL SCAN(t1) */ i1, i2 from t1 where i2 is not null
    minus
    select /*+ index(t1, gidx1) */ i1, i2 from t1 where i2 is not null
  )
  order by 1;
I1          I2          
---------------------------
No rows selected.
$T0> select /*+ FULL SCAN(t1) */ count(*) full_cnt,
         count(i2) full_key_cnt,
         nvl(sum(i2), -1) full_sum,
         nvl(min(i2), -1) full_min,
         nvl(max(i2), -1) full_max
  from t1;
FULL_CNT             FULL_KEY_CNT         FULL_SUM             FULL_MIN    
--------------------------------------------------------------------------------
FULL_MAX    
--------------
60                   60                   3930                 1           
130         
1 row selected.

$T0> select /*+ index(t1, gidx1) */ count(i2) idx_key_cnt,
         nvl(sum(i2), -1) idx_sum,
         nvl(min(i2), -1) idx_min,
         nvl(max(i2), -1) idx_max
  from t1
  where i2 is not null;
IDX_KEY_CNT          IDX_SUM              IDX_MIN     IDX_MAX     
-----------------------------------------------------------------------
60                   3930                 1           130         
1 row selected.
$T0> select count(*) total_cnt from t1;
TOTAL_CNT            
-----------------------
60                   
1 row selected.

$T0> select 'P1' part_name, count(*) part_cnt from t1 partition (p1)
  union all
  select 'P2', count(*) from t1 partition (p2)
  union all
  select 'P3', count(*) from t1 partition (p3)
  order by 1;
PART_NAME  PART_CNT             
-----------------------------------
P1  30                   
P2  30                   
P3  0                    
3 rows selected.

$T0> insert into t1 select level + 200, level + 200, level * 2, level * 3 from dual connect by level <= 30;
30 rows inserted.
$T0> commit;
Commit success.
$T0> # 인덱스 경유 결과에만 있는 행 (없어야 정상)
$T0> select * from
  (
    select /*+ index(t1, gidx1) */ i1, i2 from t1 where i2 is not null
    minus
    select /*+ FULL SCAN(t1) */ i1, i2 from t1 where i2 is not null
  )
  order by 1;
I1          I2          
---------------------------
No rows selected.

$T0> # 풀스캔 결과에만 있는 행 (없어야 정상)
$T0> select * from
  (
    select /*+ FULL SCAN(t1) */ i1, i2 from t1 where i2 is not null
    minus
    select /*+ index(t1, gidx1) */ i1, i2 from t1 where i2 is not null
  )
  order by 1;
I1          I2          
---------------------------
No rows selected.
$T0> select /*+ FULL SCAN(t1) */ count(*) full_cnt,
         count(i2) full_key_cnt,
         nvl(sum(i2), -1) full_sum,
         nvl(min(i2), -1) full_min,
         nvl(max(i2), -1) full_max
  from t1;
FULL_CNT             FULL_KEY_CNT         FULL_SUM             FULL_MIN    
--------------------------------------------------------------------------------
FULL_MAX    
--------------
90                   90                   10395                1           
230         
1 row selected.

$T0> select /*+ index(t1, gidx1) */ count(i2) idx_key_cnt,
         nvl(sum(i2), -1) idx_sum,
         nvl(min(i2), -1) idx_min,
         nvl(max(i2), -1) idx_max
  from t1
  where i2 is not null;
IDX_KEY_CNT          IDX_SUM              IDX_MIN     IDX_MAX     
-----------------------------------------------------------------------
90                   10395                1           230         
1 row selected.
$T0> select count(*) total_cnt from t1;
TOTAL_CNT            
-----------------------
90                   
1 row selected.

$T0> select 'P1' part_name, count(*) part_cnt from t1 partition (p1)
  union all
  select 'P2', count(*) from t1 partition (p2)
  union all
  select 'P3', count(*) from t1 partition (p3)
  order by 1;
PART_NAME  PART_CNT             
-----------------------------------
P1  30                   
P2  30                   
P3  30                   
3 rows selected.
$T0> # 인덱스 경유 결과에만 있는 행 (없어야 정상)
$T0> select * from
  (
    select /*+ index(t1, gidx2) */ i1, i3 from t1 where i3 is not null
    minus
    select /*+ FULL SCAN(t1) */ i1, i3 from t1 where i3 is not null
  )
  order by 1;
I1          I3          
---------------------------
No rows selected.

$T0> # 풀스캔 결과에만 있는 행 (없어야 정상)
$T0> select * from
  (
    select /*+ FULL SCAN(t1) */ i1, i3 from t1 where i3 is not null
    minus
    select /*+ index(t1, gidx2) */ i1, i3 from t1 where i3 is not null
  )
  order by 1;
I1          I3          
---------------------------
No rows selected.
$T0> select /*+ FULL SCAN(t1) */ count(*) full_cnt,
         count(i3) full_key_cnt,
         nvl(sum(i3), -1) full_sum,
         nvl(min(i3), -1) full_min,
         nvl(max(i3), -1) full_max
  from t1;
FULL_CNT             FULL_KEY_CNT         FULL_SUM             FULL_MIN    
--------------------------------------------------------------------------------
FULL_MAX    
--------------
90                   90                   2790                 2           
60          
1 row selected.

$T0> select /*+ index(t1, gidx2) */ count(i3) idx_key_cnt,
         nvl(sum(i3), -1) idx_sum,
         nvl(min(i3), -1) idx_min,
         nvl(max(i3), -1) idx_max
  from t1
  where i3 is not null;
IDX_KEY_CNT          IDX_SUM              IDX_MIN     IDX_MAX     
-----------------------------------------------------------------------
90                   2790                 2           60          
1 row selected.
$T0> select count(*) total_cnt from t1;
TOTAL_CNT            
-----------------------
90                   
1 row selected.

$T0> select 'P1' part_name, count(*) part_cnt from t1 partition (p1)
  union all
  select 'P2', count(*) from t1 partition (p2)
  union all
  select 'P3', count(*) from t1 partition (p3)
  order by 1;
PART_NAME  PART_CNT             
-----------------------------------
P1  30                   
P2  30                   
P3  30                   
3 rows selected.

$T0> ##################################
$T0> # SECTOR; HASH PARTITION
$T0> ##################################



$T0> create table t1( i1 integer, i2 integer, i3 integer, i4 integer )
partition by hash(i1)
(
  partition p1,
  partition p2,
  partition p3
)
tablespace sys_tbs_mem_data;
Create success.



$T0> create index gidx1 on t1(i2);
Create success.

$T0> insert into t1 select level, level, level * 2, level * 3 from dual connect by level <= 90;
90 rows inserted.
$T0> commit;
Commit success.

$T0> # 인덱스 경유 결과에만 있는 행 (없어야 정상)
$T0> select * from
  (
    select /*+ index(t1, gidx1) */ i1, i2 from t1 where i2 is not null
    minus
    select /*+ FULL SCAN(t1) */ i1, i2 from t1 where i2 is not null
  )
  order by 1;
I1          I2          
---------------------------
No rows selected.

$T0> # 풀스캔 결과에만 있는 행 (없어야 정상)
$T0> select * from
  (
    select /*+ FULL SCAN(t1) */ i1, i2 from t1 where i2 is not null
    minus
    select /*+ index(t1, gidx1) */ i1, i2 from t1 where i2 is not null
  )
  order by 1;
I1          I2          
---------------------------
No rows selected.
$T0> select /*+ FULL SCAN(t1) */ count(*) full_cnt,
         count(i2) full_key_cnt,
         nvl(sum(i2), -1) full_sum,
         nvl(min(i2), -1) full_min,
         nvl(max(i2), -1) full_max
  from t1;
FULL_CNT             FULL_KEY_CNT         FULL_SUM             FULL_MIN    
--------------------------------------------------------------------------------
FULL_MAX    
--------------
90                   90                   4095                 1           
90          
1 row selected.

$T0> select /*+ index(t1, gidx1) */ count(i2) idx_key_cnt,
         nvl(sum(i2), -1) idx_sum,
         nvl(min(i2), -1) idx_min,
         nvl(max(i2), -1) idx_max
  from t1
  where i2 is not null;
IDX_KEY_CNT          IDX_SUM              IDX_MIN     IDX_MAX     
-----------------------------------------------------------------------
90                   4095                 1           90          
1 row selected.
$T0> select count(*) total_cnt from t1;
TOTAL_CNT            
-----------------------
90                   
1 row selected.

$T0> select 'P1' part_name, count(*) part_cnt from t1 partition (p1)
  union all
  select 'P2', count(*) from t1 partition (p2)
  union all
  select 'P3', count(*) from t1 partition (p3)
  order by 1;
PART_NAME  PART_CNT             
-----------------------------------
P1  32                   
P2  30                   
P3  28                   
3 rows selected.

$T0> ##################################
$T0> # SECTOR; LIST PARTITION
$T0> ##################################



$T0> create table t1( i1 integer, i2 integer, i3 integer, i4 integer )
partition by list(i1)
(
  partition p1 values (100),
  partition p2 values (200),
  partition p3 values default
)
tablespace sys_tbs_mem_data;
Create success.



$T0> create index gidx1 on t1(i2);
Create success.

$T0> insert into t1 values (100, 1, 2, 3);
1 row inserted.
$T0> insert into t1 values (100, 4, 5, 6);
1 row inserted.
$T0> insert into t1 values (200, 7, 8, 9);
1 row inserted.
$T0> insert into t1 values (200, 10, 11, 12);
1 row inserted.
$T0> insert into t1 values (300, 13, 14, 15);
1 row inserted.
$T0> insert into t1 values (400, 16, 17, 18);
1 row inserted.
$T0> commit;
Commit success.

$T0> # 인덱스 경유 결과에만 있는 행 (없어야 정상)
$T0> select * from
  (
    select /*+ index(t1, gidx1) */ i1, i2 from t1 where i2 is not null
    minus
    select /*+ FULL SCAN(t1) */ i1, i2 from t1 where i2 is not null
  )
  order by 1;
I1          I2          
---------------------------
No rows selected.

$T0> # 풀스캔 결과에만 있는 행 (없어야 정상)
$T0> select * from
  (
    select /*+ FULL SCAN(t1) */ i1, i2 from t1 where i2 is not null
    minus
    select /*+ index(t1, gidx1) */ i1, i2 from t1 where i2 is not null
  )
  order by 1;
I1          I2          
---------------------------
No rows selected.
$T0> select /*+ FULL SCAN(t1) */ count(*) full_cnt,
         count(i2) full_key_cnt,
         nvl(sum(i2), -1) full_sum,
         nvl(min(i2), -1) full_min,
         nvl(max(i2), -1) full_max
  from t1;
FULL_CNT             FULL_KEY_CNT         FULL_SUM             FULL_MIN    
--------------------------------------------------------------------------------
FULL_MAX    
--------------
6                    6                    51                   1           
16          
1 row selected.

$T0> select /*+ index(t1, gidx1) */ count(i2) idx_key_cnt,
         nvl(sum(i2), -1) idx_sum,
         nvl(min(i2), -1) idx_min,
         nvl(max(i2), -1) idx_max
  from t1
  where i2 is not null;
IDX_KEY_CNT          IDX_SUM              IDX_MIN     IDX_MAX     
-----------------------------------------------------------------------
6                    51                   1           16          
1 row selected.
$T0> select count(*) total_cnt from t1;
TOTAL_CNT            
-----------------------
6                    
1 row selected.

$T0> select 'P1' part_name, count(*) part_cnt from t1 partition (p1)
  union all
  select 'P2', count(*) from t1 partition (p2)
  union all
  select 'P3', count(*) from t1 partition (p3)
  order by 1;
PART_NAME  PART_CNT             
-----------------------------------
P1  2                    
P2  2                    
P3  2                    
3 rows selected.

$T0> ##################################
$T0> # SECTOR; INSERT INTO SPECIFIC PARTITION
$T0> ##################################
$T0> # 파티션을 지정해서 넣어도 글로벌 인덱스에 반영되어야 한다.



$T0> create table t1( i1 integer, i2 integer, i3 integer, i4 integer )
partition by range(i1)
(
  partition p1 values less than (100),
  partition p2 values less than (200),
  partition p3 values default
)
tablespace sys_tbs_mem_data;
Create success.



$T0> create index gidx1 on t1(i2);
Create success.

$T0> insert into t1 partition (p1) values (10, 10, 1, 1);
1 row inserted.
$T0> insert into t1 partition (p2) values (110, 110, 2, 2);
1 row inserted.
$T0> insert into t1 partition (p3) values (210, 210, 3, 3);
1 row inserted.
$T0> commit;
Commit success.

$T0> # 인덱스 경유 결과에만 있는 행 (없어야 정상)
$T0> select * from
  (
    select /*+ index(t1, gidx1) */ i1, i2 from t1 where i2 is not null
    minus
    select /*+ FULL SCAN(t1) */ i1, i2 from t1 where i2 is not null
  )
  order by 1;
I1          I2          
---------------------------
No rows selected.

$T0> # 풀스캔 결과에만 있는 행 (없어야 정상)
$T0> select * from
  (
    select /*+ FULL SCAN(t1) */ i1, i2 from t1 where i2 is not null
    minus
    select /*+ index(t1, gidx1) */ i1, i2 from t1 where i2 is not null
  )
  order by 1;
I1          I2          
---------------------------
No rows selected.
$T0> select /*+ FULL SCAN(t1) */ count(*) full_cnt,
         count(i2) full_key_cnt,
         nvl(sum(i2), -1) full_sum,
         nvl(min(i2), -1) full_min,
         nvl(max(i2), -1) full_max
  from t1;
FULL_CNT             FULL_KEY_CNT         FULL_SUM             FULL_MIN    
--------------------------------------------------------------------------------
FULL_MAX    
--------------
3                    3                    330                  10          
210         
1 row selected.

$T0> select /*+ index(t1, gidx1) */ count(i2) idx_key_cnt,
         nvl(sum(i2), -1) idx_sum,
         nvl(min(i2), -1) idx_min,
         nvl(max(i2), -1) idx_max
  from t1
  where i2 is not null;
IDX_KEY_CNT          IDX_SUM              IDX_MIN     IDX_MAX     
-----------------------------------------------------------------------
3                    330                  10          210         
1 row selected.
$T0> select count(*) total_cnt from t1;
TOTAL_CNT            
-----------------------
3                    
1 row selected.

$T0> select 'P1' part_name, count(*) part_cnt from t1 partition (p1)
  union all
  select 'P2', count(*) from t1 partition (p2)
  union all
  select 'P3', count(*) from t1 partition (p3)
  order by 1;
PART_NAME  PART_CNT             
-----------------------------------
P1  1                    
P2  1                    
P3  1                    
3 rows selected.

$T0> ##################################
$T0> # SECTOR; INSERT SELECT
$T0> ##################################



$T0> create table t1( i1 integer, i2 integer, i3 integer, i4 integer )
partition by range(i1)
(
  partition p1 values less than (100),
  partition p2 values less than (200),
  partition p3 values default
)
tablespace sys_tbs_mem_data;
Create success.



$T0> create index gidx1 on t1(i2);
Create success.

$T0> insert into t1 select level,        level,        level * 2, level * 3 from dual connect by level <= 30;
30 rows inserted.
$T0> insert into t1 select level + 100,  level + 100,  level * 2, level * 3 from dual connect by level <= 30;
30 rows inserted.
$T0> insert into t1 select level + 200,  level + 200,  level * 2, level * 3 from dual connect by level <= 30;
30 rows inserted.
$T0> commit;
Commit success.

$T0> insert into t1 select i1 + 1000, i2 + 1000, i3, i4 from t1 where i1 < 20;
19 rows inserted.
$T0> commit;
Commit success.

$T0> # 인덱스 경유 결과에만 있는 행 (없어야 정상)
$T0> select * from
  (
    select /*+ index(t1, gidx1) */ i1, i2 from t1 where i2 is not null
    minus
    select /*+ FULL SCAN(t1) */ i1, i2 from t1 where i2 is not null
  )
  order by 1;
I1          I2          
---------------------------
No rows selected.

$T0> # 풀스캔 결과에만 있는 행 (없어야 정상)
$T0> select * from
  (
    select /*+ FULL SCAN(t1) */ i1, i2 from t1 where i2 is not null
    minus
    select /*+ index(t1, gidx1) */ i1, i2 from t1 where i2 is not null
  )
  order by 1;
I1          I2          
---------------------------
No rows selected.
$T0> select /*+ FULL SCAN(t1) */ count(*) full_cnt,
         count(i2) full_key_cnt,
         nvl(sum(i2), -1) full_sum,
         nvl(min(i2), -1) full_min,
         nvl(max(i2), -1) full_max
  from t1;
FULL_CNT             FULL_KEY_CNT         FULL_SUM             FULL_MIN    
--------------------------------------------------------------------------------
FULL_MAX    
--------------
109                  109                  29585                1           
1019        
1 row selected.

$T0> select /*+ index(t1, gidx1) */ count(i2) idx_key_cnt,
         nvl(sum(i2), -1) idx_sum,
         nvl(min(i2), -1) idx_min,
         nvl(max(i2), -1) idx_max
  from t1
  where i2 is not null;
IDX_KEY_CNT          IDX_SUM              IDX_MIN     IDX_MAX     
-----------------------------------------------------------------------
109                  29585                1           1019        
1 row selected.
$T0> select count(*) total_cnt from t1;
TOTAL_CNT            
-----------------------
109                  
1 row selected.

$T0> select 'P1' part_name, count(*) part_cnt from t1 partition (p1)
  union all
  select 'P2', count(*) from t1 partition (p2)
  union all
  select 'P3', count(*) from t1 partition (p3)
  order by 1;
PART_NAME  PART_CNT             
-----------------------------------
P1  30                   
P2  30                   
P3  49                   
3 rows selected.

$T0> ##################################
$T0> # SECTOR; MANY ROWS
$T0> ##################################
$T0> # 트리가 여러 노드로 커지고 split 이 일어나는 규모.



$T0> create table t1( i1 integer, i2 integer, i3 integer, i4 integer )
partition by range(i1)
(
  partition p1 values less than (100),
  partition p2 values less than (200),
  partition p3 values default
)
tablespace sys_tbs_mem_data;
Create success.



$T0> create index gidx1 on t1(i2);
Create success.

$T0> insert into t1 select level,       level,        level, level from dual connect by level <= 99;
99 rows inserted.
$T0> insert into t1 select level + 100, level + 1000, level, level from dual connect by level <= 99;
99 rows inserted.
$T0> insert into t1 select level + 200, level + 2000, level, level from dual connect by level <= 99;
99 rows inserted.
$T0> commit;
Commit success.

$T0> # 인덱스 경유 결과에만 있는 행 (없어야 정상)
$T0> select * from
  (
    select /*+ index(t1, gidx1) */ i1, i2 from t1 where i2 is not null
    minus
    select /*+ FULL SCAN(t1) */ i1, i2 from t1 where i2 is not null
  )
  order by 1;
I1          I2          
---------------------------
No rows selected.

$T0> # 풀스캔 결과에만 있는 행 (없어야 정상)
$T0> select * from
  (
    select /*+ FULL SCAN(t1) */ i1, i2 from t1 where i2 is not null
    minus
    select /*+ index(t1, gidx1) */ i1, i2 from t1 where i2 is not null
  )
  order by 1;
I1          I2          
---------------------------
No rows selected.
$T0> select /*+ FULL SCAN(t1) */ count(*) full_cnt,
         count(i2) full_key_cnt,
         nvl(sum(i2), -1) full_sum,
         nvl(min(i2), -1) full_min,
         nvl(max(i2), -1) full_max
  from t1;
FULL_CNT             FULL_KEY_CNT         FULL_SUM             FULL_MIN    
--------------------------------------------------------------------------------
FULL_MAX    
--------------
297                  297                  311850               1           
2099        
1 row selected.

$T0> select /*+ index(t1, gidx1) */ count(i2) idx_key_cnt,
         nvl(sum(i2), -1) idx_sum,
         nvl(min(i2), -1) idx_min,
         nvl(max(i2), -1) idx_max
  from t1
  where i2 is not null;
IDX_KEY_CNT          IDX_SUM              IDX_MIN     IDX_MAX     
-----------------------------------------------------------------------
297                  311850               1           2099        
1 row selected.
$T0> select count(*) total_cnt from t1;
TOTAL_CNT            
-----------------------
297                  
1 row selected.

$T0> select 'P1' part_name, count(*) part_cnt from t1 partition (p1)
  union all
  select 'P2', count(*) from t1 partition (p2)
  union all
  select 'P3', count(*) from t1 partition (p3)
  order by 1;
PART_NAME  PART_CNT             
-----------------------------------
P1  99                   
P2  99                   
P3  99                   
3 rows selected.

$T0> ##################################
$T0> # SECTOR; INSERT AND ROLLBACK
$T0> ##################################
$T0> # 롤백된 삽입의 키는 남으면 안 된다.



$T0> create table t1( i1 integer, i2 integer, i3 integer, i4 integer )
partition by range(i1)
(
  partition p1 values less than (100),
  partition p2 values less than (200),
  partition p3 values default
)
tablespace sys_tbs_mem_data;
Create success.



$T0> create index gidx1 on t1(i2);
Create success.

$T0> insert into t1 select level,        level,        level * 2, level * 3 from dual connect by level <= 30;
30 rows inserted.
$T0> insert into t1 select level + 100,  level + 100,  level * 2, level * 3 from dual connect by level <= 30;
30 rows inserted.
$T0> insert into t1 select level + 200,  level + 200,  level * 2, level * 3 from dual connect by level <= 30;
30 rows inserted.
$T0> commit;
Commit success.

$T0> insert into t1 select level + 500, level + 5000, level, level from dual connect by level <= 20;
20 rows inserted.
$T0> rollback;
Rollback success.

$T0> # 인덱스 경유 결과에만 있는 행 (없어야 정상)
$T0> select * from
  (
    select /*+ index(t1, gidx1) */ i1, i2 from t1 where i2 is not null
    minus
    select /*+ FULL SCAN(t1) */ i1, i2 from t1 where i2 is not null
  )
  order by 1;
I1          I2          
---------------------------
No rows selected.

$T0> # 풀스캔 결과에만 있는 행 (없어야 정상)
$T0> select * from
  (
    select /*+ FULL SCAN(t1) */ i1, i2 from t1 where i2 is not null
    minus
    select /*+ index(t1, gidx1) */ i1, i2 from t1 where i2 is not null
  )
  order by 1;
I1          I2          
---------------------------
No rows selected.
$T0> select /*+ FULL SCAN(t1) */ count(*) full_cnt,
         count(i2) full_key_cnt,
         nvl(sum(i2), -1) full_sum,
         nvl(min(i2), -1) full_min,
         nvl(max(i2), -1) full_max
  from t1;
FULL_CNT             FULL_KEY_CNT         FULL_SUM             FULL_MIN    
--------------------------------------------------------------------------------
FULL_MAX    
--------------
110                  110                  110605               1           
5020        
1 row selected.

$T0> select /*+ index(t1, gidx1) */ count(i2) idx_key_cnt,
         nvl(sum(i2), -1) idx_sum,
         nvl(min(i2), -1) idx_min,
         nvl(max(i2), -1) idx_max
  from t1
  where i2 is not null;
IDX_KEY_CNT          IDX_SUM              IDX_MIN     IDX_MAX     
-----------------------------------------------------------------------
110                  110605               1           5020        
1 row selected.
$T0> select count(*) total_cnt from t1;
TOTAL_CNT            
-----------------------
110                  
1 row selected.

$T0> select 'P1' part_name, count(*) part_cnt from t1 partition (p1)
  union all
  select 'P2', count(*) from t1 partition (p2)
  union all
  select 'P3', count(*) from t1 partition (p3)
  order by 1;
PART_NAME  PART_CNT             
-----------------------------------
P1  30                   
P2  30                   
P3  50                   
3 rows selected.

$T0> select count(*) from t1 where i2 >= 5000;
COUNT                
-----------------------
20                   
1 row selected.

$T0> ##################################
$T0> # SECTOR; FINALIZATION
$T0> ##################################

$T0> SKIP BEGIN;
$T0> drop table t1;
$T0> SKIP END;
$T0> alter system set MEM_GLOBAL_INDEX_ENABLE = 0;
Alter success.

