 
+----------------------------------------------------------------------+
--+SECTOR 0; BY ATC
+----------------------------------------------------------------------+
 
$P0> --+PROCESS P0;
--###################################################################
--# ALTER TABLE ... ENABLE/DISABLE ROWMOVEMENT(PartKey: DATE)
--###################################################################

--###################################################################
--+SECTOR 1; PREPARATION
--###################################################################

--+SKIP BEGIN; 
$P0> DROP TABLE T1;
$P0> DROP TABLE T2;
$P0> DROP TABLE T3;
--+SKIP END; 

--+APPEND_LST Schema_Hash_Date.sql;
>>> [Schema_Hash_Date.sql] BEGIN <<<
DROP TABLE T1;
DROP TABLE T2;

CREATE TABLE T1( I1 DATE, I2 DATE, I3 INTEGER )
PARTITION BY HASH (I1)
(
    PARTITION P1 TABLESPACE PDT_TBS2,
    PARTITION P2 TABLESPACE PDT_TBS3,
    PARTITION P3,
    PARTITION P4
) TABLESPACE PDT_TBS;

INSERT INTO T1 VALUES (NULL, TO_DATE('2007-05-01', 'YYYY-MM-DD'), 100);
INSERT INTO T1 VALUES (TO_DATE('2007-05-01', 'YYYY-MM-DD'), TO_DATE('2007-05-01', 'YYYY-MM-DD'), 100);
INSERT INTO T1 VALUES (TO_DATE('2007-05-15', 'YYYY-MM-DD'), TO_DATE('2007-05-01', 'YYYY-MM-DD'), 100);
INSERT INTO T1 VALUES (TO_DATE('2007-05-30', 'YYYY-MM-DD'), TO_DATE('2007-05-01', 'YYYY-MM-DD'), 100);
INSERT INTO T1 VALUES (TO_DATE('2007-06-01', 'YYYY-MM-DD'), TO_DATE('2007-05-01', 'YYYY-MM-DD'), 100);
INSERT INTO T1 VALUES (TO_DATE('2007-06-15', 'YYYY-MM-DD'), TO_DATE('2007-05-01', 'YYYY-MM-DD'), 100);
INSERT INTO T1 VALUES (TO_DATE('2007-06-30', 'YYYY-MM-DD'), TO_DATE('2007-05-01', 'YYYY-MM-DD'), 100);
INSERT INTO T1 VALUES (TO_DATE('2007-07-01', 'YYYY-MM-DD'), TO_DATE('2007-05-01', 'YYYY-MM-DD'), 100);
INSERT INTO T1 VALUES (TO_DATE('2007-07-15', 'YYYY-MM-DD'), TO_DATE('2007-05-01', 'YYYY-MM-DD'), 100);
INSERT INTO T1 VALUES (TO_DATE('2007-07-30', 'YYYY-MM-DD'), TO_DATE('2007-05-01', 'YYYY-MM-DD'), 100);
INSERT INTO T1 VALUES (TO_DATE('2007-08-01', 'YYYY-MM-DD'), TO_DATE('2007-05-01', 'YYYY-MM-DD'), 100);
INSERT INTO T1 VALUES (TO_DATE('2007-08-15', 'YYYY-MM-DD'), TO_DATE('2007-05-01', 'YYYY-MM-DD'), 100);
INSERT INTO T1 VALUES (TO_DATE('2007-08-30', 'YYYY-MM-DD'), TO_DATE('2007-05-01', 'YYYY-MM-DD'), 100);


CREATE TABLE T2( I1 DATE, I2 DATE, I3 INTEGER )
PARTITION BY HASH (I1)
(
    PARTITION P1 TABLESPACE PDT_TBS2,
    PARTITION P2 TABLESPACE PDT_TBS3,
    PARTITION P3,
    PARTITION P4 TABLESPACE PDT_TBS4
) TABLESPACE PDT_TBS;

INSERT INTO T2 VALUES (NULL, TO_DATE('2007-05-01', 'YYYY-MM-DD'), 100);
INSERT INTO T2 VALUES (TO_DATE('2007-05-01', 'YYYY-MM-DD'), TO_DATE('2007-05-01', 'YYYY-MM-DD'), 100);
INSERT INTO T2 VALUES (TO_DATE('2007-05-15', 'YYYY-MM-DD'), TO_DATE('2007-05-01', 'YYYY-MM-DD'), 100);
INSERT INTO T2 VALUES (TO_DATE('2007-05-30', 'YYYY-MM-DD'), TO_DATE('2007-05-01', 'YYYY-MM-DD'), 100);
INSERT INTO T2 VALUES (TO_DATE('2007-06-01', 'YYYY-MM-DD'), TO_DATE('2007-05-01', 'YYYY-MM-DD'), 100);
INSERT INTO T2 VALUES (TO_DATE('2007-06-15', 'YYYY-MM-DD'), TO_DATE('2007-05-01', 'YYYY-MM-DD'), 100);
INSERT INTO T2 VALUES (TO_DATE('2007-06-30', 'YYYY-MM-DD'), TO_DATE('2007-05-01', 'YYYY-MM-DD'), 100);
INSERT INTO T2 VALUES (TO_DATE('2007-07-01', 'YYYY-MM-DD'), TO_DATE('2007-05-01', 'YYYY-MM-DD'), 100);
INSERT INTO T2 VALUES (TO_DATE('2007-07-15', 'YYYY-MM-DD'), TO_DATE('2007-05-01', 'YYYY-MM-DD'), 100);
INSERT INTO T2 VALUES (TO_DATE('2007-07-30', 'YYYY-MM-DD'), TO_DATE('2007-05-01', 'YYYY-MM-DD'), 100);
INSERT INTO T2 VALUES (TO_DATE('2007-08-01', 'YYYY-MM-DD'), TO_DATE('2007-05-01', 'YYYY-MM-DD'), 100);
INSERT INTO T2 VALUES (TO_DATE('2007-08-15', 'YYYY-MM-DD'), TO_DATE('2007-05-01', 'YYYY-MM-DD'), 100);
INSERT INTO T2 VALUES (TO_DATE('2007-08-30', 'YYYY-MM-DD'), TO_DATE('2007-05-01', 'YYYY-MM-DD'), 100);

CREATE INDEX IDX1 ON T2(I1, I3);

CREATE INDEX IDX2 ON T2(I3, I1, I2);

CREATE INDEX IDX3 ON T2(I2, I3);

CREATE INDEX IDX4 ON T2(I1) LOCAL
(
    PARTITION IDX1_P3 ON P3,
    PARTITION IDX1_P4 ON P4
);
>>> [Schema_Hash_Date.sql] END <<<
--+SYSTEM is -silent -f Schema_Hash_Date.sql;

--###################################################################
--+SECTOR 2; BASIC TEST
--###################################################################
--##############################
--+SECTOR 3; 문법 체크
--##############################
$P0> DROP TABLE TEST;
Drop success.

-- should be fail
$P0> CREATE TABLE TEST( I1 DATE, I2 INTEGER )
     PARTITION BY HASH(I1)
     (
         PARTITION P1,
         PARTITION P2,
         PARTITION P3,
         PARTITION P4
     ) TABLESPACE PDT_TBS ENABLE ROW MOVEMENT;
[ERR-31001 : SQL syntax error 

line 8: parse error
     ) TABLESPACE PDT_TBS ENABLE ROW MOVEMENT
                          ^    ^

]

-- should be fail
$P0> CREATE TABLE TEST( I1 DATE, I2 INTEGER )
     PARTITION BY HASH(I1)
     (
         PARTITION P1,
         PARTITION P2,
         PARTITION P3 ENABLE ROW MOVEMENT,
         PARTITION P4
     ) TABLESPACE PDT_TBS;
[ERR-31001 : SQL syntax error 

line 6: parse error
         PARTITION P3 ENABLE ROW MOVEMENT,
                      ^    ^

]

-- should be success
$P0> CREATE TABLE TEST( I1 DATE, I2 INTEGER )
     PARTITION BY HASH(I1)
     (
         PARTITION P1,
         PARTITION P2,
         PARTITION P3,
         PARTITION P4
     ) ENABLE ROW MOVEMENT TABLESPACE PDT_TBS;
Create success.


--##############################
--+SECTOR 4; 파티션의 개수
--##############################
--#############
--# 4개
--#############
--+SYSTEM is -silent -f Schema_Hash_Date.sql;

$P0> ALTER TABLE T1
     ENABLE ROW MOVEMENT;
Alter success.

$P0> UPDATE T1 SET I1 = I1 + 30;
13 rows updated.

$P0> SELECT COUNT(*) FROM T1 PARTITION (P1);
COUNT                
-----------------------
4                    
1 row selected.
$P0> SELECT COUNT(*) FROM T1 PARTITION (P2);
COUNT                
-----------------------
4                    
1 row selected.
$P0> SELECT COUNT(*) FROM T1 PARTITION (P3);
COUNT                
-----------------------
1                    
1 row selected.
$P0> SELECT COUNT(*) FROM T1 PARTITION (P4);
COUNT                
-----------------------
4                    
1 row selected.


$P0> ALTER TABLE T2
     ENABLE ROW MOVEMENT;
Alter success.

$P0> UPDATE T2 SET I1 = I1 + 30;
13 rows updated.

$P0> SELECT COUNT(*) FROM T2 PARTITION (P1);
COUNT                
-----------------------
4                    
1 row selected.
$P0> SELECT COUNT(*) FROM T2 PARTITION (P2);
COUNT                
-----------------------
4                    
1 row selected.
$P0> SELECT COUNT(*) FROM T2 PARTITION (P3);
COUNT                
-----------------------
1                    
1 row selected.
$P0> SELECT COUNT(*) FROM T2 PARTITION (P4);
COUNT                
-----------------------
4                    
1 row selected.

--#############
--# 1개
--#############
--+SYSTEM is -silent -f Schema_Hash_Date.sql;

$P0> ALTER TABLE T1
     ENABLE ROW MOVEMENT;
Alter success.

$P0> ALTER TABLE T1 
     COALESCE PARTITION;
Alter success.

$P0> ALTER TABLE T1 
     COALESCE PARTITION;
Alter success.

$P0> ALTER TABLE T1 
     COALESCE PARTITION;
Alter success.

$P0> UPDATE T1 SET I1 = I1 + 30;
13 rows updated.

-- result: 13
$P0> SELECT COUNT(*) FROM T1;
COUNT                
-----------------------
13                   
1 row selected.


$P0> ALTER TABLE T2
     ENABLE ROW MOVEMENT;
Alter success.

$P0> ALTER TABLE T2 
     COALESCE PARTITION;
Alter success.

$P0> ALTER TABLE T2 
     COALESCE PARTITION;
Alter success.

$P0> ALTER TABLE T2 
     COALESCE PARTITION;
Alter success.

$P0> UPDATE T2 SET I1 = I1 + 30;
13 rows updated.

-- result: 13
$P0> SELECT COUNT(*) FROM T2;
COUNT                
-----------------------
13                   
1 row selected.


--##############################
--+SECTOR 5; LOB 컬럼이 있는 경우
--##############################
$P0> DROP TABLE T1;
Drop success.
$P0> CREATE TABLE T1 ( I1 DATE, I2 BLOB, I3 CLOB )
     PARTITION BY HASH(I1) 
     ( PARTITION P1 TABLESPACE PDT_TBS 
                             LOB(I2, I3) STORE AS ( TABLESPACE PDT_TBS2 ), 
       PARTITION P2 TABLESPACE PDT_TBS3,
       PARTITION P3 TABLESPACE PDT_TBS4,
       PARTITION P4
     ) TABLESPACE PDT_TBS4 LOB(I3) STORE AS ( TABLESPACE PDT_TBS5 );
Create success.

$P0> CREATE INDEX IDX_LOB ON T1(I1);
Create success.

$P0> INSERT INTO T1 VALUES (NULL, 'ABC', 'ABC');
1 row inserted.
$P0> INSERT INTO T1 VALUES (TO_DATE('2007-05-01', 'YYYY-MM-DD'), 'ABC', 'ABC');
1 row inserted.
$P0> INSERT INTO T1 VALUES (TO_DATE('2007-05-15', 'YYYY-MM-DD'), 'ABC', 'ABC');
1 row inserted.
$P0> INSERT INTO T1 VALUES (TO_DATE('2007-05-30', 'YYYY-MM-DD'), 'ABC', 'ABC');
1 row inserted.
$P0> INSERT INTO T1 VALUES (TO_DATE('2007-06-01', 'YYYY-MM-DD'), 'ABC', 'ABC');
1 row inserted.
$P0> INSERT INTO T1 VALUES (TO_DATE('2007-06-15', 'YYYY-MM-DD'), 'ABC', 'ABC');
1 row inserted.
$P0> INSERT INTO T1 VALUES (TO_DATE('2007-06-30', 'YYYY-MM-DD'), 'ABC', 'ABC');
1 row inserted.
$P0> INSERT INTO T1 VALUES (TO_DATE('2007-07-01', 'YYYY-MM-DD'), 'ABC', 'ABC');
1 row inserted.
$P0> INSERT INTO T1 VALUES (TO_DATE('2007-07-15', 'YYYY-MM-DD'), 'ABC', 'ABC');
1 row inserted.
$P0> INSERT INTO T1 VALUES (TO_DATE('2007-07-30', 'YYYY-MM-DD'), 'ABC', 'ABC');
1 row inserted.
$P0> INSERT INTO T1 VALUES (TO_DATE('2007-08-01', 'YYYY-MM-DD'), 'ABC', 'ABC');
1 row inserted.
$P0> INSERT INTO T1 VALUES (TO_DATE('2007-08-15', 'YYYY-MM-DD'), 'ABC', 'ABC');
1 row inserted.
$P0> INSERT INTO T1 VALUES (TO_DATE('2007-08-30', 'YYYY-MM-DD'), 'ABC', 'ABC');
1 row inserted.


$P0> ALTER TABLE T1
     ENABLE ROW MOVEMENT;
Alter success.

$P0> UPDATE T1 SET I1 = I1 + 30;
13 rows updated.

$P0> SELECT COUNT(*) FROM T1 PARTITION (P1);
COUNT                
-----------------------
4                    
1 row selected.
$P0> SELECT COUNT(*) FROM T1 PARTITION (P2);
COUNT                
-----------------------
4                    
1 row selected.
$P0> SELECT COUNT(*) FROM T1 PARTITION (P3);
COUNT                
-----------------------
1                    
1 row selected.
$P0> SELECT COUNT(*) FROM T1 PARTITION (P4);
COUNT                
-----------------------
4                    
1 row selected.



--##################################################################
--+SECTOR 6; UPDATE 조건에 따른 검사
--##################################################################
--##############################
--+SECTOR 7; 여러 파티션으로 분산
--##############################
--+SYSTEM is -silent -f Schema_Hash_Date.sql;

$P0> ALTER TABLE T1
     ENABLE ROW MOVEMENT;
Alter success.

$P0> UPDATE T1 SET I1 = I1 + 30;
13 rows updated.

$P0> SELECT COUNT(*) FROM T1 PARTITION (P1);
COUNT                
-----------------------
4                    
1 row selected.
$P0> SELECT COUNT(*) FROM T1 PARTITION (P2);
COUNT                
-----------------------
4                    
1 row selected.
$P0> SELECT COUNT(*) FROM T1 PARTITION (P3);
COUNT                
-----------------------
1                    
1 row selected.
$P0> SELECT COUNT(*) FROM T1 PARTITION (P4);
COUNT                
-----------------------
4                    
1 row selected.


$P0> ALTER TABLE T2
     ENABLE ROW MOVEMENT;
Alter success.

$P0> UPDATE T2 SET I1 = I1 + 30;
13 rows updated.

$P0> SELECT COUNT(*) FROM T2 PARTITION (P1);
COUNT                
-----------------------
4                    
1 row selected.
$P0> SELECT COUNT(*) FROM T2 PARTITION (P2);
COUNT                
-----------------------
4                    
1 row selected.
$P0> SELECT COUNT(*) FROM T2 PARTITION (P3);
COUNT                
-----------------------
1                    
1 row selected.
$P0> SELECT COUNT(*) FROM T2 PARTITION (P4);
COUNT                
-----------------------
4                    
1 row selected.


--##############################
--+SECTOR 8; 모두 같은 파티션으로 이동
--##############################
--+SYSTEM is -silent -f Schema_Hash_Date.sql;

$P0> ALTER TABLE T1
     ENABLE ROW MOVEMENT;
Alter success.

$P0> UPDATE T1 SET I1 = TO_DATE('2007-05-05', 'YYYY-MM-DD');
13 rows updated.
$P0> SELECT COUNT(*) FROM T1 PARTITION (P1);
COUNT                
-----------------------
0                    
1 row selected.
$P0> SELECT COUNT(*) FROM T1 PARTITION (P2);
COUNT                
-----------------------
0                    
1 row selected.
$P0> SELECT COUNT(*) FROM T1 PARTITION (P3);
COUNT                
-----------------------
13                   
1 row selected.
$P0> SELECT COUNT(*) FROM T1 PARTITION (P4);
COUNT                
-----------------------
0                    
1 row selected.

$P0> UPDATE T1 SET I1 = TO_DATE('2007-05-06', 'YYYY-MM-DD');
13 rows updated.
$P0> SELECT COUNT(*) FROM T1 PARTITION (P1);
COUNT                
-----------------------
0                    
1 row selected.
$P0> SELECT COUNT(*) FROM T1 PARTITION (P2);
COUNT                
-----------------------
13                   
1 row selected.
$P0> SELECT COUNT(*) FROM T1 PARTITION (P3);
COUNT                
-----------------------
0                    
1 row selected.
$P0> SELECT COUNT(*) FROM T1 PARTITION (P4);
COUNT                
-----------------------
0                    
1 row selected.

$P0> UPDATE T1 SET I1 = TO_DATE('2007-05-07', 'YYYY-MM-DD');
13 rows updated.
$P0> SELECT COUNT(*) FROM T1 PARTITION (P1);
COUNT                
-----------------------
0                    
1 row selected.
$P0> SELECT COUNT(*) FROM T1 PARTITION (P2);
COUNT                
-----------------------
0                    
1 row selected.
$P0> SELECT COUNT(*) FROM T1 PARTITION (P3);
COUNT                
-----------------------
13                   
1 row selected.
$P0> SELECT COUNT(*) FROM T1 PARTITION (P4);
COUNT                
-----------------------
0                    
1 row selected.

$P0> UPDATE T1 SET I1 = TO_DATE('2007-05-08', 'YYYY-MM-DD');
13 rows updated.
$P0> SELECT COUNT(*) FROM T1 PARTITION (P1);
COUNT                
-----------------------
0                    
1 row selected.
$P0> SELECT COUNT(*) FROM T1 PARTITION (P2);
COUNT                
-----------------------
0                    
1 row selected.
$P0> SELECT COUNT(*) FROM T1 PARTITION (P3);
COUNT                
-----------------------
0                    
1 row selected.
$P0> SELECT COUNT(*) FROM T1 PARTITION (P4);
COUNT                
-----------------------
13                   
1 row selected.


$P0> ALTER TABLE T2
     ENABLE ROW MOVEMENT;
Alter success.

$P0> UPDATE T2 SET I1 = TO_DATE('2007-05-05', 'YYYY-MM-DD');
13 rows updated.
$P0> SELECT COUNT(*) FROM T2 PARTITION (P1);
COUNT                
-----------------------
0                    
1 row selected.
$P0> SELECT COUNT(*) FROM T2 PARTITION (P2);
COUNT                
-----------------------
0                    
1 row selected.
$P0> SELECT COUNT(*) FROM T2 PARTITION (P3);
COUNT                
-----------------------
13                   
1 row selected.
$P0> SELECT COUNT(*) FROM T2 PARTITION (P4);
COUNT                
-----------------------
0                    
1 row selected.

$P0> UPDATE T2 SET I1 = TO_DATE('2007-05-06', 'YYYY-MM-DD');
13 rows updated.
$P0> SELECT COUNT(*) FROM T2 PARTITION (P1);
COUNT                
-----------------------
0                    
1 row selected.
$P0> SELECT COUNT(*) FROM T2 PARTITION (P2);
COUNT                
-----------------------
13                   
1 row selected.
$P0> SELECT COUNT(*) FROM T2 PARTITION (P3);
COUNT                
-----------------------
0                    
1 row selected.
$P0> SELECT COUNT(*) FROM T2 PARTITION (P4);
COUNT                
-----------------------
0                    
1 row selected.

$P0> UPDATE T2 SET I1 = TO_DATE('2007-05-07', 'YYYY-MM-DD');
13 rows updated.
$P0> SELECT COUNT(*) FROM T2 PARTITION (P1);
COUNT                
-----------------------
0                    
1 row selected.
$P0> SELECT COUNT(*) FROM T2 PARTITION (P2);
COUNT                
-----------------------
0                    
1 row selected.
$P0> SELECT COUNT(*) FROM T2 PARTITION (P3);
COUNT                
-----------------------
13                   
1 row selected.
$P0> SELECT COUNT(*) FROM T2 PARTITION (P4);
COUNT                
-----------------------
0                    
1 row selected.

$P0> UPDATE T2 SET I1 = TO_DATE('2007-05-08', 'YYYY-MM-DD');
13 rows updated.
$P0> SELECT COUNT(*) FROM T2 PARTITION (P1);
COUNT                
-----------------------
0                    
1 row selected.
$P0> SELECT COUNT(*) FROM T2 PARTITION (P2);
COUNT                
-----------------------
0                    
1 row selected.
$P0> SELECT COUNT(*) FROM T2 PARTITION (P3);
COUNT                
-----------------------
0                    
1 row selected.
$P0> SELECT COUNT(*) FROM T2 PARTITION (P4);
COUNT                
-----------------------
13                   
1 row selected.


--##############################
--+SECTOR 9; 현재 파티션에 그대로 있는 경우
--##############################
--+SYSTEM is -silent -f Schema_Hash_Date.sql;

$P0> ALTER TABLE T1
     ENABLE ROW MOVEMENT;
Alter success.

$P0> UPDATE T1 SET I1 = I1 + 1;
13 rows updated.

$P0> SELECT COUNT(*) FROM T1 PARTITION (P1);
COUNT                
-----------------------
5                    
1 row selected.
$P0> SELECT COUNT(*) FROM T1 PARTITION (P2);
COUNT                
-----------------------
2                    
1 row selected.
$P0> SELECT COUNT(*) FROM T1 PARTITION (P3);
COUNT                
-----------------------
3                    
1 row selected.
$P0> SELECT COUNT(*) FROM T1 PARTITION (P4);
COUNT                
-----------------------
3                    
1 row selected.


$P0> ALTER TABLE T2
     ENABLE ROW MOVEMENT;
Alter success.

$P0> UPDATE T2 SET I1 = I1 + 1;
13 rows updated.

$P0> SELECT COUNT(*) FROM T2 PARTITION (P1);
COUNT                
-----------------------
5                    
1 row selected.
$P0> SELECT COUNT(*) FROM T2 PARTITION (P2);
COUNT                
-----------------------
2                    
1 row selected.
$P0> SELECT COUNT(*) FROM T2 PARTITION (P3);
COUNT                
-----------------------
3                    
1 row selected.
$P0> SELECT COUNT(*) FROM T2 PARTITION (P4);
COUNT                
-----------------------
3                    
1 row selected.



--##################################################################
--+SECTOR 10; FINALIZATION
--##################################################################
--+SKIP BEGIN; 
$P0> DROP TABLE T1;
$P0> DROP TABLE T2;
$P0> DROP TABLE T3;
--+SKIP END; 

