 
+----------------------------------------------------------------------+
SECTOR 0; BY ATC
+----------------------------------------------------------------------+
 
$T0> THREAD T0 C0;
$T0> ###########################################################################
$T0> # Global Index Test
$T0> ###########################################################################

$T0> ##################################
$T0> # SECTOR; PREPARATION
$T0> ##################################

$T0> SKIP BEGIN;
$T0> drop table t1;
$T0> drop table t2;
$T0> drop user user1 cascade;
$T0> SKIP END;

$T0> create user user1 identified by user1;
Create success.

$T0> grant all privileges to user1;
Grant success.

$T0> ##################################
$T0> # SECTOR; CREATE INDEX
$T0> ##################################


$T0> create table t1
( 
  i1 integer, 
  i2 integer,
  i3 integer,
  i4 integer
)
partition by range(i1)
(
  partition p1 values less than (10),
  partition p2 values less than (20),
  partition p3 values default
)
tablespace sys_tbs_disk_data;
Create success.

$T0> create unique index idx1 on t1(i2, i3);
Create success.

$T0> connect user1/user1;
Connect success.

$T0> create unique index idx2 on sys.t1(i3);
Create success.

$T0> create table t2
( 
  i1 integer, 
  i2 integer,
  i3 integer,
  i4 integer
)
partition by range(i1)
(
  partition p1 values less than (10),
  partition p2 values less than (20),
  partition p3 values default
)
tablespace sys_tbs_disk_data;
Create success.

$T0> create unique index idx3 on t2(i2, i3);
Create success.

$T0> connect sys/manager;
Connect success.

$T0> desc t1;
[ TABLESPACE : SYS_TBS_DISK_DATA ]
[ ATTRIBUTE ]                                                         
------------------------------------------------------------------------------
NAME                                     TYPE                        IS NULL 
------------------------------------------------------------------------------
I1                                       INTEGER                     
I2                                       INTEGER                     
I3                                       INTEGER                     
I4                                       INTEGER                     
[ INDEX ]                                                       
------------------------------------------------------------------------------
NAME                                     TYPE     IS UNIQUE     COLUMN
------------------------------------------------------------------------------
IDX1                                     BTREE    UNIQUE        I2 ASC,
                                                                I3 ASC
IDX2                                     BTREE    UNIQUE        I3 ASC
T1 has no primary key
$T0> desc "$GIT_IDX1";
[ TABLESPACE : SYS_TBS_DISK_DATA ]
[ ATTRIBUTE ]                                                         
------------------------------------------------------------------------------
NAME                                     TYPE                        IS NULL 
------------------------------------------------------------------------------
I2                                       INTEGER                     
I3                                       INTEGER                     
$GIT_OID                                 BIGINT                      
$GIT_RID                                 BIGINT                      
[ INDEX ]                                                       
------------------------------------------------------------------------------
NAME                                     TYPE     IS UNIQUE     COLUMN
------------------------------------------------------------------------------
$GIK_IDX1                                BTREE    UNIQUE        I2 ASC,
                                                                I3 ASC
$GIR_IDX1                                BTREE    UNIQUE        $GIT_RID ASC
"$GIT_IDX1" has no primary key

$T0> select * from "$_TEMP";
$_TEMP.I2   $_TEMP.I3   $_TEMP.$GIT_OID      $_TEMP.$GIT_RID      
-----------------------------------------------------------------------
No rows selected.
$T0> desc "$GIT_IDX2";
[ERR-91014 : The table ($GIT_IDX2) does not exist.]

$T0> select * from "$_TEMP";
[ERR-31031 : Table or view was not found : 
0001 : select * from "$_TEMP"
                     ^     ^
]

$T0> connect user1/user1;
Connect success.

$T0> desc t2;
[ TABLESPACE : SYS_TBS_DISK_DATA ]
[ ATTRIBUTE ]                                                         
------------------------------------------------------------------------------
NAME                                     TYPE                        IS NULL 
------------------------------------------------------------------------------
I1                                       INTEGER                     
I2                                       INTEGER                     
I3                                       INTEGER                     
I4                                       INTEGER                     
[ INDEX ]                                                       
------------------------------------------------------------------------------
NAME                                     TYPE     IS UNIQUE     COLUMN
------------------------------------------------------------------------------
IDX3                                     BTREE    UNIQUE        I2 ASC,
                                                                I3 ASC
T2 has no primary key
$T0> desc "$GIT_IDX2";
[ TABLESPACE : SYS_TBS_DISK_DATA ]
[ ATTRIBUTE ]                                                         
------------------------------------------------------------------------------
NAME                                     TYPE                        IS NULL 
------------------------------------------------------------------------------
I3                                       INTEGER                     
$GIT_OID                                 BIGINT                      
$GIT_RID                                 BIGINT                      
[ INDEX ]                                                       
------------------------------------------------------------------------------
NAME                                     TYPE     IS UNIQUE     COLUMN
------------------------------------------------------------------------------
$GIK_IDX2                                BTREE    UNIQUE        I3 ASC
$GIR_IDX2                                BTREE    UNIQUE        $GIT_RID ASC
"$GIT_IDX2" has no primary key

$T0> select * from "$_TEMP";
$_TEMP.I3   $_TEMP.$GIT_OID      $_TEMP.$GIT_RID      
----------------------------------------------------------
No rows selected.
$T0> desc "$GIT_IDX3";
[ TABLESPACE : SYS_TBS_DISK_DATA ]
[ ATTRIBUTE ]                                                         
------------------------------------------------------------------------------
NAME                                     TYPE                        IS NULL 
------------------------------------------------------------------------------
I2                                       INTEGER                     
I3                                       INTEGER                     
$GIT_OID                                 BIGINT                      
$GIT_RID                                 BIGINT                      
[ INDEX ]                                                       
------------------------------------------------------------------------------
NAME                                     TYPE     IS UNIQUE     COLUMN
------------------------------------------------------------------------------
$GIK_IDX3                                BTREE    UNIQUE        I2 ASC,
                                                                I3 ASC
$GIR_IDX3                                BTREE    UNIQUE        $GIT_RID ASC
"$GIT_IDX3" has no primary key

$T0> select * from "$_TEMP";
$_TEMP.I2   $_TEMP.I3   $_TEMP.$GIT_OID      $_TEMP.$GIT_RID      
-----------------------------------------------------------------------
No rows selected.

$T0> connect sys/manager;
Connect success.

$T0> ##################################
$T0> # SECTOR; DROP INDEX
$T0> ##################################

$T0> connect sys/manager;
Connect success.

$T0> insert into t1 values ( 1, 1, 1, 1 );
1 row inserted.
$T0> insert into t1 values ( 11, 1, 2, 2 );
1 row inserted.
$T0> # fail
$T0> insert into t1 values ( 21, 1, 2, 2 );
[ERR-11058 : The row already exists in a unique index.]
$T0> # fail 
$T0> insert into t1 values ( 1, 1, 3, 2 );
1 row inserted.

$T0> connect user1/user1;
Connect success.

$T0> insert into t2 values ( 1, 1, 1, 1 );
1 row inserted.
$T0> insert into t2 values ( 11, 1, 2, 2 );
1 row inserted.
$T0> # fail
$T0> insert into t2 values ( 21, 1, 2, 2 );
[ERR-11058 : The row already exists in a unique index.]

$T0> connect sys/manager;
Connect success.

$T0> drop index idx1;
Drop success.

$T0> connect user1/user1;
Connect success.

$T0> drop index idx2;
Drop success.
$T0> drop index idx3;
Drop success.

$T0> connect sys/manager;
Connect success.

$T0> insert into t1 values ( 21, 1, 2, 2 );
1 row inserted.
$T0> insert into t1 values ( 1, 1, 3, 2 );
1 row inserted.

$T0> select * from t1;
T1.I1       T1.I2       T1.I3       T1.I4       
-----------------------------------------------------
1           1           1           1           
1           1           3           2           
1           1           3           2           
11          1           2           2           
21          1           2           2           
5 rows selected.

$T0> connect user1/user1;
Connect success.

$T0> insert into t2 values ( 21, 1, 2, 2 );
1 row inserted.

$T0> select * from t2;
T2.I1       T2.I2       T2.I3       T2.I4       
-----------------------------------------------------
1           1           1           1           
11          1           2           2           
21          1           2           2           
3 rows selected.

$T0> ##################################
$T0> # SECTOR; FINALIZATION
$T0> ##################################

$T0> SKIP BEGIN;
$T0> drop table t1;
$T0> drop table t2;
$T0> drop user user1 cascade;
$T0> SKIP END;

