 
+----------------------------------------------------------------------+
SECTOR 0; BY ATC
+----------------------------------------------------------------------+
 
$T0> THREAD T0 C0;
$T0> ###########################################################################
$T0> # Global Index Test
$T0> ###########################################################################

$T0> ##################################
$T0> # SECTOR; PREPARATION
$T0> ##################################

$T0> SKIP BEGIN;
$T0> drop table t1;
$T0> drop table t2;
$T0> SKIP END;

$T0> ##################################
$T0> # SECTOR; ONE COLUMN
$T0> ##################################


$T0> create table t1
( 
  i1 integer, 
  i2 integer,
  i3 integer,
  i4 integer
)
partition by range(i1)
(
  partition p1 values less than (10),
  partition p2 values less than (20),
  partition p3 values default
)
tablespace sys_tbs_disk_data;
Create success.

$T0> alter table t1 add constraint t1_pk primary key (i3);
Alter success.
$T0> alter table t1 add constraint t1_uk unique (i4);
Alter success.

$T0> # success
$T0> insert into t1 values (1, 1, 1, 1);
1 row inserted.
$T0> # pk error
$T0> insert into t1 values (1, 1, 1, 2);
[ERR-11058 : The row already exists in a unique index.]
$T0> insert into t1 values (1, 1, null, 3);
[ERR-31074 : Unable to insert (or update) NULL into NOT NULL column. : I3]
$T0> # uk error
$T0> insert into t1 values (1, 1, 2, 1);
[ERR-11058 : The row already exists in a unique index.]

$T0> select * from t1;
T1.I1       T1.I2       T1.I3       T1.I4       
-----------------------------------------------------
1           1           1           1           
1 row selected.

$T0> desc t1;
[ TABLESPACE : SYS_TBS_DISK_DATA ]
[ ATTRIBUTE ]                                                         
------------------------------------------------------------------------------
NAME                                     TYPE                        IS NULL 
------------------------------------------------------------------------------
I1                                       INTEGER                     
I2                                       INTEGER                     
I3                                       INTEGER                     NOT NULL
I4                                       INTEGER                     
[ INDEX ]                                                       
------------------------------------------------------------------------------
NAME                                     TYPE     IS UNIQUE     COLUMN
------------------------------------------------------------------------------
T1_PK                                    BTREE    UNIQUE        I3 ASC
T1_UK                                    BTREE    UNIQUE        I4 ASC
[ PRIMARY KEY ]                                                 
------------------------------------------------------------------------------
I3
$T0> desc "$GIT_T1_PK";
[ TABLESPACE : SYS_TBS_DISK_DATA ]
[ ATTRIBUTE ]                                                         
------------------------------------------------------------------------------
NAME                                     TYPE                        IS NULL 
------------------------------------------------------------------------------
I3                                       INTEGER                     
$GIT_OID                                 BIGINT                      
$GIT_RID                                 BIGINT                      
[ INDEX ]                                                       
------------------------------------------------------------------------------
NAME                                     TYPE     IS UNIQUE     COLUMN
------------------------------------------------------------------------------
$GIK_T1_PK                               BTREE    UNIQUE        I3 ASC
$GIR_T1_PK                               BTREE    UNIQUE        $GIT_RID ASC
"$GIT_T1_PK" has no primary key

$T0> select * from "$_TEMP";
$_TEMP.I3   $_TEMP.$GIT_OID      $_TEMP.$GIT_RID      
----------------------------------------------------------
1           0                    0                    
1 row selected.
$T0> desc "$GIT_T1_UK";
[ TABLESPACE : SYS_TBS_DISK_DATA ]
[ ATTRIBUTE ]                                                         
------------------------------------------------------------------------------
NAME                                     TYPE                        IS NULL 
------------------------------------------------------------------------------
I4                                       INTEGER                     
$GIT_OID                                 BIGINT                      
$GIT_RID                                 BIGINT                      
[ INDEX ]                                                       
------------------------------------------------------------------------------
NAME                                     TYPE     IS UNIQUE     COLUMN
------------------------------------------------------------------------------
$GIK_T1_UK                               BTREE    UNIQUE        I4 ASC
$GIR_T1_UK                               BTREE    UNIQUE        $GIT_RID ASC
"$GIT_T1_UK" has no primary key

$T0> select * from "$_TEMP";
$_TEMP.I4   $_TEMP.$GIT_OID      $_TEMP.$GIT_RID      
----------------------------------------------------------
1           0                    0                    
1 row selected.

$T0> alter table t1 drop constraint t1_pk;
Alter success.

$T0> # success
$T0> insert into t1 values (1, 1, 1, 2);
1 row inserted.
$T0> insert into t1 values (1, 1, null, 3);
1 row inserted.
$T0> # uk error
$T0> insert into t1 values (1, 1, 2, 1);
[ERR-11058 : The row already exists in a unique index.]

$T0> alter table t1 drop constraint t1_uk;
Alter success.

$T0> # success
$T0> insert into t1 values (1, 1, 2, 1);
1 row inserted.

$T0> select * from t1;
T1.I1       T1.I2       T1.I3       T1.I4       
-----------------------------------------------------
1           1           1           1           
1           1           1           2           
1           1                       3           
1           1           2           1           
4 rows selected.

$T0> desc t1;
[ TABLESPACE : SYS_TBS_DISK_DATA ]
[ ATTRIBUTE ]                                                         
------------------------------------------------------------------------------
NAME                                     TYPE                        IS NULL 
------------------------------------------------------------------------------
I1                                       INTEGER                     
I2                                       INTEGER                     
I3                                       INTEGER                     
I4                                       INTEGER                     
T1 has no index
T1 has no primary key
$T0> desc "$GIT_T1_PK";
[ERR-91014 : The table ($GIT_T1_PK) does not exist.]

$T0> select * from "$_TEMP";
[ERR-31031 : Table or view was not found : 
0001 : select * from "$_TEMP"
                     ^     ^
]
$T0> desc "$GIT_T1_UK";
[ERR-91014 : The table ($GIT_T1_UK) does not exist.]

$T0> select * from "$_TEMP";
[ERR-31031 : Table or view was not found : 
0001 : select * from "$_TEMP"
                     ^     ^
]

$T0> ##################################
$T0> # SECTOR; COMPOSITE COLUMN
$T0> ##################################


$T0> create table t1
( 
  i1 integer, 
  i2 integer,
  i3 integer,
  i4 integer,
  i5 integer,
  i6 integer
)
partition by range(i1)
(
  partition p1 values less than (10),
  partition p2 values less than (20),
  partition p3 values default
)
tablespace sys_tbs_disk_data;
Create success.

$T0> alter table t1 add constraint t1_pk primary key (i3, i4);
Alter success.
$T0> alter table t1 add constraint t1_uk unique (i5, i6);
Alter success.

$T0> # success
$T0> insert into t1 values (1, 1, 1, 1, 1, 1);
1 row inserted.
$T0> # pk error
$T0> insert into t1 values (1, 1, 1, 2, 2, 2);
1 row inserted.
$T0> insert into t1 values (1, 1, 2, null, 3, 3);
[ERR-31074 : Unable to insert (or update) NULL into NOT NULL column. : I4]
$T0> # uk error
$T0> insert into t1 values (1, 1, 2, 2, 1, 1);
[ERR-11058 : The row already exists in a unique index.]

$T0> select * from t1;
T1.I1       T1.I2       T1.I3       T1.I4       T1.I5       T1.I6       
-------------------------------------------------------------------------------
1           1           1           1           1           1           
1           1           1           2           2           2           
2 rows selected.

$T0> desc t1;
[ TABLESPACE : SYS_TBS_DISK_DATA ]
[ ATTRIBUTE ]                                                         
------------------------------------------------------------------------------
NAME                                     TYPE                        IS NULL 
------------------------------------------------------------------------------
I1                                       INTEGER                     
I2                                       INTEGER                     
I3                                       INTEGER                     NOT NULL
I4                                       INTEGER                     NOT NULL
I5                                       INTEGER                     
I6                                       INTEGER                     
[ INDEX ]                                                       
------------------------------------------------------------------------------
NAME                                     TYPE     IS UNIQUE     COLUMN
------------------------------------------------------------------------------
T1_PK                                    BTREE    UNIQUE        I3 ASC,
                                                                I4 ASC
T1_UK                                    BTREE    UNIQUE        I5 ASC,
                                                                I6 ASC
[ PRIMARY KEY ]                                                 
------------------------------------------------------------------------------
I3, I4
$T0> desc "$GIT_T1_PK";
[ TABLESPACE : SYS_TBS_DISK_DATA ]
[ ATTRIBUTE ]                                                         
------------------------------------------------------------------------------
NAME                                     TYPE                        IS NULL 
------------------------------------------------------------------------------
I3                                       INTEGER                     
I4                                       INTEGER                     
$GIT_OID                                 BIGINT                      
$GIT_RID                                 BIGINT                      
[ INDEX ]                                                       
------------------------------------------------------------------------------
NAME                                     TYPE     IS UNIQUE     COLUMN
------------------------------------------------------------------------------
$GIK_T1_PK                               BTREE    UNIQUE        I3 ASC,
                                                                I4 ASC
$GIR_T1_PK                               BTREE    UNIQUE        $GIT_RID ASC
"$GIT_T1_PK" has no primary key

$T0> select * from "$_TEMP";
$_TEMP.I3   $_TEMP.I4   $_TEMP.$GIT_OID      $_TEMP.$GIT_RID      
-----------------------------------------------------------------------
1           1           0                    0                    
1           2           0                    0                    
2 rows selected.
$T0> desc "$GIT_T1_UK";
[ TABLESPACE : SYS_TBS_DISK_DATA ]
[ ATTRIBUTE ]                                                         
------------------------------------------------------------------------------
NAME                                     TYPE                        IS NULL 
------------------------------------------------------------------------------
I5                                       INTEGER                     
I6                                       INTEGER                     
$GIT_OID                                 BIGINT                      
$GIT_RID                                 BIGINT                      
[ INDEX ]                                                       
------------------------------------------------------------------------------
NAME                                     TYPE     IS UNIQUE     COLUMN
------------------------------------------------------------------------------
$GIK_T1_UK                               BTREE    UNIQUE        I5 ASC,
                                                                I6 ASC
$GIR_T1_UK                               BTREE    UNIQUE        $GIT_RID ASC
"$GIT_T1_UK" has no primary key

$T0> select * from "$_TEMP";
$_TEMP.I5   $_TEMP.I6   $_TEMP.$GIT_OID      $_TEMP.$GIT_RID      
-----------------------------------------------------------------------
1           1           0                    0                    
2           2           0                    0                    
2 rows selected.

$T0> alter table t1 drop constraint t1_pk;
Alter success.

$T0> # success
$T0> insert into t1 values (1, 1, 1, 2, 2, 3);
1 row inserted.
$T0> insert into t1 values (1, 1, 2, null, 3, 3);
1 row inserted.
$T0> # uk error
$T0> insert into t1 values (1, 1, 2, 2, 1, 1);
[ERR-11058 : The row already exists in a unique index.]

$T0> alter table t1 drop constraint t1_uk;
Alter success.

$T0> # success
$T0> insert into t1 values (1, 1, 2, 2, 1, 1);
1 row inserted.

$T0> select * from t1;
T1.I1       T1.I2       T1.I3       T1.I4       T1.I5       T1.I6       
-------------------------------------------------------------------------------
1           1           1           1           1           1           
1           1           1           2           2           2           
1           1           1           2           2           3           
1           1           2                       3           3           
1           1           2           2           1           1           
5 rows selected.

$T0> desc t1;
[ TABLESPACE : SYS_TBS_DISK_DATA ]
[ ATTRIBUTE ]                                                         
------------------------------------------------------------------------------
NAME                                     TYPE                        IS NULL 
------------------------------------------------------------------------------
I1                                       INTEGER                     
I2                                       INTEGER                     
I3                                       INTEGER                     
I4                                       INTEGER                     
I5                                       INTEGER                     
I6                                       INTEGER                     
T1 has no index
T1 has no primary key
$T0> desc "$GIT_T1_PK";
[ERR-91014 : The table ($GIT_T1_PK) does not exist.]

$T0> select * from "$_TEMP";
[ERR-31031 : Table or view was not found : 
0001 : select * from "$_TEMP"
                     ^     ^
]
$T0> desc "$GIT_T1_UK";
[ERR-91014 : The table ($GIT_T1_UK) does not exist.]

$T0> select * from "$_TEMP";
[ERR-31031 : Table or view was not found : 
0001 : select * from "$_TEMP"
                     ^     ^
]

$T0> ##################################
$T0> # SECTOR; FINALIZATION
$T0> ##################################

$T0> SKIP BEGIN;
$T0> drop table t1;
$T0> drop table t2;
$T0> SKIP END;

