 
+----------------------------------------------------------------------+
SECTOR 0; BY ATC
+----------------------------------------------------------------------+
 
$T0> THREAD T0 C0;
$T0> ###########################################################################
$T0> # Global Index Test
$T0> ###########################################################################

$T0> ##################################
$T0> # SECTOR; PREPARATION
$T0> ##################################

$T0> SKIP BEGIN;
$T0> drop table t1;
$T0> SKIP END;

$T0> ##################################
$T0> # SECTOR; CREATE TABLE
$T0> ##################################


$T0> create table t1
( 
  i1 integer, 
  i2 integer, 
  i3 integer, 
  i4 integer, 
  constraint t1_pk primary key (i3),
  constraint t1_uk unique (i4)
)
partition by range(i1)
(
  partition p1 values less than (10),
  partition p2 values less than (20),
  partition p3 values default
)
tablespace sys_tbs_disk_data;
Create success.

$T0> create index idx1 on t1(i2);
Create success.

$T0> desc t1;
[ TABLESPACE : SYS_TBS_DISK_DATA ]
[ ATTRIBUTE ]                                                         
------------------------------------------------------------------------------
NAME                                     TYPE                        IS NULL 
------------------------------------------------------------------------------
I1                                       INTEGER                     
I2                                       INTEGER                     
I3                                       INTEGER                     NOT NULL
I4                                       INTEGER                     
[ INDEX ]                                                       
------------------------------------------------------------------------------
NAME                                     TYPE     IS UNIQUE     COLUMN
------------------------------------------------------------------------------
T1_PK                                    BTREE    UNIQUE        I3 ASC
T1_UK                                    BTREE    UNIQUE        I4 ASC
IDX1                                     BTREE                  I2 ASC
[ PRIMARY KEY ]                                                 
------------------------------------------------------------------------------
I3
$T0> desc "$GIT_T1_PK";
[ TABLESPACE : SYS_TBS_DISK_DATA ]
[ ATTRIBUTE ]                                                         
------------------------------------------------------------------------------
NAME                                     TYPE                        IS NULL 
------------------------------------------------------------------------------
I3                                       INTEGER                     
$GIT_OID                                 BIGINT                      
$GIT_RID                                 BIGINT                      
[ INDEX ]                                                       
------------------------------------------------------------------------------
NAME                                     TYPE     IS UNIQUE     COLUMN
------------------------------------------------------------------------------
$GIK_T1_PK                               BTREE    UNIQUE        I3 ASC
$GIR_T1_PK                               BTREE    UNIQUE        $GIT_RID ASC
"$GIT_T1_PK" has no primary key

$T0> select * from "$_TEMP";
$_TEMP.I3   $_TEMP.$GIT_OID      $_TEMP.$GIT_RID      
----------------------------------------------------------
No rows selected.
$T0> desc "$GIT_T1_UK";
[ TABLESPACE : SYS_TBS_DISK_DATA ]
[ ATTRIBUTE ]                                                         
------------------------------------------------------------------------------
NAME                                     TYPE                        IS NULL 
------------------------------------------------------------------------------
I4                                       INTEGER                     
$GIT_OID                                 BIGINT                      
$GIT_RID                                 BIGINT                      
[ INDEX ]                                                       
------------------------------------------------------------------------------
NAME                                     TYPE     IS UNIQUE     COLUMN
------------------------------------------------------------------------------
$GIK_T1_UK                               BTREE    UNIQUE        I4 ASC
$GIR_T1_UK                               BTREE    UNIQUE        $GIT_RID ASC
"$GIT_T1_UK" has no primary key

$T0> select * from "$_TEMP";
$_TEMP.I4   $_TEMP.$GIT_OID      $_TEMP.$GIT_RID      
----------------------------------------------------------
No rows selected.
$T0> desc "$GIT_IDX1";
[ TABLESPACE : SYS_TBS_DISK_DATA ]
[ ATTRIBUTE ]                                                         
------------------------------------------------------------------------------
NAME                                     TYPE                        IS NULL 
------------------------------------------------------------------------------
I2                                       INTEGER                     
$GIT_OID                                 BIGINT                      
$GIT_RID                                 BIGINT                      
[ INDEX ]                                                       
------------------------------------------------------------------------------
NAME                                     TYPE     IS UNIQUE     COLUMN
------------------------------------------------------------------------------
$GIR_IDX1                                BTREE    UNIQUE        $GIT_RID ASC
$GIK_IDX1                                BTREE                  I2 ASC
"$GIT_IDX1" has no primary key

$T0> select * from "$_TEMP";
$_TEMP.I2   $_TEMP.$GIT_OID      $_TEMP.$GIT_RID      
----------------------------------------------------------
No rows selected.

$T0> ##################################
$T0> # SECTOR; DDL
$T0> ##################################

$T0> alter table "$GIT_T1_PK" add column ( i100 integer );
[ERR-31031 : Table or view was not found : 
0001 : alter table "$GIT_T1_PK" add column ( I100 INTEGER )
                   ^         ^
]
$T0> alter table "$GIT_T1_PK" drop column ( "$GIT_RID" );
[ERR-31031 : Table or view was not found : 
0001 : alter table "$GIT_T1_PK" drop column ( "$GIT_RID" )
                   ^         ^
]
$T0> alter table "$GIT_T1_PK" rename column "$GIT_RID" to "$GIT_RID_NEW";
[ERR-31031 : Table or view was not found : 
0001 : alter table "$GIT_T1_PK" rename column "$GIT_RID" to "$GIT_RID_NEW"
                   ^         ^
]

$T0> alter table "$GIT_T1_PK" add constraint tt_nn ( "$GIT_RID" is not null );
[ERR-31001 : SQL syntax error 

line 1: parse error
alter table "$GIT_T1_PK" add constraint TT_NN ( "$GIT_RID" is not null )
                                              ^

]
$T0> alter table "$GIT_T1_PK" drop constraint tt_nn;
[ERR-31031 : Table or view was not found : 
0001 : alter table "$GIT_T1_PK" drop constraint TT_NN
                   ^         ^
]

$T0> create unique index idx100 on "$GIT_T1_PK"( "$GIT_RID" );
[ERR-31031 : Table or view was not found : 
0001 : create unique index IDX100 on "$GIT_T1_PK"( "$GIT_RID" )
                                     ^         ^
]
$T0> drop index idx100;
[ERR-31014 : Index not found]

$T0> truncate table "$GIT_T1_PK";
[ERR-31031 : Table or view was not found : 
0001 : truncate table "$GIT_T1_PK"
                      ^         ^
]

$T0> drop table "$GIT_T1_PK";
[ERR-31031 : Table or view was not found : 
0001 : drop table "$GIT_T1_PK"
                  ^         ^
]
$T0> alter table "$GIT_T1_UK" add column ( i100 integer );
[ERR-31031 : Table or view was not found : 
0001 : alter table "$GIT_T1_UK" add column ( I100 INTEGER )
                   ^         ^
]
$T0> alter table "$GIT_T1_UK" drop column ( "$GIT_RID" );
[ERR-31031 : Table or view was not found : 
0001 : alter table "$GIT_T1_UK" drop column ( "$GIT_RID" )
                   ^         ^
]
$T0> alter table "$GIT_T1_UK" rename column "$GIT_RID" to "$GIT_RID_NEW";
[ERR-31031 : Table or view was not found : 
0001 : alter table "$GIT_T1_UK" rename column "$GIT_RID" to "$GIT_RID_NEW"
                   ^         ^
]

$T0> alter table "$GIT_T1_UK" add constraint tt_nn ( "$GIT_RID" is not null );
[ERR-31001 : SQL syntax error 

line 1: parse error
alter table "$GIT_T1_UK" add constraint TT_NN ( "$GIT_RID" is not null )
                                              ^

]
$T0> alter table "$GIT_T1_UK" drop constraint tt_nn;
[ERR-31031 : Table or view was not found : 
0001 : alter table "$GIT_T1_UK" drop constraint TT_NN
                   ^         ^
]

$T0> create unique index idx100 on "$GIT_T1_UK"( "$GIT_RID" );
[ERR-31031 : Table or view was not found : 
0001 : create unique index IDX100 on "$GIT_T1_UK"( "$GIT_RID" )
                                     ^         ^
]
$T0> drop index idx100;
[ERR-31014 : Index not found]

$T0> truncate table "$GIT_T1_UK";
[ERR-31031 : Table or view was not found : 
0001 : truncate table "$GIT_T1_UK"
                      ^         ^
]

$T0> drop table "$GIT_T1_UK";
[ERR-31031 : Table or view was not found : 
0001 : drop table "$GIT_T1_UK"
                  ^         ^
]
$T0> alter table "GIT_IDX1" add column ( i100 integer );
[ERR-31031 : Table or view was not found : 
0001 : alter table "GIT_IDX1" add column ( I100 INTEGER )
                   ^       ^
]
$T0> alter table "GIT_IDX1" drop column ( "$GIT_RID" );
[ERR-31031 : Table or view was not found : 
0001 : alter table "GIT_IDX1" drop column ( "$GIT_RID" )
                   ^       ^
]
$T0> alter table "GIT_IDX1" rename column "$GIT_RID" to "$GIT_RID_NEW";
[ERR-31031 : Table or view was not found : 
0001 : alter table "GIT_IDX1" rename column "$GIT_RID" to "$GIT_RID_NEW"
                   ^       ^
]

$T0> alter table "GIT_IDX1" add constraint tt_nn ( "$GIT_RID" is not null );
[ERR-31001 : SQL syntax error 

line 1: parse error
alter table "GIT_IDX1" add constraint TT_NN ( "$GIT_RID" is not null )
                                            ^

]
$T0> alter table "GIT_IDX1" drop constraint tt_nn;
[ERR-31031 : Table or view was not found : 
0001 : alter table "GIT_IDX1" drop constraint TT_NN
                   ^       ^
]

$T0> create unique index idx100 on "GIT_IDX1"( "$GIT_RID" );
[ERR-31031 : Table or view was not found : 
0001 : create unique index IDX100 on "GIT_IDX1"( "$GIT_RID" )
                                     ^       ^
]
$T0> drop index idx100;
[ERR-31014 : Index not found]

$T0> truncate table "GIT_IDX1";
[ERR-31031 : Table or view was not found : 
0001 : truncate table "GIT_IDX1"
                      ^       ^
]

$T0> drop table "GIT_IDX1";
[ERR-31031 : Table or view was not found : 
0001 : drop table "GIT_IDX1"
                  ^       ^
]

$T0> drop index "$GIK_T1_PK";
[ERR-31014 : Index not found]
$T0> drop index "$GIK_T1_UK";
[ERR-31014 : Index not found]
$T0> drop index "GIK_IDX1";
[ERR-31014 : Index not found]

$T0> drop index "$GIR_T1_PK";
[ERR-31014 : Index not found]
$T0> drop index "$GIR_T1_UK";
[ERR-31014 : Index not found]
$T0> drop index "GIR_IDX1";
[ERR-31014 : Index not found]

$T0> ##################################
$T0> # SECTOR; DML
$T0> ##################################

$T0> select * from "$GIT_T1_PK";
$GIT_T1_PK.I3 $GIT_T1_PK.$GIT_OID  $GIT_T1_PK.$GIT_RID  
------------------------------------------------------------
No rows selected.

$T0> insert into "$GIT_T1_PK" values default;
[ERR-31001 : SQL syntax error 

line 1: missing or invalid syntax
insert into "$GIT_T1_PK" values default
                                ^     ^

]
$T0> update "$GIT_T1_PK" set "$GIT_RID" = 0;
[ERR-31031 : Table or view was not found : 
0001 : update "$GIT_T1_PK" set "$GIT_RID" = 0
              ^         ^
]
$T0> delete from "$GIT_T1_PK";
[ERR-31031 : Table or view was not found : 
0001 : delete from "$GIT_T1_PK"
                   ^         ^
]
$T0> select * from "$GIT_T1_UK";
$GIT_T1_UK.I4 $GIT_T1_UK.$GIT_OID  $GIT_T1_UK.$GIT_RID  
------------------------------------------------------------
No rows selected.

$T0> insert into "$GIT_T1_UK" values default;
[ERR-31001 : SQL syntax error 

line 1: missing or invalid syntax
insert into "$GIT_T1_UK" values default
                                ^     ^

]
$T0> update "$GIT_T1_UK" set "$GIT_RID" = 0;
[ERR-31031 : Table or view was not found : 
0001 : update "$GIT_T1_UK" set "$GIT_RID" = 0
              ^         ^
]
$T0> delete from "$GIT_T1_UK";
[ERR-31031 : Table or view was not found : 
0001 : delete from "$GIT_T1_UK"
                   ^         ^
]
$T0> select * from "GIT_IDX1";
[ERR-31031 : Table or view was not found : 
0001 : select * from "GIT_IDX1"
                     ^       ^
]

$T0> insert into "GIT_IDX1" values default;
[ERR-31001 : SQL syntax error 

line 1: missing or invalid syntax
insert into "GIT_IDX1" values default
                              ^     ^

]
$T0> update "GIT_IDX1" set "$GIT_RID" = 0;
[ERR-31031 : Table or view was not found : 
0001 : update "GIT_IDX1" set "$GIT_RID" = 0
              ^       ^
]
$T0> delete from "GIT_IDX1";
[ERR-31031 : Table or view was not found : 
0001 : delete from "GIT_IDX1"
                   ^       ^
]

$T0> ##################################
$T0> # SECTOR; FINALIZATION
$T0> ##################################

$T0> SKIP BEGIN;
$T0> drop table t1;
$T0> SKIP END;

