 
+----------------------------------------------------------------------+
--+SECTOR 0; BY ATC
+----------------------------------------------------------------------+
 
$P0> --+PROCESS P0;
--######################################################
-- UPDATE LIST PARTITIOIN ( PK:INTEGER )
--######################################################

--###################################
--+SECTOR 1; INTIALIZE
--###################################

--+SKIP BEGIN; 
$P0> DROP TABLE PDT_LIST;
--+SKIP END; 

--#########################################
--+SECTOR 2; DO JOB #1 (1. Basic Test)
--#########################################

$P0> CREATE TABLE PDT_LIST
     (
         F1   INTEGER,
         F2   INTEGER
     ) 
     PARTITION BY LIST( F1 )
     (
         PARTITION P1 VALUES ( 10, 15 ),
         PARTITION P2 VALUES ( 20, 25 ),
         PARTITION P3 VALUES ( 30, 35 ),
         PARTITION P4 VALUES DEFAULT
     ) TABLESPACE PDT_TBS;
Create success.

$P0> INSERT INTO PDT_LIST VALUES( 10, 0 );
1 row inserted.
$P0> INSERT INTO PDT_LIST VALUES( 20, 0 );
1 row inserted.
$P0> INSERT INTO PDT_LIST VALUES( 30, 0 );
1 row inserted.
$P0> INSERT INTO PDT_LIST VALUES( 40, 0 );
1 row inserted.

$P0> UPDATE PDT_LIST PARTITION( P1 ) SET F2 = F2;
1 row updated.
$P0> UPDATE PDT_LIST PARTITION( P2 ) SET F2 = F2;
1 row updated.
$P0> UPDATE PDT_LIST PARTITION( P3 ) SET F2 = F2;
1 row updated.
$P0> UPDATE PDT_LIST PARTITION( P4 ) SET F2 = F2;
1 row updated.


--#########################################
--+SECTOR 3; DO JOB #2 (2. Validation Test)
--#########################################

$P0> DROP TABLE PDT_LIST;
Drop success.
$P0> CREATE TABLE PDT_LIST
     (
         F1   INTEGER,
         F2   INTEGER
     ) 
     PARTITION BY LIST( F1 )
     (
         PARTITION P1 VALUES ( 10, 15 ),
         PARTITION P2 VALUES ( 20, 25 ),
         PARTITION P3 VALUES ( 30, 35 ),
         PARTITION P4 VALUES DEFAULT
     ) TABLESPACE PDT_TBS;
Create success.

$P0> INSERT INTO PDT_LIST VALUES( 10, 0 );
1 row inserted.
$P0> INSERT INTO PDT_LIST VALUES( 20, 0 );
1 row inserted.
$P0> INSERT INTO PDT_LIST VALUES( 30, 0 );
1 row inserted.
$P0> INSERT INTO PDT_LIST VALUES( 40, 0 );
1 row inserted.

-- should be fail
$P0> UPDATE PDT_LIST PARTITION( P5 ) SET F2 = F2;
[ERR-3125B : The table partition does not exist. ]


--#########################################
--+SECTOR 4; DO JOB #3 (3. Execution Test)
--#########################################

-------------------------------------
-- 3.1 Partition Pruning ( User )
-------------------------------------
$P0> DROP TABLE PDT_LIST;
Drop success.
$P0> CREATE TABLE PDT_LIST
     (
         F1   INTEGER,
         F2   INTEGER
     ) 
     PARTITION BY LIST( F1 )
     (
         PARTITION P1 VALUES ( 10, 15 ),
         PARTITION P2 VALUES ( 20, 25 ),
         PARTITION P3 VALUES ( 30, 35 ),
         PARTITION P4 VALUES DEFAULT
     ) TABLESPACE PDT_TBS;
Create success.

$P0> INSERT INTO PDT_LIST VALUES( 10, 0 );
1 row inserted.
$P0> INSERT INTO PDT_LIST VALUES( 20, 0 );
1 row inserted.
$P0> INSERT INTO PDT_LIST VALUES( 30, 0 );
1 row inserted.
$P0> INSERT INTO PDT_LIST VALUES( 40, 0 );
1 row inserted.

-- please check plan
$P0> ALTER SESSION SET EXPLAIN PLAN = ON;
Alter success.
$P0> UPDATE PDT_LIST PARTITION( P1 ) SET F2 = F2;
1 row updated.
------------------------------------------------------------
PARTITION-COORDINATOR ( TABLE: PDT_LIST, PARTITION: 1/4, ACCESS: 1, SELF_ID: 0 )
 SCAN ( PARTITION: P1, FULL SCAN, ACCESS: 1, DISK_PAGE_COUNT: BLOCKED, SELF_ID: 4 )
------------------------------------------------------------
$P0> UPDATE PDT_LIST PARTITION( P2 ) SET F2 = F2;
1 row updated.
------------------------------------------------------------
PARTITION-COORDINATOR ( TABLE: PDT_LIST, PARTITION: 1/4, ACCESS: 1, SELF_ID: 0 )
 SCAN ( PARTITION: P2, FULL SCAN, ACCESS: 1, DISK_PAGE_COUNT: BLOCKED, SELF_ID: 4 )
------------------------------------------------------------
$P0> UPDATE PDT_LIST PARTITION( P3 ) SET F2 = F2;
1 row updated.
------------------------------------------------------------
PARTITION-COORDINATOR ( TABLE: PDT_LIST, PARTITION: 1/4, ACCESS: 1, SELF_ID: 0 )
 SCAN ( PARTITION: P3, FULL SCAN, ACCESS: 1, DISK_PAGE_COUNT: BLOCKED, SELF_ID: 4 )
------------------------------------------------------------
$P0> UPDATE PDT_LIST PARTITION( P4 ) SET F2 = F2;
1 row updated.
------------------------------------------------------------
PARTITION-COORDINATOR ( TABLE: PDT_LIST, PARTITION: 1/4, ACCESS: 1, SELF_ID: 0 )
 SCAN ( PARTITION: P4, FULL SCAN, ACCESS: 1, DISK_PAGE_COUNT: BLOCKED, SELF_ID: 4 )
------------------------------------------------------------
$P0> ALTER SESSION SET EXPLAIN PLAN = OFF;
Alter success.

$P0> INSERT INTO PDT_LIST VALUES( 10, 0 );
1 row inserted.
$P0> INSERT INTO PDT_LIST VALUES( 20, 0 );
1 row inserted.
$P0> INSERT INTO PDT_LIST VALUES( 30, 0 );
1 row inserted.
$P0> INSERT INTO PDT_LIST VALUES( 40, 0 );
1 row inserted.

$P0> ALTER SESSION SET EXPLAIN PLAN = ON;
Alter success.
-- no need execution
$P0> UPDATE PDT_LIST PARTITION( P1 ) SET F2 = F2 
     WHERE F1 >= 10 AND F1 < 20;
2 rows updated.
------------------------------------------------------------
PARTITION-COORDINATOR ( TABLE: PDT_LIST, PARTITION: 1/4, ACCESS: 2, SELF_ID: 2 )
 SCAN ( PARTITION: P1, FULL SCAN, ACCESS: 2, DISK_PAGE_COUNT: BLOCKED, SELF_ID: 4 )
------------------------------------------------------------
$P0> UPDATE PDT_LIST PARTITION( P2 ) SET F2 = F2 
     WHERE F1 >= 20 AND F1 < 30;
2 rows updated.
------------------------------------------------------------
PARTITION-COORDINATOR ( TABLE: PDT_LIST, PARTITION: 1/4, ACCESS: 2, SELF_ID: 2 )
 SCAN ( PARTITION: P2, FULL SCAN, ACCESS: 2, DISK_PAGE_COUNT: BLOCKED, SELF_ID: 4 )
------------------------------------------------------------
$P0> ALTER SESSION SET EXPLAIN PLAN = OFF;
Alter success.

-------------------------------------
-- 3.2 Partition Pruning ( System )
-------------------------------------
$P0> DROP TABLE PDT_LIST;
Drop success.
$P0> CREATE TABLE PDT_LIST
     (
         F1   INTEGER,
         F2   INTEGER
     ) 
     PARTITION BY LIST( F1 )
     (
         PARTITION P1 VALUES ( 10, 15 ),
         PARTITION P2 VALUES ( 20, 25 ),
         PARTITION P3 VALUES ( 30, 35 ),
         PARTITION P4 VALUES DEFAULT
     ) TABLESPACE PDT_TBS;
Create success.

$P0> INSERT INTO PDT_LIST VALUES( 10, 0 );
1 row inserted.
$P0> INSERT INTO PDT_LIST VALUES( 20, 0 );
1 row inserted.
$P0> INSERT INTO PDT_LIST VALUES( 30, 0 );
1 row inserted.
$P0> INSERT INTO PDT_LIST VALUES( 40, 0 );
1 row inserted.

-- less than 
$P0> ALTER SESSION SET EXPLAIN PLAN = ON;
Alter success.
$P0> UPDATE PDT_LIST SET F2 = F2 WHERE F1 < 10;
No rows updated.
------------------------------------------------------------
PARTITION-COORDINATOR ( TABLE: PDT_LIST, PARTITION: 4/4, ACCESS: 0, SELF_ID: 2 )
 SCAN ( PARTITION: P4, FULL SCAN, ACCESS: 1, DISK_PAGE_COUNT: BLOCKED, SELF_ID: 4 )
 SCAN ( PARTITION: P3, FULL SCAN, ACCESS: 1, DISK_PAGE_COUNT: BLOCKED, SELF_ID: 5 )
 SCAN ( PARTITION: P2, FULL SCAN, ACCESS: 1, DISK_PAGE_COUNT: BLOCKED, SELF_ID: 6 )
 SCAN ( PARTITION: P1, FULL SCAN, ACCESS: 1, DISK_PAGE_COUNT: BLOCKED, SELF_ID: 7 )
------------------------------------------------------------
$P0> UPDATE PDT_LIST SET F2 = F2 WHERE F1 < 20;
1 row updated.
------------------------------------------------------------
PARTITION-COORDINATOR ( TABLE: PDT_LIST, PARTITION: 4/4, ACCESS: 1, SELF_ID: 2 )
 SCAN ( PARTITION: P4, FULL SCAN, ACCESS: 1, DISK_PAGE_COUNT: BLOCKED, SELF_ID: 4 )
 SCAN ( PARTITION: P3, FULL SCAN, ACCESS: 1, DISK_PAGE_COUNT: BLOCKED, SELF_ID: 5 )
 SCAN ( PARTITION: P2, FULL SCAN, ACCESS: 1, DISK_PAGE_COUNT: BLOCKED, SELF_ID: 6 )
 SCAN ( PARTITION: P1, FULL SCAN, ACCESS: 1, DISK_PAGE_COUNT: BLOCKED, SELF_ID: 7 )
------------------------------------------------------------
$P0> UPDATE PDT_LIST SET F2 = F2 WHERE F1 < 30;
2 rows updated.
------------------------------------------------------------
PARTITION-COORDINATOR ( TABLE: PDT_LIST, PARTITION: 4/4, ACCESS: 2, SELF_ID: 2 )
 SCAN ( PARTITION: P4, FULL SCAN, ACCESS: 1, DISK_PAGE_COUNT: BLOCKED, SELF_ID: 4 )
 SCAN ( PARTITION: P3, FULL SCAN, ACCESS: 1, DISK_PAGE_COUNT: BLOCKED, SELF_ID: 5 )
 SCAN ( PARTITION: P2, FULL SCAN, ACCESS: 1, DISK_PAGE_COUNT: BLOCKED, SELF_ID: 6 )
 SCAN ( PARTITION: P1, FULL SCAN, ACCESS: 1, DISK_PAGE_COUNT: BLOCKED, SELF_ID: 7 )
------------------------------------------------------------
$P0> UPDATE PDT_LIST SET F2 = F2 WHERE F1 < 40;
3 rows updated.
------------------------------------------------------------
PARTITION-COORDINATOR ( TABLE: PDT_LIST, PARTITION: 4/4, ACCESS: 3, SELF_ID: 2 )
 SCAN ( PARTITION: P4, FULL SCAN, ACCESS: 1, DISK_PAGE_COUNT: BLOCKED, SELF_ID: 4 )
 SCAN ( PARTITION: P3, FULL SCAN, ACCESS: 1, DISK_PAGE_COUNT: BLOCKED, SELF_ID: 5 )
 SCAN ( PARTITION: P2, FULL SCAN, ACCESS: 1, DISK_PAGE_COUNT: BLOCKED, SELF_ID: 6 )
 SCAN ( PARTITION: P1, FULL SCAN, ACCESS: 1, DISK_PAGE_COUNT: BLOCKED, SELF_ID: 7 )
------------------------------------------------------------
$P0> ALTER SESSION SET EXPLAIN PLAN = OFF;
Alter success.

$P0> INSERT INTO PDT_LIST VALUES( 10, 0 );
1 row inserted.
$P0> INSERT INTO PDT_LIST VALUES( 20, 0 );
1 row inserted.
$P0> INSERT INTO PDT_LIST VALUES( 30, 0 );
1 row inserted.
$P0> INSERT INTO PDT_LIST VALUES( 40, 0 );
1 row inserted.

-- equal
$P0> ALTER SESSION SET EXPLAIN PLAN = ON;
Alter success.
$P0> UPDATE PDT_LIST SET F2 = F2 WHERE F1 = 10;
2 rows updated.
------------------------------------------------------------
PARTITION-COORDINATOR ( TABLE: PDT_LIST, PARTITION: 1/4, ACCESS: 2, SELF_ID: 2 )
 SCAN ( PARTITION: P1, FULL SCAN, ACCESS: 2, DISK_PAGE_COUNT: BLOCKED, SELF_ID: 4 )
------------------------------------------------------------
$P0> UPDATE PDT_LIST SET F2 = F2 WHERE F1 = 20;
2 rows updated.
------------------------------------------------------------
PARTITION-COORDINATOR ( TABLE: PDT_LIST, PARTITION: 1/4, ACCESS: 2, SELF_ID: 2 )
 SCAN ( PARTITION: P2, FULL SCAN, ACCESS: 2, DISK_PAGE_COUNT: BLOCKED, SELF_ID: 4 )
------------------------------------------------------------
$P0> UPDATE PDT_LIST SET F2 = F2 WHERE F1 = 30;
2 rows updated.
------------------------------------------------------------
PARTITION-COORDINATOR ( TABLE: PDT_LIST, PARTITION: 1/4, ACCESS: 2, SELF_ID: 2 )
 SCAN ( PARTITION: P3, FULL SCAN, ACCESS: 2, DISK_PAGE_COUNT: BLOCKED, SELF_ID: 4 )
------------------------------------------------------------
$P0> UPDATE PDT_LIST SET F2 = F2 WHERE F1 = 40;
2 rows updated.
------------------------------------------------------------
PARTITION-COORDINATOR ( TABLE: PDT_LIST, PARTITION: 1/4, ACCESS: 2, SELF_ID: 2 )
 SCAN ( PARTITION: P4, FULL SCAN, ACCESS: 2, DISK_PAGE_COUNT: BLOCKED, SELF_ID: 4 )
------------------------------------------------------------
$P0> ALTER SESSION SET EXPLAIN PLAN = OFF;
Alter success.

$P0> INSERT INTO PDT_LIST VALUES( 10, 0 );
1 row inserted.
$P0> INSERT INTO PDT_LIST VALUES( 20, 0 );
1 row inserted.
$P0> INSERT INTO PDT_LIST VALUES( 30, 0 );
1 row inserted.
$P0> INSERT INTO PDT_LIST VALUES( 40, 0 );
1 row inserted.

-- greater than
$P0> ALTER SESSION SET EXPLAIN PLAN = ON;
Alter success.
$P0> UPDATE PDT_LIST SET F2 = F2 WHERE F1 > 10;
9 rows updated.
------------------------------------------------------------
PARTITION-COORDINATOR ( TABLE: PDT_LIST, PARTITION: 4/4, ACCESS: 9, SELF_ID: 2 )
 SCAN ( PARTITION: P4, FULL SCAN, ACCESS: 3, DISK_PAGE_COUNT: BLOCKED, SELF_ID: 4 )
 SCAN ( PARTITION: P3, FULL SCAN, ACCESS: 3, DISK_PAGE_COUNT: BLOCKED, SELF_ID: 5 )
 SCAN ( PARTITION: P2, FULL SCAN, ACCESS: 3, DISK_PAGE_COUNT: BLOCKED, SELF_ID: 6 )
 SCAN ( PARTITION: P1, FULL SCAN, ACCESS: 3, DISK_PAGE_COUNT: BLOCKED, SELF_ID: 7 )
------------------------------------------------------------
$P0> UPDATE PDT_LIST SET F2 = F2 WHERE F1 > 20;
6 rows updated.
------------------------------------------------------------
PARTITION-COORDINATOR ( TABLE: PDT_LIST, PARTITION: 4/4, ACCESS: 6, SELF_ID: 2 )
 SCAN ( PARTITION: P4, FULL SCAN, ACCESS: 3, DISK_PAGE_COUNT: BLOCKED, SELF_ID: 4 )
 SCAN ( PARTITION: P3, FULL SCAN, ACCESS: 3, DISK_PAGE_COUNT: BLOCKED, SELF_ID: 5 )
 SCAN ( PARTITION: P2, FULL SCAN, ACCESS: 3, DISK_PAGE_COUNT: BLOCKED, SELF_ID: 6 )
 SCAN ( PARTITION: P1, FULL SCAN, ACCESS: 3, DISK_PAGE_COUNT: BLOCKED, SELF_ID: 7 )
------------------------------------------------------------
$P0> UPDATE PDT_LIST SET F2 = F2 WHERE F1 > 30;
3 rows updated.
------------------------------------------------------------
PARTITION-COORDINATOR ( TABLE: PDT_LIST, PARTITION: 4/4, ACCESS: 3, SELF_ID: 2 )
 SCAN ( PARTITION: P4, FULL SCAN, ACCESS: 3, DISK_PAGE_COUNT: BLOCKED, SELF_ID: 4 )
 SCAN ( PARTITION: P3, FULL SCAN, ACCESS: 3, DISK_PAGE_COUNT: BLOCKED, SELF_ID: 5 )
 SCAN ( PARTITION: P2, FULL SCAN, ACCESS: 3, DISK_PAGE_COUNT: BLOCKED, SELF_ID: 6 )
 SCAN ( PARTITION: P1, FULL SCAN, ACCESS: 3, DISK_PAGE_COUNT: BLOCKED, SELF_ID: 7 )
------------------------------------------------------------
$P0> UPDATE PDT_LIST SET F2 = F2 WHERE F1 > 40;
No rows updated.
------------------------------------------------------------
PARTITION-COORDINATOR ( TABLE: PDT_LIST, PARTITION: 4/4, ACCESS: 0, SELF_ID: 2 )
 SCAN ( PARTITION: P4, FULL SCAN, ACCESS: 3, DISK_PAGE_COUNT: BLOCKED, SELF_ID: 4 )
 SCAN ( PARTITION: P3, FULL SCAN, ACCESS: 3, DISK_PAGE_COUNT: BLOCKED, SELF_ID: 5 )
 SCAN ( PARTITION: P2, FULL SCAN, ACCESS: 3, DISK_PAGE_COUNT: BLOCKED, SELF_ID: 6 )
 SCAN ( PARTITION: P1, FULL SCAN, ACCESS: 3, DISK_PAGE_COUNT: BLOCKED, SELF_ID: 7 )
------------------------------------------------------------
$P0> ALTER SESSION SET EXPLAIN PLAN = OFF;
Alter success.

$P0> INSERT INTO PDT_LIST VALUES( 10, 0 );
1 row inserted.
$P0> INSERT INTO PDT_LIST VALUES( 20, 0 );
1 row inserted.
$P0> INSERT INTO PDT_LIST VALUES( 30, 0 );
1 row inserted.
$P0> INSERT INTO PDT_LIST VALUES( 40, 0 );
1 row inserted.

-- less equal than
$P0> ALTER SESSION SET EXPLAIN PLAN = ON;
Alter success.
$P0> UPDATE PDT_LIST SET F2 = F2 WHERE F1 <= 10;
4 rows updated.
------------------------------------------------------------
PARTITION-COORDINATOR ( TABLE: PDT_LIST, PARTITION: 4/4, ACCESS: 4, SELF_ID: 2 )
 SCAN ( PARTITION: P4, FULL SCAN, ACCESS: 4, DISK_PAGE_COUNT: BLOCKED, SELF_ID: 4 )
 SCAN ( PARTITION: P3, FULL SCAN, ACCESS: 4, DISK_PAGE_COUNT: BLOCKED, SELF_ID: 5 )
 SCAN ( PARTITION: P2, FULL SCAN, ACCESS: 4, DISK_PAGE_COUNT: BLOCKED, SELF_ID: 6 )
 SCAN ( PARTITION: P1, FULL SCAN, ACCESS: 4, DISK_PAGE_COUNT: BLOCKED, SELF_ID: 7 )
------------------------------------------------------------
$P0> UPDATE PDT_LIST SET F2 = F2 WHERE F1 <= 20;
8 rows updated.
------------------------------------------------------------
PARTITION-COORDINATOR ( TABLE: PDT_LIST, PARTITION: 4/4, ACCESS: 8, SELF_ID: 2 )
 SCAN ( PARTITION: P4, FULL SCAN, ACCESS: 4, DISK_PAGE_COUNT: BLOCKED, SELF_ID: 4 )
 SCAN ( PARTITION: P3, FULL SCAN, ACCESS: 4, DISK_PAGE_COUNT: BLOCKED, SELF_ID: 5 )
 SCAN ( PARTITION: P2, FULL SCAN, ACCESS: 4, DISK_PAGE_COUNT: BLOCKED, SELF_ID: 6 )
 SCAN ( PARTITION: P1, FULL SCAN, ACCESS: 4, DISK_PAGE_COUNT: BLOCKED, SELF_ID: 7 )
------------------------------------------------------------
$P0> UPDATE PDT_LIST SET F2 = F2 WHERE F1 <= 30;
12 rows updated.
------------------------------------------------------------
PARTITION-COORDINATOR ( TABLE: PDT_LIST, PARTITION: 4/4, ACCESS: 12, SELF_ID: 2 )
 SCAN ( PARTITION: P4, FULL SCAN, ACCESS: 4, DISK_PAGE_COUNT: BLOCKED, SELF_ID: 4 )
 SCAN ( PARTITION: P3, FULL SCAN, ACCESS: 4, DISK_PAGE_COUNT: BLOCKED, SELF_ID: 5 )
 SCAN ( PARTITION: P2, FULL SCAN, ACCESS: 4, DISK_PAGE_COUNT: BLOCKED, SELF_ID: 6 )
 SCAN ( PARTITION: P1, FULL SCAN, ACCESS: 4, DISK_PAGE_COUNT: BLOCKED, SELF_ID: 7 )
------------------------------------------------------------
$P0> UPDATE PDT_LIST SET F2 = F2 WHERE F1 <= 40;
16 rows updated.
------------------------------------------------------------
PARTITION-COORDINATOR ( TABLE: PDT_LIST, PARTITION: 4/4, ACCESS: 16, SELF_ID: 2 )
 SCAN ( PARTITION: P4, FULL SCAN, ACCESS: 4, DISK_PAGE_COUNT: BLOCKED, SELF_ID: 4 )
 SCAN ( PARTITION: P3, FULL SCAN, ACCESS: 4, DISK_PAGE_COUNT: BLOCKED, SELF_ID: 5 )
 SCAN ( PARTITION: P2, FULL SCAN, ACCESS: 4, DISK_PAGE_COUNT: BLOCKED, SELF_ID: 6 )
 SCAN ( PARTITION: P1, FULL SCAN, ACCESS: 4, DISK_PAGE_COUNT: BLOCKED, SELF_ID: 7 )
------------------------------------------------------------
$P0> ALTER SESSION SET EXPLAIN PLAN = OFF;
Alter success.

$P0> INSERT INTO PDT_LIST VALUES( 10, 0 );
1 row inserted.
$P0> INSERT INTO PDT_LIST VALUES( 20, 0 );
1 row inserted.
$P0> INSERT INTO PDT_LIST VALUES( 30, 0 );
1 row inserted.
$P0> INSERT INTO PDT_LIST VALUES( 40, 0 );
1 row inserted.

-- greater equal than
$P0> ALTER SESSION SET EXPLAIN PLAN = ON;
Alter success.
$P0> UPDATE PDT_LIST SET F2 = F2 WHERE F1 >= 10;
20 rows updated.
------------------------------------------------------------
PARTITION-COORDINATOR ( TABLE: PDT_LIST, PARTITION: 4/4, ACCESS: 20, SELF_ID: 2 )
 SCAN ( PARTITION: P4, FULL SCAN, ACCESS: 5, DISK_PAGE_COUNT: BLOCKED, SELF_ID: 4 )
 SCAN ( PARTITION: P3, FULL SCAN, ACCESS: 5, DISK_PAGE_COUNT: BLOCKED, SELF_ID: 5 )
 SCAN ( PARTITION: P2, FULL SCAN, ACCESS: 5, DISK_PAGE_COUNT: BLOCKED, SELF_ID: 6 )
 SCAN ( PARTITION: P1, FULL SCAN, ACCESS: 5, DISK_PAGE_COUNT: BLOCKED, SELF_ID: 7 )
------------------------------------------------------------
$P0> UPDATE PDT_LIST SET F2 = F2 WHERE F1 >= 20;
15 rows updated.
------------------------------------------------------------
PARTITION-COORDINATOR ( TABLE: PDT_LIST, PARTITION: 4/4, ACCESS: 15, SELF_ID: 2 )
 SCAN ( PARTITION: P4, FULL SCAN, ACCESS: 5, DISK_PAGE_COUNT: BLOCKED, SELF_ID: 4 )
 SCAN ( PARTITION: P3, FULL SCAN, ACCESS: 5, DISK_PAGE_COUNT: BLOCKED, SELF_ID: 5 )
 SCAN ( PARTITION: P2, FULL SCAN, ACCESS: 5, DISK_PAGE_COUNT: BLOCKED, SELF_ID: 6 )
 SCAN ( PARTITION: P1, FULL SCAN, ACCESS: 5, DISK_PAGE_COUNT: BLOCKED, SELF_ID: 7 )
------------------------------------------------------------
$P0> UPDATE PDT_LIST SET F2 = F2 WHERE F1 >= 30;
10 rows updated.
------------------------------------------------------------
PARTITION-COORDINATOR ( TABLE: PDT_LIST, PARTITION: 4/4, ACCESS: 10, SELF_ID: 2 )
 SCAN ( PARTITION: P4, FULL SCAN, ACCESS: 5, DISK_PAGE_COUNT: BLOCKED, SELF_ID: 4 )
 SCAN ( PARTITION: P3, FULL SCAN, ACCESS: 5, DISK_PAGE_COUNT: BLOCKED, SELF_ID: 5 )
 SCAN ( PARTITION: P2, FULL SCAN, ACCESS: 5, DISK_PAGE_COUNT: BLOCKED, SELF_ID: 6 )
 SCAN ( PARTITION: P1, FULL SCAN, ACCESS: 5, DISK_PAGE_COUNT: BLOCKED, SELF_ID: 7 )
------------------------------------------------------------
$P0> UPDATE PDT_LIST SET F2 = F2 WHERE F1 >= 40;
5 rows updated.
------------------------------------------------------------
PARTITION-COORDINATOR ( TABLE: PDT_LIST, PARTITION: 4/4, ACCESS: 5, SELF_ID: 2 )
 SCAN ( PARTITION: P4, FULL SCAN, ACCESS: 5, DISK_PAGE_COUNT: BLOCKED, SELF_ID: 4 )
 SCAN ( PARTITION: P3, FULL SCAN, ACCESS: 5, DISK_PAGE_COUNT: BLOCKED, SELF_ID: 5 )
 SCAN ( PARTITION: P2, FULL SCAN, ACCESS: 5, DISK_PAGE_COUNT: BLOCKED, SELF_ID: 6 )
 SCAN ( PARTITION: P1, FULL SCAN, ACCESS: 5, DISK_PAGE_COUNT: BLOCKED, SELF_ID: 7 )
------------------------------------------------------------
$P0> ALTER SESSION SET EXPLAIN PLAN = OFF;
Alter success.

$P0> INSERT INTO PDT_LIST VALUES( 10, 0 );
1 row inserted.
$P0> INSERT INTO PDT_LIST VALUES( 20, 0 );
1 row inserted.
$P0> INSERT INTO PDT_LIST VALUES( 30, 0 );
1 row inserted.
$P0> INSERT INTO PDT_LIST VALUES( 40, 0 );
1 row inserted.

$P0> ALTER SESSION SET EXPLAIN PLAN = ON;
Alter success.
$P0> UPDATE PDT_LIST SET F2 = F2 WHERE F1 >= 10 AND F1 < 20;
6 rows updated.
------------------------------------------------------------
PARTITION-COORDINATOR ( TABLE: PDT_LIST, PARTITION: 4/4, ACCESS: 6, SELF_ID: 2 )
 SCAN ( PARTITION: P4, FULL SCAN, ACCESS: 6, DISK_PAGE_COUNT: BLOCKED, SELF_ID: 4 )
 SCAN ( PARTITION: P3, FULL SCAN, ACCESS: 6, DISK_PAGE_COUNT: BLOCKED, SELF_ID: 5 )
 SCAN ( PARTITION: P2, FULL SCAN, ACCESS: 6, DISK_PAGE_COUNT: BLOCKED, SELF_ID: 6 )
 SCAN ( PARTITION: P1, FULL SCAN, ACCESS: 6, DISK_PAGE_COUNT: BLOCKED, SELF_ID: 7 )
------------------------------------------------------------
$P0> UPDATE PDT_LIST SET F2 = F2 WHERE F1 >= 20 AND F1 < 30;
6 rows updated.
------------------------------------------------------------
PARTITION-COORDINATOR ( TABLE: PDT_LIST, PARTITION: 4/4, ACCESS: 6, SELF_ID: 2 )
 SCAN ( PARTITION: P4, FULL SCAN, ACCESS: 6, DISK_PAGE_COUNT: BLOCKED, SELF_ID: 4 )
 SCAN ( PARTITION: P3, FULL SCAN, ACCESS: 6, DISK_PAGE_COUNT: BLOCKED, SELF_ID: 5 )
 SCAN ( PARTITION: P2, FULL SCAN, ACCESS: 6, DISK_PAGE_COUNT: BLOCKED, SELF_ID: 6 )
 SCAN ( PARTITION: P1, FULL SCAN, ACCESS: 6, DISK_PAGE_COUNT: BLOCKED, SELF_ID: 7 )
------------------------------------------------------------
$P0> ALTER SESSION SET EXPLAIN PLAN = OFF;
Alter success.

$P0> INSERT INTO PDT_LIST VALUES( 10, 0 );
1 row inserted.
$P0> INSERT INTO PDT_LIST VALUES( 20, 0 );
1 row inserted.
$P0> INSERT INTO PDT_LIST VALUES( 30, 0 );
1 row inserted.
$P0> INSERT INTO PDT_LIST VALUES( 40, 0 );
1 row inserted.

-- not equal
$P0> ALTER SESSION SET EXPLAIN PLAN = ON;
Alter success.
$P0> UPDATE PDT_LIST SET F2 = F2;
28 rows updated.
------------------------------------------------------------
PARTITION-COORDINATOR ( TABLE: PDT_LIST, PARTITION: 4/4, ACCESS: 28, SELF_ID: 0 )
 SCAN ( PARTITION: P4, FULL SCAN, ACCESS: 7, DISK_PAGE_COUNT: BLOCKED, SELF_ID: 4 )
 SCAN ( PARTITION: P3, FULL SCAN, ACCESS: 7, DISK_PAGE_COUNT: BLOCKED, SELF_ID: 5 )
 SCAN ( PARTITION: P2, FULL SCAN, ACCESS: 7, DISK_PAGE_COUNT: BLOCKED, SELF_ID: 6 )
 SCAN ( PARTITION: P1, FULL SCAN, ACCESS: 7, DISK_PAGE_COUNT: BLOCKED, SELF_ID: 7 )
------------------------------------------------------------
$P0> UPDATE PDT_LIST SET F2 = F2 WHERE F1 != 10;
21 rows updated.
------------------------------------------------------------
PARTITION-COORDINATOR ( TABLE: PDT_LIST, PARTITION: 4/4, ACCESS: 21, SELF_ID: 2 )
 SCAN ( PARTITION: P4, FULL SCAN, ACCESS: 7, DISK_PAGE_COUNT: BLOCKED, SELF_ID: 4 )
 SCAN ( PARTITION: P3, FULL SCAN, ACCESS: 7, DISK_PAGE_COUNT: BLOCKED, SELF_ID: 5 )
 SCAN ( PARTITION: P2, FULL SCAN, ACCESS: 7, DISK_PAGE_COUNT: BLOCKED, SELF_ID: 6 )
 SCAN ( PARTITION: P1, FULL SCAN, ACCESS: 7, DISK_PAGE_COUNT: BLOCKED, SELF_ID: 7 )
------------------------------------------------------------
$P0> UPDATE PDT_LIST SET F2 = F2 WHERE F1 != 20;
21 rows updated.
------------------------------------------------------------
PARTITION-COORDINATOR ( TABLE: PDT_LIST, PARTITION: 4/4, ACCESS: 21, SELF_ID: 2 )
 SCAN ( PARTITION: P4, FULL SCAN, ACCESS: 7, DISK_PAGE_COUNT: BLOCKED, SELF_ID: 4 )
 SCAN ( PARTITION: P3, FULL SCAN, ACCESS: 7, DISK_PAGE_COUNT: BLOCKED, SELF_ID: 5 )
 SCAN ( PARTITION: P2, FULL SCAN, ACCESS: 7, DISK_PAGE_COUNT: BLOCKED, SELF_ID: 6 )
 SCAN ( PARTITION: P1, FULL SCAN, ACCESS: 7, DISK_PAGE_COUNT: BLOCKED, SELF_ID: 7 )
------------------------------------------------------------
$P0> UPDATE PDT_LIST SET F2 = F2 WHERE F1 != 30;
21 rows updated.
------------------------------------------------------------
PARTITION-COORDINATOR ( TABLE: PDT_LIST, PARTITION: 4/4, ACCESS: 21, SELF_ID: 2 )
 SCAN ( PARTITION: P4, FULL SCAN, ACCESS: 7, DISK_PAGE_COUNT: BLOCKED, SELF_ID: 4 )
 SCAN ( PARTITION: P3, FULL SCAN, ACCESS: 7, DISK_PAGE_COUNT: BLOCKED, SELF_ID: 5 )
 SCAN ( PARTITION: P2, FULL SCAN, ACCESS: 7, DISK_PAGE_COUNT: BLOCKED, SELF_ID: 6 )
 SCAN ( PARTITION: P1, FULL SCAN, ACCESS: 7, DISK_PAGE_COUNT: BLOCKED, SELF_ID: 7 )
------------------------------------------------------------
$P0> UPDATE PDT_LIST SET F2 = F2 WHERE F1 != 40;
21 rows updated.
------------------------------------------------------------
PARTITION-COORDINATOR ( TABLE: PDT_LIST, PARTITION: 4/4, ACCESS: 21, SELF_ID: 2 )
 SCAN ( PARTITION: P4, FULL SCAN, ACCESS: 7, DISK_PAGE_COUNT: BLOCKED, SELF_ID: 4 )
 SCAN ( PARTITION: P3, FULL SCAN, ACCESS: 7, DISK_PAGE_COUNT: BLOCKED, SELF_ID: 5 )
 SCAN ( PARTITION: P2, FULL SCAN, ACCESS: 7, DISK_PAGE_COUNT: BLOCKED, SELF_ID: 6 )
 SCAN ( PARTITION: P1, FULL SCAN, ACCESS: 7, DISK_PAGE_COUNT: BLOCKED, SELF_ID: 7 )
------------------------------------------------------------
$P0> ALTER SESSION SET EXPLAIN PLAN = OFF;
Alter success.

-------------------------------------
-- 3.3 Partition filtering
-------------------------------------
$P0> DROP TABLE PDT_LIST;
Drop success.
$P0> CREATE TABLE PDT_LIST
     (
         F1   INTEGER,
         F2   INTEGER
     ) 
     PARTITION BY LIST( F1 )
     (
         PARTITION P1 VALUES ( 10, 15 ),
         PARTITION P2 VALUES ( 20, 25 ),
         PARTITION P3 VALUES ( 30, 35 ),
         PARTITION P4 VALUES DEFAULT
     ) TABLESPACE PDT_TBS;
Create success.

$P0> INSERT INTO PDT_LIST VALUES( 10, 0 );
1 row inserted.
$P0> INSERT INTO PDT_LIST VALUES( 20, 0 );
1 row inserted.
$P0> INSERT INTO PDT_LIST VALUES( 30, 0 );
1 row inserted.
$P0> INSERT INTO PDT_LIST VALUES( 40, 0 );
1 row inserted.

$P0> ALTER SESSION SET EXPLAIN PLAN = ON;
Alter success.
$P0> UPDATE PDT_LIST SET F2 = F2;
4 rows updated.
------------------------------------------------------------
PARTITION-COORDINATOR ( TABLE: PDT_LIST, PARTITION: 4/4, ACCESS: 4, SELF_ID: 0 )
 SCAN ( PARTITION: P4, FULL SCAN, ACCESS: 1, DISK_PAGE_COUNT: BLOCKED, SELF_ID: 4 )
 SCAN ( PARTITION: P3, FULL SCAN, ACCESS: 1, DISK_PAGE_COUNT: BLOCKED, SELF_ID: 5 )
 SCAN ( PARTITION: P2, FULL SCAN, ACCESS: 1, DISK_PAGE_COUNT: BLOCKED, SELF_ID: 6 )
 SCAN ( PARTITION: P1, FULL SCAN, ACCESS: 1, DISK_PAGE_COUNT: BLOCKED, SELF_ID: 7 )
------------------------------------------------------------
$P0> UPDATE PDT_LIST SET F2 = F2 WHERE F2 = 0;
4 rows updated.
------------------------------------------------------------
PARTITION-COORDINATOR ( TABLE: PDT_LIST, PARTITION: 4/4, ACCESS: 4, SELF_ID: 2 )
 SCAN ( PARTITION: P4, FULL SCAN, ACCESS: 1, DISK_PAGE_COUNT: BLOCKED, SELF_ID: 4 )
 SCAN ( PARTITION: P3, FULL SCAN, ACCESS: 1, DISK_PAGE_COUNT: BLOCKED, SELF_ID: 5 )
 SCAN ( PARTITION: P2, FULL SCAN, ACCESS: 1, DISK_PAGE_COUNT: BLOCKED, SELF_ID: 6 )
 SCAN ( PARTITION: P1, FULL SCAN, ACCESS: 1, DISK_PAGE_COUNT: BLOCKED, SELF_ID: 7 )
------------------------------------------------------------
$P0> UPDATE PDT_LIST SET F2 = F2 WHERE F1 = F1;
4 rows updated.
------------------------------------------------------------
PARTITION-COORDINATOR ( TABLE: PDT_LIST, PARTITION: 4/4, ACCESS: 4, SELF_ID: 1 )
 SCAN ( PARTITION: P4, FULL SCAN, ACCESS: 1, DISK_PAGE_COUNT: BLOCKED, SELF_ID: 4 )
 SCAN ( PARTITION: P3, FULL SCAN, ACCESS: 1, DISK_PAGE_COUNT: BLOCKED, SELF_ID: 5 )
 SCAN ( PARTITION: P2, FULL SCAN, ACCESS: 1, DISK_PAGE_COUNT: BLOCKED, SELF_ID: 6 )
 SCAN ( PARTITION: P1, FULL SCAN, ACCESS: 1, DISK_PAGE_COUNT: BLOCKED, SELF_ID: 7 )
------------------------------------------------------------
$P0> UPDATE PDT_LIST SET F2 = F2 WHERE F1 = F2;
No rows updated.
------------------------------------------------------------
PARTITION-COORDINATOR ( TABLE: PDT_LIST, PARTITION: 4/4, ACCESS: 0, SELF_ID: 1 )
 SCAN ( PARTITION: P4, FULL SCAN, ACCESS: 1, DISK_PAGE_COUNT: BLOCKED, SELF_ID: 4 )
 SCAN ( PARTITION: P3, FULL SCAN, ACCESS: 1, DISK_PAGE_COUNT: BLOCKED, SELF_ID: 5 )
 SCAN ( PARTITION: P2, FULL SCAN, ACCESS: 1, DISK_PAGE_COUNT: BLOCKED, SELF_ID: 6 )
 SCAN ( PARTITION: P1, FULL SCAN, ACCESS: 1, DISK_PAGE_COUNT: BLOCKED, SELF_ID: 7 )
------------------------------------------------------------
$P0> ALTER SESSION SET EXPLAIN PLAN = OFF;
Alter success.


--###################################
--+SECTOR 5; FINALIZE
--###################################

$P0> DROP TABLE PDT_LIST;
Drop success.

