 
+----------------------------------------------------------------------+
--+SECTOR 0; BY ATC
+----------------------------------------------------------------------+
 
$P0> --+PROCESS P0;
--######################################################
-- UPDATE HASH PARTITIOIN ( PK:INTEGER )
--######################################################

--###################################
--+SECTOR 1; INTIALIZE
--###################################

--+SKIP BEGIN; 
$P0> DROP TABLE PDT_HASH;
--+SKIP END; 

--#########################################
--+SECTOR 2; DO JOB #1 (1. Basic Test)
--#########################################

$P0> CREATE TABLE PDT_HASH
     (
         F1   INTEGER,
         F2   INTEGER
     ) 
     PARTITION BY HASH( F1 )
     (
         PARTITION P1,
         PARTITION P2,
         PARTITION P3,
         PARTITION P4
     ) TABLESPACE PDT_TBS;
Create success.

$P0> INSERT INTO PDT_HASH VALUES( 0, 0 );
1 row inserted.
$P0> INSERT INTO PDT_HASH VALUES( 1, 0 );
1 row inserted.
$P0> INSERT INTO PDT_HASH VALUES( 2, 0 );
1 row inserted.
$P0> INSERT INTO PDT_HASH VALUES( 3, 0 );
1 row inserted.

$P0> UPDATE PDT_HASH PARTITION( P1 ) SET F2 = F2;
1 row updated.
$P0> UPDATE PDT_HASH PARTITION( P2 ) SET F2 = F2;
2 rows updated.
$P0> UPDATE PDT_HASH PARTITION( P3 ) SET F2 = F2;
No rows updated.
$P0> UPDATE PDT_HASH PARTITION( P4 ) SET F2 = F2;
1 row updated.


--#########################################
--+SECTOR 3; DO JOB #2 (2. Validation Test)
--#########################################

$P0> DROP TABLE PDT_HASH;
Drop success.
$P0> CREATE TABLE PDT_HASH
     (
         F1   INTEGER,
         F2   INTEGER
     ) 
     PARTITION BY HASH( F1 )
     (
         PARTITION P1,
         PARTITION P2,
         PARTITION P3,
         PARTITION P4
     ) TABLESPACE PDT_TBS;
Create success.

$P0> INSERT INTO PDT_HASH VALUES( 0, 0 );
1 row inserted.
$P0> INSERT INTO PDT_HASH VALUES( 1, 0 );
1 row inserted.
$P0> INSERT INTO PDT_HASH VALUES( 2, 0 );
1 row inserted.
$P0> INSERT INTO PDT_HASH VALUES( 3, 0 );
1 row inserted.

-- should be fail
$P0> UPDATE PDT_HASH PARTITION( P5 ) SET F2 = F2;
[ERR-3125B : The table partition does not exist. ]


--#########################################
--+SECTOR 4; DO JOB #3 (3. Execution Test)
--#########################################

-------------------------------------
-- 3.1 Partition Pruning ( User )
-------------------------------------
$P0> DROP TABLE PDT_HASH;
Drop success.
$P0> CREATE TABLE PDT_HASH
     (
         F1   INTEGER,
         F2   INTEGER
     ) 
     PARTITION BY HASH( F1 )
     (
         PARTITION P1,
         PARTITION P2,
         PARTITION P3,
         PARTITION P4
     ) TABLESPACE PDT_TBS;
Create success.

$P0> INSERT INTO PDT_HASH VALUES( 0, 0 );
1 row inserted.
$P0> INSERT INTO PDT_HASH VALUES( 1, 0 );
1 row inserted.
$P0> INSERT INTO PDT_HASH VALUES( 2, 0 );
1 row inserted.
$P0> INSERT INTO PDT_HASH VALUES( 3, 0 );
1 row inserted.

-- please check plan
$P0> ALTER SESSION SET EXPLAIN PLAN = ON;
Alter success.
$P0> UPDATE PDT_HASH PARTITION( P1 ) SET F2 = F2;
1 row updated.
------------------------------------------------------------
PARTITION-COORDINATOR ( TABLE: PDT_HASH, PARTITION: 1/4, ACCESS: 1, SELF_ID: 0 )
 SCAN ( PARTITION: P1, FULL SCAN, ACCESS: 1, DISK_PAGE_COUNT: BLOCKED, SELF_ID: 2 )
------------------------------------------------------------
$P0> UPDATE PDT_HASH PARTITION( P2 ) SET F2 = F2;
2 rows updated.
------------------------------------------------------------
PARTITION-COORDINATOR ( TABLE: PDT_HASH, PARTITION: 1/4, ACCESS: 2, SELF_ID: 0 )
 SCAN ( PARTITION: P2, FULL SCAN, ACCESS: 2, DISK_PAGE_COUNT: BLOCKED, SELF_ID: 2 )
------------------------------------------------------------
$P0> UPDATE PDT_HASH PARTITION( P3 ) SET F2 = F2;
No rows updated.
------------------------------------------------------------
PARTITION-COORDINATOR ( TABLE: PDT_HASH, PARTITION: 1/4, ACCESS: 0, SELF_ID: 0 )
 SCAN ( PARTITION: P3, FULL SCAN, ACCESS: 0, DISK_PAGE_COUNT: BLOCKED, SELF_ID: 2 )
------------------------------------------------------------
$P0> UPDATE PDT_HASH PARTITION( P4 ) SET F2 = F2;
1 row updated.
------------------------------------------------------------
PARTITION-COORDINATOR ( TABLE: PDT_HASH, PARTITION: 1/4, ACCESS: 1, SELF_ID: 0 )
 SCAN ( PARTITION: P4, FULL SCAN, ACCESS: 1, DISK_PAGE_COUNT: BLOCKED, SELF_ID: 2 )
------------------------------------------------------------
$P0> ALTER SESSION SET EXPLAIN PLAN = OFF;
Alter success.

-------------------------------------
-- 3.2 Partition filtering
-------------------------------------
$P0> DROP TABLE PDT_HASH;
Drop success.
$P0> CREATE TABLE PDT_HASH
     (
         F1   INTEGER,
         F2   INTEGER
     ) 
     PARTITION BY HASH( F1 )
     (
         PARTITION P1,
         PARTITION P2,
         PARTITION P3,
         PARTITION P4
     ) TABLESPACE PDT_TBS;
Create success.

$P0> INSERT INTO PDT_HASH VALUES( 0, 0 );
1 row inserted.
$P0> INSERT INTO PDT_HASH VALUES( 1, 0 );
1 row inserted.
$P0> INSERT INTO PDT_HASH VALUES( 2, 0 );
1 row inserted.
$P0> INSERT INTO PDT_HASH VALUES( 3, 0 );
1 row inserted.

-- less than 
$P0> ALTER SESSION SET EXPLAIN PLAN = ON;
Alter success.
$P0> UPDATE PDT_HASH SET F2 = F2 WHERE F1 < 10;
4 rows updated.
------------------------------------------------------------
PARTITION-COORDINATOR ( TABLE: PDT_HASH, PARTITION: 4/4, ACCESS: 4, SELF_ID: 2 )
 SCAN ( PARTITION: P4, FULL SCAN, ACCESS: 1, DISK_PAGE_COUNT: BLOCKED, SELF_ID: 4 )
 SCAN ( PARTITION: P3, FULL SCAN, ACCESS: 0, DISK_PAGE_COUNT: BLOCKED, SELF_ID: 5 )
 SCAN ( PARTITION: P2, FULL SCAN, ACCESS: 2, DISK_PAGE_COUNT: BLOCKED, SELF_ID: 6 )
 SCAN ( PARTITION: P1, FULL SCAN, ACCESS: 1, DISK_PAGE_COUNT: BLOCKED, SELF_ID: 7 )
------------------------------------------------------------
$P0> UPDATE PDT_HASH SET F2 = F2 WHERE F1 < 20;
4 rows updated.
------------------------------------------------------------
PARTITION-COORDINATOR ( TABLE: PDT_HASH, PARTITION: 4/4, ACCESS: 4, SELF_ID: 2 )
 SCAN ( PARTITION: P4, FULL SCAN, ACCESS: 1, DISK_PAGE_COUNT: BLOCKED, SELF_ID: 4 )
 SCAN ( PARTITION: P3, FULL SCAN, ACCESS: 0, DISK_PAGE_COUNT: BLOCKED, SELF_ID: 5 )
 SCAN ( PARTITION: P2, FULL SCAN, ACCESS: 2, DISK_PAGE_COUNT: BLOCKED, SELF_ID: 6 )
 SCAN ( PARTITION: P1, FULL SCAN, ACCESS: 1, DISK_PAGE_COUNT: BLOCKED, SELF_ID: 7 )
------------------------------------------------------------
$P0> UPDATE PDT_HASH SET F2 = F2 WHERE F1 < 30;
4 rows updated.
------------------------------------------------------------
PARTITION-COORDINATOR ( TABLE: PDT_HASH, PARTITION: 4/4, ACCESS: 4, SELF_ID: 2 )
 SCAN ( PARTITION: P4, FULL SCAN, ACCESS: 1, DISK_PAGE_COUNT: BLOCKED, SELF_ID: 4 )
 SCAN ( PARTITION: P3, FULL SCAN, ACCESS: 0, DISK_PAGE_COUNT: BLOCKED, SELF_ID: 5 )
 SCAN ( PARTITION: P2, FULL SCAN, ACCESS: 2, DISK_PAGE_COUNT: BLOCKED, SELF_ID: 6 )
 SCAN ( PARTITION: P1, FULL SCAN, ACCESS: 1, DISK_PAGE_COUNT: BLOCKED, SELF_ID: 7 )
------------------------------------------------------------
$P0> UPDATE PDT_HASH SET F2 = F2 WHERE F1 < 40;
4 rows updated.
------------------------------------------------------------
PARTITION-COORDINATOR ( TABLE: PDT_HASH, PARTITION: 4/4, ACCESS: 4, SELF_ID: 2 )
 SCAN ( PARTITION: P4, FULL SCAN, ACCESS: 1, DISK_PAGE_COUNT: BLOCKED, SELF_ID: 4 )
 SCAN ( PARTITION: P3, FULL SCAN, ACCESS: 0, DISK_PAGE_COUNT: BLOCKED, SELF_ID: 5 )
 SCAN ( PARTITION: P2, FULL SCAN, ACCESS: 2, DISK_PAGE_COUNT: BLOCKED, SELF_ID: 6 )
 SCAN ( PARTITION: P1, FULL SCAN, ACCESS: 1, DISK_PAGE_COUNT: BLOCKED, SELF_ID: 7 )
------------------------------------------------------------
$P0> ALTER SESSION SET EXPLAIN PLAN = OFF;
Alter success.

$P0> INSERT INTO PDT_HASH VALUES( 0, 0 );
1 row inserted.
$P0> INSERT INTO PDT_HASH VALUES( 1, 0 );
1 row inserted.
$P0> INSERT INTO PDT_HASH VALUES( 2, 0 );
1 row inserted.
$P0> INSERT INTO PDT_HASH VALUES( 3, 0 );
1 row inserted.

-- equal
$P0> ALTER SESSION SET EXPLAIN PLAN = ON;
Alter success.
$P0> UPDATE PDT_HASH SET F2 = F2 WHERE F1 = 10;
No rows updated.
------------------------------------------------------------
PARTITION-COORDINATOR ( TABLE: PDT_HASH, PARTITION: 1/4, ACCESS: 0, SELF_ID: 2 )
 SCAN ( PARTITION: P1, FULL SCAN, ACCESS: 2, DISK_PAGE_COUNT: BLOCKED, SELF_ID: 4 )
------------------------------------------------------------
$P0> UPDATE PDT_HASH SET F2 = F2 WHERE F1 = 20;
No rows updated.
------------------------------------------------------------
PARTITION-COORDINATOR ( TABLE: PDT_HASH, PARTITION: 1/4, ACCESS: 0, SELF_ID: 2 )
 SCAN ( PARTITION: P1, FULL SCAN, ACCESS: 2, DISK_PAGE_COUNT: BLOCKED, SELF_ID: 4 )
------------------------------------------------------------
$P0> UPDATE PDT_HASH SET F2 = F2 WHERE F1 = 30;
No rows updated.
------------------------------------------------------------
PARTITION-COORDINATOR ( TABLE: PDT_HASH, PARTITION: 1/4, ACCESS: 0, SELF_ID: 2 )
 SCAN ( PARTITION: P2, FULL SCAN, ACCESS: 4, DISK_PAGE_COUNT: BLOCKED, SELF_ID: 4 )
------------------------------------------------------------
$P0> UPDATE PDT_HASH SET F2 = F2 WHERE F1 = 40;
No rows updated.
------------------------------------------------------------
PARTITION-COORDINATOR ( TABLE: PDT_HASH, PARTITION: 1/4, ACCESS: 0, SELF_ID: 2 )
 SCAN ( PARTITION: P1, FULL SCAN, ACCESS: 2, DISK_PAGE_COUNT: BLOCKED, SELF_ID: 4 )
------------------------------------------------------------
$P0> ALTER SESSION SET EXPLAIN PLAN = OFF;
Alter success.

$P0> INSERT INTO PDT_HASH VALUES( 0, 0 );
1 row inserted.
$P0> INSERT INTO PDT_HASH VALUES( 1, 0 );
1 row inserted.
$P0> INSERT INTO PDT_HASH VALUES( 2, 0 );
1 row inserted.
$P0> INSERT INTO PDT_HASH VALUES( 3, 0 );
1 row inserted.

-- greater than
$P0> ALTER SESSION SET EXPLAIN PLAN = ON;
Alter success.
$P0> UPDATE PDT_HASH SET F2 = F2 WHERE F1 > 10;
No rows updated.
------------------------------------------------------------
PARTITION-COORDINATOR ( TABLE: PDT_HASH, PARTITION: 4/4, ACCESS: 0, SELF_ID: 2 )
 SCAN ( PARTITION: P4, FULL SCAN, ACCESS: 3, DISK_PAGE_COUNT: BLOCKED, SELF_ID: 4 )
 SCAN ( PARTITION: P3, FULL SCAN, ACCESS: 0, DISK_PAGE_COUNT: BLOCKED, SELF_ID: 5 )
 SCAN ( PARTITION: P2, FULL SCAN, ACCESS: 6, DISK_PAGE_COUNT: BLOCKED, SELF_ID: 6 )
 SCAN ( PARTITION: P1, FULL SCAN, ACCESS: 3, DISK_PAGE_COUNT: BLOCKED, SELF_ID: 7 )
------------------------------------------------------------
$P0> UPDATE PDT_HASH SET F2 = F2 WHERE F1 > 20;
No rows updated.
------------------------------------------------------------
PARTITION-COORDINATOR ( TABLE: PDT_HASH, PARTITION: 4/4, ACCESS: 0, SELF_ID: 2 )
 SCAN ( PARTITION: P4, FULL SCAN, ACCESS: 3, DISK_PAGE_COUNT: BLOCKED, SELF_ID: 4 )
 SCAN ( PARTITION: P3, FULL SCAN, ACCESS: 0, DISK_PAGE_COUNT: BLOCKED, SELF_ID: 5 )
 SCAN ( PARTITION: P2, FULL SCAN, ACCESS: 6, DISK_PAGE_COUNT: BLOCKED, SELF_ID: 6 )
 SCAN ( PARTITION: P1, FULL SCAN, ACCESS: 3, DISK_PAGE_COUNT: BLOCKED, SELF_ID: 7 )
------------------------------------------------------------
$P0> UPDATE PDT_HASH SET F2 = F2 WHERE F1 > 30;
No rows updated.
------------------------------------------------------------
PARTITION-COORDINATOR ( TABLE: PDT_HASH, PARTITION: 4/4, ACCESS: 0, SELF_ID: 2 )
 SCAN ( PARTITION: P4, FULL SCAN, ACCESS: 3, DISK_PAGE_COUNT: BLOCKED, SELF_ID: 4 )
 SCAN ( PARTITION: P3, FULL SCAN, ACCESS: 0, DISK_PAGE_COUNT: BLOCKED, SELF_ID: 5 )
 SCAN ( PARTITION: P2, FULL SCAN, ACCESS: 6, DISK_PAGE_COUNT: BLOCKED, SELF_ID: 6 )
 SCAN ( PARTITION: P1, FULL SCAN, ACCESS: 3, DISK_PAGE_COUNT: BLOCKED, SELF_ID: 7 )
------------------------------------------------------------
$P0> UPDATE PDT_HASH SET F2 = F2 WHERE F1 > 40;
No rows updated.
------------------------------------------------------------
PARTITION-COORDINATOR ( TABLE: PDT_HASH, PARTITION: 4/4, ACCESS: 0, SELF_ID: 2 )
 SCAN ( PARTITION: P4, FULL SCAN, ACCESS: 3, DISK_PAGE_COUNT: BLOCKED, SELF_ID: 4 )
 SCAN ( PARTITION: P3, FULL SCAN, ACCESS: 0, DISK_PAGE_COUNT: BLOCKED, SELF_ID: 5 )
 SCAN ( PARTITION: P2, FULL SCAN, ACCESS: 6, DISK_PAGE_COUNT: BLOCKED, SELF_ID: 6 )
 SCAN ( PARTITION: P1, FULL SCAN, ACCESS: 3, DISK_PAGE_COUNT: BLOCKED, SELF_ID: 7 )
------------------------------------------------------------
$P0> ALTER SESSION SET EXPLAIN PLAN = OFF;
Alter success.

$P0> INSERT INTO PDT_HASH VALUES( 0, 0 );
1 row inserted.
$P0> INSERT INTO PDT_HASH VALUES( 1, 0 );
1 row inserted.
$P0> INSERT INTO PDT_HASH VALUES( 2, 0 );
1 row inserted.
$P0> INSERT INTO PDT_HASH VALUES( 3, 0 );
1 row inserted.

-- less equal than
$P0> ALTER SESSION SET EXPLAIN PLAN = ON;
Alter success.
$P0> UPDATE PDT_HASH SET F2 = F2 WHERE F1 <= 10;
16 rows updated.
------------------------------------------------------------
PARTITION-COORDINATOR ( TABLE: PDT_HASH, PARTITION: 4/4, ACCESS: 16, SELF_ID: 2 )
 SCAN ( PARTITION: P4, FULL SCAN, ACCESS: 4, DISK_PAGE_COUNT: BLOCKED, SELF_ID: 4 )
 SCAN ( PARTITION: P3, FULL SCAN, ACCESS: 0, DISK_PAGE_COUNT: BLOCKED, SELF_ID: 5 )
 SCAN ( PARTITION: P2, FULL SCAN, ACCESS: 8, DISK_PAGE_COUNT: BLOCKED, SELF_ID: 6 )
 SCAN ( PARTITION: P1, FULL SCAN, ACCESS: 4, DISK_PAGE_COUNT: BLOCKED, SELF_ID: 7 )
------------------------------------------------------------
$P0> UPDATE PDT_HASH SET F2 = F2 WHERE F1 <= 20;
16 rows updated.
------------------------------------------------------------
PARTITION-COORDINATOR ( TABLE: PDT_HASH, PARTITION: 4/4, ACCESS: 16, SELF_ID: 2 )
 SCAN ( PARTITION: P4, FULL SCAN, ACCESS: 4, DISK_PAGE_COUNT: BLOCKED, SELF_ID: 4 )
 SCAN ( PARTITION: P3, FULL SCAN, ACCESS: 0, DISK_PAGE_COUNT: BLOCKED, SELF_ID: 5 )
 SCAN ( PARTITION: P2, FULL SCAN, ACCESS: 8, DISK_PAGE_COUNT: BLOCKED, SELF_ID: 6 )
 SCAN ( PARTITION: P1, FULL SCAN, ACCESS: 4, DISK_PAGE_COUNT: BLOCKED, SELF_ID: 7 )
------------------------------------------------------------
$P0> UPDATE PDT_HASH SET F2 = F2 WHERE F1 <= 30;
16 rows updated.
------------------------------------------------------------
PARTITION-COORDINATOR ( TABLE: PDT_HASH, PARTITION: 4/4, ACCESS: 16, SELF_ID: 2 )
 SCAN ( PARTITION: P4, FULL SCAN, ACCESS: 4, DISK_PAGE_COUNT: BLOCKED, SELF_ID: 4 )
 SCAN ( PARTITION: P3, FULL SCAN, ACCESS: 0, DISK_PAGE_COUNT: BLOCKED, SELF_ID: 5 )
 SCAN ( PARTITION: P2, FULL SCAN, ACCESS: 8, DISK_PAGE_COUNT: BLOCKED, SELF_ID: 6 )
 SCAN ( PARTITION: P1, FULL SCAN, ACCESS: 4, DISK_PAGE_COUNT: BLOCKED, SELF_ID: 7 )
------------------------------------------------------------
$P0> UPDATE PDT_HASH SET F2 = F2 WHERE F1 <= 40;
16 rows updated.
------------------------------------------------------------
PARTITION-COORDINATOR ( TABLE: PDT_HASH, PARTITION: 4/4, ACCESS: 16, SELF_ID: 2 )
 SCAN ( PARTITION: P4, FULL SCAN, ACCESS: 4, DISK_PAGE_COUNT: BLOCKED, SELF_ID: 4 )
 SCAN ( PARTITION: P3, FULL SCAN, ACCESS: 0, DISK_PAGE_COUNT: BLOCKED, SELF_ID: 5 )
 SCAN ( PARTITION: P2, FULL SCAN, ACCESS: 8, DISK_PAGE_COUNT: BLOCKED, SELF_ID: 6 )
 SCAN ( PARTITION: P1, FULL SCAN, ACCESS: 4, DISK_PAGE_COUNT: BLOCKED, SELF_ID: 7 )
------------------------------------------------------------
$P0> ALTER SESSION SET EXPLAIN PLAN = OFF;
Alter success.

$P0> INSERT INTO PDT_HASH VALUES( 0, 0 );
1 row inserted.
$P0> INSERT INTO PDT_HASH VALUES( 1, 0 );
1 row inserted.
$P0> INSERT INTO PDT_HASH VALUES( 2, 0 );
1 row inserted.
$P0> INSERT INTO PDT_HASH VALUES( 3, 0 );
1 row inserted.

-- greater equal than
$P0> ALTER SESSION SET EXPLAIN PLAN = ON;
Alter success.
$P0> UPDATE PDT_HASH SET F2 = F2 WHERE F1 >= 10;
No rows updated.
------------------------------------------------------------
PARTITION-COORDINATOR ( TABLE: PDT_HASH, PARTITION: 4/4, ACCESS: 0, SELF_ID: 2 )
 SCAN ( PARTITION: P4, FULL SCAN, ACCESS: 5, DISK_PAGE_COUNT: BLOCKED, SELF_ID: 4 )
 SCAN ( PARTITION: P3, FULL SCAN, ACCESS: 0, DISK_PAGE_COUNT: BLOCKED, SELF_ID: 5 )
 SCAN ( PARTITION: P2, FULL SCAN, ACCESS: 10, DISK_PAGE_COUNT: BLOCKED, SELF_ID: 6 )
 SCAN ( PARTITION: P1, FULL SCAN, ACCESS: 5, DISK_PAGE_COUNT: BLOCKED, SELF_ID: 7 )
------------------------------------------------------------
$P0> UPDATE PDT_HASH SET F2 = F2 WHERE F1 >= 20;
No rows updated.
------------------------------------------------------------
PARTITION-COORDINATOR ( TABLE: PDT_HASH, PARTITION: 4/4, ACCESS: 0, SELF_ID: 2 )
 SCAN ( PARTITION: P4, FULL SCAN, ACCESS: 5, DISK_PAGE_COUNT: BLOCKED, SELF_ID: 4 )
 SCAN ( PARTITION: P3, FULL SCAN, ACCESS: 0, DISK_PAGE_COUNT: BLOCKED, SELF_ID: 5 )
 SCAN ( PARTITION: P2, FULL SCAN, ACCESS: 10, DISK_PAGE_COUNT: BLOCKED, SELF_ID: 6 )
 SCAN ( PARTITION: P1, FULL SCAN, ACCESS: 5, DISK_PAGE_COUNT: BLOCKED, SELF_ID: 7 )
------------------------------------------------------------
$P0> UPDATE PDT_HASH SET F2 = F2 WHERE F1 >= 30;
No rows updated.
------------------------------------------------------------
PARTITION-COORDINATOR ( TABLE: PDT_HASH, PARTITION: 4/4, ACCESS: 0, SELF_ID: 2 )
 SCAN ( PARTITION: P4, FULL SCAN, ACCESS: 5, DISK_PAGE_COUNT: BLOCKED, SELF_ID: 4 )
 SCAN ( PARTITION: P3, FULL SCAN, ACCESS: 0, DISK_PAGE_COUNT: BLOCKED, SELF_ID: 5 )
 SCAN ( PARTITION: P2, FULL SCAN, ACCESS: 10, DISK_PAGE_COUNT: BLOCKED, SELF_ID: 6 )
 SCAN ( PARTITION: P1, FULL SCAN, ACCESS: 5, DISK_PAGE_COUNT: BLOCKED, SELF_ID: 7 )
------------------------------------------------------------
$P0> UPDATE PDT_HASH SET F2 = F2 WHERE F1 >= 40;
No rows updated.
------------------------------------------------------------
PARTITION-COORDINATOR ( TABLE: PDT_HASH, PARTITION: 4/4, ACCESS: 0, SELF_ID: 2 )
 SCAN ( PARTITION: P4, FULL SCAN, ACCESS: 5, DISK_PAGE_COUNT: BLOCKED, SELF_ID: 4 )
 SCAN ( PARTITION: P3, FULL SCAN, ACCESS: 0, DISK_PAGE_COUNT: BLOCKED, SELF_ID: 5 )
 SCAN ( PARTITION: P2, FULL SCAN, ACCESS: 10, DISK_PAGE_COUNT: BLOCKED, SELF_ID: 6 )
 SCAN ( PARTITION: P1, FULL SCAN, ACCESS: 5, DISK_PAGE_COUNT: BLOCKED, SELF_ID: 7 )
------------------------------------------------------------
$P0> ALTER SESSION SET EXPLAIN PLAN = OFF;
Alter success.

$P0> INSERT INTO PDT_HASH VALUES( 0, 0 );
1 row inserted.
$P0> INSERT INTO PDT_HASH VALUES( 1, 0 );
1 row inserted.
$P0> INSERT INTO PDT_HASH VALUES( 2, 0 );
1 row inserted.
$P0> INSERT INTO PDT_HASH VALUES( 3, 0 );
1 row inserted.

$P0> ALTER SESSION SET EXPLAIN PLAN = ON;
Alter success.
$P0> UPDATE PDT_HASH SET F2 = F2 WHERE F1 >= 10 AND F1 < 20;
No rows updated.
------------------------------------------------------------
PARTITION-COORDINATOR ( TABLE: PDT_HASH, PARTITION: 4/4, ACCESS: 0, SELF_ID: 2 )
 SCAN ( PARTITION: P4, FULL SCAN, ACCESS: 6, DISK_PAGE_COUNT: BLOCKED, SELF_ID: 4 )
 SCAN ( PARTITION: P3, FULL SCAN, ACCESS: 0, DISK_PAGE_COUNT: BLOCKED, SELF_ID: 5 )
 SCAN ( PARTITION: P2, FULL SCAN, ACCESS: 12, DISK_PAGE_COUNT: BLOCKED, SELF_ID: 6 )
 SCAN ( PARTITION: P1, FULL SCAN, ACCESS: 6, DISK_PAGE_COUNT: BLOCKED, SELF_ID: 7 )
------------------------------------------------------------
$P0> UPDATE PDT_HASH SET F2 = F2 WHERE F1 >= 20 AND F1 < 30;
No rows updated.
------------------------------------------------------------
PARTITION-COORDINATOR ( TABLE: PDT_HASH, PARTITION: 4/4, ACCESS: 0, SELF_ID: 2 )
 SCAN ( PARTITION: P4, FULL SCAN, ACCESS: 6, DISK_PAGE_COUNT: BLOCKED, SELF_ID: 4 )
 SCAN ( PARTITION: P3, FULL SCAN, ACCESS: 0, DISK_PAGE_COUNT: BLOCKED, SELF_ID: 5 )
 SCAN ( PARTITION: P2, FULL SCAN, ACCESS: 12, DISK_PAGE_COUNT: BLOCKED, SELF_ID: 6 )
 SCAN ( PARTITION: P1, FULL SCAN, ACCESS: 6, DISK_PAGE_COUNT: BLOCKED, SELF_ID: 7 )
------------------------------------------------------------
$P0> ALTER SESSION SET EXPLAIN PLAN = OFF;
Alter success.

$P0> INSERT INTO PDT_HASH VALUES( 0, 0 );
1 row inserted.
$P0> INSERT INTO PDT_HASH VALUES( 1, 0 );
1 row inserted.
$P0> INSERT INTO PDT_HASH VALUES( 2, 0 );
1 row inserted.
$P0> INSERT INTO PDT_HASH VALUES( 3, 0 );
1 row inserted.

-- not equal
$P0> ALTER SESSION SET EXPLAIN PLAN = ON;
Alter success.
$P0> UPDATE PDT_HASH SET F2 = F2;
28 rows updated.
------------------------------------------------------------
PARTITION-COORDINATOR ( TABLE: PDT_HASH, PARTITION: 4/4, ACCESS: 28, SELF_ID: 0 )
 SCAN ( PARTITION: P4, FULL SCAN, ACCESS: 7, DISK_PAGE_COUNT: BLOCKED, SELF_ID: 2 )
 SCAN ( PARTITION: P3, FULL SCAN, ACCESS: 0, DISK_PAGE_COUNT: BLOCKED, SELF_ID: 3 )
 SCAN ( PARTITION: P2, FULL SCAN, ACCESS: 14, DISK_PAGE_COUNT: BLOCKED, SELF_ID: 4 )
 SCAN ( PARTITION: P1, FULL SCAN, ACCESS: 7, DISK_PAGE_COUNT: BLOCKED, SELF_ID: 5 )
------------------------------------------------------------
$P0> UPDATE PDT_HASH SET F2 = F2 WHERE F1 != 10;
28 rows updated.
------------------------------------------------------------
PARTITION-COORDINATOR ( TABLE: PDT_HASH, PARTITION: 4/4, ACCESS: 28, SELF_ID: 2 )
 SCAN ( PARTITION: P4, FULL SCAN, ACCESS: 7, DISK_PAGE_COUNT: BLOCKED, SELF_ID: 4 )
 SCAN ( PARTITION: P3, FULL SCAN, ACCESS: 0, DISK_PAGE_COUNT: BLOCKED, SELF_ID: 5 )
 SCAN ( PARTITION: P2, FULL SCAN, ACCESS: 14, DISK_PAGE_COUNT: BLOCKED, SELF_ID: 6 )
 SCAN ( PARTITION: P1, FULL SCAN, ACCESS: 7, DISK_PAGE_COUNT: BLOCKED, SELF_ID: 7 )
------------------------------------------------------------
$P0> UPDATE PDT_HASH SET F2 = F2 WHERE F1 != 20;
28 rows updated.
------------------------------------------------------------
PARTITION-COORDINATOR ( TABLE: PDT_HASH, PARTITION: 4/4, ACCESS: 28, SELF_ID: 2 )
 SCAN ( PARTITION: P4, FULL SCAN, ACCESS: 7, DISK_PAGE_COUNT: BLOCKED, SELF_ID: 4 )
 SCAN ( PARTITION: P3, FULL SCAN, ACCESS: 0, DISK_PAGE_COUNT: BLOCKED, SELF_ID: 5 )
 SCAN ( PARTITION: P2, FULL SCAN, ACCESS: 14, DISK_PAGE_COUNT: BLOCKED, SELF_ID: 6 )
 SCAN ( PARTITION: P1, FULL SCAN, ACCESS: 7, DISK_PAGE_COUNT: BLOCKED, SELF_ID: 7 )
------------------------------------------------------------
$P0> UPDATE PDT_HASH SET F2 = F2 WHERE F1 != 30;
28 rows updated.
------------------------------------------------------------
PARTITION-COORDINATOR ( TABLE: PDT_HASH, PARTITION: 4/4, ACCESS: 28, SELF_ID: 2 )
 SCAN ( PARTITION: P4, FULL SCAN, ACCESS: 7, DISK_PAGE_COUNT: BLOCKED, SELF_ID: 4 )
 SCAN ( PARTITION: P3, FULL SCAN, ACCESS: 0, DISK_PAGE_COUNT: BLOCKED, SELF_ID: 5 )
 SCAN ( PARTITION: P2, FULL SCAN, ACCESS: 14, DISK_PAGE_COUNT: BLOCKED, SELF_ID: 6 )
 SCAN ( PARTITION: P1, FULL SCAN, ACCESS: 7, DISK_PAGE_COUNT: BLOCKED, SELF_ID: 7 )
------------------------------------------------------------
$P0> UPDATE PDT_HASH SET F2 = F2 WHERE F1 != 40;
28 rows updated.
------------------------------------------------------------
PARTITION-COORDINATOR ( TABLE: PDT_HASH, PARTITION: 4/4, ACCESS: 28, SELF_ID: 2 )
 SCAN ( PARTITION: P4, FULL SCAN, ACCESS: 7, DISK_PAGE_COUNT: BLOCKED, SELF_ID: 4 )
 SCAN ( PARTITION: P3, FULL SCAN, ACCESS: 0, DISK_PAGE_COUNT: BLOCKED, SELF_ID: 5 )
 SCAN ( PARTITION: P2, FULL SCAN, ACCESS: 14, DISK_PAGE_COUNT: BLOCKED, SELF_ID: 6 )
 SCAN ( PARTITION: P1, FULL SCAN, ACCESS: 7, DISK_PAGE_COUNT: BLOCKED, SELF_ID: 7 )
------------------------------------------------------------
$P0> ALTER SESSION SET EXPLAIN PLAN = OFF;
Alter success.

$P0> INSERT INTO PDT_HASH VALUES( 0, 0 );
1 row inserted.
$P0> INSERT INTO PDT_HASH VALUES( 1, 0 );
1 row inserted.
$P0> INSERT INTO PDT_HASH VALUES( 2, 0 );
1 row inserted.
$P0> INSERT INTO PDT_HASH VALUES( 3, 0 );
1 row inserted.

$P0> ALTER SESSION SET EXPLAIN PLAN = ON;
Alter success.
$P0> UPDATE PDT_HASH SET F2 = F2;
32 rows updated.
------------------------------------------------------------
PARTITION-COORDINATOR ( TABLE: PDT_HASH, PARTITION: 4/4, ACCESS: 32, SELF_ID: 0 )
 SCAN ( PARTITION: P4, FULL SCAN, ACCESS: 8, DISK_PAGE_COUNT: BLOCKED, SELF_ID: 2 )
 SCAN ( PARTITION: P3, FULL SCAN, ACCESS: 0, DISK_PAGE_COUNT: BLOCKED, SELF_ID: 3 )
 SCAN ( PARTITION: P2, FULL SCAN, ACCESS: 16, DISK_PAGE_COUNT: BLOCKED, SELF_ID: 4 )
 SCAN ( PARTITION: P1, FULL SCAN, ACCESS: 8, DISK_PAGE_COUNT: BLOCKED, SELF_ID: 5 )
------------------------------------------------------------
$P0> UPDATE PDT_HASH SET F2 = F2 WHERE F2 = 0;
32 rows updated.
------------------------------------------------------------
PARTITION-COORDINATOR ( TABLE: PDT_HASH, PARTITION: 4/4, ACCESS: 32, SELF_ID: 2 )
 SCAN ( PARTITION: P4, FULL SCAN, ACCESS: 8, DISK_PAGE_COUNT: BLOCKED, SELF_ID: 4 )
 SCAN ( PARTITION: P3, FULL SCAN, ACCESS: 0, DISK_PAGE_COUNT: BLOCKED, SELF_ID: 5 )
 SCAN ( PARTITION: P2, FULL SCAN, ACCESS: 16, DISK_PAGE_COUNT: BLOCKED, SELF_ID: 6 )
 SCAN ( PARTITION: P1, FULL SCAN, ACCESS: 8, DISK_PAGE_COUNT: BLOCKED, SELF_ID: 7 )
------------------------------------------------------------
$P0> UPDATE PDT_HASH SET F2 = F2 WHERE F1 = F1;
32 rows updated.
------------------------------------------------------------
PARTITION-COORDINATOR ( TABLE: PDT_HASH, PARTITION: 4/4, ACCESS: 32, SELF_ID: 1 )
 SCAN ( PARTITION: P4, FULL SCAN, ACCESS: 8, DISK_PAGE_COUNT: BLOCKED, SELF_ID: 3 )
 SCAN ( PARTITION: P3, FULL SCAN, ACCESS: 0, DISK_PAGE_COUNT: BLOCKED, SELF_ID: 4 )
 SCAN ( PARTITION: P2, FULL SCAN, ACCESS: 16, DISK_PAGE_COUNT: BLOCKED, SELF_ID: 5 )
 SCAN ( PARTITION: P1, FULL SCAN, ACCESS: 8, DISK_PAGE_COUNT: BLOCKED, SELF_ID: 6 )
------------------------------------------------------------
$P0> UPDATE PDT_HASH SET F2 = F2 WHERE F1 = F2;
8 rows updated.
------------------------------------------------------------
PARTITION-COORDINATOR ( TABLE: PDT_HASH, PARTITION: 4/4, ACCESS: 8, SELF_ID: 1 )
 SCAN ( PARTITION: P4, FULL SCAN, ACCESS: 8, DISK_PAGE_COUNT: BLOCKED, SELF_ID: 3 )
 SCAN ( PARTITION: P3, FULL SCAN, ACCESS: 0, DISK_PAGE_COUNT: BLOCKED, SELF_ID: 4 )
 SCAN ( PARTITION: P2, FULL SCAN, ACCESS: 16, DISK_PAGE_COUNT: BLOCKED, SELF_ID: 5 )
 SCAN ( PARTITION: P1, FULL SCAN, ACCESS: 8, DISK_PAGE_COUNT: BLOCKED, SELF_ID: 6 )
------------------------------------------------------------
$P0> ALTER SESSION SET EXPLAIN PLAN = OFF;
Alter success.


--###################################
--+SECTOR 5; FINALIZE
--###################################

$P0> DROP TABLE PDT_HASH;
Drop success.

