 
+----------------------------------------------------------------------+
SECTOR 0; BY ATC
+----------------------------------------------------------------------+
 
$T0> THREAD T0 C0;
$T0> ########################################################
$T0> ## REBUILD INDEX ON LIST PDT( PK:INTEGER )
$T0> ########################################################

$T0> #####################################
$T0> ##+SECTOR; INTIALIZE
$T0> #####################################

$T0> SKIP BEGIN;
$T0> DROP TABLE PDT_LIST;
$T0> SKIP END;


$T0> ###########################################
$T0> ##+SECTOR; DO JOB #1 (1. Basic Test)
$T0> ###########################################

$T0> ############################
$T0> ## 2.1 Unique index
$T0> ############################
$T0> CREATE TABLE PDT_LIST
(
    F1   INTEGER,
    F2   INTEGER
) 
PARTITION BY LIST( F1 )
(
    PARTITION P1 VALUES ( 10, 15 ),
    PARTITION P2 VALUES ( 20, 25 ),
    PARTITION P3 VALUES ( 30, 35 ),
    PARTITION P4 VALUES DEFAULT
) TABLESPACE PDT_TBS;
Create success.
$T0> INSERT INTO PDT_LIST VALUES( 10, 0 );
1 row inserted.
$T0> INSERT INTO PDT_LIST VALUES( 15, 0 );
1 row inserted.
$T0> INSERT INTO PDT_LIST VALUES( 20, 0 );
1 row inserted.
$T0> INSERT INTO PDT_LIST VALUES( 25, 0 );
1 row inserted.
$T0> INSERT INTO PDT_LIST VALUES( 30, 0 );
1 row inserted.
$T0> INSERT INTO PDT_LIST VALUES( 35, 0 );
1 row inserted.
$T0> INSERT INTO PDT_LIST VALUES( 40, 0 );
1 row inserted.
$T0> INSERT INTO PDT_LIST VALUES( 45, 0 );
1 row inserted.

$T0> CREATE UNIQUE INDEX IDX1 
ON PDT_LIST( F1 );
Create success.

$T0> ## should be 2
$T0> SELECT /*+ INDEX ASC ( PDT_LIST, IDX1 ) */ COUNT(*)
FROM PDT_LIST PARTITION( P1 );
COUNT                
-----------------------
2                    
1 row selected.
$T0> ## should be 2
$T0> SELECT /*+ INDEX ASC ( PDT_LIST, IDX1 ) */ COUNT(*)
FROM PDT_LIST PARTITION( P2 );
COUNT                
-----------------------
2                    
1 row selected.
$T0> ## should be 2
$T0> SELECT /*+ INDEX ASC ( PDT_LIST, IDX1 ) */ COUNT(*)
FROM PDT_LIST PARTITION( P3 );
COUNT                
-----------------------
2                    
1 row selected.
$T0> ## should be 2
$T0> SELECT /*+ INDEX ASC ( PDT_LIST, IDX1 ) */ COUNT(*)
FROM PDT_LIST PARTITION( P4 );
COUNT                
-----------------------
2                    
1 row selected.

$T0> ALTER INDEX IDX1 REBUILD;
Alter success.

$T0> ## should be 2
$T0> SELECT /*+ INDEX ASC ( PDT_LIST, IDX1 ) */ COUNT(*)
FROM PDT_LIST PARTITION( P1 );
COUNT                
-----------------------
2                    
1 row selected.
$T0> ## should be 2
$T0> SELECT /*+ INDEX ASC ( PDT_LIST, IDX1 ) */ COUNT(*)
FROM PDT_LIST PARTITION( P2 );
COUNT                
-----------------------
2                    
1 row selected.
$T0> ## should be 2
$T0> SELECT /*+ INDEX ASC ( PDT_LIST, IDX1 ) */ COUNT(*)
FROM PDT_LIST PARTITION( P3 );
COUNT                
-----------------------
2                    
1 row selected.
$T0> ## should be 2
$T0> SELECT /*+ INDEX ASC ( PDT_LIST, IDX1 ) */ COUNT(*)
FROM PDT_LIST PARTITION( P4 );
COUNT                
-----------------------
2                    
1 row selected.

$T0> ############################
$T0> ## 2.2 Non-Unique Index
$T0> ############################
$T0> DROP TABLE PDT_LIST;
Drop success.
$T0> CREATE TABLE PDT_LIST
(
    F1   INTEGER,
    F2   INTEGER
) 
PARTITION BY LIST( F1 )
(
    PARTITION P1 VALUES ( 10, 15 ),
    PARTITION P2 VALUES ( 20, 25 ),
    PARTITION P3 VALUES ( 30, 35 ),
    PARTITION P4 VALUES DEFAULT
) TABLESPACE PDT_TBS;
Create success.
$T0> INSERT INTO PDT_LIST VALUES( 10, 0 );
1 row inserted.
$T0> INSERT INTO PDT_LIST VALUES( 15, 0 );
1 row inserted.
$T0> INSERT INTO PDT_LIST VALUES( 20, 0 );
1 row inserted.
$T0> INSERT INTO PDT_LIST VALUES( 25, 0 );
1 row inserted.
$T0> INSERT INTO PDT_LIST VALUES( 30, 0 );
1 row inserted.
$T0> INSERT INTO PDT_LIST VALUES( 35, 0 );
1 row inserted.
$T0> INSERT INTO PDT_LIST VALUES( 40, 0 );
1 row inserted.
$T0> INSERT INTO PDT_LIST VALUES( 45, 0 );
1 row inserted.

$T0> CREATE INDEX IDX1 
ON PDT_LIST( F1 );
Create success.

$T0> ## should be 2
$T0> SELECT /*+ INDEX ASC ( PDT_LIST, IDX1 ) */ COUNT(*)
FROM PDT_LIST PARTITION( P1 );
COUNT                
-----------------------
2                    
1 row selected.
$T0> ## should be 2
$T0> SELECT /*+ INDEX ASC ( PDT_LIST, IDX1 ) */ COUNT(*)
FROM PDT_LIST PARTITION( P2 );
COUNT                
-----------------------
2                    
1 row selected.
$T0> ## should be 2
$T0> SELECT /*+ INDEX ASC ( PDT_LIST, IDX1 ) */ COUNT(*)
FROM PDT_LIST PARTITION( P3 );
COUNT                
-----------------------
2                    
1 row selected.
$T0> ## should be 2
$T0> SELECT /*+ INDEX ASC ( PDT_LIST, IDX1 ) */ COUNT(*)
FROM PDT_LIST PARTITION( P4 );
COUNT                
-----------------------
2                    
1 row selected.

$T0> ALTER INDEX IDX1 REBUILD;
Alter success.

$T0> ## should be 2
$T0> SELECT /*+ INDEX ASC ( PDT_LIST, IDX1 ) */ COUNT(*)
FROM PDT_LIST PARTITION( P1 );
COUNT                
-----------------------
2                    
1 row selected.
$T0> ## should be 2
$T0> SELECT /*+ INDEX ASC ( PDT_LIST, IDX1 ) */ COUNT(*)
FROM PDT_LIST PARTITION( P2 );
COUNT                
-----------------------
2                    
1 row selected.
$T0> ## should be 2
$T0> SELECT /*+ INDEX ASC ( PDT_LIST, IDX1 ) */ COUNT(*)
FROM PDT_LIST PARTITION( P3 );
COUNT                
-----------------------
2                    
1 row selected.
$T0> ## should be 2
$T0> SELECT /*+ INDEX ASC ( PDT_LIST, IDX1 ) */ COUNT(*)
FROM PDT_LIST PARTITION( P4 );
COUNT                
-----------------------
2                    
1 row selected.

$T0> ##############################
$T0> ## 2.3 Local Unique Index
$T0> ##############################
$T0> DROP TABLE PDT_LIST;
Drop success.
$T0> CREATE TABLE PDT_LIST
(
    F1   INTEGER,
    F2   INTEGER
) 
PARTITION BY LIST( F1 )
(
    PARTITION P1 VALUES ( 10, 15 ),
    PARTITION P2 VALUES ( 20, 25 ),
    PARTITION P3 VALUES ( 30, 35 ),
    PARTITION P4 VALUES DEFAULT
) TABLESPACE PDT_TBS;
Create success.
$T0> INSERT INTO PDT_LIST VALUES( 10, 0 );
1 row inserted.
$T0> INSERT INTO PDT_LIST VALUES( 15, 0 );
1 row inserted.
$T0> INSERT INTO PDT_LIST VALUES( 20, 0 );
1 row inserted.
$T0> INSERT INTO PDT_LIST VALUES( 25, 0 );
1 row inserted.
$T0> INSERT INTO PDT_LIST VALUES( 30, 0 );
1 row inserted.
$T0> INSERT INTO PDT_LIST VALUES( 35, 0 );
1 row inserted.
$T0> INSERT INTO PDT_LIST VALUES( 40, 0 );
1 row inserted.
$T0> INSERT INTO PDT_LIST VALUES( 45, 0 );
1 row inserted.

$T0> CREATE LOCALUNIQUE INDEX IDX1 
ON PDT_LIST( F1 );
[ERR-31291 : Cannot create a local unique key constraint for a non-partitioned table.]

$T0> ## should be 2
$T0> SELECT /*+ INDEX ASC ( PDT_LIST, IDX1 ) */ COUNT(*)
FROM PDT_LIST PARTITION( P1 );
COUNT                
-----------------------
2                    
1 row selected.
$T0> ## should be 2
$T0> SELECT /*+ INDEX ASC ( PDT_LIST, IDX1 ) */ COUNT(*)
FROM PDT_LIST PARTITION( P2 );
COUNT                
-----------------------
2                    
1 row selected.
$T0> ## should be 2
$T0> SELECT /*+ INDEX ASC ( PDT_LIST, IDX1 ) */ COUNT(*)
FROM PDT_LIST PARTITION( P3 );
COUNT                
-----------------------
2                    
1 row selected.
$T0> ## should be 2
$T0> SELECT /*+ INDEX ASC ( PDT_LIST, IDX1 ) */ COUNT(*)
FROM PDT_LIST PARTITION( P4 );
COUNT                
-----------------------
2                    
1 row selected.

$T0> ALTER INDEX IDX1 REBUILD;
[ERR-31014 : Index not found]

$T0> ## should be 2
$T0> SELECT /*+ INDEX ASC ( PDT_LIST, IDX1 ) */ COUNT(*)
FROM PDT_LIST PARTITION( P1 );
COUNT                
-----------------------
2                    
1 row selected.
$T0> ## should be 2
$T0> SELECT /*+ INDEX ASC ( PDT_LIST, IDX1 ) */ COUNT(*)
FROM PDT_LIST PARTITION( P2 );
COUNT                
-----------------------
2                    
1 row selected.
$T0> ## should be 2
$T0> SELECT /*+ INDEX ASC ( PDT_LIST, IDX1 ) */ COUNT(*)
FROM PDT_LIST PARTITION( P3 );
COUNT                
-----------------------
2                    
1 row selected.
$T0> ## should be 2
$T0> SELECT /*+ INDEX ASC ( PDT_LIST, IDX1 ) */ COUNT(*)
FROM PDT_LIST PARTITION( P4 );
COUNT                
-----------------------
2                    
1 row selected.


$T0> ###########################################
$T0> ##SECTOR; DO JOB #2 (2. Validation Test)
$T0> ###########################################

$T0> ############################
$T0> ## 2.1 파티셔너블 객체 검사 
$T0> ############################
$T0> DROP TABLE T;
Drop success.
$T0> CREATE TABLE T
(
    F1   INTEGER,
    F2   INTEGER
);
Create success.
$T0> CREATE INDEX IDX
ON T( F1 );
Create success.

$T0> ## should be fail
$T0> ALTER INDEX IDX REBUILD PARTITION T;
[ERR-31287 : cannot alter the index rebuild for a non-partitioned index.]

$T0> ##################################
$T0> ## 2.2 파티션 이름 검사
$T0> ##################################
$T0> DROP TABLE PDT_LIST;
Drop success.
$T0> CREATE TABLE PDT_LIST
(
    F1   INTEGER,
    F2   INTEGER
) 
PARTITION BY LIST( F1 )
(
    PARTITION P1 VALUES ( 10, 15 ),
    PARTITION P2 VALUES ( 20, 25 ),
    PARTITION P3 VALUES ( 30, 35 ),
    PARTITION P4 VALUES DEFAULT
) TABLESPACE PDT_TBS;
Create success.

$T0> CREATE INDEX IDX1 
ON PDT_LIST( F1 );
Create success.

$T0> ## should be fail
$T0> ALTER INDEX IDX1 REBUILD PARTITION IDX_P5;
[ERR-31287 : cannot alter the index rebuild for a non-partitioned index.]


$T0> ###########################################
$T0> ##SECTOR; DO JOB #3 (3. Execution Test)
$T0> ###########################################

$T0> ########################################
$T0> ## 3.1 프리픽스드 인덱스
$T0> ########################################
$T0> DROP TABLE PDT_LIST;
Drop success.
$T0> CREATE TABLE PDT_LIST
(
    F1   INTEGER,
    F2   INTEGER
) 
PARTITION BY LIST( F1 )
(
    PARTITION P1 VALUES ( 10, 15 ),
    PARTITION P2 VALUES ( 20, 25 ),
    PARTITION P3 VALUES ( 30, 35 ),
    PARTITION P4 VALUES DEFAULT
) TABLESPACE PDT_TBS;
Create success.
$T0> INSERT INTO PDT_LIST VALUES( 45, 0 );
1 row inserted.
$T0> INSERT INTO PDT_LIST VALUES( 40, 0 );
1 row inserted.
$T0> INSERT INTO PDT_LIST VALUES( 35, 0 );
1 row inserted.
$T0> INSERT INTO PDT_LIST VALUES( 30, 0 );
1 row inserted.
$T0> INSERT INTO PDT_LIST VALUES( 25, 0 );
1 row inserted.
$T0> INSERT INTO PDT_LIST VALUES( 20, 0 );
1 row inserted.
$T0> INSERT INTO PDT_LIST VALUES( 15, 0 );
1 row inserted.
$T0> INSERT INTO PDT_LIST VALUES( 10, 0 );
1 row inserted.

$T0> CREATE UNIQUE INDEX IDX1 
ON PDT_LIST( F1 );
Create success.

$T0> ## should be {10,15,20,25,30,35,40,45}
$T0> SELECT /*+ INDEX ASC ( PDT_LIST, IDX1 ) */ F1
FROM PDT_LIST;
F1          
--------------
10          
15          
20          
25          
30          
35          
40          
45          
8 rows selected.

$T0> ALTER INDEX IDX1 REBUILD PARTITION IDX_P1;
[ERR-31287 : cannot alter the index rebuild for a non-partitioned index.]
$T0> ALTER INDEX IDX1 REBUILD PARTITION IDX_P2;
[ERR-31287 : cannot alter the index rebuild for a non-partitioned index.]
$T0> ALTER INDEX IDX1 REBUILD PARTITION IDX_P3;
[ERR-31287 : cannot alter the index rebuild for a non-partitioned index.]
$T0> ALTER INDEX IDX1 REBUILD PARTITION IDX_P4;
[ERR-31287 : cannot alter the index rebuild for a non-partitioned index.]

$T0> ## should be {10,15,20,25,30,35,40,45}
$T0> SELECT /*+ INDEX ASC ( PDT_LIST, IDX1 ) */ F1
FROM PDT_LIST;
F1          
--------------
10          
15          
20          
25          
30          
35          
40          
45          
8 rows selected.

$T0> ##############################################
$T0> ## 3.2 논프리픽스드 인덱스
$T0> ##############################################
$T0> DROP TABLE PDT_LIST;
Drop success.
$T0> CREATE TABLE PDT_LIST
(
    F1   INTEGER,
    F2   INTEGER
) 
PARTITION BY LIST( F1 )
(
    PARTITION P1 VALUES ( 10, 15 ),
    PARTITION P2 VALUES ( 20, 25 ),
    PARTITION P3 VALUES ( 30, 35 ),
    PARTITION P4 VALUES DEFAULT
) TABLESPACE PDT_TBS;
Create success.
$T0> INSERT INTO PDT_LIST VALUES( 45, 20 );
1 row inserted.
$T0> INSERT INTO PDT_LIST VALUES( 40, 25 );
1 row inserted.
$T0> INSERT INTO PDT_LIST VALUES( 35, 30 );
1 row inserted.
$T0> INSERT INTO PDT_LIST VALUES( 30, 35 );
1 row inserted.
$T0> INSERT INTO PDT_LIST VALUES( 25, 40 );
1 row inserted.
$T0> INSERT INTO PDT_LIST VALUES( 20, 45 );
1 row inserted.
$T0> INSERT INTO PDT_LIST VALUES( 15, 10 );
1 row inserted.
$T0> INSERT INTO PDT_LIST VALUES( 10, 15 );
1 row inserted.

$T0> CREATE INDEX IDX1 
ON PDT_LIST( F2 );
Create success.

$T0> ## will be {20,25,30,35,40,45,10,15}
$T0> SELECT /*+ INDEX ASC ( PDT_LIST, IDX1 ) */ F2
FROM PDT_LIST;
F2          
--------------
10          
15          
20          
25          
30          
35          
40          
45          
8 rows selected.

$T0> ALTER INDEX IDX1 REBUILD;
Alter success.
$T0> ## will be {20,25,30,35,40,45,10,15}
$T0> SELECT /*+ INDEX ASC ( PDT_LIST, IDX1 ) */ F2
FROM PDT_LIST;
F2          
--------------
10          
15          
20          
25          
30          
35          
40          
45          
8 rows selected.


$T0> #####################################
$T0> ##SECTOR; FINALIZE
$T0> #####################################

$T0> DROP TABLE PDT_LIST;
Drop success.

