 
+----------------------------------------------------------------------+
SECTOR 0; BY ATC
+----------------------------------------------------------------------+
 
$T0> THREAD T0 C0;
$T0> ########################################################
$T0> ## REBUILD INDEX ON RANGE PDT( PK:INTEGER )
$T0> ########################################################

$T0> #####################################
$T0> ##SECTOR; INTIALIZE
$T0> #####################################

$T0> SKIP BEGIN;
$T0> DROP TABLE PDT_RANGE;
$T0> SKIP END;


$T0> ###########################################
$T0> ##SECTOR; DO JOB #1 (1. Basic Test)
$T0> ###########################################

$T0> ############################
$T0> ## 2.1 Unique index
$T0> ############################
$T0> CREATE TABLE PDT_RANGE
(
    F1   INTEGER,
    F2   INTEGER
) 
PARTITION BY RANGE( F1 )
(
    PARTITION P1 VALUES LESS THAN ( 10 ),
    PARTITION P2 VALUES LESS THAN ( 20 ),
    PARTITION P3 VALUES LESS THAN ( 30 ),
    PARTITION P4 VALUES DEFAULT
) TABLESPACE PDT_TBS;
Create success.
$T0> INSERT INTO PDT_RANGE VALUES( 0, 0 );
1 row inserted.
$T0> INSERT INTO PDT_RANGE VALUES( 5, 0 );
1 row inserted.
$T0> INSERT INTO PDT_RANGE VALUES( 10, 0 );
1 row inserted.
$T0> INSERT INTO PDT_RANGE VALUES( 15, 0 );
1 row inserted.
$T0> INSERT INTO PDT_RANGE VALUES( 20, 0 );
1 row inserted.
$T0> INSERT INTO PDT_RANGE VALUES( 25, 0 );
1 row inserted.
$T0> INSERT INTO PDT_RANGE VALUES( 30, 0 );
1 row inserted.
$T0> INSERT INTO PDT_RANGE VALUES( 35, 0 );
1 row inserted.

$T0> CREATE UNIQUE INDEX IDX1 
ON PDT_RANGE( F1 );
Create success.

$T0> ## should be 2
$T0> SELECT /*+ INDEX ASC ( PDT_RANGE, IDX1 ) */ COUNT(*)
FROM PDT_RANGE PARTITION( P1 );
COUNT                
-----------------------
2                    
1 row selected.
$T0> ## should be 2
$T0> SELECT /*+ INDEX ASC ( PDT_RANGE, IDX1 ) */ COUNT(*)
FROM PDT_RANGE PARTITION( P2 );
COUNT                
-----------------------
2                    
1 row selected.
$T0> ## should be 2
$T0> SELECT /*+ INDEX ASC ( PDT_RANGE, IDX1 ) */ COUNT(*)
FROM PDT_RANGE PARTITION( P3 );
COUNT                
-----------------------
2                    
1 row selected.
$T0> ## should be 2
$T0> SELECT /*+ INDEX ASC ( PDT_RANGE, IDX1 ) */ COUNT(*)
FROM PDT_RANGE PARTITION( P4 );
COUNT                
-----------------------
2                    
1 row selected.

$T0> ALTER INDEX IDX1 REBUILD;
Alter success.

$T0> ## should be 2
$T0> SELECT /*+ INDEX ASC ( PDT_RANGE, IDX1 ) */ COUNT(*)
FROM PDT_RANGE PARTITION( P1 );
COUNT                
-----------------------
2                    
1 row selected.
$T0> ## should be 2
$T0> SELECT /*+ INDEX ASC ( PDT_RANGE, IDX1 ) */ COUNT(*)
FROM PDT_RANGE PARTITION( P2 );
COUNT                
-----------------------
2                    
1 row selected.
$T0> ## should be 2
$T0> SELECT /*+ INDEX ASC ( PDT_RANGE, IDX1 ) */ COUNT(*)
FROM PDT_RANGE PARTITION( P3 );
COUNT                
-----------------------
2                    
1 row selected.
$T0> ## should be 2
$T0> SELECT /*+ INDEX ASC ( PDT_RANGE, IDX1 ) */ COUNT(*)
FROM PDT_RANGE PARTITION( P4 );
COUNT                
-----------------------
2                    
1 row selected.

$T0> ############################
$T0> ## 2.2 Non-Unique Index
$T0> ############################
$T0> DROP TABLE PDT_RANGE;
Drop success.
$T0> CREATE TABLE PDT_RANGE
(
    F1   INTEGER,
    F2   INTEGER
) 
PARTITION BY RANGE( F1 )
(
    PARTITION P1 VALUES LESS THAN ( 10 ),
    PARTITION P2 VALUES LESS THAN ( 20 ),
    PARTITION P3 VALUES LESS THAN ( 30 ),
    PARTITION P4 VALUES DEFAULT
) TABLESPACE PDT_TBS;
Create success.
$T0> INSERT INTO PDT_RANGE VALUES( 0, 0 );
1 row inserted.
$T0> INSERT INTO PDT_RANGE VALUES( 5, 0 );
1 row inserted.
$T0> INSERT INTO PDT_RANGE VALUES( 10, 0 );
1 row inserted.
$T0> INSERT INTO PDT_RANGE VALUES( 15, 0 );
1 row inserted.
$T0> INSERT INTO PDT_RANGE VALUES( 20, 0 );
1 row inserted.
$T0> INSERT INTO PDT_RANGE VALUES( 25, 0 );
1 row inserted.
$T0> INSERT INTO PDT_RANGE VALUES( 30, 0 );
1 row inserted.
$T0> INSERT INTO PDT_RANGE VALUES( 35, 0 );
1 row inserted.

$T0> CREATE INDEX IDX1 
ON PDT_RANGE( F1 );
Create success.

$T0> ## should be 2
$T0> SELECT /*+ INDEX ASC ( PDT_RANGE, IDX1 ) */ COUNT(*)
FROM PDT_RANGE PARTITION( P1 );
COUNT                
-----------------------
2                    
1 row selected.
$T0> ## should be 2
$T0> SELECT /*+ INDEX ASC ( PDT_RANGE, IDX1 ) */ COUNT(*)
FROM PDT_RANGE PARTITION( P2 );
COUNT                
-----------------------
2                    
1 row selected.
$T0> ## should be 2
$T0> SELECT /*+ INDEX ASC ( PDT_RANGE, IDX1 ) */ COUNT(*)
FROM PDT_RANGE PARTITION( P3 );
COUNT                
-----------------------
2                    
1 row selected.
$T0> ## should be 2
$T0> SELECT /*+ INDEX ASC ( PDT_RANGE, IDX1 ) */ COUNT(*)
FROM PDT_RANGE PARTITION( P4 );
COUNT                
-----------------------
2                    
1 row selected.

$T0> ALTER INDEX IDX1 REBUILD;
Alter success.

$T0> ## should be 2
$T0> SELECT /*+ INDEX ASC ( PDT_RANGE, IDX1 ) */ COUNT(*)
FROM PDT_RANGE PARTITION( P1 );
COUNT                
-----------------------
2                    
1 row selected.
$T0> ## should be 2
$T0> SELECT /*+ INDEX ASC ( PDT_RANGE, IDX1 ) */ COUNT(*)
FROM PDT_RANGE PARTITION( P2 );
COUNT                
-----------------------
2                    
1 row selected.
$T0> ## should be 2
$T0> SELECT /*+ INDEX ASC ( PDT_RANGE, IDX1 ) */ COUNT(*)
FROM PDT_RANGE PARTITION( P3 );
COUNT                
-----------------------
2                    
1 row selected.
$T0> ## should be 2
$T0> SELECT /*+ INDEX ASC ( PDT_RANGE, IDX1 ) */ COUNT(*)
FROM PDT_RANGE PARTITION( P4 );
COUNT                
-----------------------
2                    
1 row selected.

$T0> ##############################
$T0> ## 2.3 Local Unique Index
$T0> ##############################
$T0> DROP TABLE PDT_RANGE;
Drop success.
$T0> CREATE TABLE PDT_RANGE
(
    F1   INTEGER,
    F2   INTEGER
) 
PARTITION BY RANGE( F1 )
(
    PARTITION P1 VALUES LESS THAN ( 10 ),
    PARTITION P2 VALUES LESS THAN ( 20 ),
    PARTITION P3 VALUES LESS THAN ( 30 ),
    PARTITION P4 VALUES DEFAULT
) TABLESPACE PDT_TBS;
Create success.
$T0> INSERT INTO PDT_RANGE VALUES( 0, 0 );
1 row inserted.
$T0> INSERT INTO PDT_RANGE VALUES( 5, 0 );
1 row inserted.
$T0> INSERT INTO PDT_RANGE VALUES( 10, 0 );
1 row inserted.
$T0> INSERT INTO PDT_RANGE VALUES( 15, 0 );
1 row inserted.
$T0> INSERT INTO PDT_RANGE VALUES( 20, 0 );
1 row inserted.
$T0> INSERT INTO PDT_RANGE VALUES( 25, 0 );
1 row inserted.
$T0> INSERT INTO PDT_RANGE VALUES( 30, 0 );
1 row inserted.
$T0> INSERT INTO PDT_RANGE VALUES( 35, 0 );
1 row inserted.

$T0> # should be fail
$T0> CREATE LOCALUNIQUE INDEX IDX1 
ON PDT_RANGE( F1 );
[ERR-31291 : Cannot create a local unique key constraint for a non-partitioned table.]

$T0> ## should be 2
$T0> SELECT /*+ INDEX ASC ( PDT_RANGE, IDX1 ) */ COUNT(*)
FROM PDT_RANGE PARTITION( P1 );
COUNT                
-----------------------
2                    
1 row selected.
$T0> ## should be 2
$T0> SELECT /*+ INDEX ASC ( PDT_RANGE, IDX1 ) */ COUNT(*)
FROM PDT_RANGE PARTITION( P2 );
COUNT                
-----------------------
2                    
1 row selected.
$T0> ## should be 2
$T0> SELECT /*+ INDEX ASC ( PDT_RANGE, IDX1 ) */ COUNT(*)
FROM PDT_RANGE PARTITION( P3 );
COUNT                
-----------------------
2                    
1 row selected.
$T0> ## should be 2
$T0> SELECT /*+ INDEX ASC ( PDT_RANGE, IDX1 ) */ COUNT(*)
FROM PDT_RANGE PARTITION( P4 );
COUNT                
-----------------------
2                    
1 row selected.

$T0> ALTER INDEX IDX1 REBUILD;
[ERR-31014 : Index not found]

$T0> ## should be 2
$T0> SELECT /*+ INDEX ASC ( PDT_RANGE, IDX1 ) */ COUNT(*)
FROM PDT_RANGE PARTITION( P1 );
COUNT                
-----------------------
2                    
1 row selected.
$T0> ## should be 2
$T0> SELECT /*+ INDEX ASC ( PDT_RANGE, IDX1 ) */ COUNT(*)
FROM PDT_RANGE PARTITION( P2 );
COUNT                
-----------------------
2                    
1 row selected.
$T0> ## should be 2
$T0> SELECT /*+ INDEX ASC ( PDT_RANGE, IDX1 ) */ COUNT(*)
FROM PDT_RANGE PARTITION( P3 );
COUNT                
-----------------------
2                    
1 row selected.
$T0> ## should be 2
$T0> SELECT /*+ INDEX ASC ( PDT_RANGE, IDX1 ) */ COUNT(*)
FROM PDT_RANGE PARTITION( P4 );
COUNT                
-----------------------
2                    
1 row selected.


$T0> ###########################################
$T0> ##SECTOR; DO JOB #2 (2. Validation Test)
$T0> ###########################################

$T0> ############################
$T0> ## 2.1 파티셔너블 객체 검사 
$T0> ############################
$T0> DROP TABLE T;
Drop success.
$T0> CREATE TABLE T
(
    F1   INTEGER,
    F2   INTEGER
);
Create success.
$T0> CREATE INDEX IDX
ON T( F1 );
Create success.

$T0> ## should be fail
$T0> ALTER INDEX IDX REBUILD PARTITION T;
[ERR-31287 : cannot alter the index rebuild for a non-partitioned index.]

$T0> ##################################-
$T0> ## 2.2 파티션 이름 검사
$T0> ##################################-
$T0> DROP TABLE PDT_RANGE;
Drop success.
$T0> CREATE TABLE PDT_RANGE
(
    F1   INTEGER,
    F2   INTEGER
) 
PARTITION BY RANGE( F1 )
(
    PARTITION P1 VALUES LESS THAN ( 10 ),
    PARTITION P2 VALUES LESS THAN ( 20 ),
    PARTITION P3 VALUES LESS THAN ( 30 ),
    PARTITION P4 VALUES DEFAULT
) TABLESPACE PDT_TBS;
Create success.

$T0> CREATE INDEX IDX1 
ON PDT_RANGE( F1 );
Create success.

$T0> ## should be fail
$T0> ALTER INDEX IDX13 REBUILD PARTITION IDX_P2;
[ERR-31014 : Index not found]

$T0> ## should be fail
$T0> ALTER INDEX IDX1 REBUILD PARTITION IDX_P5;
[ERR-31287 : cannot alter the index rebuild for a non-partitioned index.]


$T0> ###########################################
$T0> ##SECTOR; DO JOB #3 (3. Execution Test)
$T0> ###########################################

$T0> ########################################-
$T0> ## 3.1 프리픽스드 인덱스
$T0> ########################################-
$T0> DROP TABLE PDT_RANGE;
Drop success.
$T0> CREATE TABLE PDT_RANGE
(
    F1   INTEGER,
    F2   INTEGER
) 
PARTITION BY RANGE( F1 )
(
    PARTITION P1 VALUES LESS THAN ( 10 ),
    PARTITION P2 VALUES LESS THAN ( 20 ),
    PARTITION P3 VALUES LESS THAN ( 30 ),
    PARTITION P4 VALUES DEFAULT
) TABLESPACE PDT_TBS;
Create success.
$T0> INSERT INTO PDT_RANGE VALUES( 35, 0 );
1 row inserted.
$T0> INSERT INTO PDT_RANGE VALUES( 30, 0 );
1 row inserted.
$T0> INSERT INTO PDT_RANGE VALUES( 25, 0 );
1 row inserted.
$T0> INSERT INTO PDT_RANGE VALUES( 20, 0 );
1 row inserted.
$T0> INSERT INTO PDT_RANGE VALUES( 15, 0 );
1 row inserted.
$T0> INSERT INTO PDT_RANGE VALUES( 10, 0 );
1 row inserted.
$T0> INSERT INTO PDT_RANGE VALUES( 5, 0 );
1 row inserted.
$T0> INSERT INTO PDT_RANGE VALUES( 0, 0 );
1 row inserted.

$T0> CREATE UNIQUE INDEX IDX1 
ON PDT_RANGE( F1 );
Create success.

$T0> ## should be {0,5,10,15,20,25,30,35}
$T0> SELECT /*+ INDEX ASC ( PDT_RANGE, IDX1 ) */ F1
FROM PDT_RANGE;
F1          
--------------
0           
5           
10          
15          
20          
25          
30          
35          
8 rows selected.

$T0> ALTER INDEX IDX1 REBUILD;
Alter success.

$T0> ## should be {0,5,10,15,20,25,30,35}
$T0> SELECT /*+ INDEX ASC ( PDT_RANGE, IDX1 ) */ F1
FROM PDT_RANGE;
F1          
--------------
0           
5           
10          
15          
20          
25          
30          
35          
8 rows selected.

$T0> ##############################################-
$T0> ## 3.2 논프리픽스드 인덱스
$T0> ##############################################-
$T0> DROP TABLE PDT_RANGE;
Drop success.
$T0> CREATE TABLE PDT_RANGE
(
    F1   INTEGER,
    F2   INTEGER
) 
PARTITION BY RANGE( F1 )
(
    PARTITION P1 VALUES LESS THAN ( 10 ),
    PARTITION P2 VALUES LESS THAN ( 20 ),
    PARTITION P3 VALUES LESS THAN ( 30 ),
    PARTITION P4 VALUES DEFAULT
) TABLESPACE PDT_TBS;
Create success.
$T0> INSERT INTO PDT_RANGE VALUES( 35, 10 );
1 row inserted.
$T0> INSERT INTO PDT_RANGE VALUES( 30, 15 );
1 row inserted.
$T0> INSERT INTO PDT_RANGE VALUES( 25, 20 );
1 row inserted.
$T0> INSERT INTO PDT_RANGE VALUES( 20, 25 );
1 row inserted.
$T0> INSERT INTO PDT_RANGE VALUES( 15, 30 );
1 row inserted.
$T0> INSERT INTO PDT_RANGE VALUES( 10, 35 );
1 row inserted.
$T0> INSERT INTO PDT_RANGE VALUES( 5, 0 );
1 row inserted.
$T0> INSERT INTO PDT_RANGE VALUES( 0, 5 );
1 row inserted.

$T0> CREATE INDEX IDX1 
ON PDT_RANGE(F2);
Create success.

$T0> ## will be {10,15,20,25,30,35,0,5}
$T0> SELECT /*+ INDEX ASC ( PDT_RANGE, IDX1 ) */ F2
FROM PDT_RANGE;
F2          
--------------
0           
5           
10          
15          
20          
25          
30          
35          
8 rows selected.

$T0> ALTER INDEX IDX1 REBUILD;
Alter success.

$T0> ## should be {0,5,10,15,20,25,30,35}
$T0> SELECT /*+ INDEX ASC ( PDT_RANGE, IDX1 ) */ F1
FROM PDT_RANGE;
F1          
--------------
5           
0           
35          
30          
25          
20          
15          
10          
8 rows selected.


$T0> #####################################
$T0> ##SECTOR; FINALIZE
$T0> #####################################

$T0> DROP TABLE PDT_RANGE;
Drop success.

