 
+----------------------------------------------------------------------+
--+SECTOR 0; BY ATC
+----------------------------------------------------------------------+
 
$P0> --+PROCESS P0;
--######################################################
-- INDEX UNIQUE ON HASH PDT( PK:INTEGER )
--######################################################

--###################################
--+SECTOR 1; INTIALIZE
--###################################

--+SKIP BEGIN; 
$P0> DROP TABLE PDT_HASH;
$P0> DROP TABLE T;
--+SKIP END; 


--#########################################
--+SECTOR 2; DO JOB #1 (1. Basic Test)
--#########################################

----------------------------------------
-- 2.1 CREATING INDEX USING CREATE_TABLE
----------------------------------------
$P0> CREATE TABLE PDT_HASH
     (
         F1   INTEGER UNIQUE,
         F2   INTEGER
     ) 
     PARTITION BY HASH( F1 )
     (
         PARTITION P1,
         PARTITION P2,
         PARTITION P3,
         PARTITION P4
     ) TABLESPACE PDT_TBS;
Create success.
$P0> INSERT INTO PDT_HASH VALUES( 7, 0 );
1 row inserted.
$P0> INSERT INTO PDT_HASH VALUES( 6, 0 );
1 row inserted.
$P0> INSERT INTO PDT_HASH VALUES( 5, 0 );
1 row inserted.
$P0> INSERT INTO PDT_HASH VALUES( 4, 0 );
1 row inserted.
$P0> INSERT INTO PDT_HASH VALUES( 3, 0 );
1 row inserted.
$P0> INSERT INTO PDT_HASH VALUES( 2, 0 );
1 row inserted.
$P0> INSERT INTO PDT_HASH VALUES( 1, 0 );
1 row inserted.
$P0> INSERT INTO PDT_HASH VALUES( 0, 0 );
1 row inserted.

-- should be {0}
$P0> SELECT F1 FROM PDT_HASH
     WHERE F1 >= 0 LIMIT 1;
F1          
--------------
0           
1 row selected.

----------------------------------------
-- 2.2 CREATING INDEX USING CREATE_INDEX
----------------------------------------
$P0> DROP TABLE PDT_HASH;
Drop success.
$P0> CREATE TABLE PDT_HASH
     (
         F1   INTEGER,
         F2   INTEGER
     ) 
     PARTITION BY HASH( F1 )
     (
         PARTITION P1,
         PARTITION P2,
         PARTITION P3,
         PARTITION P4
     ) TABLESPACE PDT_TBS;
Create success.
$P0> INSERT INTO PDT_HASH VALUES( 7, 0 );
1 row inserted.
$P0> INSERT INTO PDT_HASH VALUES( 6, 0 );
1 row inserted.
$P0> INSERT INTO PDT_HASH VALUES( 5, 0 );
1 row inserted.
$P0> INSERT INTO PDT_HASH VALUES( 4, 0 );
1 row inserted.
$P0> INSERT INTO PDT_HASH VALUES( 3, 0 );
1 row inserted.
$P0> INSERT INTO PDT_HASH VALUES( 2, 0 );
1 row inserted.
$P0> INSERT INTO PDT_HASH VALUES( 1, 0 );
1 row inserted.
$P0> INSERT INTO PDT_HASH VALUES( 0, 0 );
1 row inserted.

-- should be {4}
$P0> SELECT F1 FROM PDT_HASH PARTITION( P1 ) LIMIT 1;
F1          
--------------
0           
1 row selected.

$P0> CREATE UNIQUE INDEX IDX
     ON PDT_HASH( F1 );
Create success.

-- should be {0}
$P0> SELECT /*+ INDEX ASC ( PDT_HASH, IDX ) */ F1
     FROM PDT_HASH PARTITION( P1 ) LIMIT 1;
F1          
--------------
0           
1 row selected.

--#########################################
--+SECTOR 3; DO JOB #2 (2. Validation Test)
--#########################################

----------------------------
-- 2.1 파티셔너블 객체 검사 
----------------------------
$P0> CREATE TABLE T
     (
         F1   INTEGER,
         F2   INTEGER
     );
Create success.
-- should be fail
$P0> CREATE UNIQUE INDEX IDX 
     ON T( F1 );
[ERR-3104C : Duplicate index name]

-----------------------------------
-- 2.2 로컬 유니크 인덱스 생성 여부 검사 
-----------------------------------
$P0> DROP TABLE PDT_HASH;
Drop success.
$P0> CREATE TABLE PDT_HASH
     (
         F1   INTEGER,
         F2   INTEGER
     ) 
     PARTITION BY HASH( F1 )
     (
         PARTITION P1,
         PARTITION P2,
         PARTITION P3,
         PARTITION P4
     ) TABLESPACE PDT_TBS;
Create success.

-- should be fail
$P0> CREATE INDEX IDX 
     ON PDT_HASH( F2 );
Create success.
-- should be success
$P0> CREATE UNIQUE INDEX IDX 
     ON PDT_HASH( F2 );
[ERR-3104C : Duplicate index name]

-----------------------------------
-- 2.3 인덱스 파티션 개수 검사 
-----------------------------------
$P0> DROP TABLE PDT_HASH;
Drop success.
$P0> CREATE TABLE PDT_HASH
     (
         F1   INTEGER,
         F2   INTEGER
     ) 
     PARTITION BY HASH( F1 )
     (
         PARTITION P1,
         PARTITION P2,
         PARTITION P3,
         PARTITION P4
     ) TABLESPACE PDT_TBS;
Create success.

-- should be fail
$P0> CREATE UNIQUE INDEX IDX 
     ON PDT_HASH( F1 );
Create success.

-- should be fail
$P0> CREATE UNIQUE INDEX IDX 
     ON PDT_HASH( F1 );
[ERR-3104C : Duplicate index name]

-- should be success
$P0> CREATE UNIQUE INDEX IDX 
     ON PDT_HASH( F1 );
[ERR-3104C : Duplicate index name]

-----------------------------------
-- 2.4 인덱스 이름 중복 검사
-----------------------------------
$P0> DROP TABLE PDT_HASH;
Drop success.
$P0> CREATE TABLE PDT_HASH
     (
         F1   INTEGER,
         F2   INTEGER
     ) 
     PARTITION BY HASH( F1 )
     (
         PARTITION P1,
         PARTITION P2,
         PARTITION P3,
         PARTITION P4
     ) TABLESPACE PDT_TBS;
Create success.

-- should be fail
$P0> CREATE UNIQUE INDEX IDX 
     ON PDT_HASH( F1 );
Create success.

-- should be fail
$P0> CREATE UNIQUE INDEX IDX 
     ON PDT_HASH( F1 );
[ERR-3104C : Duplicate index name]


-----------------------------------
-- 2.5 테이블스페이스 검사 
-----------------------------------
$P0> DROP TABLE PDT_HASH;
Drop success.
$P0> CREATE TABLE PDT_HASH
     (
         F1   INTEGER,
         F2   INTEGER
     ) 
     PARTITION BY HASH( F1 )
     (
         PARTITION P1,
         PARTITION P2,
         PARTITION P3,
         PARTITION P4
     ) TABLESPACE PDT_TBS;
Create success.

-- memory tablespace
-- should be fail
$P0> CREATE UNIQUE INDEX IDX 
     ON PDT_HASH( F1 );
Create success.

-- should be fail
-- temporary tablespace
$P0> CREATE UNIQUE INDEX IDX 
     ON PDT_HASH( F1 );
[ERR-3104C : Duplicate index name]

-- should be fail
-- undo tablespace
$P0> CREATE UNIQUE INDEX IDX 
     ON PDT_HASH( F1 );
[ERR-3104C : Duplicate index name]

--#########################################
--+SECTOR 4; DO JOB #3 (3. Execution Test)
--#########################################

-----------------------------------------
-- 3.1 Preserved Order(프리픽스드 인덱스)
-----------------------------------------
$P0> DROP TABLE PDT_HASH;
Drop success.
$P0> CREATE TABLE PDT_HASH
     (
         F1   INTEGER,
         F2   INTEGER
     ) 
     PARTITION BY HASH( F1 )
     (
         PARTITION P1,
         PARTITION P2,
         PARTITION P3,
         PARTITION P4
     ) TABLESPACE PDT_TBS;
Create success.
$P0> INSERT INTO PDT_HASH VALUES( 7, 0 );
1 row inserted.
$P0> INSERT INTO PDT_HASH VALUES( 6, 0 );
1 row inserted.
$P0> INSERT INTO PDT_HASH VALUES( 5, 0 );
1 row inserted.
$P0> INSERT INTO PDT_HASH VALUES( 4, 0 );
1 row inserted.
$P0> INSERT INTO PDT_HASH VALUES( 3, 0 );
1 row inserted.
$P0> INSERT INTO PDT_HASH VALUES( 2, 0 );
1 row inserted.
$P0> INSERT INTO PDT_HASH VALUES( 1, 0 );
1 row inserted.
$P0> INSERT INTO PDT_HASH VALUES( 0, 0 );
1 row inserted.

$P0> CREATE UNIQUE INDEX IDX 
     ON PDT_HASH( F1 );
Create success.

-- should be {0,1,2,3,4,5,6,7}
$P0> SELECT /*+ INDEX ASC ( PDT_HASH, IDX ) */ F1
     FROM PDT_HASH;
F1          
--------------
0           
1           
2           
3           
4           
5           
6           
7           
8 rows selected.

-----------------------------------------------
-- 3.2 Non-Preserved Order(논프리픽스드 인덱스)
-----------------------------------------------
$P0> DROP TABLE PDT_HASH;
Drop success.
$P0> CREATE TABLE PDT_HASH
     (
         F1   INTEGER,
         F2   INTEGER
     ) 
     PARTITION BY HASH( F1 )
     (
         PARTITION P1,
         PARTITION P2,
         PARTITION P3,
         PARTITION P4
     ) TABLESPACE PDT_TBS;
Create success.
$P0> INSERT INTO PDT_HASH VALUES( 7, 2 );
1 row inserted.
$P0> INSERT INTO PDT_HASH VALUES( 6, 3 );
1 row inserted.
$P0> INSERT INTO PDT_HASH VALUES( 5, 4 );
1 row inserted.
$P0> INSERT INTO PDT_HASH VALUES( 4, 5 );
1 row inserted.
$P0> INSERT INTO PDT_HASH VALUES( 3, 6 );
1 row inserted.
$P0> INSERT INTO PDT_HASH VALUES( 2, 7 );
1 row inserted.
$P0> INSERT INTO PDT_HASH VALUES( 1, 0 );
1 row inserted.
$P0> INSERT INTO PDT_HASH VALUES( 0, 1 );
1 row inserted.

$P0> CREATE UNIQUE INDEX IDX 
     ON PDT_HASH( F2 );
Create success.

-- will be {1,5,0,4,3,7,2,6}
$P0> SELECT /*+ INDEX ASC ( PDT_HASH, IDX ) */ F2
     FROM PDT_HASH;
F2          
--------------
0           
1           
2           
3           
4           
5           
6           
7           
8 rows selected.

-----------------------------------------
-- 3.3 Local Unique violation
-----------------------------------------
$P0> DROP TABLE PDT_HASH;
Drop success.
$P0> CREATE TABLE PDT_HASH
     (
         F1   INTEGER,
         F2   INTEGER
     ) 
     PARTITION BY HASH( F1 )
     (
         PARTITION P1,
         PARTITION P2,
         PARTITION P3,
         PARTITION P4
     ) TABLESPACE PDT_TBS;
Create success.
$P0> INSERT INTO PDT_HASH VALUES( 7, 2 );
1 row inserted.
$P0> INSERT INTO PDT_HASH VALUES( 6, 3 );
1 row inserted.
$P0> INSERT INTO PDT_HASH VALUES( 5, 4 );
1 row inserted.
$P0> INSERT INTO PDT_HASH VALUES( 4, 5 );
1 row inserted.
$P0> INSERT INTO PDT_HASH VALUES( 3, 6 );
1 row inserted.
$P0> INSERT INTO PDT_HASH VALUES( 2, 7 );
1 row inserted.
$P0> INSERT INTO PDT_HASH VALUES( 1, 0 );
1 row inserted.
$P0> INSERT INTO PDT_HASH VALUES( 0, 1 );
1 row inserted.

$P0> CREATE UNIQUE INDEX IDX 
     ON PDT_HASH( F2 );
Create success.

$P0> INSERT INTO PDT_HASH VALUES( 7, 3 );
[ERR-11058 : The row already exists in a unique index.]
$P0> INSERT INTO PDT_HASH VALUES( 6, 4 );
[ERR-11058 : The row already exists in a unique index.]
$P0> INSERT INTO PDT_HASH VALUES( 5, 5 );
[ERR-11058 : The row already exists in a unique index.]
$P0> INSERT INTO PDT_HASH VALUES( 4, 6 );
[ERR-11058 : The row already exists in a unique index.]
$P0> INSERT INTO PDT_HASH VALUES( 3, 7 );
[ERR-11058 : The row already exists in a unique index.]
$P0> INSERT INTO PDT_HASH VALUES( 2, 0 );
[ERR-11058 : The row already exists in a unique index.]
$P0> INSERT INTO PDT_HASH VALUES( 1, 1 );
[ERR-11058 : The row already exists in a unique index.]
$P0> INSERT INTO PDT_HASH VALUES( 0, 2 );
[ERR-11058 : The row already exists in a unique index.]

-- should be 2
$P0> SELECT COUNT(*) FROM PDT_HASH 
     WHERE F2 = 3;
COUNT                
-----------------------
1                    
1 row selected.

-- should be fail
$P0> INSERT INTO PDT_HASH VALUES( 7, 2 );
[ERR-11058 : The row already exists in a unique index.]
-- should be fail
$P0> INSERT INTO PDT_HASH VALUES( 6, 3 );
[ERR-11058 : The row already exists in a unique index.]
-- should be fail
$P0> INSERT INTO PDT_HASH VALUES( 5, 4 );
[ERR-11058 : The row already exists in a unique index.]
-- should be fail
$P0> INSERT INTO PDT_HASH VALUES( 4, 5 );
[ERR-11058 : The row already exists in a unique index.]
-- should be fail
$P0> INSERT INTO PDT_HASH VALUES( 3, 6 );
[ERR-11058 : The row already exists in a unique index.]
-- should be fail
$P0> INSERT INTO PDT_HASH VALUES( 2, 7 );
[ERR-11058 : The row already exists in a unique index.]
-- should be fail
$P0> INSERT INTO PDT_HASH VALUES( 1, 0 );
[ERR-11058 : The row already exists in a unique index.]
-- should be fail
$P0> INSERT INTO PDT_HASH VALUES( 0, 1 );
[ERR-11058 : The row already exists in a unique index.]

-----------------------------------------------------
-- 3.4 Local Unique violation caused by Row Movement
-----------------------------------------------------
$P0> DROP TABLE PDT_HASH;
Drop success.
$P0> CREATE TABLE PDT_HASH
     (
         F1   INTEGER,
         F2   INTEGER
     ) 
     PARTITION BY HASH( F1 )
     (
         PARTITION P1,
         PARTITION P2,
         PARTITION P3,
         PARTITION P4
     ) TABLESPACE PDT_TBS;
Create success.
$P0> INSERT INTO PDT_HASH VALUES( 7, 0 );
1 row inserted.
$P0> INSERT INTO PDT_HASH VALUES( 6, 0 );
1 row inserted.
$P0> INSERT INTO PDT_HASH VALUES( 5, 0 );
1 row inserted.
$P0> INSERT INTO PDT_HASH VALUES( 4, 0 );
1 row inserted.
$P0> INSERT INTO PDT_HASH VALUES( 3, 0 );
1 row inserted.
$P0> INSERT INTO PDT_HASH VALUES( 2, 0 );
1 row inserted.
$P0> INSERT INTO PDT_HASH VALUES( 1, 0 );
1 row inserted.
$P0> INSERT INTO PDT_HASH VALUES( 0, 0 );
1 row inserted.

$P0> CREATE UNIQUE INDEX IDX 
     ON PDT_HASH( F1 );
Create success.

$P0> ALTER TABLE PDT_HASH
     ENABLE ROW MOVEMENT;
Alter success.

-- BUGBUG
-- should be fail
-- UPDATE PDT_HASH SET F1 = 20
-- WHERE F1 = 30;

--###################################
--+SECTOR 5; FINALIZE
--###################################

$P0> DROP TABLE PDT_HASH;
Drop success.

