 
+----------------------------------------------------------------------+
--+SECTOR 0; BY ATC
+----------------------------------------------------------------------+
 
$P0> --+PROCESS P0;
--######################################################
-- INDEX UNIQUE ON LIST PDT( PK:INTEGER )
--######################################################

--###################################
--+SECTOR 1; INTIALIZE
--###################################

--+SKIP BEGIN; 
$P0> DROP TABLE PDT_LIST;
$P0> DROP TABLE T;
--+SKIP END; 


--#########################################
--+SECTOR 2; DO JOB #1 (1. Basic Test)
--#########################################

----------------------------------------
-- 2.1 CREATING INDEX USING CREATE_TABLE
----------------------------------------
$P0> CREATE TABLE PDT_LIST
     (
         F1   INTEGER UNIQUE,
         F2   INTEGER
     ) 
     PARTITION BY LIST( F1 )
     (
         PARTITION P1 VALUES ( 10, 15 ),
         PARTITION P2 VALUES ( 20, 25 ),
         PARTITION P3 VALUES ( 30, 35 ),
         PARTITION P4 VALUES DEFAULT
     ) TABLESPACE PDT_TBS;
Create success.
$P0> INSERT INTO PDT_LIST VALUES( 45, 0 );
1 row inserted.
$P0> INSERT INTO PDT_LIST VALUES( 40, 0 );
1 row inserted.
$P0> INSERT INTO PDT_LIST VALUES( 35, 0 );
1 row inserted.
$P0> INSERT INTO PDT_LIST VALUES( 30, 0 );
1 row inserted.
$P0> INSERT INTO PDT_LIST VALUES( 25, 0 );
1 row inserted.
$P0> INSERT INTO PDT_LIST VALUES( 20, 0 );
1 row inserted.
$P0> INSERT INTO PDT_LIST VALUES( 15, 0 );
1 row inserted.
$P0> INSERT INTO PDT_LIST VALUES( 10, 0 );
1 row inserted.

-- should be {10}
$P0> SELECT F1 FROM PDT_LIST
     WHERE F1 >= 0 LIMIT 1;
F1          
--------------
10          
1 row selected.

----------------------------------------
-- 2.2 CREATING INDEX USING CREATE_INDEX
----------------------------------------
$P0> DROP TABLE PDT_LIST;
Drop success.
$P0> CREATE TABLE PDT_LIST
     (
         F1   INTEGER,
         F2   INTEGER
     ) 
     PARTITION BY LIST( F1 )
     (
         PARTITION P1 VALUES ( 10, 15 ),
         PARTITION P2 VALUES ( 20, 25 ),
         PARTITION P3 VALUES ( 30, 35 ),
         PARTITION P4 VALUES DEFAULT
     ) TABLESPACE PDT_TBS;
Create success.
$P0> INSERT INTO PDT_LIST VALUES( 45, 0 );
1 row inserted.
$P0> INSERT INTO PDT_LIST VALUES( 40, 0 );
1 row inserted.
$P0> INSERT INTO PDT_LIST VALUES( 35, 0 );
1 row inserted.
$P0> INSERT INTO PDT_LIST VALUES( 30, 0 );
1 row inserted.
$P0> INSERT INTO PDT_LIST VALUES( 25, 0 );
1 row inserted.
$P0> INSERT INTO PDT_LIST VALUES( 20, 0 );
1 row inserted.
$P0> INSERT INTO PDT_LIST VALUES( 15, 0 );
1 row inserted.
$P0> INSERT INTO PDT_LIST VALUES( 10, 0 );
1 row inserted.

-- should be {45}
$P0> SELECT F1 FROM PDT_LIST PARTITION( P1 ) LIMIT 1;
F1          
--------------
15          
1 row selected.

$P0> CREATE UNIQUE INDEX IDX 
     ON PDT_LIST( F1 );
Create success.

-- should be {10}
$P0> SELECT /*+ INDEX ASC ( PDT_LIST, IDX ) */ F1
     FROM PDT_LIST PARTITION( P1 ) LIMIT 1;
F1          
--------------
10          
1 row selected.

--#########################################
--+SECTOR 3; DO JOB #2 (2. Validation Test)
--#########################################

----------------------------
-- 2.1 파티셔너블 객체 검사 
----------------------------
$P0> CREATE TABLE T
     (
         F1   INTEGER,
         F2   INTEGER
     );
Create success.
-- should be fail
$P0> CREATE UNIQUE INDEX IDX 
     ON T( F1 ) ;
[ERR-3104C : Duplicate index name]

-----------------------------------
-- 2.2 유니크 인덱스 생성 여부 검사 
-----------------------------------
$P0> DROP TABLE PDT_LIST;
Drop success.
$P0> CREATE TABLE PDT_LIST
     (
         F1   INTEGER,
         F2   INTEGER
     ) 
     PARTITION BY LIST( F1 )
     (
         PARTITION P1 VALUES ( 10, 15 ),
         PARTITION P2 VALUES ( 20, 25 ),
         PARTITION P3 VALUES ( 30, 35 ),
         PARTITION P4 VALUES DEFAULT
     ) TABLESPACE PDT_TBS;
Create success.

-- should be fail
$P0> CREATE INDEX IDX 
     ON PDT_LIST( F2 );
Create success.
-- should be success
$P0> CREATE UNIQUE INDEX IDX 
     ON PDT_LIST( F2 );
[ERR-3104C : Duplicate index name]

-----------------------------------
-- 2.3 인덱스 파티션 개수 검사 
-----------------------------------
$P0> DROP TABLE PDT_LIST;
Drop success.
$P0> CREATE TABLE PDT_LIST
     (
         F1   INTEGER,
         F2   INTEGER
     ) 
     PARTITION BY LIST( F1 )
     (
         PARTITION P1 VALUES ( 10, 15 ),
         PARTITION P2 VALUES ( 20, 25 ),
         PARTITION P3 VALUES ( 30, 35 ),
         PARTITION P4 VALUES DEFAULT
     ) TABLESPACE PDT_TBS;
Create success.

-- should be fail
$P0> CREATE UNIQUE INDEX IDX 
     ON PDT_LIST( F1 );
Create success.

-- should be fail
$P0> CREATE UNIQUE INDEX IDX 
     ON PDT_LIST( F1 );
[ERR-3104C : Duplicate index name]

-- should be success
$P0> CREATE UNIQUE INDEX IDX 
     ON PDT_LIST( F1 );
[ERR-3104C : Duplicate index name]

-----------------------------------
-- 2.4 인덱스 이름 중복 검사
-----------------------------------
$P0> DROP TABLE PDT_LIST;
Drop success.
$P0> CREATE TABLE PDT_LIST
     (
         F1   INTEGER,
         F2   INTEGER
     ) 
     PARTITION BY LIST( F1 )
     (
         PARTITION P1 VALUES ( 10, 15 ),
         PARTITION P2 VALUES ( 20, 25 ),
         PARTITION P3 VALUES ( 30, 35 ),
         PARTITION P4 VALUES DEFAULT
     ) TABLESPACE PDT_TBS;
Create success.

-- should be fail
$P0> CREATE UNIQUE INDEX IDX 
     ON PDT_LIST( F1 );
Create success.

-- should be fail
$P0> CREATE UNIQUE INDEX IDX 
     ON PDT_LIST( F1 );
[ERR-3104C : Duplicate index name]


-----------------------------------
-- 2.5 테이블스페이스 검사 
-----------------------------------
$P0> DROP TABLE PDT_LIST;
Drop success.
$P0> CREATE TABLE PDT_LIST
     (
         F1   INTEGER,
         F2   INTEGER
     ) 
     PARTITION BY LIST( F1 )
     (
         PARTITION P1 VALUES ( 10, 15 ),
         PARTITION P2 VALUES ( 20, 25 ),
         PARTITION P3 VALUES ( 30, 35 ),
         PARTITION P4 VALUES DEFAULT
     ) TABLESPACE PDT_TBS;
Create success.

-- memory tablespace
-- should be fail
$P0> CREATE UNIQUE INDEX IDX 
     ON PDT_LIST( F1 );
Create success.

-- should be fail
-- temporary tablespace
$P0> CREATE UNIQUE INDEX IDX 
     ON PDT_LIST( F1 );
[ERR-3104C : Duplicate index name]

-- should be fail
-- undo tablespace
$P0> CREATE UNIQUE INDEX IDX 
     ON PDT_LIST( F1 );
[ERR-3104C : Duplicate index name]

--#########################################
--+SECTOR 4; DO JOB #3 (3. Execution Test)
--#########################################

-----------------------------------------
-- 3.1 Preserved Order(프리픽스드 인덱스)
-----------------------------------------
$P0> DROP TABLE PDT_LIST;
Drop success.
$P0> CREATE TABLE PDT_LIST
     (
         F1   INTEGER,
         F2   INTEGER
     ) 
     PARTITION BY LIST( F1 )
     (
         PARTITION P1 VALUES ( 10, 15 ),
         PARTITION P2 VALUES ( 20, 25 ),
         PARTITION P3 VALUES ( 30, 35 ),
         PARTITION P4 VALUES DEFAULT
     ) TABLESPACE PDT_TBS;
Create success.
$P0> INSERT INTO PDT_LIST VALUES( 45, 0 );
1 row inserted.
$P0> INSERT INTO PDT_LIST VALUES( 40, 0 );
1 row inserted.
$P0> INSERT INTO PDT_LIST VALUES( 35, 0 );
1 row inserted.
$P0> INSERT INTO PDT_LIST VALUES( 30, 0 );
1 row inserted.
$P0> INSERT INTO PDT_LIST VALUES( 25, 0 );
1 row inserted.
$P0> INSERT INTO PDT_LIST VALUES( 20, 0 );
1 row inserted.
$P0> INSERT INTO PDT_LIST VALUES( 15, 0 );
1 row inserted.
$P0> INSERT INTO PDT_LIST VALUES( 10, 0 );
1 row inserted.

$P0> CREATE UNIQUE INDEX IDX 
     ON PDT_LIST( F1 ) LOCAL;
Create success.

-- should be {10,15,20,25,30,35,40,45}
$P0> SELECT /*+ INDEX ASC ( PDT_LIST, IDX ) */ F1
     FROM PDT_LIST;
F1          
--------------
40          
45          
30          
35          
20          
25          
10          
15          
8 rows selected.

-----------------------------------------------
-- 3.2 Non-Preserved Order(논프리픽스드 인덱스)
-----------------------------------------------
$P0> DROP TABLE PDT_LIST;
Drop success.
$P0> CREATE TABLE PDT_LIST
     (
         F1   INTEGER,
         F2   INTEGER
     ) 
     PARTITION BY LIST( F1 )
     (
         PARTITION P1 VALUES ( 10, 15 ),
         PARTITION P2 VALUES ( 20, 25 ),
         PARTITION P3 VALUES ( 30, 35 ),
         PARTITION P4 VALUES DEFAULT
     ) TABLESPACE PDT_TBS;
Create success.
$P0> INSERT INTO PDT_LIST VALUES( 45, 20 );
1 row inserted.
$P0> INSERT INTO PDT_LIST VALUES( 40, 25 );
1 row inserted.
$P0> INSERT INTO PDT_LIST VALUES( 35, 30 );
1 row inserted.
$P0> INSERT INTO PDT_LIST VALUES( 30, 35 );
1 row inserted.
$P0> INSERT INTO PDT_LIST VALUES( 25, 40 );
1 row inserted.
$P0> INSERT INTO PDT_LIST VALUES( 20, 45 );
1 row inserted.
$P0> INSERT INTO PDT_LIST VALUES( 15, 10 );
1 row inserted.
$P0> INSERT INTO PDT_LIST VALUES( 10, 15 );
1 row inserted.

$P0> CREATE UNIQUE INDEX IDX 
     ON PDT_LIST( F2 );
Create success.

-- will be {20,25,30,35,40,45,10,15}
$P0> SELECT /*+ INDEX ASC ( PDT_LIST, IDX ) */ F2
     FROM PDT_LIST;
F2          
--------------
10          
15          
20          
25          
30          
35          
40          
45          
8 rows selected.

-----------------------------------------
-- 3.3 Local Unique violation
-----------------------------------------
$P0> DROP TABLE PDT_LIST;
Drop success.
$P0> CREATE TABLE PDT_LIST
     (
         F1   INTEGER,
         F2   INTEGER
     ) 
     PARTITION BY LIST( F1 )
     (
         PARTITION P1 VALUES ( 10, 15 ),
         PARTITION P2 VALUES ( 20, 25 ),
         PARTITION P3 VALUES ( 30, 35 ),
         PARTITION P4 VALUES DEFAULT
     ) TABLESPACE PDT_TBS;
Create success.
$P0> INSERT INTO PDT_LIST VALUES( 45, 20 );
1 row inserted.
$P0> INSERT INTO PDT_LIST VALUES( 40, 25 );
1 row inserted.
$P0> INSERT INTO PDT_LIST VALUES( 35, 30 );
1 row inserted.
$P0> INSERT INTO PDT_LIST VALUES( 30, 35 );
1 row inserted.
$P0> INSERT INTO PDT_LIST VALUES( 25, 40 );
1 row inserted.
$P0> INSERT INTO PDT_LIST VALUES( 20, 45 );
1 row inserted.
$P0> INSERT INTO PDT_LIST VALUES( 15, 10 );
1 row inserted.
$P0> INSERT INTO PDT_LIST VALUES( 10, 15 );
1 row inserted.

$P0> CREATE UNIQUE INDEX IDX 
     ON PDT_LIST( F2 );
Create success.

$P0> INSERT INTO PDT_LIST VALUES( 45, 30 );
[ERR-11058 : The row already exists in a unique index.]
$P0> INSERT INTO PDT_LIST VALUES( 40, 35 );
[ERR-11058 : The row already exists in a unique index.]
$P0> INSERT INTO PDT_LIST VALUES( 35, 40 );
[ERR-11058 : The row already exists in a unique index.]
$P0> INSERT INTO PDT_LIST VALUES( 30, 45 );
[ERR-11058 : The row already exists in a unique index.]
$P0> INSERT INTO PDT_LIST VALUES( 25, 10 );
[ERR-11058 : The row already exists in a unique index.]
$P0> INSERT INTO PDT_LIST VALUES( 20, 15 );
[ERR-11058 : The row already exists in a unique index.]
$P0> INSERT INTO PDT_LIST VALUES( 15, 20 );
[ERR-11058 : The row already exists in a unique index.]
$P0> INSERT INTO PDT_LIST VALUES( 10, 25 );
[ERR-11058 : The row already exists in a unique index.]

-- should be 2
$P0> SELECT COUNT(*) FROM PDT_LIST 
     WHERE F2 = 20;
COUNT                
-----------------------
1                    
1 row selected.

-- should be fail
$P0> INSERT INTO PDT_LIST VALUES( 45, 20 );
[ERR-11058 : The row already exists in a unique index.]
-- should be fail
$P0> INSERT INTO PDT_LIST VALUES( 40, 25 );
[ERR-11058 : The row already exists in a unique index.]
-- should be fail
$P0> INSERT INTO PDT_LIST VALUES( 35, 30 );
[ERR-11058 : The row already exists in a unique index.]
-- should be fail
$P0> INSERT INTO PDT_LIST VALUES( 30, 35 );
[ERR-11058 : The row already exists in a unique index.]
-- should be fail
$P0> INSERT INTO PDT_LIST VALUES( 25, 40 );
[ERR-11058 : The row already exists in a unique index.]
-- should be fail
$P0> INSERT INTO PDT_LIST VALUES( 20, 45 );
[ERR-11058 : The row already exists in a unique index.]
-- should be fail
$P0> INSERT INTO PDT_LIST VALUES( 15, 10 );
[ERR-11058 : The row already exists in a unique index.]
-- should be fail
$P0> INSERT INTO PDT_LIST VALUES( 10, 15 );
[ERR-11058 : The row already exists in a unique index.]

-----------------------------------------------------
-- 3.4 Local Unique violation caused by Row Movement
-----------------------------------------------------
$P0> DROP TABLE PDT_LIST;
Drop success.
$P0> CREATE TABLE PDT_LIST
     (
         F1   INTEGER,
         F2   INTEGER
     ) 
     PARTITION BY LIST( F1 )
     (
         PARTITION P1 VALUES ( 10, 15 ),
         PARTITION P2 VALUES ( 20, 25 ),
         PARTITION P3 VALUES ( 30, 35 ),
         PARTITION P4 VALUES DEFAULT
     ) TABLESPACE PDT_TBS;
Create success.
$P0> INSERT INTO PDT_LIST VALUES( 45, 0 );
1 row inserted.
$P0> INSERT INTO PDT_LIST VALUES( 40, 0 );
1 row inserted.
$P0> INSERT INTO PDT_LIST VALUES( 35, 0 );
1 row inserted.
$P0> INSERT INTO PDT_LIST VALUES( 30, 0 );
1 row inserted.
$P0> INSERT INTO PDT_LIST VALUES( 25, 0 );
1 row inserted.
$P0> INSERT INTO PDT_LIST VALUES( 20, 0 );
1 row inserted.
$P0> INSERT INTO PDT_LIST VALUES( 15, 0 );
1 row inserted.
$P0> INSERT INTO PDT_LIST VALUES( 10, 0 );
1 row inserted.

$P0> CREATE UNIQUE INDEX IDX 
     ON PDT_LIST( F1 );
Create success.

$P0> ALTER TABLE PDT_LIST
     ENABLE ROW MOVEMENT;
Alter success.

-- BUGBUG
-- should be fail
-- UPDATE PDT_LIST SET F1 = 20
-- WHERE F1 = 30;


--###################################
--+SECTOR 5; FINALIZE
--###################################

$P0> DROP TABLE PDT_LIST;
Drop success.

