 
+----------------------------------------------------------------------+
--+SECTOR 0; BY ATC
+----------------------------------------------------------------------+
 
$P0> --+PROCESS P0;
--###################################################################
--+SECTOR 1; PREPARATION
--###################################################################

--+SKIP BEGIN; 
$P0> DROP TABLE T1;
$P0> DROP INDEX IDX;
--+SKIP END; 

$P0> CREATE TABLE T1( I1 DATE, I2 DATE, I3 INTEGER )
     PARTITION BY RANGE (I1, I2)
     (
         PARTITION P1 VALUES LESS THAN ( TO_DATE('2007-05-05', 'YYYY-MM-DD'), TO_DATE('2007-05-05', 'YYYY-MM-DD') ) TABLESPACE PDT_TBS2,
         PARTITION P2 VALUES LESS THAN ( TO_DATE('2007-06-05', 'YYYY-MM-DD'), TO_DATE('2007-05-05', 'YYYY-MM-DD') ) TABLESPACE PDT_TBS3,
         PARTITION P3 VALUES LESS THAN ( TO_DATE('2007-07-05', 'YYYY-MM-DD'), TO_DATE('2007-05-05', 'YYYY-MM-DD') ),
         PARTITION P4 VALUES DEFAULT TABLESPACE PDT_TBS4
     ) TABLESPACE PDT_TBS;
Create success.

$P0> CREATE INDEX IDX ON T1(I2, I3);
Create success.

$P0> ALTER TABLE T1 ENABLE ROW MOVEMENT;
Alter success.

$P0> INSERT INTO T1 VALUES (TO_DATE('2007-05-01', 'YYYY-MM-DD'), TO_DATE('2007-05-05', 'YYYY-MM-DD'), 100);
1 row inserted.
$P0> INSERT INTO T1 VALUES (TO_DATE('2007-05-05', 'YYYY-MM-DD'), TO_DATE('2007-05-05', 'YYYY-MM-DD'), 100);
1 row inserted.
$P0> INSERT INTO T1 VALUES (TO_DATE('2007-05-15', 'YYYY-MM-DD'), TO_DATE('2007-05-05', 'YYYY-MM-DD'), 100);
1 row inserted.
$P0> INSERT INTO T1 VALUES (TO_DATE('2007-06-05', 'YYYY-MM-DD'), TO_DATE('2007-05-05', 'YYYY-MM-DD'), 100);
1 row inserted.
$P0> INSERT INTO T1 VALUES (TO_DATE('2007-06-15', 'YYYY-MM-DD'), TO_DATE('2007-05-05', 'YYYY-MM-DD'), 100);
1 row inserted.
$P0> INSERT INTO T1 VALUES (TO_DATE('2007-07-05', 'YYYY-MM-DD'), TO_DATE('2007-05-05', 'YYYY-MM-DD'), 100);
1 row inserted.
$P0> INSERT INTO T1 VALUES (TO_DATE('2007-07-15', 'YYYY-MM-DD'), TO_DATE('2007-05-05', 'YYYY-MM-DD'), 100);
1 row inserted.
$P0> INSERT INTO T1 VALUES (TO_DATE('2007-08-05', 'YYYY-MM-DD'), TO_DATE('2007-05-05', 'YYYY-MM-DD'), 100);
1 row inserted.

--##################################################################
--+SECTOR 2; DO JOB
--##################################################################

$P0> UPDATE T1 SET I1 = TO_DATE('2007-05-01', 'YYYY-MM-DD');
8 rows updated.

--+SYSTEM sleep 1;

-- should be success
$P0> SELECT COUNT(*) FROM T1 PARTITION (P4);
COUNT                
-----------------------
0                    
1 row selected.

--##################################################################
--+SECTOR 3; FINALIZATION
--##################################################################

--+SKIP BEGIN; 
$P0> DROP TABLE T1;
$P0> DROP INDEX IDX;
--+SKIP END; 

