 
+----------------------------------------------------------------------+
--+SECTOR 0; BY ATC
+----------------------------------------------------------------------+
 
$P0> --+PROCESS P0;
--######################################################
-- CREATE HASH PARTITIONED DISK TABLE 
-- PARTITION KEY : INTEGER
--######################################################

--###################################
--+SECTOR 1; INTIALIZE
--###################################

--+SKIP BEGIN; 
$P0> DROP TABLE PDT;
$P0> DROP PROCEDURE PROC_INSERT;
--+SKIP END; 

--#########################################
--+SECTOR 2; DO JOB #1 (1. Basic Test)
--#########################################

------------------------------------------
-- 1.1 단일 컬럼 파티션닝
------------------------------------------
$P0> CREATE TABLE PDT
     (
         F1   INTEGER,
         F2   INTEGER
     ) 
     PARTITION BY HASH( F1 )
     (
         PARTITION P1,
         PARTITION P2,
         PARTITION P3,
         PARTITION P4
     ) TABLESPACE PDT_TBS;
Create success.

$P0> INSERT INTO PDT VALUES( 0, 0 );
1 row inserted.
$P0> INSERT INTO PDT VALUES( 1, 0 );
1 row inserted.
$P0> INSERT INTO PDT VALUES( 2, 0 );
1 row inserted.
$P0> INSERT INTO PDT VALUES( 3, 0 );
1 row inserted.
$P0> INSERT INTO PDT VALUES( 4, 0 );
1 row inserted.

$P0> SELECT COUNT(*) FROM PDT PARTITION( P1 );
COUNT                
-----------------------
1                    
1 row selected.
$P0> SELECT COUNT(*) FROM PDT PARTITION( P2 );
COUNT                
-----------------------
3                    
1 row selected.
$P0> SELECT COUNT(*) FROM PDT PARTITION( P3 );
COUNT                
-----------------------
0                    
1 row selected.
$P0> SELECT COUNT(*) FROM PDT PARTITION( P4 );
COUNT                
-----------------------
1                    
1 row selected.

------------------------------------------
-- 1.2 다중 컬럼 파티셔닝
------------------------------------------
$P0> DROP TABLE PDT;
Drop success.
$P0> CREATE TABLE PDT
     (
         F1   INTEGER,
         F2   INTEGER
     ) 
     PARTITION BY HASH( F1, F2 )
     (
         PARTITION P1,
         PARTITION P2,
         PARTITION P3,
         PARTITION P4
     ) TABLESPACE PDT_TBS;
Create success.

$P0> INSERT INTO PDT VALUES( 0, 1 );
1 row inserted.
$P0> INSERT INTO PDT VALUES( 1, 2 );
1 row inserted.
$P0> INSERT INTO PDT VALUES( 2, 3 );
1 row inserted.
$P0> INSERT INTO PDT VALUES( 3, 4 );
1 row inserted.
$P0> INSERT INTO PDT VALUES( 4, 5 );
1 row inserted.

$P0> SELECT COUNT(*) FROM PDT PARTITION( P1 );
COUNT                
-----------------------
2                    
1 row selected.
$P0> SELECT COUNT(*) FROM PDT PARTITION( P2 );
COUNT                
-----------------------
2                    
1 row selected.
$P0> SELECT COUNT(*) FROM PDT PARTITION( P3 );
COUNT                
-----------------------
0                    
1 row selected.
$P0> SELECT COUNT(*) FROM PDT PARTITION( P4 );
COUNT                
-----------------------
1                    
1 row selected.


--#########################################
--+SECTOR 3; DO JOB #2 (2. Validation Test)
--#########################################

------------------------------------------
-- 2.1 파티션 키 컬럼 개수 체크
------------------------------------------
-- should be success
$P0> DROP TABLE PDT;
Drop success.
$P0> CREATE TABLE PDT
     (
         F1   INTEGER,
         F2   INTEGER,
         F3   INTEGER,
         F4   INTEGER,
         F5   INTEGER,
         F6   INTEGER,
         F7   INTEGER,
         F8   INTEGER,
         F9   INTEGER,
         F10  INTEGER,
         F11  INTEGER,
         F12  INTEGER,
         F13  INTEGER,
         F14  INTEGER,
         F15  INTEGER,
         F16  INTEGER,
         F17  INTEGER,
         F18  INTEGER,
         F19  INTEGER,
         F20  INTEGER,
         F21  INTEGER,
         F22  INTEGER,
         F23  INTEGER,
         F24  INTEGER,
         F25  INTEGER,
         F26  INTEGER,
         F27  INTEGER,
         F28  INTEGER,
         F29  INTEGER,
         F30  INTEGER,
         F31  INTEGER,
         F32  INTEGER,
         F33  INTEGER
     ) 
     PARTITION BY HASH(  F1, F2, F3, F4, F5, F6, F7, F8, F9,F10,
                         F11,F12,F13,F14,F15,F16,F17,F18,F19,F20,
                         F21,F22,F23,F24,F25,F26,F27,F28,F29,F30,
                         F31,F32 )
     (
         PARTITION P1,
         PARTITION P2,
         PARTITION P3,
         PARTITION P4
     ) TABLESPACE PDT_TBS;
Create success.

-- should be fail
$P0> DROP TABLE PDT;
Drop success.
$P0> CREATE TABLE PDT
     (
         F1   INTEGER,
         F2   INTEGER,
         F3   INTEGER,
         F4   INTEGER,
         F5   INTEGER,
         F6   INTEGER,
         F7   INTEGER,
         F8   INTEGER,
         F9   INTEGER,
         F10  INTEGER,
         F11  INTEGER,
         F12  INTEGER,
         F13  INTEGER,
         F14  INTEGER,
         F15  INTEGER,
         F16  INTEGER,
         F17  INTEGER,
         F18  INTEGER,
         F19  INTEGER,
         F20  INTEGER,
         F21  INTEGER,
         F22  INTEGER,
         F23  INTEGER,
         F24  INTEGER,
         F25  INTEGER,
         F26  INTEGER,
         F27  INTEGER,
         F28  INTEGER,
         F29  INTEGER,
         F30  INTEGER,
         F31  INTEGER,
         F32  INTEGER,
         F33  INTEGER
     ) 
     PARTITION BY HASH(  F1, F2, F3, F4, F5, F6, F7, F8, F9,F10,
                         F11,F12,F13,F14,F15,F16,F17,F18,F19,F20,
                         F21,F22,F23,F24,F25,F26,F27,F28,F29,F30,
                         F31,F32,F33 )
     (
         PARTITION P1,
         PARTITION P2,
         PARTITION P3,
         PARTITION P4
     ) TABLESPACE PDT_TBS;
[ERR-31256 : Too many partition key columns]

------------------------------------------
-- 2.2 메모리 테이블스페이스 검사
------------------------------------------
-- should be fail
$P0> DROP TABLE PDT;
[ERR-31031 : Table or view was not found : 
0001 : DROP TABLE PDT
                 ^  ^
]
$P0> CREATE TABLE PDT
     (
         F1   INTEGER,
         F2   INTEGER
     ) 
     PARTITION BY HASH( F1 )
     (
         PARTITION P1,
         PARTITION P2,
         PARTITION P3,
         PARTITION P4
     ) TABLESPACE SYS_TBS_MEM_DATA;
[ERR-31258 : Unable to create a partitioned table or partition in the memory tablespace.]

------------------------------------------
-- 2.3 파티션 키 컬럼 중복 검사
------------------------------------------
-- should be fail
$P0> DROP TABLE PDT;
[ERR-31031 : Table or view was not found : 
0001 : DROP TABLE PDT
                 ^  ^
]
$P0> CREATE TABLE PDT
     (
         F1   INTEGER,
         F2   INTEGER
     ) 
     PARTITION BY HASH( F1, F1 )
     (
         PARTITION P1,
         PARTITION P2,
         PARTITION P3,
         PARTITION P4
     ) TABLESPACE PDT_TBS;
[ERR-31007 : Duplicate column name 
0006 :      PARTITION BY HASH( F1, F1 )
                              ^ ^
]

------------------------------------------
-- 2.4 파티션 이름 중복 검사
------------------------------------------
-- should be fail
$P0> DROP TABLE PDT;
[ERR-31031 : Table or view was not found : 
0001 : DROP TABLE PDT
                 ^  ^
]
$P0> CREATE TABLE PDT
     (
         F1   INTEGER,
         F2   INTEGER
     ) 
     PARTITION BY HASH( F1, F1 )
     (
         PARTITION P1,
         PARTITION P2,
         PARTITION P3,
         PARTITION P1
     ) TABLESPACE PDT_TBS;
[ERR-31007 : Duplicate column name 
0006 :      PARTITION BY HASH( F1, F1 )
                              ^ ^
]


--#########################################
--+SECTOR 4; DO JOB #3 (3. Execution Test)
--#########################################

------------------------------------------
-- 3.1 Unique key
------------------------------------------
-- 단일 컬럼 파티셔닝
$P0> DROP TABLE PDT;
[ERR-31031 : Table or view was not found : 
0001 : DROP TABLE PDT
                 ^  ^
]
$P0> CREATE TABLE PDT
     (
         F1   INTEGER PRIMARY KEY,
         F2   INTEGER
     ) 
     PARTITION BY HASH( F1 )
     (
         PARTITION P1,
         PARTITION P2,
         PARTITION P3,
         PARTITION P4
     ) TABLESPACE PDT_TBS;
Create success.

$P0> INSERT INTO PDT VALUES( 0, 1 );
1 row inserted.
-- should be fail
$P0> INSERT INTO PDT VALUES( 0, 2 );
[ERR-11058 : The row already exists in a unique index.]

$P0> INSERT INTO PDT VALUES( 1, 1 );
1 row inserted.
$P0> INSERT INTO PDT VALUES( 2, 1 );
1 row inserted.
$P0> INSERT INTO PDT VALUES( 3, 1 );
1 row inserted.
$P0> INSERT INTO PDT VALUES( 4, 1 );
1 row inserted.
$P0> INSERT INTO PDT VALUES( 5, 1 );
1 row inserted.
$P0> INSERT INTO PDT VALUES( 6, 1 );
1 row inserted.
$P0> INSERT INTO PDT VALUES( 7, 1 );
1 row inserted.

$P0> SELECT COUNT(*) FROM PDT PARTITION( P1 );
COUNT                
-----------------------
1                    
1 row selected.
$P0> SELECT COUNT(*) FROM PDT PARTITION( P2 );
COUNT                
-----------------------
3                    
1 row selected.
$P0> SELECT COUNT(*) FROM PDT PARTITION( P3 );
COUNT                
-----------------------
0                    
1 row selected.
$P0> SELECT COUNT(*) FROM PDT PARTITION( P4 );
COUNT                
-----------------------
4                    
1 row selected.

-- 다중 컬럼 파티셔닝
$P0> DROP TABLE PDT;
Drop success.
$P0> CREATE TABLE PDT
     (
         F1   INTEGER,
         F2   INTEGER,
         PRIMARY KEY(F1, F2)
     ) 
     PARTITION BY HASH( F1, F2 )
     (
         PARTITION P1,
         PARTITION P2,
         PARTITION P3,
         PARTITION P4
     ) TABLESPACE PDT_TBS;
Create success.

$P0> INSERT INTO PDT VALUES( 0, 1 );
1 row inserted.
$P0> INSERT INTO PDT VALUES( 0, 2 );
1 row inserted.
$P0> INSERT INTO PDT VALUES( 1, 1 );
1 row inserted.
$P0> INSERT INTO PDT VALUES( 2, 1 );
1 row inserted.
$P0> INSERT INTO PDT VALUES( 3, 1 );
1 row inserted.
$P0> INSERT INTO PDT VALUES( 4, 1 );
1 row inserted.
$P0> INSERT INTO PDT VALUES( 5, 1 );
1 row inserted.
$P0> INSERT INTO PDT VALUES( 6, 1 );
1 row inserted.
$P0> INSERT INTO PDT VALUES( 7, 1 );
1 row inserted.
-- should be fail
$P0> INSERT INTO PDT VALUES( 1, 1 );
[ERR-11058 : The row already exists in a unique index.]
$P0> INSERT INTO PDT VALUES( 2, 1 );
[ERR-11058 : The row already exists in a unique index.]

$P0> SELECT COUNT(*) FROM PDT PARTITION( P1 );
COUNT                
-----------------------
1                    
1 row selected.
$P0> SELECT COUNT(*) FROM PDT PARTITION( P2 );
COUNT                
-----------------------
2                    
1 row selected.
$P0> SELECT COUNT(*) FROM PDT PARTITION( P3 );
COUNT                
-----------------------
2                    
1 row selected.
$P0> SELECT COUNT(*) FROM PDT PARTITION( P4 );
COUNT                
-----------------------
4                    
1 row selected.

------------------------------------------
-- 3.2 NULL
------------------------------------------
-- 단일 컬럼 파티셔닝
$P0> DROP TABLE PDT;
Drop success.
$P0> CREATE TABLE PDT
     (
         F1   INTEGER,
         F2   INTEGER
     ) 
     PARTITION BY HASH( F1 )
     (
         PARTITION P1,
         PARTITION P2,
         PARTITION P3,
         PARTITION P4
     ) TABLESPACE PDT_TBS;
Create success.

$P0> INSERT INTO PDT VALUES( 0, 0 );
1 row inserted.
$P0> INSERT INTO PDT VALUES( 1, 0 );
1 row inserted.
$P0> INSERT INTO PDT VALUES( 2, 0 );
1 row inserted.
$P0> INSERT INTO PDT VALUES( 3, 0 );
1 row inserted.
$P0> INSERT INTO PDT VALUES( NULL, 0 );
1 row inserted.

$P0> SELECT COUNT(*) FROM PDT PARTITION( P1 );
COUNT                
-----------------------
1                    
1 row selected.
$P0> SELECT COUNT(*) FROM PDT PARTITION( P2 );
COUNT                
-----------------------
3                    
1 row selected.
$P0> SELECT COUNT(*) FROM PDT PARTITION( P3 );
COUNT                
-----------------------
0                    
1 row selected.
$P0> SELECT COUNT(*) FROM PDT PARTITION( P4 );
COUNT                
-----------------------
1                    
1 row selected.

-- 다중 컬럼 파티셔닝
$P0> DROP TABLE PDT;
Drop success.
$P0> CREATE TABLE PDT
     (
         F1   INTEGER,
         F2   INTEGER
     ) 
     PARTITION BY HASH( F1, F2 )
     (
         PARTITION P1,
         PARTITION P2,
         PARTITION P3,
         PARTITION P4
     ) TABLESPACE PDT_TBS;
Create success.

$P0> INSERT INTO PDT VALUES( 0, 0 );
1 row inserted.
$P0> INSERT INTO PDT VALUES( 1, 0 );
1 row inserted.
$P0> INSERT INTO PDT VALUES( 2, 0 );
1 row inserted.
$P0> INSERT INTO PDT VALUES( 3, 0 );
1 row inserted.
$P0> INSERT INTO PDT VALUES( NULL, 0 );
1 row inserted.
$P0> INSERT INTO PDT VALUES( 0, NULL );
1 row inserted.
$P0> INSERT INTO PDT VALUES( NULL, NULL );
1 row inserted.

$P0> SELECT COUNT(*) FROM PDT PARTITION( P1 );
COUNT                
-----------------------
1                    
1 row selected.
$P0> SELECT COUNT(*) FROM PDT PARTITION( P2 );
COUNT                
-----------------------
1                    
1 row selected.
$P0> SELECT COUNT(*) FROM PDT PARTITION( P3 );
COUNT                
-----------------------
1                    
1 row selected.
$P0> SELECT COUNT(*) FROM PDT PARTITION( P4 );
COUNT                
-----------------------
4                    
1 row selected.

------------------------------------------
-- 3.3 DISTIBUTION
------------------------------------------
$P0> DROP TABLE PDT;
Drop success.
$P0> CREATE TABLE PDT
     (
         F1   INTEGER,
         F2   INTEGER
     ) 
     PARTITION BY HASH( F1 )
     (
         PARTITION P1,
         PARTITION P2,
         PARTITION P3,
         PARTITION P4
     ) TABLESPACE PDT_TBS;
Create success.

$P0> CREATE OR REPLACE PROCEDURE PROC_INSERT( FROM_IDX IN INTEGER,
                                              TO_IDX   IN INTEGER ) 
     AS
     BEGIN
         FOR I IN FROM_IDX .. TO_IDX LOOP
             INSERT INTO PDT VALUES ( I, I );
         END LOOP;
     END;
     /
Create success.

$P0> EXECUTE PROC_INSERT( 1, 10000 );
Execute success.

$P0> SELECT COUNT(*) FROM PDT PARTITION( P1 );
COUNT                
-----------------------
2499                 
1 row selected.
$P0> SELECT COUNT(*) FROM PDT PARTITION( P2 );
COUNT                
-----------------------
2504                 
1 row selected.
$P0> SELECT COUNT(*) FROM PDT PARTITION( P3 );
COUNT                
-----------------------
2497                 
1 row selected.
$P0> SELECT COUNT(*) FROM PDT PARTITION( P4 );
COUNT                
-----------------------
2500                 
1 row selected.


--###################################
--+SECTOR 5; FINALIZE
--###################################

--+SKIP BEGIN; 
$P0> DROP TABLE PDT;
$P0> DROP PROCEDURE PROC_INSERT;
--+SKIP END; 

