 
+----------------------------------------------------------------------+
SECTOR 0; BY ATC
+----------------------------------------------------------------------+
 
$T0> THREAD T0 C0;
$T0> ###########################################################################
$T0> # Global Index Test
$T0> ###########################################################################

$T0> ##################################
$T0> # SECTOR; PREPARATION
$T0> ##################################

$T0> SKIP BEGIN;
$T0> drop table t1;
$T0> SKIP END;

$T0> ##################################
$T0> # SECTOR; CREATE TABLE
$T0> ##################################

$T0> create table t1
( 
  i1 integer,
  i2 integer, 
  i3 integer,
  i4 integer
)
partition by range(i1)
(
  partition p1 values less than (20),
  partition p2 values less than (40),
  partition p3 values less than (60),
  partition p4 values less than (80),
  partition pd values default
)
tablespace sys_tbs_disk_data;
Create success.

$T0> alter table t1 add constraint t1_pk primary key (i2, i1);
Alter success.
$T0> alter table t1 add constraint t1_uk unique (i3, i2, i1);
Alter success.

$T0> create index t1_idx1 on t1(i2);
Create success.
$T0> create index t1_idx2 on t1(i2, i3 desc, i4);
Create success.
$T0> create index t1_idx3 on t1(i3, i2 desc);
Create success.

$T0> create index t1_idx4 on t1(i4 desc, i3) local;
Create success.
$T0> create index t1_idx5 on t1(i4) local;
Create success.

$T0> ##################################
$T0> # SECTOR; DESC
$T0> ##################################

$T0> desc t1;
[ TABLESPACE : SYS_TBS_DISK_DATA ]
[ ATTRIBUTE ]                                                         
------------------------------------------------------------------------------
NAME                                     TYPE                        IS NULL 
------------------------------------------------------------------------------
I1                                       INTEGER                     NOT NULL
I2                                       INTEGER                     NOT NULL
I3                                       INTEGER                     
I4                                       INTEGER                     
[ INDEX ]                                                       
------------------------------------------------------------------------------
NAME                                     TYPE     IS UNIQUE     COLUMN
------------------------------------------------------------------------------
T1_PK                                    BTREE    UNIQUE        I2 ASC,
                                                                I1 ASC
T1_UK                                    BTREE    UNIQUE        I3 ASC,
                                                                I2 ASC,
                                                                I1 ASC
T1_IDX1                                  BTREE                  I2 ASC
T1_IDX2                                  BTREE                  I2 ASC,
                                                                I3 DESC,
                                                                I4 ASC
T1_IDX3                                  BTREE                  I3 ASC,
                                                                I2 DESC
T1_IDX4                                  BTREE                  I4 DESC,
                                                                I3 ASC
T1_IDX5                                  BTREE                  I4 ASC
[ PRIMARY KEY ]                                                 
------------------------------------------------------------------------------
I2, I1

$T0> ##################################
$T0> # SECTOR; FINALIZATION
$T0> ##################################

$T0> SKIP BEGIN;
$T0> drop table t1;
$T0> SKIP END;

