 
+----------------------------------------------------------------------+
SECTOR 0; BY ATC
+----------------------------------------------------------------------+
 
$T0> THREAD T0 C0;

$T0> ########################################################
$T0> ## SELECT LIST PARTITIOIN ( PK:INTEGER, INDEX:PREFIXED )
$T0> ########################################################

$T0> #####################################
$T0> ##SECTOR; INTIALIZE
$T0> #####################################

$T0> SKIP BEGIN;
$T0> DROP TABLE PDT_LIST;
$T0> SKIP END;

$T0> ###########################################
$T0> ##+SECTOR; DO JOB #1 (1. Basic Test)
$T0> ###########################################

$T0> CREATE TABLE PDT_LIST
(
    F1   DATE,
    F2   INTEGER
) 
PARTITION BY LIST( F1 )
(
    PARTITION P1 VALUES ( TO_DATE( '2007-4-10', 'YYYY-MM-DD' ) ),
    PARTITION P2 VALUES ( TO_DATE( '2007-4-20', 'YYYY-MM-DD' ) ),
    PARTITION P3 VALUES ( TO_DATE( '2007-4-30', 'YYYY-MM-DD' ) ),
    PARTITION P4 VALUES DEFAULT
) TABLESPACE PDT_TBS;
Create success.

$T0> CREATE UNIQUE INDEX PDT_LIST_IDX ON PDT_LIST( F1 );
Create success.

$T0> INSERT INTO PDT_LIST VALUES( TO_DATE( '2007-4-10', 'YYYY-MM-DD' ), 0 );
1 row inserted.
$T0> INSERT INTO PDT_LIST VALUES( TO_DATE( '2007-4-20', 'YYYY-MM-DD' ), 0 );
1 row inserted.
$T0> INSERT INTO PDT_LIST VALUES( TO_DATE( '2007-4-30', 'YYYY-MM-DD' ), 0 );
1 row inserted.
$T0> INSERT INTO PDT_LIST VALUES( TO_DATE( '2007-5-10', 'YYYY-MM-DD' ), 0 );
1 row inserted.

$T0> ## should be [TO_DATE( '2007-4-10', 'YYYY-MM-DD' )]
$T0> SELECT F1 FROM PDT_LIST PARTITION( P1 );
F1                   
-----------------------
10-APR-2007          
1 row selected.
$T0> ## should be [TO_DATE( '2007-4-20', 'YYYY-MM-DD' )]
$T0> SELECT F1 FROM PDT_LIST PARTITION( P2 );
F1                   
-----------------------
20-APR-2007          
1 row selected.
$T0> ## should be [TO_DATE( '2007-4-30', 'YYYY-MM-DD' )]
$T0> SELECT F1 FROM PDT_LIST PARTITION( P3 );
F1                   
-----------------------
30-APR-2007          
1 row selected.
$T0> ## should be [TO_DATE( '2007-5-10', 'YYYY-MM-DD' )]
$T0> SELECT F1 FROM PDT_LIST PARTITION( P4 );
F1                   
-----------------------
10-MAY-2007          
1 row selected.

$T0> ## should be 4
$T0> SELECT COUNT(*) FROM PDT_LIST;
COUNT                
-----------------------
4                    
1 row selected.

$T0> ## should be [ '2007-4-10', '2007-4-20', '2007-4-30', '2007-5-10' ]
$T0> SELECT F1 FROM PDT_LIST;
F1                   
-----------------------
10-MAY-2007          
30-APR-2007          
20-APR-2007          
10-APR-2007          
4 rows selected.


$T0> ###########################################
$T0> ##+SECTOR; DO JOB #2 (2. Validation Test)
$T0> ###########################################

$T0> DROP TABLE PDT_LIST;
Drop success.
$T0> CREATE TABLE PDT_LIST
(
    F1   DATE,
    F2   INTEGER
) 
PARTITION BY LIST( F1 )
(
    PARTITION P1 VALUES ( TO_DATE( '2007-4-10', 'YYYY-MM-DD' ) ),
    PARTITION P2 VALUES ( TO_DATE( '2007-4-20', 'YYYY-MM-DD' ) ),
    PARTITION P3 VALUES ( TO_DATE( '2007-4-30', 'YYYY-MM-DD' ) ),
    PARTITION P4 VALUES DEFAULT
) TABLESPACE PDT_TBS;
Create success.

$T0> CREATE UNIQUE INDEX PDT_LIST_IDX ON PDT_LIST( F1 );
Create success.

$T0> INSERT INTO PDT_LIST VALUES( TO_DATE( '2007-4-10', 'YYYY-MM-DD' ), 0 );
1 row inserted.
$T0> INSERT INTO PDT_LIST VALUES( TO_DATE( '2007-4-20', 'YYYY-MM-DD' ), 0 );
1 row inserted.
$T0> INSERT INTO PDT_LIST VALUES( TO_DATE( '2007-4-30', 'YYYY-MM-DD' ), 0 );
1 row inserted.
$T0> INSERT INTO PDT_LIST VALUES( TO_DATE( '2007-5-10', 'YYYY-MM-DD' ), 0 );
1 row inserted.

$T0> ## should be fail
$T0> SELECT COUNT(*) FROM PDT_LIST PARTITION( P5 );
[ERR-3125B : The table partition does not exist. ]


$T0> ###########################################
$T0> ##+SECTOR; DO JOB #3 (3. Execution Test)
$T0> ###########################################

$T0> ####################################-
$T0> ## 3.1 Partition Ordering
$T0> ####################################-
$T0> DROP TABLE PDT_LIST;
Drop success.
$T0> CREATE TABLE PDT_LIST
(
    F1   INTEGER,
    F2   INTEGER
) 
PARTITION BY LIST( F1 )
(
    PARTITION P3 VALUES ( TO_DATE( '2007-4-30', 'YYYY-MM-DD' ) ),
    PARTITION P4 VALUES DEFAULT,
    PARTITION P1 VALUES ( TO_DATE( '2007-4-10', 'YYYY-MM-DD' ) ),
    PARTITION P2 VALUES ( TO_DATE( '2007-4-20', 'YYYY-MM-DD' ) )
) TABLESPACE PDT_TBS;
[ERR-21011 : Invalid literal 
0008 :     PARTITION P3 VALUES ( TO_DATE( '2007-4-30', 'YYYY-MM-DD' ) ),
                                ^                                   ^
]

$T0> CREATE UNIQUE INDEX PDT_LIST_IDX ON PDT_LIST( F1 );
[ERR-31031 : Table or view was not found : 
0001 : CREATE UNIQUE INDEX PDT_LIST_IDX ON PDT_LIST( F1 )
                                          ^       ^
]

$T0> INSERT INTO PDT_LIST VALUES( TO_DATE( '2007-4-10', 'YYYY-MM-DD' ), 0 );
[ERR-31031 : Table or view was not found : 
0001 : INSERT INTO PDT_LIST VALUES( TO_DATE( '2007-4-10', 'YYYY-MM-DD' ), 0 )
                  ^       ^
]
$T0> INSERT INTO PDT_LIST VALUES( TO_DATE( '2007-4-20', 'YYYY-MM-DD' ), 0 );
[ERR-31031 : Table or view was not found : 
0001 : INSERT INTO PDT_LIST VALUES( TO_DATE( '2007-4-20', 'YYYY-MM-DD' ), 0 )
                  ^       ^
]
$T0> INSERT INTO PDT_LIST VALUES( TO_DATE( '2007-4-30', 'YYYY-MM-DD' ), 0 );
[ERR-31031 : Table or view was not found : 
0001 : INSERT INTO PDT_LIST VALUES( TO_DATE( '2007-4-30', 'YYYY-MM-DD' ), 0 )
                  ^       ^
]
$T0> INSERT INTO PDT_LIST VALUES( TO_DATE( '2007-5-10', 'YYYY-MM-DD' ), 0 );
[ERR-31031 : Table or view was not found : 
0001 : INSERT INTO PDT_LIST VALUES( TO_DATE( '2007-5-10', 'YYYY-MM-DD' ), 0 )
                  ^       ^
]

$T0> ## should be [TO_DATE( '2007-4-10', 'YYYY-MM-DD' )]
$T0> SELECT F1 FROM PDT_LIST PARTITION( P1 );
[ERR-31031 : Table or view was not found : 
0001 : SELECT F1 FROM PDT_LIST PARTITION( P1 )
                     ^       ^
]
$T0> ## should be [TO_DATE( '2007-4-20', 'YYYY-MM-DD' )]
$T0> SELECT F1 FROM PDT_LIST PARTITION( P2 );
[ERR-31031 : Table or view was not found : 
0001 : SELECT F1 FROM PDT_LIST PARTITION( P2 )
                     ^       ^
]
$T0> ## should be [TO_DATE( '2007-4-30', 'YYYY-MM-DD' )]
$T0> SELECT F1 FROM PDT_LIST PARTITION( P3 );
[ERR-31031 : Table or view was not found : 
0001 : SELECT F1 FROM PDT_LIST PARTITION( P3 )
                     ^       ^
]
$T0> ## should be [TO_DATE( '2007-5-10', 'YYYY-MM-DD' )]
$T0> SELECT F1 FROM PDT_LIST PARTITION( P4 );
[ERR-31031 : Table or view was not found : 
0001 : SELECT F1 FROM PDT_LIST PARTITION( P4 )
                     ^       ^
]

$T0> ##########################################
$T0> ## 3.2 Static Partition Pruning ( System )
$T0> ##########################################
$T0> DROP TABLE PDT_LIST;
[ERR-31031 : Table or view was not found : 
0001 : DROP TABLE PDT_LIST
                 ^       ^
]
$T0> CREATE TABLE PDT_LIST
(
    F1   INTEGER,
    F2   INTEGER
) 
PARTITION BY LIST( F1 )
(
    PARTITION P1 VALUES ( TO_DATE( '2007-4-10', 'YYYY-MM-DD' ) ),
    PARTITION P2 VALUES ( TO_DATE( '2007-4-20', 'YYYY-MM-DD' ) ),
    PARTITION P3 VALUES ( TO_DATE( '2007-4-30', 'YYYY-MM-DD' ) ),
    PARTITION P4 VALUES DEFAULT
) TABLESPACE PDT_TBS;
[ERR-21011 : Invalid literal 
0008 :     PARTITION P1 VALUES ( TO_DATE( '2007-4-10', 'YYYY-MM-DD' ) ),
                                ^                                   ^
]

$T0> CREATE UNIQUE INDEX PDT_LIST_IDX ON PDT_LIST( F1 );
[ERR-31031 : Table or view was not found : 
0001 : CREATE UNIQUE INDEX PDT_LIST_IDX ON PDT_LIST( F1 )
                                          ^       ^
]

$T0> INSERT INTO PDT_LIST VALUES( TO_DATE( '2007-4-10', 'YYYY-MM-DD' ), 0 );
[ERR-31031 : Table or view was not found : 
0001 : INSERT INTO PDT_LIST VALUES( TO_DATE( '2007-4-10', 'YYYY-MM-DD' ), 0 )
                  ^       ^
]
$T0> INSERT INTO PDT_LIST VALUES( TO_DATE( '2007-4-20', 'YYYY-MM-DD' ), 0 );
[ERR-31031 : Table or view was not found : 
0001 : INSERT INTO PDT_LIST VALUES( TO_DATE( '2007-4-20', 'YYYY-MM-DD' ), 0 )
                  ^       ^
]
$T0> INSERT INTO PDT_LIST VALUES( TO_DATE( '2007-4-30', 'YYYY-MM-DD' ), 0 );
[ERR-31031 : Table or view was not found : 
0001 : INSERT INTO PDT_LIST VALUES( TO_DATE( '2007-4-30', 'YYYY-MM-DD' ), 0 )
                  ^       ^
]
$T0> INSERT INTO PDT_LIST VALUES( TO_DATE( '2007-5-10', 'YYYY-MM-DD' ), 0 );
[ERR-31031 : Table or view was not found : 
0001 : INSERT INTO PDT_LIST VALUES( TO_DATE( '2007-5-10', 'YYYY-MM-DD' ), 0 )
                  ^       ^
]

$T0> ALTER SESSION SET EXPLAIN PLAN = ON;
Alter success.
$T0> ALTER SESSION SET TRCLOG_DETAIL_PREDICATE=1;
Alter success.

$T0> ## less than 
$T0> SELECT COUNT(*) FROM PDT_LIST WHERE F1 < TO_DATE( '2007-4-10', 'YYYY-MM-DD' );
[ERR-31031 : Table or view was not found : 
0001 : SELECT COUNT(*) FROM PDT_LIST WHERE F1 < TO_DATE( '2007-4-10', 'YYYY-MM-DD' )
                           ^       ^
]
$T0> SELECT COUNT(*) FROM PDT_LIST WHERE F1 < TO_DATE( '2007-4-20', 'YYYY-MM-DD' );
[ERR-31031 : Table or view was not found : 
0001 : SELECT COUNT(*) FROM PDT_LIST WHERE F1 < TO_DATE( '2007-4-20', 'YYYY-MM-DD' )
                           ^       ^
]
$T0> SELECT COUNT(*) FROM PDT_LIST WHERE F1 < TO_DATE( '2007-4-30', 'YYYY-MM-DD' );
[ERR-31031 : Table or view was not found : 
0001 : SELECT COUNT(*) FROM PDT_LIST WHERE F1 < TO_DATE( '2007-4-30', 'YYYY-MM-DD' )
                           ^       ^
]
$T0> SELECT COUNT(*) FROM PDT_LIST WHERE F1 < TO_DATE( '2007-5-10', 'YYYY-MM-DD' );
[ERR-31031 : Table or view was not found : 
0001 : SELECT COUNT(*) FROM PDT_LIST WHERE F1 < TO_DATE( '2007-5-10', 'YYYY-MM-DD' )
                           ^       ^
]
$T0> ## equal than 
$T0> SELECT COUNT(*) FROM PDT_LIST WHERE F1 = TO_DATE( '2007-4-10', 'YYYY-MM-DD' );
[ERR-31031 : Table or view was not found : 
0001 : SELECT COUNT(*) FROM PDT_LIST WHERE F1 = TO_DATE( '2007-4-10', 'YYYY-MM-DD' )
                           ^       ^
]
$T0> SELECT COUNT(*) FROM PDT_LIST WHERE F1 = TO_DATE( '2007-4-20', 'YYYY-MM-DD' );
[ERR-31031 : Table or view was not found : 
0001 : SELECT COUNT(*) FROM PDT_LIST WHERE F1 = TO_DATE( '2007-4-20', 'YYYY-MM-DD' )
                           ^       ^
]
$T0> SELECT COUNT(*) FROM PDT_LIST WHERE F1 = TO_DATE( '2007-4-30', 'YYYY-MM-DD' );
[ERR-31031 : Table or view was not found : 
0001 : SELECT COUNT(*) FROM PDT_LIST WHERE F1 = TO_DATE( '2007-4-30', 'YYYY-MM-DD' )
                           ^       ^
]
$T0> SELECT COUNT(*) FROM PDT_LIST WHERE F1 = TO_DATE( '2007-5-10', 'YYYY-MM-DD' );
[ERR-31031 : Table or view was not found : 
0001 : SELECT COUNT(*) FROM PDT_LIST WHERE F1 = TO_DATE( '2007-5-10', 'YYYY-MM-DD' )
                           ^       ^
]
$T0> ## greater than 
$T0> SELECT COUNT(*) FROM PDT_LIST WHERE F1 > TO_DATE( '2007-4-10', 'YYYY-MM-DD' );
[ERR-31031 : Table or view was not found : 
0001 : SELECT COUNT(*) FROM PDT_LIST WHERE F1 > TO_DATE( '2007-4-10', 'YYYY-MM-DD' )
                           ^       ^
]
$T0> SELECT COUNT(*) FROM PDT_LIST WHERE F1 > TO_DATE( '2007-4-20', 'YYYY-MM-DD' );
[ERR-31031 : Table or view was not found : 
0001 : SELECT COUNT(*) FROM PDT_LIST WHERE F1 > TO_DATE( '2007-4-20', 'YYYY-MM-DD' )
                           ^       ^
]
$T0> SELECT COUNT(*) FROM PDT_LIST WHERE F1 > TO_DATE( '2007-4-30', 'YYYY-MM-DD' );
[ERR-31031 : Table or view was not found : 
0001 : SELECT COUNT(*) FROM PDT_LIST WHERE F1 > TO_DATE( '2007-4-30', 'YYYY-MM-DD' )
                           ^       ^
]
$T0> SELECT COUNT(*) FROM PDT_LIST WHERE F1 > TO_DATE( '2007-5-10', 'YYYY-MM-DD' );
[ERR-31031 : Table or view was not found : 
0001 : SELECT COUNT(*) FROM PDT_LIST WHERE F1 > TO_DATE( '2007-5-10', 'YYYY-MM-DD' )
                           ^       ^
]
$T0> ## less equal than 
$T0> SELECT COUNT(*) FROM PDT_LIST WHERE F1 <= TO_DATE( '2007-4-10', 'YYYY-MM-DD' );
[ERR-31031 : Table or view was not found : 
0001 : SELECT COUNT(*) FROM PDT_LIST WHERE F1 <= TO_DATE( '2007-4-10', 'YYYY-MM-DD' )
                           ^       ^
]
$T0> SELECT COUNT(*) FROM PDT_LIST WHERE F1 <= TO_DATE( '2007-4-20', 'YYYY-MM-DD' );
[ERR-31031 : Table or view was not found : 
0001 : SELECT COUNT(*) FROM PDT_LIST WHERE F1 <= TO_DATE( '2007-4-20', 'YYYY-MM-DD' )
                           ^       ^
]
$T0> SELECT COUNT(*) FROM PDT_LIST WHERE F1 <= TO_DATE( '2007-4-30', 'YYYY-MM-DD' );
[ERR-31031 : Table or view was not found : 
0001 : SELECT COUNT(*) FROM PDT_LIST WHERE F1 <= TO_DATE( '2007-4-30', 'YYYY-MM-DD' )
                           ^       ^
]
$T0> SELECT COUNT(*) FROM PDT_LIST WHERE F1 <= TO_DATE( '2007-5-10', 'YYYY-MM-DD' );
[ERR-31031 : Table or view was not found : 
0001 : SELECT COUNT(*) FROM PDT_LIST WHERE F1 <= TO_DATE( '2007-5-10', 'YYYY-MM-DD' )
                           ^       ^
]
$T0> ## greater equal than 
$T0> SELECT COUNT(*) FROM PDT_LIST WHERE F1 >= TO_DATE( '2007-4-10', 'YYYY-MM-DD' );
[ERR-31031 : Table or view was not found : 
0001 : SELECT COUNT(*) FROM PDT_LIST WHERE F1 >= TO_DATE( '2007-4-10', 'YYYY-MM-DD' )
                           ^       ^
]
$T0> SELECT COUNT(*) FROM PDT_LIST WHERE F1 >= TO_DATE( '2007-4-20', 'YYYY-MM-DD' );
[ERR-31031 : Table or view was not found : 
0001 : SELECT COUNT(*) FROM PDT_LIST WHERE F1 >= TO_DATE( '2007-4-20', 'YYYY-MM-DD' )
                           ^       ^
]
$T0> SELECT COUNT(*) FROM PDT_LIST WHERE F1 >= TO_DATE( '2007-4-30', 'YYYY-MM-DD' );
[ERR-31031 : Table or view was not found : 
0001 : SELECT COUNT(*) FROM PDT_LIST WHERE F1 >= TO_DATE( '2007-4-30', 'YYYY-MM-DD' )
                           ^       ^
]
$T0> SELECT COUNT(*) FROM PDT_LIST WHERE F1 >= TO_DATE( '2007-5-10', 'YYYY-MM-DD' );
[ERR-31031 : Table or view was not found : 
0001 : SELECT COUNT(*) FROM PDT_LIST WHERE F1 >= TO_DATE( '2007-5-10', 'YYYY-MM-DD' )
                           ^       ^
]
$T0> ## not equal
$T0> SELECT COUNT(*) FROM PDT_LIST WHERE F1 != TO_DATE( '2007-4-10', 'YYYY-MM-DD' );
[ERR-31031 : Table or view was not found : 
0001 : SELECT COUNT(*) FROM PDT_LIST WHERE F1 != TO_DATE( '2007-4-10', 'YYYY-MM-DD' )
                           ^       ^
]
$T0> SELECT COUNT(*) FROM PDT_LIST WHERE F1 != TO_DATE( '2007-4-20', 'YYYY-MM-DD' );
[ERR-31031 : Table or view was not found : 
0001 : SELECT COUNT(*) FROM PDT_LIST WHERE F1 != TO_DATE( '2007-4-20', 'YYYY-MM-DD' )
                           ^       ^
]
$T0> SELECT COUNT(*) FROM PDT_LIST WHERE F1 != TO_DATE( '2007-4-30', 'YYYY-MM-DD' );
[ERR-31031 : Table or view was not found : 
0001 : SELECT COUNT(*) FROM PDT_LIST WHERE F1 != TO_DATE( '2007-4-30', 'YYYY-MM-DD' )
                           ^       ^
]
$T0> SELECT COUNT(*) FROM PDT_LIST WHERE F1 != TO_DATE( '2007-5-10', 'YYYY-MM-DD' );
[ERR-31031 : Table or view was not found : 
0001 : SELECT COUNT(*) FROM PDT_LIST WHERE F1 != TO_DATE( '2007-5-10', 'YYYY-MM-DD' )
                           ^       ^
]

$T0> SELECT COUNT(*) FROM PDT_LIST WHERE F1 = TO_DATE( '2007-4-10', 'YYYY-MM-DD' ) OR F1 = TO_DATE( '2007-4-20', 'YYYY-MM-DD' );
[ERR-31031 : Table or view was not found : 
0001 : SELECT COUNT(*) FROM PDT_LIST WHERE F1 = TO_DATE( '2007-4-10', 'YYYY-MM-DD' ) OR F1 = TO_DATE( '2007-4-20', 'YYYY-MM-DD' )
                           ^       ^
]
$T0> ALTER SESSION SET EXPLAIN PLAN = OFF;
Alter success.

$T0> ##########################################
$T0> ## 3.3 Static Partition Pruning ( User )
$T0> ##########################################
$T0> DROP TABLE PDT_LIST;
[ERR-31031 : Table or view was not found : 
0001 : DROP TABLE PDT_LIST
                 ^       ^
]
$T0> CREATE TABLE PDT_LIST
(
    F1   INTEGER,
    F2   INTEGER
) 
PARTITION BY LIST( F1 )
(
    PARTITION P1 VALUES ( TO_DATE( '2007-4-10', 'YYYY-MM-DD' ) ),
    PARTITION P2 VALUES ( TO_DATE( '2007-4-20', 'YYYY-MM-DD' ) ),
    PARTITION P3 VALUES ( TO_DATE( '2007-4-30', 'YYYY-MM-DD' ) ),
    PARTITION P4 VALUES DEFAULT
) TABLESPACE PDT_TBS;
[ERR-21011 : Invalid literal 
0008 :     PARTITION P1 VALUES ( TO_DATE( '2007-4-10', 'YYYY-MM-DD' ) ),
                                ^                                   ^
]

$T0> CREATE UNIQUE INDEX PDT_LIST_IDX ON PDT_LIST( F1 );
[ERR-31031 : Table or view was not found : 
0001 : CREATE UNIQUE INDEX PDT_LIST_IDX ON PDT_LIST( F1 )
                                          ^       ^
]

$T0> INSERT INTO PDT_LIST VALUES( TO_DATE( '2007-4-10', 'YYYY-MM-DD' ), 0 );
[ERR-31031 : Table or view was not found : 
0001 : INSERT INTO PDT_LIST VALUES( TO_DATE( '2007-4-10', 'YYYY-MM-DD' ), 0 )
                  ^       ^
]
$T0> INSERT INTO PDT_LIST VALUES( TO_DATE( '2007-4-20', 'YYYY-MM-DD' ), 0 );
[ERR-31031 : Table or view was not found : 
0001 : INSERT INTO PDT_LIST VALUES( TO_DATE( '2007-4-20', 'YYYY-MM-DD' ), 0 )
                  ^       ^
]
$T0> INSERT INTO PDT_LIST VALUES( TO_DATE( '2007-4-30', 'YYYY-MM-DD' ), 0 );
[ERR-31031 : Table or view was not found : 
0001 : INSERT INTO PDT_LIST VALUES( TO_DATE( '2007-4-30', 'YYYY-MM-DD' ), 0 )
                  ^       ^
]
$T0> INSERT INTO PDT_LIST VALUES( TO_DATE( '2007-5-10', 'YYYY-MM-DD' ), 0 );
[ERR-31031 : Table or view was not found : 
0001 : INSERT INTO PDT_LIST VALUES( TO_DATE( '2007-5-10', 'YYYY-MM-DD' ), 0 )
                  ^       ^
]

$T0> ALTER SESSION SET EXPLAIN PLAN = ON;
Alter success.
$T0> SELECT COUNT(*) FROM PDT_LIST PARTITION( P1 ) WHERE F1 = TO_DATE( '2007-4-10', 'YYYY-MM-DD' );
[ERR-31031 : Table or view was not found : 
0001 : SELECT COUNT(*) FROM PDT_LIST PARTITION( P1 ) WHERE F1 = TO_DATE( '2007-4-10', 'YYYY-MM-DD' )
                           ^       ^
]
$T0> ALTER SESSION SET EXPLAIN PLAN = OFF;
Alter success.

$T0> ####################################-
$T0> ## 3.4 Partition filtering
$T0> ####################################-
$T0> DROP TABLE PDT_LIST;
[ERR-31031 : Table or view was not found : 
0001 : DROP TABLE PDT_LIST
                 ^       ^
]
$T0> CREATE TABLE PDT_LIST
(
    F1   INTEGER,
    F2   INTEGER
) 
PARTITION BY LIST( F1 )
(
    PARTITION P1 VALUES ( TO_DATE( '2007-4-10', 'YYYY-MM-DD' ) ),
    PARTITION P2 VALUES ( TO_DATE( '2007-4-20', 'YYYY-MM-DD' ) ),
    PARTITION P3 VALUES ( TO_DATE( '2007-4-30', 'YYYY-MM-DD' ) ),
    PARTITION P4 VALUES DEFAULT
) TABLESPACE PDT_TBS;
[ERR-21011 : Invalid literal 
0008 :     PARTITION P1 VALUES ( TO_DATE( '2007-4-10', 'YYYY-MM-DD' ) ),
                                ^                                   ^
]

$T0> CREATE UNIQUE INDEX PDT_LIST_IDX ON PDT_LIST( F1 );
[ERR-31031 : Table or view was not found : 
0001 : CREATE UNIQUE INDEX PDT_LIST_IDX ON PDT_LIST( F1 )
                                          ^       ^
]

$T0> INSERT INTO PDT_LIST VALUES( TO_DATE( '2007-4-10', 'YYYY-MM-DD' ), 0 );
[ERR-31031 : Table or view was not found : 
0001 : INSERT INTO PDT_LIST VALUES( TO_DATE( '2007-4-10', 'YYYY-MM-DD' ), 0 )
                  ^       ^
]
$T0> INSERT INTO PDT_LIST VALUES( TO_DATE( '2007-4-20', 'YYYY-MM-DD' ), 0 );
[ERR-31031 : Table or view was not found : 
0001 : INSERT INTO PDT_LIST VALUES( TO_DATE( '2007-4-20', 'YYYY-MM-DD' ), 0 )
                  ^       ^
]
$T0> INSERT INTO PDT_LIST VALUES( TO_DATE( '2007-4-30', 'YYYY-MM-DD' ), 0 );
[ERR-31031 : Table or view was not found : 
0001 : INSERT INTO PDT_LIST VALUES( TO_DATE( '2007-4-30', 'YYYY-MM-DD' ), 0 )
                  ^       ^
]
$T0> INSERT INTO PDT_LIST VALUES( TO_DATE( '2007-5-10', 'YYYY-MM-DD' ), 0 );
[ERR-31031 : Table or view was not found : 
0001 : INSERT INTO PDT_LIST VALUES( TO_DATE( '2007-5-10', 'YYYY-MM-DD' ), 0 )
                  ^       ^
]

$T0> ALTER SESSION SET EXPLAIN PLAN = ON;
Alter success.
$T0> SELECT F1 FROM PDT_LIST;
[ERR-31031 : Table or view was not found : 
0001 : SELECT F1 FROM PDT_LIST
                     ^       ^
]
$T0> SELECT COUNT(*) FROM PDT_LIST WHERE F2 = 0;
[ERR-31031 : Table or view was not found : 
0001 : SELECT COUNT(*) FROM PDT_LIST WHERE F2 = 0
                           ^       ^
]
$T0> SELECT COUNT(*) FROM PDT_LIST WHERE F1 = F1;
[ERR-31031 : Table or view was not found : 
0001 : SELECT COUNT(*) FROM PDT_LIST WHERE F1 = F1
                           ^       ^
]
$T0> SELECT COUNT(*) FROM PDT_LIST WHERE F1 = F2;
[ERR-31031 : Table or view was not found : 
0001 : SELECT COUNT(*) FROM PDT_LIST WHERE F1 = F2
                           ^       ^
]

$T0> ALTER SESSION SET EXPLAIN PLAN = OFF;
Alter success.
$T0> ALTER SESSION SET TRCLOG_DETAIL_PREDICATE=0;
Alter success.

$T0> #####################################
$T0> ##+SECTOR; FINALIZE
$T0> #####################################

$T0> DROP TABLE PDT_LIST;
[ERR-31031 : Table or view was not found : 
0001 : DROP TABLE PDT_LIST
                 ^       ^
]

