 
+----------------------------------------------------------------------+
SECTOR 0; BY ATC
+----------------------------------------------------------------------+
 
$T0> THREAD T0 C0;
$T0> ########################################################
$T0> ## SELECT HASH PARTITIOIN ( PK:INTEGER, INDEX:PREFIXED )
$T0> ########################################################

$T0> #####################################
$T0> ##SECTOR; INTIALIZE
$T0> #####################################

$T0> SKIP BEGIN;
$T0> DROP TABLE PDT_HASH;
$T0> SKIP END;

$T0> ###########################################
$T0> ##+SECTOR; DO JOB #1 (1. Basic Test)
$T0> ###########################################

$T0> CREATE TABLE PDT_HASH
(
    F1   NUMERIC,
    F2   INTEGER
) 
PARTITION BY HASH( F1 )
(
    PARTITION P1,
    PARTITION P2,
    PARTITION P3,
    PARTITION P4
) TABLESPACE PDT_TBS;
Create success.

$T0> CREATE UNIQUE INDEX PDT_HASH_IDX ON PDT_HASH( F1 );
Create success.

$T0> INSERT INTO PDT_HASH VALUES( 0, 0 );
1 row inserted.
$T0> INSERT INTO PDT_HASH VALUES( 1, 0 );
1 row inserted.
$T0> INSERT INTO PDT_HASH VALUES( 2, 0 );
1 row inserted.
$T0> INSERT INTO PDT_HASH VALUES( 3, 0 );
1 row inserted.

$T0> SELECT F1 FROM PDT_HASH PARTITION( P1 );
F1          
--------------
0           
2           
2 rows selected.
$T0> SELECT F1 FROM PDT_HASH PARTITION( P2 );
F1          
--------------
1           
3           
2 rows selected.
$T0> SELECT F1 FROM PDT_HASH PARTITION( P3 );
F1          
--------------
No rows selected.
$T0> SELECT F1 FROM PDT_HASH PARTITION( P4 );
F1          
--------------
No rows selected.

$T0> ## should be 4
$T0> SELECT COUNT(*) FROM PDT_HASH;
COUNT                
-----------------------
4                    
1 row selected.

$T0> ## should be [0, 1, 2, 3]
$T0> SELECT F1 FROM PDT_HASH;
F1          
--------------
1           
3           
0           
2           
4 rows selected.


$T0> ###########################################
$T0> ##+SECTOR; DO JOB #2 (2. Validation Test)
$T0> ###########################################

$T0> DROP TABLE PDT_HASH;
Drop success.
$T0> CREATE TABLE PDT_HASH
(
    F1   NUMERIC,
    F2   INTEGER
) 
PARTITION BY HASH( F1 )
(
    PARTITION P1,
    PARTITION P2,
    PARTITION P3,
    PARTITION P4
) TABLESPACE PDT_TBS;
Create success.

$T0> CREATE UNIQUE INDEX PDT_HASH_IDX ON PDT_HASH( F1 );
Create success.

$T0> INSERT INTO PDT_HASH VALUES( 0, 0 );
1 row inserted.
$T0> INSERT INTO PDT_HASH VALUES( 1, 0 );
1 row inserted.
$T0> INSERT INTO PDT_HASH VALUES( 2, 0 );
1 row inserted.
$T0> INSERT INTO PDT_HASH VALUES( 3, 0 );
1 row inserted.

$T0> ## should be fail
$T0> SELECT COUNT(*) FROM PDT_HASH PARTITION( P5 );
[ERR-3125B : The table partition does not exist. ]


$T0> ###########################################
$T0> ##+SECTOR; DO JOB #3 (3. Execution Test)
$T0> ###########################################

$T0> ####################################-
$T0> ## 3.1 Partition Ordering
$T0> ####################################-
$T0> DROP TABLE PDT_HASH;
Drop success.
$T0> CREATE TABLE PDT_HASH
(
    F1   NUMERIC,
    F2   INTEGER
) 
PARTITION BY HASH( F1 )
(
    PARTITION P1,
    PARTITION P2,
    PARTITION P3,
    PARTITION P4
) TABLESPACE PDT_TBS;
Create success.

$T0> CREATE UNIQUE INDEX PDT_HASH_IDX ON PDT_HASH( F1 );
Create success.

$T0> INSERT INTO PDT_HASH VALUES( 0, 0 );
1 row inserted.
$T0> INSERT INTO PDT_HASH VALUES( 1, 0 );
1 row inserted.
$T0> INSERT INTO PDT_HASH VALUES( 2, 0 );
1 row inserted.
$T0> INSERT INTO PDT_HASH VALUES( 3, 0 );
1 row inserted.

$T0> SELECT F1 FROM PDT_HASH PARTITION( P1 );
F1          
--------------
0           
2           
2 rows selected.
$T0> SELECT F1 FROM PDT_HASH PARTITION( P2 );
F1          
--------------
1           
3           
2 rows selected.
$T0> SELECT F1 FROM PDT_HASH PARTITION( P3 );
F1          
--------------
No rows selected.
$T0> SELECT F1 FROM PDT_HASH PARTITION( P4 );
F1          
--------------
No rows selected.

$T0> ##########################################
$T0> ## 3.2 Static Partition Pruning ( System )
$T0> ##########################################
$T0> DROP TABLE PDT_HASH;
Drop success.
$T0> CREATE TABLE PDT_HASH
(
    F1   NUMERIC,
    F2   INTEGER
) 
PARTITION BY HASH( F1 )
(
    PARTITION P1,
    PARTITION P2,
    PARTITION P3,
    PARTITION P4
) TABLESPACE PDT_TBS;
Create success.

$T0> CREATE UNIQUE INDEX PDT_HASH_IDX ON PDT_HASH( F1 );
Create success.

$T0> INSERT INTO PDT_HASH VALUES( 0, 0 );
1 row inserted.
$T0> INSERT INTO PDT_HASH VALUES( 1, 0 );
1 row inserted.
$T0> INSERT INTO PDT_HASH VALUES( 2, 0 );
1 row inserted.
$T0> INSERT INTO PDT_HASH VALUES( 3, 0 );
1 row inserted.

$T0> ALTER SESSION SET EXPLAIN PLAN = ON;
Alter success.
$T0> ## equal than 
$T0> SELECT COUNT(*) FROM PDT_HASH WHERE F1 = 0;
COUNT                
-----------------------
1                    
1 row selected.
------------------------------------------------------------
PROJECT ( COLUMN_COUNT: 1, TUPLE_SIZE: 8 )
 GROUP-AGGREGATION ( ITEM_SIZE: BLOCKED, GROUP_COUNT: 1, BUCKET_COUNT: 1, ACCESS: 1, SELF_ID: 5, REF_ID: 2 )
  PARTITION-COORDINATOR ( TABLE: PDT_HASH, PARTITION: 1/4, INDEX: PDT_HASH_IDX, ACCESS: 1, SELF_ID: 2 )
   SCAN ( PARTITION: P1, RID SCAN, ACCESS: 1, DISK_PAGE_COUNT: BLOCKED, SELF_ID: 3 )
------------------------------------------------------------
$T0> SELECT COUNT(*) FROM PDT_HASH WHERE F1 = 1;
COUNT                
-----------------------
1                    
1 row selected.
------------------------------------------------------------
PROJECT ( COLUMN_COUNT: 1, TUPLE_SIZE: 8 )
 GROUP-AGGREGATION ( ITEM_SIZE: BLOCKED, GROUP_COUNT: 1, BUCKET_COUNT: 1, ACCESS: 1, SELF_ID: 5, REF_ID: 2 )
  PARTITION-COORDINATOR ( TABLE: PDT_HASH, PARTITION: 1/4, INDEX: PDT_HASH_IDX, ACCESS: 1, SELF_ID: 2 )
   SCAN ( PARTITION: P2, RID SCAN, ACCESS: 1, DISK_PAGE_COUNT: BLOCKED, SELF_ID: 3 )
------------------------------------------------------------
$T0> SELECT COUNT(*) FROM PDT_HASH WHERE F1 = 2;
COUNT                
-----------------------
1                    
1 row selected.
------------------------------------------------------------
PROJECT ( COLUMN_COUNT: 1, TUPLE_SIZE: 8 )
 GROUP-AGGREGATION ( ITEM_SIZE: BLOCKED, GROUP_COUNT: 1, BUCKET_COUNT: 1, ACCESS: 1, SELF_ID: 5, REF_ID: 2 )
  PARTITION-COORDINATOR ( TABLE: PDT_HASH, PARTITION: 1/4, INDEX: PDT_HASH_IDX, ACCESS: 1, SELF_ID: 2 )
   SCAN ( PARTITION: P1, RID SCAN, ACCESS: 1, DISK_PAGE_COUNT: BLOCKED, SELF_ID: 3 )
------------------------------------------------------------
$T0> SELECT COUNT(*) FROM PDT_HASH WHERE F1 = 3;
COUNT                
-----------------------
1                    
1 row selected.
------------------------------------------------------------
PROJECT ( COLUMN_COUNT: 1, TUPLE_SIZE: 8 )
 GROUP-AGGREGATION ( ITEM_SIZE: BLOCKED, GROUP_COUNT: 1, BUCKET_COUNT: 1, ACCESS: 1, SELF_ID: 5, REF_ID: 2 )
  PARTITION-COORDINATOR ( TABLE: PDT_HASH, PARTITION: 1/4, INDEX: PDT_HASH_IDX, ACCESS: 1, SELF_ID: 2 )
   SCAN ( PARTITION: P2, RID SCAN, ACCESS: 1, DISK_PAGE_COUNT: BLOCKED, SELF_ID: 3 )
------------------------------------------------------------
$T0> ALTER SESSION SET EXPLAIN PLAN = OFF;
Alter success.

$T0> ##########################################
$T0> ## 3.3 Static Partition Pruning ( User )
$T0> ##########################################
$T0> DROP TABLE PDT_HASH;
Drop success.
$T0> CREATE TABLE PDT_HASH
(
    F1   NUMERIC,
    F2   INTEGER
) 
PARTITION BY HASH( F1 )
(
    PARTITION P1,
    PARTITION P2,
    PARTITION P3,
    PARTITION P4
) TABLESPACE PDT_TBS;
Create success.

$T0> CREATE UNIQUE INDEX PDT_HASH_IDX ON PDT_HASH( F1 );
Create success.

$T0> INSERT INTO PDT_HASH VALUES( 0, 0 );
1 row inserted.
$T0> INSERT INTO PDT_HASH VALUES( 1, 0 );
1 row inserted.
$T0> INSERT INTO PDT_HASH VALUES( 2, 0 );
1 row inserted.
$T0> INSERT INTO PDT_HASH VALUES( 3, 0 );
1 row inserted.

$T0> ALTER SESSION SET EXPLAIN PLAN = ON;
Alter success.
$T0> ALTER SESSION SET TRCLOG_DETAIL_PREDICATE=1;
Alter success.

$T0> SELECT COUNT(*) FROM PDT_HASH PARTITION( P2 ) WHERE F1 = 1;
COUNT                
-----------------------
1                    
1 row selected.
------------------------------------------------------------
PROJECT ( COLUMN_COUNT: 1, TUPLE_SIZE: 8 )
 GROUP-AGGREGATION ( ITEM_SIZE: BLOCKED, GROUP_COUNT: 1, BUCKET_COUNT: 1, ACCESS: 1, SELF_ID: 5, REF_ID: 2 )
  PARTITION-COORDINATOR ( TABLE: PDT_HASH, PARTITION: 1/4, INDEX: PDT_HASH_IDX, ACCESS: 1, SELF_ID: 2 )
   [ PARTITION KEY ]
   AND
    OR
     F1 = 1
   [ FIXED KEY ]
   AND
    OR
     F1 = 1
   SCAN ( PARTITION: P2, RID SCAN, ACCESS: 1, DISK_PAGE_COUNT: BLOCKED, SELF_ID: 3 )
------------------------------------------------------------
$T0> ALTER SESSION SET EXPLAIN PLAN = OFF;
Alter success.

$T0> ####################################-
$T0> ## 3.4 Partition filtering
$T0> ####################################-
$T0> DROP TABLE PDT_HASH;
Drop success.
$T0> CREATE TABLE PDT_HASH
(
    F1   NUMERIC,
    F2   INTEGER
) 
PARTITION BY HASH( F1 )
(
    PARTITION P1,
    PARTITION P2,
    PARTITION P3,
    PARTITION P4
) TABLESPACE PDT_TBS;
Create success.

$T0> CREATE UNIQUE INDEX PDT_HASH_IDX ON PDT_HASH( F1 );
Create success.

$T0> INSERT INTO PDT_HASH VALUES( 0, 0 );
1 row inserted.
$T0> INSERT INTO PDT_HASH VALUES( 1, 0 );
1 row inserted.
$T0> INSERT INTO PDT_HASH VALUES( 2, 0 );
1 row inserted.
$T0> INSERT INTO PDT_HASH VALUES( 3, 0 );
1 row inserted.

$T0> ALTER SESSION SET EXPLAIN PLAN = ON;
Alter success.
$T0> ## less than 
$T0> SELECT COUNT(*) FROM PDT_HASH WHERE F1 < 0;
COUNT                
-----------------------
0                    
1 row selected.
------------------------------------------------------------
PROJECT ( COLUMN_COUNT: 1, TUPLE_SIZE: 8 )
 GROUP-AGGREGATION ( ITEM_SIZE: BLOCKED, GROUP_COUNT: 1, BUCKET_COUNT: 1, ACCESS: 1, SELF_ID: 8, REF_ID: 2 )
  PARTITION-COORDINATOR ( TABLE: PDT_HASH, PARTITION: 4/4, INDEX: PDT_HASH_IDX, ACCESS: 0, SELF_ID: 2 )
   [ FIXED KEY ]
   AND
    OR
     F1 < 0
   SCAN ( PARTITION: P4, RID SCAN, ACCESS: 0, DISK_PAGE_COUNT: BLOCKED, SELF_ID: 3 )
   SCAN ( PARTITION: P3, RID SCAN, ACCESS: 0, DISK_PAGE_COUNT: BLOCKED, SELF_ID: 4 )
   SCAN ( PARTITION: P2, RID SCAN, ACCESS: 0, DISK_PAGE_COUNT: BLOCKED, SELF_ID: 5 )
   SCAN ( PARTITION: P1, RID SCAN, ACCESS: 0, DISK_PAGE_COUNT: BLOCKED, SELF_ID: 6 )
------------------------------------------------------------
$T0> SELECT COUNT(*) FROM PDT_HASH WHERE F1 < 1;
COUNT                
-----------------------
1                    
1 row selected.
------------------------------------------------------------
PROJECT ( COLUMN_COUNT: 1, TUPLE_SIZE: 8 )
 GROUP-AGGREGATION ( ITEM_SIZE: BLOCKED, GROUP_COUNT: 1, BUCKET_COUNT: 1, ACCESS: 1, SELF_ID: 8, REF_ID: 2 )
  PARTITION-COORDINATOR ( TABLE: PDT_HASH, PARTITION: 4/4, INDEX: PDT_HASH_IDX, ACCESS: 1, SELF_ID: 2 )
   [ FIXED KEY ]
   AND
    OR
     F1 < 1
   SCAN ( PARTITION: P4, RID SCAN, ACCESS: 0, DISK_PAGE_COUNT: BLOCKED, SELF_ID: 3 )
   SCAN ( PARTITION: P3, RID SCAN, ACCESS: 0, DISK_PAGE_COUNT: BLOCKED, SELF_ID: 4 )
   SCAN ( PARTITION: P2, RID SCAN, ACCESS: 0, DISK_PAGE_COUNT: BLOCKED, SELF_ID: 5 )
   SCAN ( PARTITION: P1, RID SCAN, ACCESS: 1, DISK_PAGE_COUNT: BLOCKED, SELF_ID: 6 )
------------------------------------------------------------
$T0> SELECT COUNT(*) FROM PDT_HASH WHERE F1 < 2;
COUNT                
-----------------------
2                    
1 row selected.
------------------------------------------------------------
PROJECT ( COLUMN_COUNT: 1, TUPLE_SIZE: 8 )
 GROUP-AGGREGATION ( ITEM_SIZE: BLOCKED, GROUP_COUNT: 1, BUCKET_COUNT: 1, ACCESS: 1, SELF_ID: 8, REF_ID: 2 )
  PARTITION-COORDINATOR ( TABLE: PDT_HASH, PARTITION: 4/4, INDEX: PDT_HASH_IDX, ACCESS: 2, SELF_ID: 2 )
   [ FIXED KEY ]
   AND
    OR
     F1 < 2
   SCAN ( PARTITION: P4, RID SCAN, ACCESS: 0, DISK_PAGE_COUNT: BLOCKED, SELF_ID: 3 )
   SCAN ( PARTITION: P3, RID SCAN, ACCESS: 0, DISK_PAGE_COUNT: BLOCKED, SELF_ID: 4 )
   SCAN ( PARTITION: P2, RID SCAN, ACCESS: 1, DISK_PAGE_COUNT: BLOCKED, SELF_ID: 5 )
   SCAN ( PARTITION: P1, RID SCAN, ACCESS: 1, DISK_PAGE_COUNT: BLOCKED, SELF_ID: 6 )
------------------------------------------------------------
$T0> SELECT COUNT(*) FROM PDT_HASH WHERE F1 < 3;
COUNT                
-----------------------
3                    
1 row selected.
------------------------------------------------------------
PROJECT ( COLUMN_COUNT: 1, TUPLE_SIZE: 8 )
 GROUP-AGGREGATION ( ITEM_SIZE: BLOCKED, GROUP_COUNT: 1, BUCKET_COUNT: 1, ACCESS: 1, SELF_ID: 8, REF_ID: 2 )
  PARTITION-COORDINATOR ( TABLE: PDT_HASH, PARTITION: 4/4, INDEX: PDT_HASH_IDX, ACCESS: 3, SELF_ID: 2 )
   [ FIXED KEY ]
   AND
    OR
     F1 < 3
   SCAN ( PARTITION: P4, RID SCAN, ACCESS: 0, DISK_PAGE_COUNT: BLOCKED, SELF_ID: 3 )
   SCAN ( PARTITION: P3, RID SCAN, ACCESS: 0, DISK_PAGE_COUNT: BLOCKED, SELF_ID: 4 )
   SCAN ( PARTITION: P2, RID SCAN, ACCESS: 1, DISK_PAGE_COUNT: BLOCKED, SELF_ID: 5 )
   SCAN ( PARTITION: P1, RID SCAN, ACCESS: 2, DISK_PAGE_COUNT: BLOCKED, SELF_ID: 6 )
------------------------------------------------------------
$T0> ## equal than 
$T0> SELECT COUNT(*) FROM PDT_HASH WHERE F1 = 0;
COUNT                
-----------------------
1                    
1 row selected.
------------------------------------------------------------
PROJECT ( COLUMN_COUNT: 1, TUPLE_SIZE: 8 )
 GROUP-AGGREGATION ( ITEM_SIZE: BLOCKED, GROUP_COUNT: 1, BUCKET_COUNT: 1, ACCESS: 1, SELF_ID: 5, REF_ID: 2 )
  PARTITION-COORDINATOR ( TABLE: PDT_HASH, PARTITION: 1/4, INDEX: PDT_HASH_IDX, ACCESS: 1, SELF_ID: 2 )
   [ PARTITION KEY ]
   AND
    OR
     F1 = 0
   [ FIXED KEY ]
   AND
    OR
     F1 = 0
   SCAN ( PARTITION: P1, RID SCAN, ACCESS: 1, DISK_PAGE_COUNT: BLOCKED, SELF_ID: 3 )
------------------------------------------------------------
$T0> SELECT COUNT(*) FROM PDT_HASH WHERE F1 = 1;
COUNT                
-----------------------
1                    
1 row selected.
------------------------------------------------------------
PROJECT ( COLUMN_COUNT: 1, TUPLE_SIZE: 8 )
 GROUP-AGGREGATION ( ITEM_SIZE: BLOCKED, GROUP_COUNT: 1, BUCKET_COUNT: 1, ACCESS: 1, SELF_ID: 5, REF_ID: 2 )
  PARTITION-COORDINATOR ( TABLE: PDT_HASH, PARTITION: 1/4, INDEX: PDT_HASH_IDX, ACCESS: 1, SELF_ID: 2 )
   [ PARTITION KEY ]
   AND
    OR
     F1 = 1
   [ FIXED KEY ]
   AND
    OR
     F1 = 1
   SCAN ( PARTITION: P2, RID SCAN, ACCESS: 1, DISK_PAGE_COUNT: BLOCKED, SELF_ID: 3 )
------------------------------------------------------------
$T0> SELECT COUNT(*) FROM PDT_HASH WHERE F1 = 2;
COUNT                
-----------------------
1                    
1 row selected.
------------------------------------------------------------
PROJECT ( COLUMN_COUNT: 1, TUPLE_SIZE: 8 )
 GROUP-AGGREGATION ( ITEM_SIZE: BLOCKED, GROUP_COUNT: 1, BUCKET_COUNT: 1, ACCESS: 1, SELF_ID: 5, REF_ID: 2 )
  PARTITION-COORDINATOR ( TABLE: PDT_HASH, PARTITION: 1/4, INDEX: PDT_HASH_IDX, ACCESS: 1, SELF_ID: 2 )
   [ PARTITION KEY ]
   AND
    OR
     F1 = 2
   [ FIXED KEY ]
   AND
    OR
     F1 = 2
   SCAN ( PARTITION: P1, RID SCAN, ACCESS: 1, DISK_PAGE_COUNT: BLOCKED, SELF_ID: 3 )
------------------------------------------------------------
$T0> SELECT COUNT(*) FROM PDT_HASH WHERE F1 = 3;
COUNT                
-----------------------
1                    
1 row selected.
------------------------------------------------------------
PROJECT ( COLUMN_COUNT: 1, TUPLE_SIZE: 8 )
 GROUP-AGGREGATION ( ITEM_SIZE: BLOCKED, GROUP_COUNT: 1, BUCKET_COUNT: 1, ACCESS: 1, SELF_ID: 5, REF_ID: 2 )
  PARTITION-COORDINATOR ( TABLE: PDT_HASH, PARTITION: 1/4, INDEX: PDT_HASH_IDX, ACCESS: 1, SELF_ID: 2 )
   [ PARTITION KEY ]
   AND
    OR
     F1 = 3
   [ FIXED KEY ]
   AND
    OR
     F1 = 3
   SCAN ( PARTITION: P2, RID SCAN, ACCESS: 1, DISK_PAGE_COUNT: BLOCKED, SELF_ID: 3 )
------------------------------------------------------------
$T0> ## greater than 
$T0> SELECT COUNT(*) FROM PDT_HASH WHERE F1 > 0;
COUNT                
-----------------------
3                    
1 row selected.
------------------------------------------------------------
PROJECT ( COLUMN_COUNT: 1, TUPLE_SIZE: 8 )
 GROUP-AGGREGATION ( ITEM_SIZE: BLOCKED, GROUP_COUNT: 1, BUCKET_COUNT: 1, ACCESS: 1, SELF_ID: 8, REF_ID: 2 )
  PARTITION-COORDINATOR ( TABLE: PDT_HASH, PARTITION: 4/4, INDEX: PDT_HASH_IDX, ACCESS: 3, SELF_ID: 2 )
   [ FIXED KEY ]
   AND
    OR
     F1 > 0
   SCAN ( PARTITION: P4, RID SCAN, ACCESS: 0, DISK_PAGE_COUNT: BLOCKED, SELF_ID: 3 )
   SCAN ( PARTITION: P3, RID SCAN, ACCESS: 0, DISK_PAGE_COUNT: BLOCKED, SELF_ID: 4 )
   SCAN ( PARTITION: P2, RID SCAN, ACCESS: 2, DISK_PAGE_COUNT: BLOCKED, SELF_ID: 5 )
   SCAN ( PARTITION: P1, RID SCAN, ACCESS: 1, DISK_PAGE_COUNT: BLOCKED, SELF_ID: 6 )
------------------------------------------------------------
$T0> SELECT COUNT(*) FROM PDT_HASH WHERE F1 > 1;
COUNT                
-----------------------
2                    
1 row selected.
------------------------------------------------------------
PROJECT ( COLUMN_COUNT: 1, TUPLE_SIZE: 8 )
 GROUP-AGGREGATION ( ITEM_SIZE: BLOCKED, GROUP_COUNT: 1, BUCKET_COUNT: 1, ACCESS: 1, SELF_ID: 8, REF_ID: 2 )
  PARTITION-COORDINATOR ( TABLE: PDT_HASH, PARTITION: 4/4, INDEX: PDT_HASH_IDX, ACCESS: 2, SELF_ID: 2 )
   [ FIXED KEY ]
   AND
    OR
     F1 > 1
   SCAN ( PARTITION: P4, RID SCAN, ACCESS: 0, DISK_PAGE_COUNT: BLOCKED, SELF_ID: 3 )
   SCAN ( PARTITION: P3, RID SCAN, ACCESS: 0, DISK_PAGE_COUNT: BLOCKED, SELF_ID: 4 )
   SCAN ( PARTITION: P2, RID SCAN, ACCESS: 1, DISK_PAGE_COUNT: BLOCKED, SELF_ID: 5 )
   SCAN ( PARTITION: P1, RID SCAN, ACCESS: 1, DISK_PAGE_COUNT: BLOCKED, SELF_ID: 6 )
------------------------------------------------------------
$T0> SELECT COUNT(*) FROM PDT_HASH WHERE F1 > 2;
COUNT                
-----------------------
1                    
1 row selected.
------------------------------------------------------------
PROJECT ( COLUMN_COUNT: 1, TUPLE_SIZE: 8 )
 GROUP-AGGREGATION ( ITEM_SIZE: BLOCKED, GROUP_COUNT: 1, BUCKET_COUNT: 1, ACCESS: 1, SELF_ID: 8, REF_ID: 2 )
  PARTITION-COORDINATOR ( TABLE: PDT_HASH, PARTITION: 4/4, INDEX: PDT_HASH_IDX, ACCESS: 1, SELF_ID: 2 )
   [ FIXED KEY ]
   AND
    OR
     F1 > 2
   SCAN ( PARTITION: P4, RID SCAN, ACCESS: 0, DISK_PAGE_COUNT: BLOCKED, SELF_ID: 3 )
   SCAN ( PARTITION: P3, RID SCAN, ACCESS: 0, DISK_PAGE_COUNT: BLOCKED, SELF_ID: 4 )
   SCAN ( PARTITION: P2, RID SCAN, ACCESS: 1, DISK_PAGE_COUNT: BLOCKED, SELF_ID: 5 )
   SCAN ( PARTITION: P1, RID SCAN, ACCESS: 0, DISK_PAGE_COUNT: BLOCKED, SELF_ID: 6 )
------------------------------------------------------------
$T0> SELECT COUNT(*) FROM PDT_HASH WHERE F1 > 3;
COUNT                
-----------------------
0                    
1 row selected.
------------------------------------------------------------
PROJECT ( COLUMN_COUNT: 1, TUPLE_SIZE: 8 )
 GROUP-AGGREGATION ( ITEM_SIZE: BLOCKED, GROUP_COUNT: 1, BUCKET_COUNT: 1, ACCESS: 1, SELF_ID: 8, REF_ID: 2 )
  PARTITION-COORDINATOR ( TABLE: PDT_HASH, PARTITION: 4/4, INDEX: PDT_HASH_IDX, ACCESS: 0, SELF_ID: 2 )
   [ FIXED KEY ]
   AND
    OR
     F1 > 3
   SCAN ( PARTITION: P4, RID SCAN, ACCESS: 0, DISK_PAGE_COUNT: BLOCKED, SELF_ID: 3 )
   SCAN ( PARTITION: P3, RID SCAN, ACCESS: 0, DISK_PAGE_COUNT: BLOCKED, SELF_ID: 4 )
   SCAN ( PARTITION: P2, RID SCAN, ACCESS: 0, DISK_PAGE_COUNT: BLOCKED, SELF_ID: 5 )
   SCAN ( PARTITION: P1, RID SCAN, ACCESS: 0, DISK_PAGE_COUNT: BLOCKED, SELF_ID: 6 )
------------------------------------------------------------
$T0> ## less equal than 
$T0> SELECT COUNT(*) FROM PDT_HASH WHERE F1 <= 0;
COUNT                
-----------------------
1                    
1 row selected.
------------------------------------------------------------
PROJECT ( COLUMN_COUNT: 1, TUPLE_SIZE: 8 )
 GROUP-AGGREGATION ( ITEM_SIZE: BLOCKED, GROUP_COUNT: 1, BUCKET_COUNT: 1, ACCESS: 1, SELF_ID: 8, REF_ID: 2 )
  PARTITION-COORDINATOR ( TABLE: PDT_HASH, PARTITION: 4/4, INDEX: PDT_HASH_IDX, ACCESS: 1, SELF_ID: 2 )
   [ FIXED KEY ]
   AND
    OR
     F1 <= 0
   SCAN ( PARTITION: P4, RID SCAN, ACCESS: 0, DISK_PAGE_COUNT: BLOCKED, SELF_ID: 3 )
   SCAN ( PARTITION: P3, RID SCAN, ACCESS: 0, DISK_PAGE_COUNT: BLOCKED, SELF_ID: 4 )
   SCAN ( PARTITION: P2, RID SCAN, ACCESS: 0, DISK_PAGE_COUNT: BLOCKED, SELF_ID: 5 )
   SCAN ( PARTITION: P1, RID SCAN, ACCESS: 1, DISK_PAGE_COUNT: BLOCKED, SELF_ID: 6 )
------------------------------------------------------------
$T0> SELECT COUNT(*) FROM PDT_HASH WHERE F1 <= 1;
COUNT                
-----------------------
2                    
1 row selected.
------------------------------------------------------------
PROJECT ( COLUMN_COUNT: 1, TUPLE_SIZE: 8 )
 GROUP-AGGREGATION ( ITEM_SIZE: BLOCKED, GROUP_COUNT: 1, BUCKET_COUNT: 1, ACCESS: 1, SELF_ID: 8, REF_ID: 2 )
  PARTITION-COORDINATOR ( TABLE: PDT_HASH, PARTITION: 4/4, INDEX: PDT_HASH_IDX, ACCESS: 2, SELF_ID: 2 )
   [ FIXED KEY ]
   AND
    OR
     F1 <= 1
   SCAN ( PARTITION: P4, RID SCAN, ACCESS: 0, DISK_PAGE_COUNT: BLOCKED, SELF_ID: 3 )
   SCAN ( PARTITION: P3, RID SCAN, ACCESS: 0, DISK_PAGE_COUNT: BLOCKED, SELF_ID: 4 )
   SCAN ( PARTITION: P2, RID SCAN, ACCESS: 1, DISK_PAGE_COUNT: BLOCKED, SELF_ID: 5 )
   SCAN ( PARTITION: P1, RID SCAN, ACCESS: 1, DISK_PAGE_COUNT: BLOCKED, SELF_ID: 6 )
------------------------------------------------------------
$T0> SELECT COUNT(*) FROM PDT_HASH WHERE F1 <= 2;
COUNT                
-----------------------
3                    
1 row selected.
------------------------------------------------------------
PROJECT ( COLUMN_COUNT: 1, TUPLE_SIZE: 8 )
 GROUP-AGGREGATION ( ITEM_SIZE: BLOCKED, GROUP_COUNT: 1, BUCKET_COUNT: 1, ACCESS: 1, SELF_ID: 8, REF_ID: 2 )
  PARTITION-COORDINATOR ( TABLE: PDT_HASH, PARTITION: 4/4, INDEX: PDT_HASH_IDX, ACCESS: 3, SELF_ID: 2 )
   [ FIXED KEY ]
   AND
    OR
     F1 <= 2
   SCAN ( PARTITION: P4, RID SCAN, ACCESS: 0, DISK_PAGE_COUNT: BLOCKED, SELF_ID: 3 )
   SCAN ( PARTITION: P3, RID SCAN, ACCESS: 0, DISK_PAGE_COUNT: BLOCKED, SELF_ID: 4 )
   SCAN ( PARTITION: P2, RID SCAN, ACCESS: 1, DISK_PAGE_COUNT: BLOCKED, SELF_ID: 5 )
   SCAN ( PARTITION: P1, RID SCAN, ACCESS: 2, DISK_PAGE_COUNT: BLOCKED, SELF_ID: 6 )
------------------------------------------------------------
$T0> SELECT COUNT(*) FROM PDT_HASH WHERE F1 <= 3;
COUNT                
-----------------------
4                    
1 row selected.
------------------------------------------------------------
PROJECT ( COLUMN_COUNT: 1, TUPLE_SIZE: 8 )
 GROUP-AGGREGATION ( ITEM_SIZE: BLOCKED, GROUP_COUNT: 1, BUCKET_COUNT: 1, ACCESS: 1, SELF_ID: 8, REF_ID: 2 )
  PARTITION-COORDINATOR ( TABLE: PDT_HASH, PARTITION: 4/4, INDEX: PDT_HASH_IDX, ACCESS: 4, SELF_ID: 2 )
   [ FIXED KEY ]
   AND
    OR
     F1 <= 3
   SCAN ( PARTITION: P4, RID SCAN, ACCESS: 0, DISK_PAGE_COUNT: BLOCKED, SELF_ID: 3 )
   SCAN ( PARTITION: P3, RID SCAN, ACCESS: 0, DISK_PAGE_COUNT: BLOCKED, SELF_ID: 4 )
   SCAN ( PARTITION: P2, RID SCAN, ACCESS: 2, DISK_PAGE_COUNT: BLOCKED, SELF_ID: 5 )
   SCAN ( PARTITION: P1, RID SCAN, ACCESS: 2, DISK_PAGE_COUNT: BLOCKED, SELF_ID: 6 )
------------------------------------------------------------
$T0> ## greater equal than 
$T0> SELECT COUNT(*) FROM PDT_HASH WHERE F1 >= 0;
COUNT                
-----------------------
4                    
1 row selected.
------------------------------------------------------------
PROJECT ( COLUMN_COUNT: 1, TUPLE_SIZE: 8 )
 GROUP-AGGREGATION ( ITEM_SIZE: BLOCKED, GROUP_COUNT: 1, BUCKET_COUNT: 1, ACCESS: 1, SELF_ID: 8, REF_ID: 2 )
  PARTITION-COORDINATOR ( TABLE: PDT_HASH, PARTITION: 4/4, INDEX: PDT_HASH_IDX, ACCESS: 4, SELF_ID: 2 )
   [ FIXED KEY ]
   AND
    OR
     F1 >= 0
   SCAN ( PARTITION: P4, RID SCAN, ACCESS: 0, DISK_PAGE_COUNT: BLOCKED, SELF_ID: 3 )
   SCAN ( PARTITION: P3, RID SCAN, ACCESS: 0, DISK_PAGE_COUNT: BLOCKED, SELF_ID: 4 )
   SCAN ( PARTITION: P2, RID SCAN, ACCESS: 2, DISK_PAGE_COUNT: BLOCKED, SELF_ID: 5 )
   SCAN ( PARTITION: P1, RID SCAN, ACCESS: 2, DISK_PAGE_COUNT: BLOCKED, SELF_ID: 6 )
------------------------------------------------------------
$T0> SELECT COUNT(*) FROM PDT_HASH WHERE F1 >= 1;
COUNT                
-----------------------
3                    
1 row selected.
------------------------------------------------------------
PROJECT ( COLUMN_COUNT: 1, TUPLE_SIZE: 8 )
 GROUP-AGGREGATION ( ITEM_SIZE: BLOCKED, GROUP_COUNT: 1, BUCKET_COUNT: 1, ACCESS: 1, SELF_ID: 8, REF_ID: 2 )
  PARTITION-COORDINATOR ( TABLE: PDT_HASH, PARTITION: 4/4, INDEX: PDT_HASH_IDX, ACCESS: 3, SELF_ID: 2 )
   [ FIXED KEY ]
   AND
    OR
     F1 >= 1
   SCAN ( PARTITION: P4, RID SCAN, ACCESS: 0, DISK_PAGE_COUNT: BLOCKED, SELF_ID: 3 )
   SCAN ( PARTITION: P3, RID SCAN, ACCESS: 0, DISK_PAGE_COUNT: BLOCKED, SELF_ID: 4 )
   SCAN ( PARTITION: P2, RID SCAN, ACCESS: 2, DISK_PAGE_COUNT: BLOCKED, SELF_ID: 5 )
   SCAN ( PARTITION: P1, RID SCAN, ACCESS: 1, DISK_PAGE_COUNT: BLOCKED, SELF_ID: 6 )
------------------------------------------------------------
$T0> SELECT COUNT(*) FROM PDT_HASH WHERE F1 >= 2;
COUNT                
-----------------------
2                    
1 row selected.
------------------------------------------------------------
PROJECT ( COLUMN_COUNT: 1, TUPLE_SIZE: 8 )
 GROUP-AGGREGATION ( ITEM_SIZE: BLOCKED, GROUP_COUNT: 1, BUCKET_COUNT: 1, ACCESS: 1, SELF_ID: 8, REF_ID: 2 )
  PARTITION-COORDINATOR ( TABLE: PDT_HASH, PARTITION: 4/4, INDEX: PDT_HASH_IDX, ACCESS: 2, SELF_ID: 2 )
   [ FIXED KEY ]
   AND
    OR
     F1 >= 2
   SCAN ( PARTITION: P4, RID SCAN, ACCESS: 0, DISK_PAGE_COUNT: BLOCKED, SELF_ID: 3 )
   SCAN ( PARTITION: P3, RID SCAN, ACCESS: 0, DISK_PAGE_COUNT: BLOCKED, SELF_ID: 4 )
   SCAN ( PARTITION: P2, RID SCAN, ACCESS: 1, DISK_PAGE_COUNT: BLOCKED, SELF_ID: 5 )
   SCAN ( PARTITION: P1, RID SCAN, ACCESS: 1, DISK_PAGE_COUNT: BLOCKED, SELF_ID: 6 )
------------------------------------------------------------
$T0> SELECT COUNT(*) FROM PDT_HASH WHERE F1 >= 3;
COUNT                
-----------------------
1                    
1 row selected.
------------------------------------------------------------
PROJECT ( COLUMN_COUNT: 1, TUPLE_SIZE: 8 )
 GROUP-AGGREGATION ( ITEM_SIZE: BLOCKED, GROUP_COUNT: 1, BUCKET_COUNT: 1, ACCESS: 1, SELF_ID: 8, REF_ID: 2 )
  PARTITION-COORDINATOR ( TABLE: PDT_HASH, PARTITION: 4/4, INDEX: PDT_HASH_IDX, ACCESS: 1, SELF_ID: 2 )
   [ FIXED KEY ]
   AND
    OR
     F1 >= 3
   SCAN ( PARTITION: P4, RID SCAN, ACCESS: 0, DISK_PAGE_COUNT: BLOCKED, SELF_ID: 3 )
   SCAN ( PARTITION: P3, RID SCAN, ACCESS: 0, DISK_PAGE_COUNT: BLOCKED, SELF_ID: 4 )
   SCAN ( PARTITION: P2, RID SCAN, ACCESS: 1, DISK_PAGE_COUNT: BLOCKED, SELF_ID: 5 )
   SCAN ( PARTITION: P1, RID SCAN, ACCESS: 0, DISK_PAGE_COUNT: BLOCKED, SELF_ID: 6 )
------------------------------------------------------------
$T0> ## not equal
$T0> SELECT COUNT(*) FROM PDT_HASH WHERE F1 != 0;
COUNT                
-----------------------
3                    
1 row selected.
------------------------------------------------------------
PROJECT ( COLUMN_COUNT: 1, TUPLE_SIZE: 8 )
 GROUP-AGGREGATION ( ITEM_SIZE: BLOCKED, GROUP_COUNT: 1, BUCKET_COUNT: 1, ACCESS: 1, SELF_ID: 8, REF_ID: 2 )
  PARTITION-COORDINATOR ( TABLE: PDT_HASH, PARTITION: 4/4, INDEX: PDT_HASH_IDX, ACCESS: 3, SELF_ID: 2 )
   [ FIXED KEY ]
   AND
    OR
     F1 <> 0
   SCAN ( PARTITION: P4, RID SCAN, ACCESS: 0, DISK_PAGE_COUNT: BLOCKED, SELF_ID: 3 )
   SCAN ( PARTITION: P3, RID SCAN, ACCESS: 0, DISK_PAGE_COUNT: BLOCKED, SELF_ID: 4 )
   SCAN ( PARTITION: P2, RID SCAN, ACCESS: 2, DISK_PAGE_COUNT: BLOCKED, SELF_ID: 5 )
   SCAN ( PARTITION: P1, RID SCAN, ACCESS: 1, DISK_PAGE_COUNT: BLOCKED, SELF_ID: 6 )
------------------------------------------------------------
$T0> SELECT COUNT(*) FROM PDT_HASH WHERE F1 != 1;
COUNT                
-----------------------
3                    
1 row selected.
------------------------------------------------------------
PROJECT ( COLUMN_COUNT: 1, TUPLE_SIZE: 8 )
 GROUP-AGGREGATION ( ITEM_SIZE: BLOCKED, GROUP_COUNT: 1, BUCKET_COUNT: 1, ACCESS: 1, SELF_ID: 8, REF_ID: 2 )
  PARTITION-COORDINATOR ( TABLE: PDT_HASH, PARTITION: 4/4, INDEX: PDT_HASH_IDX, ACCESS: 3, SELF_ID: 2 )
   [ FIXED KEY ]
   AND
    OR
     F1 <> 1
   SCAN ( PARTITION: P4, RID SCAN, ACCESS: 0, DISK_PAGE_COUNT: BLOCKED, SELF_ID: 3 )
   SCAN ( PARTITION: P3, RID SCAN, ACCESS: 0, DISK_PAGE_COUNT: BLOCKED, SELF_ID: 4 )
   SCAN ( PARTITION: P2, RID SCAN, ACCESS: 1, DISK_PAGE_COUNT: BLOCKED, SELF_ID: 5 )
   SCAN ( PARTITION: P1, RID SCAN, ACCESS: 2, DISK_PAGE_COUNT: BLOCKED, SELF_ID: 6 )
------------------------------------------------------------
$T0> SELECT COUNT(*) FROM PDT_HASH WHERE F1 != 2;
COUNT                
-----------------------
3                    
1 row selected.
------------------------------------------------------------
PROJECT ( COLUMN_COUNT: 1, TUPLE_SIZE: 8 )
 GROUP-AGGREGATION ( ITEM_SIZE: BLOCKED, GROUP_COUNT: 1, BUCKET_COUNT: 1, ACCESS: 1, SELF_ID: 8, REF_ID: 2 )
  PARTITION-COORDINATOR ( TABLE: PDT_HASH, PARTITION: 4/4, INDEX: PDT_HASH_IDX, ACCESS: 3, SELF_ID: 2 )
   [ FIXED KEY ]
   AND
    OR
     F1 <> 2
   SCAN ( PARTITION: P4, RID SCAN, ACCESS: 0, DISK_PAGE_COUNT: BLOCKED, SELF_ID: 3 )
   SCAN ( PARTITION: P3, RID SCAN, ACCESS: 0, DISK_PAGE_COUNT: BLOCKED, SELF_ID: 4 )
   SCAN ( PARTITION: P2, RID SCAN, ACCESS: 2, DISK_PAGE_COUNT: BLOCKED, SELF_ID: 5 )
   SCAN ( PARTITION: P1, RID SCAN, ACCESS: 1, DISK_PAGE_COUNT: BLOCKED, SELF_ID: 6 )
------------------------------------------------------------
$T0> SELECT COUNT(*) FROM PDT_HASH WHERE F1 != 3;
COUNT                
-----------------------
3                    
1 row selected.
------------------------------------------------------------
PROJECT ( COLUMN_COUNT: 1, TUPLE_SIZE: 8 )
 GROUP-AGGREGATION ( ITEM_SIZE: BLOCKED, GROUP_COUNT: 1, BUCKET_COUNT: 1, ACCESS: 1, SELF_ID: 8, REF_ID: 2 )
  PARTITION-COORDINATOR ( TABLE: PDT_HASH, PARTITION: 4/4, INDEX: PDT_HASH_IDX, ACCESS: 3, SELF_ID: 2 )
   [ FIXED KEY ]
   AND
    OR
     F1 <> 3
   SCAN ( PARTITION: P4, RID SCAN, ACCESS: 0, DISK_PAGE_COUNT: BLOCKED, SELF_ID: 3 )
   SCAN ( PARTITION: P3, RID SCAN, ACCESS: 0, DISK_PAGE_COUNT: BLOCKED, SELF_ID: 4 )
   SCAN ( PARTITION: P2, RID SCAN, ACCESS: 1, DISK_PAGE_COUNT: BLOCKED, SELF_ID: 5 )
   SCAN ( PARTITION: P1, RID SCAN, ACCESS: 2, DISK_PAGE_COUNT: BLOCKED, SELF_ID: 6 )
------------------------------------------------------------

$T0> SELECT F1 FROM PDT_HASH;
F1          
--------------
1           
3           
0           
2           
4 rows selected.
------------------------------------------------------------
PROJECT ( COLUMN_COUNT: 1, TUPLE_SIZE: 23 )
 PARTITION-COORDINATOR ( TABLE: PDT_HASH, PARTITION: 4/4, ACCESS: 4, SELF_ID: 0 )
  SCAN ( PARTITION: P4, FULL SCAN, ACCESS: 0, DISK_PAGE_COUNT: BLOCKED, SELF_ID: 1 )
  SCAN ( PARTITION: P3, FULL SCAN, ACCESS: 0, DISK_PAGE_COUNT: BLOCKED, SELF_ID: 2 )
  SCAN ( PARTITION: P2, FULL SCAN, ACCESS: 2, DISK_PAGE_COUNT: BLOCKED, SELF_ID: 3 )
  SCAN ( PARTITION: P1, FULL SCAN, ACCESS: 2, DISK_PAGE_COUNT: BLOCKED, SELF_ID: 4 )
------------------------------------------------------------
$T0> SELECT COUNT(*) FROM PDT_HASH WHERE F2 = 0;
COUNT                
-----------------------
4                    
1 row selected.
------------------------------------------------------------
PROJECT ( COLUMN_COUNT: 1, TUPLE_SIZE: 8 )
 GROUP-AGGREGATION ( ITEM_SIZE: BLOCKED, GROUP_COUNT: 1, BUCKET_COUNT: 1, ACCESS: 1, SELF_ID: 7, REF_ID: 2 )
  PARTITION-COORDINATOR ( TABLE: PDT_HASH, PARTITION: 4/4, ACCESS: 4, SELF_ID: 2 )
   SCAN ( PARTITION: P4, FULL SCAN, ACCESS: 0, DISK_PAGE_COUNT: BLOCKED, SELF_ID: 3 )
    [ FILTER ]
    F2 = 0
   SCAN ( PARTITION: P3, FULL SCAN, ACCESS: 0, DISK_PAGE_COUNT: BLOCKED, SELF_ID: 4 )
    [ FILTER ]
    F2 = 0
   SCAN ( PARTITION: P2, FULL SCAN, ACCESS: 2, DISK_PAGE_COUNT: BLOCKED, SELF_ID: 5 )
    [ FILTER ]
    F2 = 0
   SCAN ( PARTITION: P1, FULL SCAN, ACCESS: 2, DISK_PAGE_COUNT: BLOCKED, SELF_ID: 6 )
    [ FILTER ]
    F2 = 0
------------------------------------------------------------
$T0> SELECT COUNT(*) FROM PDT_HASH WHERE F1 = F1;
COUNT                
-----------------------
4                    
1 row selected.
------------------------------------------------------------
PROJECT ( COLUMN_COUNT: 1, TUPLE_SIZE: 8 )
 GROUP-AGGREGATION ( ITEM_SIZE: BLOCKED, GROUP_COUNT: 1, BUCKET_COUNT: 1, ACCESS: 1, SELF_ID: 6, REF_ID: 1 )
  PARTITION-COORDINATOR ( TABLE: PDT_HASH, PARTITION: 4/4, ACCESS: 4, SELF_ID: 1 )
   SCAN ( PARTITION: P4, FULL SCAN, ACCESS: 0, DISK_PAGE_COUNT: BLOCKED, SELF_ID: 2 )
    [ FILTER ]
    F1 = F1
   SCAN ( PARTITION: P3, FULL SCAN, ACCESS: 0, DISK_PAGE_COUNT: BLOCKED, SELF_ID: 3 )
    [ FILTER ]
    F1 = F1
   SCAN ( PARTITION: P2, FULL SCAN, ACCESS: 2, DISK_PAGE_COUNT: BLOCKED, SELF_ID: 4 )
    [ FILTER ]
    F1 = F1
   SCAN ( PARTITION: P1, FULL SCAN, ACCESS: 2, DISK_PAGE_COUNT: BLOCKED, SELF_ID: 5 )
    [ FILTER ]
    F1 = F1
------------------------------------------------------------
$T0> SELECT COUNT(*) FROM PDT_HASH WHERE F1 = F2;
COUNT                
-----------------------
1                    
1 row selected.
------------------------------------------------------------
PROJECT ( COLUMN_COUNT: 1, TUPLE_SIZE: 8 )
 GROUP-AGGREGATION ( ITEM_SIZE: BLOCKED, GROUP_COUNT: 1, BUCKET_COUNT: 1, ACCESS: 1, SELF_ID: 6, REF_ID: 1 )
  PARTITION-COORDINATOR ( TABLE: PDT_HASH, PARTITION: 4/4, ACCESS: 1, SELF_ID: 1 )
   SCAN ( PARTITION: P4, FULL SCAN, ACCESS: 0, DISK_PAGE_COUNT: BLOCKED, SELF_ID: 2 )
    [ FILTER ]
    F1 = F2
   SCAN ( PARTITION: P3, FULL SCAN, ACCESS: 0, DISK_PAGE_COUNT: BLOCKED, SELF_ID: 3 )
    [ FILTER ]
    F1 = F2
   SCAN ( PARTITION: P2, FULL SCAN, ACCESS: 2, DISK_PAGE_COUNT: BLOCKED, SELF_ID: 4 )
    [ FILTER ]
    F1 = F2
   SCAN ( PARTITION: P1, FULL SCAN, ACCESS: 2, DISK_PAGE_COUNT: BLOCKED, SELF_ID: 5 )
    [ FILTER ]
    F1 = F2
------------------------------------------------------------

$T0> ALTER SESSION SET EXPLAIN PLAN = OFF;
Alter success.
$T0> ALTER SESSION SET TRCLOG_DETAIL_PREDICATE=0;
Alter success.

$T0> #####################################
$T0> ##+SECTOR; FINALIZE
$T0> #####################################

$T0> DROP TABLE PDT_HASH;
Drop success.

