 
+----------------------------------------------------------------------+
--+SECTOR 0; BY ATC
+----------------------------------------------------------------------+
 
$P0> --+PROCESS P0;
--###################################################################
--# ALTER TABLE ... DROP PARTITION (PartKey: DATE)
--###################################################################

--###################################################################
--+SECTOR 1; PREPARATION
--###################################################################

--+SKIP BEGIN; 
$P0> DROP TABLE T1;
$P0> DROP TABLE T2;
$P0> DROP TABLE T3;
--+SKIP END; 

--+APPEND_LST Schema_List_Date.sql;
>>> [Schema_List_Date.sql] BEGIN <<<
DROP TABLE T1;
DROP TABLE T2;

CREATE TABLE T1( I1 DATE, I2 DATE, I3 INTEGER )
PARTITION BY LIST (I1)
(
    PARTITION P1 VALUES ( TO_DATE('2007-05-01', 'YYYY-MM-DD'), TO_DATE('2007-05-15', 'YYYY-MM-DD'), TO_DATE('2007-05-30', 'YYYY-MM-DD') ) TABLESPACE PDT_TBS2,
    PARTITION P2 VALUES ( TO_DATE('2007-06-01', 'YYYY-MM-DD'), TO_DATE('2007-06-15', 'YYYY-MM-DD'), TO_DATE('2007-06-30', 'YYYY-MM-DD'), NULL ) TABLESPACE PDT_TBS3,
    PARTITION P3 VALUES ( TO_DATE('2007-07-01', 'YYYY-MM-DD'), TO_DATE('2007-07-15', 'YYYY-MM-DD'), TO_DATE('2007-07-30', 'YYYY-MM-DD') ),
    PARTITION P4 VALUES DEFAULT
) TABLESPACE PDT_TBS;

INSERT INTO T1 VALUES (NULL, TO_DATE('2007-05-01', 'YYYY-MM-DD'), 100);
INSERT INTO T1 VALUES (TO_DATE('2007-05-01', 'YYYY-MM-DD'), TO_DATE('2007-05-01', 'YYYY-MM-DD'), 100);
INSERT INTO T1 VALUES (TO_DATE('2007-05-15', 'YYYY-MM-DD'), TO_DATE('2007-05-01', 'YYYY-MM-DD'), 100);
INSERT INTO T1 VALUES (TO_DATE('2007-05-30', 'YYYY-MM-DD'), TO_DATE('2007-05-01', 'YYYY-MM-DD'), 100);
INSERT INTO T1 VALUES (TO_DATE('2007-06-01', 'YYYY-MM-DD'), TO_DATE('2007-05-01', 'YYYY-MM-DD'), 100);
INSERT INTO T1 VALUES (TO_DATE('2007-06-15', 'YYYY-MM-DD'), TO_DATE('2007-05-01', 'YYYY-MM-DD'), 100);
INSERT INTO T1 VALUES (TO_DATE('2007-06-30', 'YYYY-MM-DD'), TO_DATE('2007-05-01', 'YYYY-MM-DD'), 100);
INSERT INTO T1 VALUES (TO_DATE('2007-07-01', 'YYYY-MM-DD'), TO_DATE('2007-05-01', 'YYYY-MM-DD'), 100);
INSERT INTO T1 VALUES (TO_DATE('2007-07-15', 'YYYY-MM-DD'), TO_DATE('2007-05-01', 'YYYY-MM-DD'), 100);
INSERT INTO T1 VALUES (TO_DATE('2007-07-30', 'YYYY-MM-DD'), TO_DATE('2007-05-01', 'YYYY-MM-DD'), 100);
INSERT INTO T1 VALUES (TO_DATE('2007-08-01', 'YYYY-MM-DD'), TO_DATE('2007-05-01', 'YYYY-MM-DD'), 100);
INSERT INTO T1 VALUES (TO_DATE('2007-08-15', 'YYYY-MM-DD'), TO_DATE('2007-05-01', 'YYYY-MM-DD'), 100);
INSERT INTO T1 VALUES (TO_DATE('2007-08-30', 'YYYY-MM-DD'), TO_DATE('2007-05-01', 'YYYY-MM-DD'), 100);


CREATE TABLE T2( I1 DATE, I2 DATE, I3 INTEGER )
PARTITION BY LIST (I1)
(
    PARTITION P1 VALUES ( TO_DATE('2007-05-01', 'YYYY-MM-DD'), TO_DATE('2007-05-15', 'YYYY-MM-DD'), TO_DATE('2007-05-30', 'YYYY-MM-DD') ) TABLESPACE PDT_TBS2,
    PARTITION P2 VALUES ( TO_DATE('2007-06-01', 'YYYY-MM-DD'), TO_DATE('2007-06-15', 'YYYY-MM-DD'), TO_DATE('2007-06-30', 'YYYY-MM-DD'), NULL ) TABLESPACE PDT_TBS3,
    PARTITION P3 VALUES ( TO_DATE('2007-07-01', 'YYYY-MM-DD'), TO_DATE('2007-07-15', 'YYYY-MM-DD'), TO_DATE('2007-07-30', 'YYYY-MM-DD') ),
    PARTITION P4 VALUES DEFAULT TABLESPACE PDT_TBS4
) TABLESPACE PDT_TBS;

INSERT INTO T2 VALUES (NULL, TO_DATE('2007-05-01', 'YYYY-MM-DD'), 100);
INSERT INTO T2 VALUES (TO_DATE('2007-05-01', 'YYYY-MM-DD'), TO_DATE('2007-05-01', 'YYYY-MM-DD'), 100);
INSERT INTO T2 VALUES (TO_DATE('2007-05-15', 'YYYY-MM-DD'), TO_DATE('2007-05-01', 'YYYY-MM-DD'), 100);
INSERT INTO T2 VALUES (TO_DATE('2007-05-30', 'YYYY-MM-DD'), TO_DATE('2007-05-01', 'YYYY-MM-DD'), 100);
INSERT INTO T2 VALUES (TO_DATE('2007-06-01', 'YYYY-MM-DD'), TO_DATE('2007-05-01', 'YYYY-MM-DD'), 100);
INSERT INTO T2 VALUES (TO_DATE('2007-06-15', 'YYYY-MM-DD'), TO_DATE('2007-05-01', 'YYYY-MM-DD'), 100);
INSERT INTO T2 VALUES (TO_DATE('2007-06-30', 'YYYY-MM-DD'), TO_DATE('2007-05-01', 'YYYY-MM-DD'), 100);
INSERT INTO T2 VALUES (TO_DATE('2007-07-01', 'YYYY-MM-DD'), TO_DATE('2007-05-01', 'YYYY-MM-DD'), 100);
INSERT INTO T2 VALUES (TO_DATE('2007-07-15', 'YYYY-MM-DD'), TO_DATE('2007-05-01', 'YYYY-MM-DD'), 100);
INSERT INTO T2 VALUES (TO_DATE('2007-07-30', 'YYYY-MM-DD'), TO_DATE('2007-05-01', 'YYYY-MM-DD'), 100);
INSERT INTO T2 VALUES (TO_DATE('2007-08-01', 'YYYY-MM-DD'), TO_DATE('2007-05-01', 'YYYY-MM-DD'), 100);
INSERT INTO T2 VALUES (TO_DATE('2007-08-15', 'YYYY-MM-DD'), TO_DATE('2007-05-01', 'YYYY-MM-DD'), 100);
INSERT INTO T2 VALUES (TO_DATE('2007-08-30', 'YYYY-MM-DD'), TO_DATE('2007-05-01', 'YYYY-MM-DD'), 100);

CREATE INDEX IDX1 ON T2(I1, I3);

CREATE INDEX IDX2 ON T2(I3, I1, I2);

CREATE INDEX IDX3 ON T2(I2, I3);

CREATE INDEX IDX4 ON T2(I1) LOCAL
(
    PARTITION IDX1_P3 ON P3,
    PARTITION IDX1_P4 ON P4
);>>> [Schema_List_Date.sql] END <<<
--+SYSTEM is -silent -f Schema_List_Date.sql;

--###################################################################
--+SECTOR 2; BASIC TEST
--###################################################################
--##############################
--+SECTOR 3; 문법 체크
--##############################
$P0> DROP TABLE TEST;
[ERR-31031 : Table or view was not found : 
0001 : DROP TABLE TEST
                 ^   ^
]
$P0> CREATE TABLE TEST( I1 DATE, I2 INTEGER )
     PARTITION BY LIST(I1)
     (
         PARTITION P1 VALUES (TO_DATE('2007-05-01', 'YYYY-MM-DD')),
         PARTITION P2 VALUES (TO_DATE('2007-06-01', 'YYYY-MM-DD')),
         PARTITION P3 VALUES (TO_DATE('2007-07-01', 'YYYY-MM-DD')),
         PARTITION P4 VALUES DEFAULT
     ) TABLESPACE PDT_TBS;
Create success.

-- should be fail
$P0> ALTER TABLE TEST 
     DROP PARTITION P1_1 TABLESPACE PDT_TBS2;
[ERR-31001 : SQL syntax error 

line 2: parse error
     DROP PARTITION P1_1 TABLESPACE PDT_TBS2
                         ^        ^

]

$P0> DROP TABLE TEST;
Drop success.

--##############################
--+SECTOR 4; 파티션드 테이블인지 체크
--##############################
$P0> DROP TABLE TEST;
[ERR-31031 : Table or view was not found : 
0001 : DROP TABLE TEST
                 ^   ^
]
$P0> CREATE TABLE TEST( I1 DATE, I2 INTEGER );
Create success.

-- should be fail
$P0> ALTER TABLE TEST 
     DROP PARTITION P1_1;
[ERR-31268 : Unable to alter table partition on non-partitioned table]

$P0> DROP TABLE TEST;
Drop success.


--##############################
--+SECTOR 5; 파티션 이름 체크
--##############################
--+SYSTEM is -silent -f Schema_List_Date.sql;

-- should be fail
$P0> ALTER TABLE T1 
     DROP PARTITION P5;
[ERR-3125B : The table partition does not exist. 
0002 :      DROP PARTITION P5
                          ^ ^
]

-- should be fail
$P0> ALTER TABLE T1 
     DROP PARTITION P4;
[ERR-31277 : Cannot drop the default partition]

-- should be success
$P0> ALTER TABLE T1 
     DROP PARTITION P3;
Alter success.

-- should be success
$P0> ALTER TABLE T1 
     DROP PARTITION P2;
Alter success.

-- should be success
$P0> ALTER TABLE T1 
     DROP PARTITION P1;
Alter success.



--##############################
--+SECTOR 6; LOB 컬럼이 있는 경우의 DROP PARTITION
--##############################
$P0> DROP TABLE T1;
Drop success.
$P0> CREATE TABLE T1 ( I1 DATE, I2 BLOB, I3 CLOB )
     PARTITION BY LIST(I1) 
     ( PARTITION P1 VALUES (TO_DATE('2007-05-01', 'YYYY-MM-DD'), TO_DATE('2007-05-15', 'YYYY-MM-DD')) TABLESPACE PDT_TBS 
                             LOB(I2, I3) STORE AS ( TABLESPACE PDT_TBS2 ), 
       PARTITION P2 VALUES (TO_DATE('2007-06-01', 'YYYY-MM-DD'), TO_DATE('2007-06-15', 'YYYY-MM-DD')) TABLESPACE PDT_TBS3,
       PARTITION P3 VALUES DEFAULT
     ) TABLESPACE PDT_TBS4 LOB(I3) STORE AS ( TABLESPACE PDT_TBS5 );
Create success.

$P0> INSERT INTO T1 VALUES ( TO_DATE('2007-05-01', 'YYYY-MM-DD'),   'ABC', 'DEF' );
1 row inserted.
$P0> INSERT INTO T1 VALUES ( TO_DATE('2007-05-15', 'YYYY-MM-DD'),   'ABC', 'DEF' );
1 row inserted.
$P0> INSERT INTO T1 VALUES ( TO_DATE('2007-06-01', 'YYYY-MM-DD'),   'ABC', 'DEF' );
1 row inserted.
$P0> INSERT INTO T1 VALUES ( TO_DATE('2007-06-15', 'YYYY-MM-DD'),   'ABC', 'DEF' );
1 row inserted.

-- should be fail
$P0> ALTER TABLE T1
     DROP PARTITION P3;
[ERR-31277 : Cannot drop the default partition]

-- result: 4
$P0> SELECT COUNT(*) FROM T1;
COUNT                
-----------------------
4                    
1 row selected.

$P0> ALTER TABLE T1
     DROP PARTITION P2;
Alter success.

-- result: 2
$P0> SELECT COUNT(*) FROM T1;
COUNT                
-----------------------
2                    
1 row selected.

-- Result: 
-- P1,   {2007-05-01, 2007-05-15}
-- P3,   {}
$P0> SELECT PART.PARTITION_NAME, PART.PARTITION_MIN_VALUE
     FROM SYSTEM_.SYS_TABLE_PARTITIONS_ PART,
          SYSTEM_.SYS_TABLES_ TAB
     WHERE TAB.TABLE_ID = PART.TABLE_ID AND
           TAB.TABLE_NAME='T1'
     ORDER BY PART.PARTITION_NAME;
PARTITION_NAME                            
--------------------------------------------
PARTITION_MIN_VALUE                                                                                                                                                                                                                                                                                                                                                                                                                                                                                                                                                                                                                                                                                                                                                                                                                                                                                                                                                                                                                                                                                                                                                                                                                                                                                                                                                                                                                                                                                                                                                                                                                                                                                                                                                                                                                                                                                                                                                                                                                                                                                                                                                                                                                                                                                                                                                                                                                                                                                                                                                                                                                                                                                                                                                                                                                                                                                                                                                                                                                                                                                                                                                                                                                                                                                                                                                                                                                                                                                                                                                                                                                                                                                                                                                                                                                                                                                                                                                                                                                                                                                                                                               
--------------------------------------------------------------------------------------------------------------------------------------------------------------------------------------------------------------------------------------------------------------------------------------------------------------------------------------------------------------------------------------------------------------------------------------------------------------------------------------------------------------------------------------------------------------------------------------------------------------------------------------------------------------------------------------------------------------------------------------------------------------------------------------------------------------------------------------------------------------------------------------------------------------------------------------------------------------------------------------------------------------------------------------------------------------------------------------------------------------------------------------------------------------------------------------------------------------------------------------------------------------------------------------------------------------------------------------------------------------------------------------------------------------------------------------------------------------------------------------------------------------------------------------------------------------------------------------------------------------------------------------------------------------------------------------------------------------------------------------------------------------------------------------------------------------------------------------------------------------------------------------------------------------------------------------------------------------------------------------------------------------------------------------------------------------------------------------------------------------------------------------------------------------------------------------------------------------------------------------------------------------------------------------------------------------------------------------------------------------------------------------------------------------------------------------------------------------------------------------------------------------------------------------------------------------------------------------------------------------------------------------------------------------------------------------------------------------------------------------------------------------------------------------------------------------------------------------------------------------------------------------------------------------------------------------------------------------------------------------------------------------------------------------------------------------------------------------------------------------------------------------------------------------------------------------------------------------------------------------------------------------------------------------------------------------------------------------------------------------------------------------------------------------------------------------------------------------------------------------------------------------------------------------------------------------------------------------------------------------------------------------------------------------------------------------------------------------------------------------------------------------------------------------------------------------------------------------------------------------------------------------------------------------------------------------------------------------------------------------------------------------------------------------------------------------------------------------------------------------------------------------------------------------------
P1                                        
TO_DATE('2007-05-01', 'YYYY-MM-DD'), TO_DATE('2007-05-15', 'YYYY-MM-DD')                                                                                                                                                                                                                                                                                                                                                                                                                                                                                                                                                                                                                                                                                                                                                                                                                                                                                                                                                                                                                                                                                                                                                                                                                                                                                                                                                                                                                                                                                                                                                                                                                                                                                                                                                                                                                                                                                                                                                                                                                                                                                                                                                                                                                                                                                                                                                                                                                                                                                                                                                                                                                                                                                                                                                                                                                                                                                                                                                                                                                                                                                                                                                                                                                                                                                                                                                                                                                                                                                                                                                                                                                                                                                                                                                                                                                                                                                                                                                                                                                                                                                          
P3                                        
                                                                                                                                                                                                                                                                                                                                                                                                                                                                                                                                                                                                                                                                                                                                                                                                                                                                                                                                                                                                                                                                                                                                                                                                                                                                                                                                                                                                                                                                                                                                                                                                                                                                                                                                                                                                                                                                                                                                                                                                                                                                                                                                                                                                                                                                                                                                                                                                                                                                                                                                                                                                                                                                                                                                                                                                                                                                                                                                                                                                                                                                                                                                                                                                                                                                                                                                                                                                                                                                                                                                                                                                                                                                                                                                                                                                                                                                                                                                                                                                                                                                                                                                                                  
2 rows selected.


$P0> ALTER TABLE T1
     DROP PARTITION P1;
Alter success.


-- Result: 
-- P3,   {}
$P0> SELECT PART.PARTITION_NAME, PART.PARTITION_MIN_VALUE
     FROM SYSTEM_.SYS_TABLE_PARTITIONS_ PART,
          SYSTEM_.SYS_TABLES_ TAB
     WHERE TAB.TABLE_ID = PART.TABLE_ID AND
           TAB.TABLE_NAME='T1'
     ORDER BY PART.PARTITION_NAME;
PARTITION_NAME                            
--------------------------------------------
PARTITION_MIN_VALUE                                                                                                                                                                                                                                                                                                                                                                                                                                                                                                                                                                                                                                                                                                                                                                                                                                                                                                                                                                                                                                                                                                                                                                                                                                                                                                                                                                                                                                                                                                                                                                                                                                                                                                                                                                                                                                                                                                                                                                                                                                                                                                                                                                                                                                                                                                                                                                                                                                                                                                                                                                                                                                                                                                                                                                                                                                                                                                                                                                                                                                                                                                                                                                                                                                                                                                                                                                                                                                                                                                                                                                                                                                                                                                                                                                                                                                                                                                                                                                                                                                                                                                                                               
--------------------------------------------------------------------------------------------------------------------------------------------------------------------------------------------------------------------------------------------------------------------------------------------------------------------------------------------------------------------------------------------------------------------------------------------------------------------------------------------------------------------------------------------------------------------------------------------------------------------------------------------------------------------------------------------------------------------------------------------------------------------------------------------------------------------------------------------------------------------------------------------------------------------------------------------------------------------------------------------------------------------------------------------------------------------------------------------------------------------------------------------------------------------------------------------------------------------------------------------------------------------------------------------------------------------------------------------------------------------------------------------------------------------------------------------------------------------------------------------------------------------------------------------------------------------------------------------------------------------------------------------------------------------------------------------------------------------------------------------------------------------------------------------------------------------------------------------------------------------------------------------------------------------------------------------------------------------------------------------------------------------------------------------------------------------------------------------------------------------------------------------------------------------------------------------------------------------------------------------------------------------------------------------------------------------------------------------------------------------------------------------------------------------------------------------------------------------------------------------------------------------------------------------------------------------------------------------------------------------------------------------------------------------------------------------------------------------------------------------------------------------------------------------------------------------------------------------------------------------------------------------------------------------------------------------------------------------------------------------------------------------------------------------------------------------------------------------------------------------------------------------------------------------------------------------------------------------------------------------------------------------------------------------------------------------------------------------------------------------------------------------------------------------------------------------------------------------------------------------------------------------------------------------------------------------------------------------------------------------------------------------------------------------------------------------------------------------------------------------------------------------------------------------------------------------------------------------------------------------------------------------------------------------------------------------------------------------------------------------------------------------------------------------------------------------------------------------------------------------------------------------------------------------
P3                                        
                                                                                                                                                                                                                                                                                                                                                                                                                                                                                                                                                                                                                                                                                                                                                                                                                                                                                                                                                                                                                                                                                                                                                                                                                                                                                                                                                                                                                                                                                                                                                                                                                                                                                                                                                                                                                                                                                                                                                                                                                                                                                                                                                                                                                                                                                                                                                                                                                                                                                                                                                                                                                                                                                                                                                                                                                                                                                                                                                                                                                                                                                                                                                                                                                                                                                                                                                                                                                                                                                                                                                                                                                                                                                                                                                                                                                                                                                                                                                                                                                                                                                                                                                                  
1 row selected.

-- result: 0
$P0> SELECT COUNT(*) FROM T1;
COUNT                
-----------------------
0                    
1 row selected.


--##################################################################
--+SECTOR 7; SPLIT + MERGE + DROP
--##################################################################
--+SYSTEM is -silent -f Schema_List_Date.sql;

$P0> ALTER TABLE T1
     SPLIT PARTITION P1 VALUES (TO_DATE('2007-05-01', 'YYYY-MM-DD')) INTO
     (
         PARTITION P1_1, 
         PARTITION P1_2
     );
Alter success.

$P0> ALTER TABLE T1
     MERGE PARTITIONS P1_1, P1_2 INTO
     PARTITION P1;
Alter success.

$P0> ALTER TABLE T1
     DROP PARTITION P1;
Alter success.

$P0> ALTER TABLE T1
     MERGE PARTITIONS P2, P3 INTO
     PARTITION P2_3;
Alter success.

$P0> ALTER TABLE T1
     DROP PARTITION P2_3;
Alter success.

-- result: 3
$P0> SELECT COUNT(*) FROM T1;
COUNT                
-----------------------
3                    
1 row selected.

-- result: 2007-08-01
$P0> SELECT /* INDEX ASC ( T1, IDX1 ) */ I1
     FROM T1 PARTITION (P4) LIMIT 1;
I1                   
-----------------------
01-AUG-2007          
1 row selected.


$P0> ALTER TABLE T2
     SPLIT PARTITION P1 VALUES (TO_DATE('2007-05-01', 'YYYY-MM-DD')) INTO
     (
         PARTITION P1_1, 
         PARTITION P1_2
     );
Alter success.

$P0> ALTER TABLE T2
     MERGE PARTITIONS P1_1, P1_2 INTO
     PARTITION P1;
Alter success.

$P0> ALTER TABLE T2
     DROP PARTITION P1;
Alter success.

$P0> ALTER TABLE T2
     MERGE PARTITIONS P2, P3 INTO
     PARTITION P2_3;
Alter success.

$P0> ALTER TABLE T2
     DROP PARTITION P2_3;
Alter success.

-- result: 3
$P0> SELECT COUNT(*) FROM T2;
COUNT                
-----------------------
3                    
1 row selected.

-- result: 2007-08-01
$P0> SELECT /* INDEX ASC ( T2, IDX1 ) */ I1
     FROM T2 PARTITION (P4) LIMIT 1;
I1                   
-----------------------
01-AUG-2007          
1 row selected.



--##################################################################
--+SECTOR 8; FINALIZATION
--##################################################################
--+SKIP BEGIN; 
$P0> DROP TABLE T1;
$P0> DROP TABLE T2;
$P0> DROP TABLE T3;
--+SKIP END; 

