 
+----------------------------------------------------------------------+
--+SECTOR 0; BY ATC
+----------------------------------------------------------------------+
 
$P0> --+PROCESS P0;
--###################################################################
--# ALTER TABLE ... ADD COLUMN
--###################################################################

--###################################################################
--+SECTOR 1; PREPARATION
--###################################################################
--+SKIP BEGIN; 
$P0> DROP TABLE T1;
$P0> DROP TABLE T2;
$P0> DROP TABLE T3;
--+SKIP END; 

$P0> CREATE TABLE T1( I1 INTEGER, I2 INTEGER, I3 INTEGER )
     PARTITION BY RANGE (I1)
     (
         PARTITION P1 VALUES LESS THAN (100) TABLESPACE PDT_TBS2,
         PARTITION P2 VALUES LESS THAN (200) TABLESPACE PDT_TBS3,
         PARTITION P3 VALUES LESS THAN (300),
         PARTITION P4 VALUES DEFAULT
     ) TABLESPACE PDT_TBS;
Create success.

$P0> INSERT INTO T1 VALUES (0, 100, 100);
1 row inserted.
$P0> INSERT INTO T1 VALUES (50, 100, 100);
1 row inserted.
$P0> INSERT INTO T1 VALUES (100, 100, 100);
1 row inserted.
$P0> INSERT INTO T1 VALUES (150, 100, 100);
1 row inserted.
$P0> INSERT INTO T1 VALUES (200, 100, 100);
1 row inserted.
$P0> INSERT INTO T1 VALUES (250, 100, 100);
1 row inserted.
$P0> INSERT INTO T1 VALUES (300, 100, 100);
1 row inserted.
$P0> INSERT INTO T1 VALUES (350, 100, 100);
1 row inserted.


$P0> CREATE TABLE T2( I1 INTEGER, I2 INTEGER, I3 INTEGER )
     PARTITION BY RANGE (I1, I2)
     (
         PARTITION P1 VALUES LESS THAN (100) TABLESPACE PDT_TBS2,
         PARTITION P2 VALUES LESS THAN (200) TABLESPACE PDT_TBS3,
         PARTITION P3 VALUES LESS THAN (300),
         PARTITION P4 VALUES DEFAULT TABLESPACE PDT_TBS4
     ) TABLESPACE PDT_TBS;
Create success.

$P0> INSERT INTO T2 VALUES (0, 100, 100);
1 row inserted.
$P0> INSERT INTO T2 VALUES (50, 100, 100);
1 row inserted.
$P0> INSERT INTO T2 VALUES (100, 100, 100);
1 row inserted.
$P0> INSERT INTO T2 VALUES (150, 100, 100);
1 row inserted.
$P0> INSERT INTO T2 VALUES (200, 100, 100);
1 row inserted.
$P0> INSERT INTO T2 VALUES (250, 100, 100);
1 row inserted.
$P0> INSERT INTO T2 VALUES (300, 100, 100);
1 row inserted.
$P0> INSERT INTO T2 VALUES (350, 100, 100);
1 row inserted.

$P0> CREATE INDEX IDX1 ON T2(I1, I3);
Create success.
$P0> CREATE INDEX IDX2 ON T2(I3, I1, I2);
Create success.
$P0> CREATE INDEX IDX3 ON T2(I2, I3);
Create success.

$P0> CREATE INDEX IDX4 ON T2(I1) LOCAL
     (
         PARTITION IDX1_P3 ON P3,
         PARTITION IDX1_P4 ON P4
     );
Create success.


--###################################################################
--+SECTOR 2; BASIC TEST
--###################################################################

$P0> ALTER TABLE T1 ADD COLUMN ( I4 INTEGER );
Alter success.
$P0> INSERT INTO T1 VALUES ( 1,1,1,1 );
1 row inserted.
$P0> INSERT INTO T1 VALUES ( 2,2,2,2 );
1 row inserted.
$P0> ALTER TABLE T1 DROP COLUMN I4;
Alter success.


$P0> ALTER TABLE T2 ADD COLUMN ( I4 INTEGER );
Alter success.
$P0> INSERT INTO T2 VALUES ( 1,1,1,1 );
1 row inserted.
$P0> INSERT INTO T2 VALUES ( 2,2,2,2 );
1 row inserted.
$P0> ALTER TABLE T2 DROP COLUMN I4;
Alter success.


--#########################################################################
--+SECTOR 3; PARSING + VALIDATION
--#########################################################################
---------------------------------------------------
-- 문법 체크
---------------------------------------------------
-- should be fail
$P0> ALTER TABLE T1 ADD COLUMN ( I4 INTEGER )
     (
         PARTITION P1,
         PARTITION P2
     );
[ERR-31001 : SQL syntax error 

line 3: parse error
         PARTITION P1,
                     ^

]

-- should be fail
$P0> ALTER TABLE T1 ADD COLUMN ( I4 INTEGER )
     (
         PARTITION P1 TABLESPACE PDT_TBS LOB STORE AS ( TABLESPACE PDT_TBS2 ),
         PARTITION P2 LOB STORE AS ( TABLESPACE PDT_TBS3 )
     );
[ERR-31001 : SQL syntax error 

line 3: parse error
         PARTITION P1 TABLESPACE PDT_TBS LOB STORE AS ( TABLESPACE PDT_TBS2 ),
                      ^        ^

]


---------------------------------------------------
-- 파티션드 테이블인지 체크
---------------------------------------------------
--+SKIP BEGIN; 
$P0> DROP TABLE TEST;
--+SKIP END; 

$P0> CREATE TABLE TEST ( I1 INTEGER, I2 BLOB );
Create success.

-- should be fail
$P0> ALTER TABLE TEST ADD COLUMN ( I4 INTEGER )
     (
         PARTITION P1 LOB STORE AS ( BUFFER ),
         PARTITION P2 LOB STORE AS ( LOGGING )
     );
[ERR-31268 : Unable to alter table partition on non-partitioned table]

--+SKIP BEGIN; 
$P0> DROP TABLE TEST;
--+SKIP END; 

---------------------------------------------------
-- 해당 파티션이 존재하는지 체크
---------------------------------------------------
-- should be fail
$P0> ALTER TABLE T1 ADD COLUMN ( I4 INTEGER, I5 BLOB )
     (
         PARTITION P1 LOB STORE AS ( TABLESPACE PDT_TBS2 ),
         PARTITION P5 LOB STORE AS ( TABLESPACE PDT_TBS3 ),
         PARTITION P3 LOB STORE AS ( TABLESPACE PDT_TBS4 )
     );
[ERR-3125B : The table partition does not exist. 
0004 :          PARTITION P5 LOB STORE AS ( TABLESPACE PDT_TBS3 ),
                         ^ ^
]

---------------------------------------------------
-- LOB 컬럼이 있는지 체크
---------------------------------------------------
-- should be fail
$P0> ALTER TABLE T1 ADD COLUMN ( I4 INTEGER, I5 INTEGER )
     (
         PARTITION P1 LOB STORE AS ( TABLESPACE PDT_TBS2 ),
         PARTITION P3 LOB STORE AS ( TABLESPACE PDT_TBS3 ),
         PARTITION P4 LOB STORE AS ( TABLESPACE PDT_TBS4 )
     );
[ERR-31244 : LOB type column not found.]

---------------------------------------------------
-- LOB 컬럼 지정이 잘못된 경우
---------------------------------------------------
-- should be fail
$P0> ALTER TABLE T1 ADD COLUMN ( I4 BLOB, I5 INTEGER, I6 CLOB )
     (
         PARTITION P1 LOB STORE AS ( TABLESPACE PDT_TBS2 ),
         PARTITION P3 LOB(I6, I5) STORE AS ( TABLESPACE PDT_TBS3 ),
         PARTITION P4 LOB(I4) STORE AS ( TABLESPACE PDT_TBS4 )
     );
[ERR-31243 : Mismatched LOB type column 
0004 :          PARTITION P3 LOB(I6, I5) STORE AS ( TABLESPACE PDT_TBS3 ),
                                    ^ ^
]



--###################################################################
--+SECTOR 4; LOB COLUMN TEST
--###################################################################
$P0> DROP TABLE T1;
Drop success.

--#         I1          I2          I3
--# P1   PDT_TBS     PDT_TBS2    PDT_TBS2
--# P2   PDT_TBS3    PDT_TBS3    PDT_TBS5
--# P3   PDT_TBS4    PDT_TBS4    PDT_TBS5
$P0> CREATE TABLE T1 ( I1 INTEGER, I2 BLOB, I3 CLOB )
     PARTITION BY RANGE (I1)
     ( PARTITION P1 VALUES LESS THAN (50) TABLESPACE PDT_TBS
                                         LOB(I2, I3) STORE AS ( TABLESPACE PDT_TBS2 ), 
       PARTITION P2 VALUES LESS THAN (100) TABLESPACE PDT_TBS3,
       PARTITION P3 VALUES DEFAULT
     ) TABLESPACE PDT_TBS4 LOB(I3) STORE AS ( TABLESPACE PDT_TBS5 );
Create success.

$P0> INSERT INTO T1 VALUES ( 0,   'ABC', 'DEF' );
1 row inserted.
$P0> INSERT INTO T1 VALUES ( 1,   'ABC', 'DEF' );
1 row inserted.
$P0> INSERT INTO T1 VALUES ( 2,   'ABC', 'DEF' );
1 row inserted.
$P0> INSERT INTO T1 VALUES ( 3,   'ABC', 'DEF' );
1 row inserted.
$P0> INSERT INTO T1 VALUES ( 4,   'ABC', 'DEF' );
1 row inserted.
$P0> INSERT INTO T1 VALUES ( 5,   'ABC', 'DEF' );
1 row inserted.
$P0> INSERT INTO T1 VALUES ( 50,   'ABC', 'DEF' );
1 row inserted.
$P0> INSERT INTO T1 VALUES ( 51,   'ABC', 'DEF' );
1 row inserted.
$P0> INSERT INTO T1 VALUES ( 52,   'ABC', 'DEF' );
1 row inserted.
$P0> INSERT INTO T1 VALUES ( 53,   'ABC', 'DEF' );
1 row inserted.
$P0> INSERT INTO T1 VALUES ( 54,   'ABC', 'DEF' );
1 row inserted.
$P0> INSERT INTO T1 VALUES ( 55,   'ABC', 'DEF' );
1 row inserted.
$P0> INSERT INTO T1 VALUES ( 100,   'ABC', 'DEF' );
1 row inserted.
$P0> INSERT INTO T1 VALUES ( 101,   'ABC', 'DEF' );
1 row inserted.
$P0> INSERT INTO T1 VALUES ( 102,   'ABC', 'DEF' );
1 row inserted.
$P0> INSERT INTO T1 VALUES ( 103,   'ABC', 'DEF' );
1 row inserted.
$P0> INSERT INTO T1 VALUES ( 104,   'ABC', 'DEF' );
1 row inserted.
$P0> INSERT INTO T1 VALUES ( 105,   'ABC', 'DEF' );
1 row inserted.

$P0> CREATE INDEX IDX5 ON T1(I1) LOCAL;
Create success.


--##############################
--+SECTOR 5; INTEGER
--##############################
$P0> ALTER TABLE T1 ADD COLUMN ( I4 INTEGER );
Alter success.

$P0> INSERT INTO T1 VALUES ( 222, 'ABC', 'DEF', 1 );
1 row inserted.
$P0> INSERT INTO T1 VALUES ( 222, 'ABC', 'DEF', 1 );
1 row inserted.

$P0> ALTER TABLE T1 DROP COLUMN I4;
Alter success.

--##############################
--+SECTOR 6; BLOB
--##############################
--###############
--# 파티션드 테이블에 LOB 컬럼 지정
--###############
$P0> ALTER TABLE T1 ADD COLUMN ( I4 BLOB  )
     LOB (I4) STORE AS ( TABLESPACE PDT_TBS5 );
Alter success.

$P0> INSERT INTO T1 VALUES ( 222, 'ABC', 'DEF', 'FFF' );
1 row inserted.
$P0> INSERT INTO T1 VALUES ( 222, 'ABC', 'DEF', 'FFF' );
1 row inserted.


-- Result: PDT_TBS2, PDT_TBS2, PDT_TBS5
$P0> SELECT TBS.NAME
     FROM SYSTEM_.SYS_TABLES_ TAB, SYSTEM_.SYS_PART_LOBS_ LOBS, SYSTEM_.SYS_TABLE_PARTITIONS_ PART, V$TABLESPACES TBS
     WHERE TAB.TABLE_ID = LOBS.TABLE_ID AND
           PART.PARTITION_ID = LOBS.PARTITION_ID AND
           LOBS.TBS_ID = TBS.ID AND
           TAB.TABLE_NAME = 'T1' AND
           PART.PARTITION_NAME = 'P1'
     ORDER BY LOBS.COLUMN_ID ASC;
NAME                                      
--------------------------------------------
PDT_TBS2                                  
PDT_TBS2                                  
PDT_TBS5                                  
3 rows selected.

-- Result: PDT_TBS3, PDT_TBS5, PDT_TBS5
$P0> SELECT TBS.NAME
     FROM SYSTEM_.SYS_TABLES_ TAB, SYSTEM_.SYS_PART_LOBS_ LOBS, SYSTEM_.SYS_TABLE_PARTITIONS_ PART, V$TABLESPACES TBS
     WHERE TAB.TABLE_ID = LOBS.TABLE_ID AND
           PART.PARTITION_ID = LOBS.PARTITION_ID AND
           LOBS.TBS_ID = TBS.ID AND
           TAB.TABLE_NAME = 'T1' AND
           PART.PARTITION_NAME = 'P2'
     ORDER BY LOBS.COLUMN_ID ASC;
NAME                                      
--------------------------------------------
PDT_TBS3                                  
PDT_TBS5                                  
PDT_TBS5                                  
3 rows selected.

-- Result: PDT_TBS4, PDT_TBS5, PDT_TBS5
$P0> SELECT TBS.NAME
     FROM SYSTEM_.SYS_TABLES_ TAB, SYSTEM_.SYS_PART_LOBS_ LOBS, SYSTEM_.SYS_TABLE_PARTITIONS_ PART, V$TABLESPACES TBS
     WHERE TAB.TABLE_ID = LOBS.TABLE_ID AND
           PART.PARTITION_ID = LOBS.PARTITION_ID AND
           LOBS.TBS_ID = TBS.ID AND
           TAB.TABLE_NAME = 'T1' AND
           PART.PARTITION_NAME = 'P3'
     ORDER BY LOBS.COLUMN_ID ASC;
NAME                                      
--------------------------------------------
PDT_TBS4                                  
PDT_TBS5                                  
PDT_TBS5                                  
3 rows selected.

$P0> ALTER TABLE T1 DROP COLUMN I4;
Alter success.


--###############
--# 각 파티션 별 LOB 컬럼 지정
--###############
$P0> ALTER TABLE T1 ADD COLUMN ( I4 BLOB  )
     LOB STORE AS ( TABLESPACE PDT_TBS2 )
     (
         PARTITION P3 LOB STORE AS ( TABLESPACE PDT_TBS3 ),
         PARTITION P2 LOB (I4) STORE AS ( TABLESPACE PDT_TBS4 )
     );
Alter success.

$P0> INSERT INTO T1 VALUES ( 222, 'ABC', 'DEF', 'FFF' );
1 row inserted.
$P0> INSERT INTO T1 VALUES ( 222, 'ABC', 'DEF', 'FFF' );
1 row inserted.


-- Result: PDT_TBS2, PDT_TBS2, PDT_TBS2
$P0> SELECT TBS.NAME
     FROM SYSTEM_.SYS_TABLES_ TAB, SYSTEM_.SYS_PART_LOBS_ LOBS, SYSTEM_.SYS_TABLE_PARTITIONS_ PART, V$TABLESPACES TBS
     WHERE TAB.TABLE_ID = LOBS.TABLE_ID AND
           PART.PARTITION_ID = LOBS.PARTITION_ID AND
           LOBS.TBS_ID = TBS.ID AND
           TAB.TABLE_NAME = 'T1' AND
           PART.PARTITION_NAME = 'P1'
     ORDER BY LOBS.COLUMN_ID ASC;
NAME                                      
--------------------------------------------
PDT_TBS2                                  
PDT_TBS2                                  
PDT_TBS2                                  
3 rows selected.

-- Result: PDT_TBS3, PDT_TBS5, PDT_TBS4
$P0> SELECT TBS.NAME
     FROM SYSTEM_.SYS_TABLES_ TAB, SYSTEM_.SYS_PART_LOBS_ LOBS, SYSTEM_.SYS_TABLE_PARTITIONS_ PART, V$TABLESPACES TBS
     WHERE TAB.TABLE_ID = LOBS.TABLE_ID AND
           PART.PARTITION_ID = LOBS.PARTITION_ID AND
           LOBS.TBS_ID = TBS.ID AND
           TAB.TABLE_NAME = 'T1' AND
           PART.PARTITION_NAME = 'P2'
     ORDER BY LOBS.COLUMN_ID ASC;
NAME                                      
--------------------------------------------
PDT_TBS3                                  
PDT_TBS5                                  
PDT_TBS4                                  
3 rows selected.

-- Result: PDT_TBS4, PDT_TBS5, PDT_TBS3
$P0> SELECT TBS.NAME
     FROM SYSTEM_.SYS_TABLES_ TAB, SYSTEM_.SYS_PART_LOBS_ LOBS, SYSTEM_.SYS_TABLE_PARTITIONS_ PART, V$TABLESPACES TBS
     WHERE TAB.TABLE_ID = LOBS.TABLE_ID AND
           PART.PARTITION_ID = LOBS.PARTITION_ID AND
           LOBS.TBS_ID = TBS.ID AND
           TAB.TABLE_NAME = 'T1' AND
           PART.PARTITION_NAME = 'P3'
     ORDER BY LOBS.COLUMN_ID ASC;
NAME                                      
--------------------------------------------
PDT_TBS4                                  
PDT_TBS5                                  
PDT_TBS3                                  
3 rows selected.

$P0> ALTER TABLE T1 DROP COLUMN I4;
Alter success.


--##############################
--+SECTOR 7; BLOB + INTEGER + BLOB
--##############################
--###############
--# 모든 파티션 지정
--###############
$P0> ALTER TABLE T1 ADD COLUMN ( I4 BLOB, I5 INTEGER, I6 BLOB )
     (
         PARTITION P1 LOB STORE AS ( TABLESPACE PDT_TBS3  ),
         PARTITION P2 LOB (I6) STORE AS ( TABLESPACE PDT_TBS4 ),
         PARTITION P3 LOB (I4) STORE AS ( TABLESPACE PDT_TBS5 )
     );
Alter success.

$P0> INSERT INTO T1 VALUES ( 222, 'ABC', 'DEF', 'FFF', 222, 'EEE' );
1 row inserted.
$P0> INSERT INTO T1 VALUES ( 222, 'ABC', 'DEF', 'FFF', 222, 'EEE' );
1 row inserted.


-- Result: PDT_TBS2, PDT_TBS2, PDT_TBS3, PDT_TBS3
$P0> SELECT TBS.NAME
     FROM SYSTEM_.SYS_TABLES_ TAB, SYSTEM_.SYS_PART_LOBS_ LOBS, SYSTEM_.SYS_TABLE_PARTITIONS_ PART, V$TABLESPACES TBS
     WHERE TAB.TABLE_ID = LOBS.TABLE_ID AND
           PART.PARTITION_ID = LOBS.PARTITION_ID AND
           LOBS.TBS_ID = TBS.ID AND
           TAB.TABLE_NAME = 'T1' AND
           PART.PARTITION_NAME = 'P1'
     ORDER BY LOBS.COLUMN_ID ASC;
NAME                                      
--------------------------------------------
PDT_TBS2                                  
PDT_TBS2                                  
PDT_TBS3                                  
PDT_TBS3                                  
4 rows selected.

-- Result: PDT_TBS3, PDT_TBS5, PDT_TBS3, PDT_TBS4
$P0> SELECT TBS.NAME
     FROM SYSTEM_.SYS_TABLES_ TAB, SYSTEM_.SYS_PART_LOBS_ LOBS, SYSTEM_.SYS_TABLE_PARTITIONS_ PART, V$TABLESPACES TBS
     WHERE TAB.TABLE_ID = LOBS.TABLE_ID AND
           PART.PARTITION_ID = LOBS.PARTITION_ID AND
           LOBS.TBS_ID = TBS.ID AND
           TAB.TABLE_NAME = 'T1' AND
           PART.PARTITION_NAME = 'P2'
     ORDER BY LOBS.COLUMN_ID ASC;
NAME                                      
--------------------------------------------
PDT_TBS3                                  
PDT_TBS5                                  
PDT_TBS3                                  
PDT_TBS4                                  
4 rows selected.

-- Result: PDT_TBS4, PDT_TBS5, PDT_TBS5, PDT_TBS4
$P0> SELECT TBS.NAME
     FROM SYSTEM_.SYS_TABLES_ TAB, SYSTEM_.SYS_PART_LOBS_ LOBS, SYSTEM_.SYS_TABLE_PARTITIONS_ PART, V$TABLESPACES TBS
     WHERE TAB.TABLE_ID = LOBS.TABLE_ID AND
           PART.PARTITION_ID = LOBS.PARTITION_ID AND
           LOBS.TBS_ID = TBS.ID AND
           TAB.TABLE_NAME = 'T1' AND
           PART.PARTITION_NAME = 'P3'
     ORDER BY LOBS.COLUMN_ID ASC;
NAME                                      
--------------------------------------------
PDT_TBS4                                  
PDT_TBS5                                  
PDT_TBS5                                  
PDT_TBS4                                  
4 rows selected.

$P0> ALTER TABLE T1 DROP COLUMN I4;
Alter success.
$P0> ALTER TABLE T1 DROP COLUMN I5;
Alter success.
$P0> ALTER TABLE T1 DROP COLUMN I6;
Alter success.


--###############
--# 일부 파티션 지정
--###############
$P0> ALTER TABLE T1 ADD COLUMN ( I4 BLOB, I5 INTEGER, I6 BLOB )
     (
         PARTITION P1 LOB STORE AS ( TABLESPACE PDT_TBS4  ),
         PARTITION P3 LOB (I6) STORE AS ( TABLESPACE PDT_TBS5 )
     );
Alter success.

$P0> INSERT INTO T1 VALUES ( 222, 'ABC', 'DEF', 'FFF', 222, 'EEE' );
1 row inserted.
$P0> INSERT INTO T1 VALUES ( 222, 'ABC', 'DEF', 'FFF', 222, 'EEE' );
1 row inserted.


-- Result: PDT_TBS2, PDT_TBS2, PDT_TBS4, PDT_TBS4
$P0> SELECT TBS.NAME
     FROM SYSTEM_.SYS_TABLES_ TAB, SYSTEM_.SYS_PART_LOBS_ LOBS, SYSTEM_.SYS_TABLE_PARTITIONS_ PART, V$TABLESPACES TBS
     WHERE TAB.TABLE_ID = LOBS.TABLE_ID AND
           PART.PARTITION_ID = LOBS.PARTITION_ID AND
           LOBS.TBS_ID = TBS.ID AND
           TAB.TABLE_NAME = 'T1' AND
           PART.PARTITION_NAME = 'P1'
     ORDER BY LOBS.COLUMN_ID ASC;
NAME                                      
--------------------------------------------
PDT_TBS2                                  
PDT_TBS2                                  
PDT_TBS4                                  
PDT_TBS4                                  
4 rows selected.

-- Result: PDT_TBS3, PDT_TBS5, PDT_TBS3, PDT_TBS3
$P0> SELECT TBS.NAME
     FROM SYSTEM_.SYS_TABLES_ TAB, SYSTEM_.SYS_PART_LOBS_ LOBS, SYSTEM_.SYS_TABLE_PARTITIONS_ PART, V$TABLESPACES TBS
     WHERE TAB.TABLE_ID = LOBS.TABLE_ID AND
           PART.PARTITION_ID = LOBS.PARTITION_ID AND
           LOBS.TBS_ID = TBS.ID AND
           TAB.TABLE_NAME = 'T1' AND
           PART.PARTITION_NAME = 'P2'
     ORDER BY LOBS.COLUMN_ID ASC;
NAME                                      
--------------------------------------------
PDT_TBS3                                  
PDT_TBS5                                  
PDT_TBS3                                  
PDT_TBS3                                  
4 rows selected.

-- Result: PDT_TBS4, PDT_TBS5, PDT_TBS4, PDT_TBS5
$P0> SELECT TBS.NAME
     FROM SYSTEM_.SYS_TABLES_ TAB, SYSTEM_.SYS_PART_LOBS_ LOBS, SYSTEM_.SYS_TABLE_PARTITIONS_ PART, V$TABLESPACES TBS
     WHERE TAB.TABLE_ID = LOBS.TABLE_ID AND
           PART.PARTITION_ID = LOBS.PARTITION_ID AND
           LOBS.TBS_ID = TBS.ID AND
           TAB.TABLE_NAME = 'T1' AND
           PART.PARTITION_NAME = 'P3'
     ORDER BY LOBS.COLUMN_ID ASC;
NAME                                      
--------------------------------------------
PDT_TBS4                                  
PDT_TBS5                                  
PDT_TBS4                                  
PDT_TBS5                                  
4 rows selected.

$P0> ALTER TABLE T1 DROP COLUMN I4;
Alter success.
$P0> ALTER TABLE T1 DROP COLUMN I5;
Alter success.
$P0> ALTER TABLE T1 DROP COLUMN I6;
Alter success.


--###############
--# 파티션드 테이블에도 LOB 컬럼 지정
--###############
$P0> ALTER TABLE T1 ADD COLUMN ( I4 BLOB, I5 INTEGER, I6 BLOB )
     LOB (I4) STORE AS ( TABLESPACE PDT_TBS3 )
     (
         PARTITION P1 LOB STORE AS ( TABLESPACE PDT_TBS4  ),
         PARTITION P3 LOB (I6) STORE AS ( TABLESPACE PDT_TBS5 )
     );
Alter success.

$P0> INSERT INTO T1 VALUES ( 222, 'ABC', 'DEF', 'FFF', 222, 'EEE' );
1 row inserted.
$P0> INSERT INTO T1 VALUES ( 222, 'ABC', 'DEF', 'FFF', 222, 'EEE' );
1 row inserted.


-- Result: PDT_TBS2, PDT_TBS2, PDT_TBS4, PDT_TBS4
$P0> SELECT TBS.NAME
     FROM SYSTEM_.SYS_TABLES_ TAB, SYSTEM_.SYS_PART_LOBS_ LOBS, SYSTEM_.SYS_TABLE_PARTITIONS_ PART, V$TABLESPACES TBS
     WHERE TAB.TABLE_ID = LOBS.TABLE_ID AND
           PART.PARTITION_ID = LOBS.PARTITION_ID AND
           LOBS.TBS_ID = TBS.ID AND
           TAB.TABLE_NAME = 'T1' AND
           PART.PARTITION_NAME = 'P1'
     ORDER BY LOBS.COLUMN_ID ASC;
NAME                                      
--------------------------------------------
PDT_TBS2                                  
PDT_TBS2                                  
PDT_TBS4                                  
PDT_TBS4                                  
4 rows selected.

-- Result: PDT_TBS3, PDT_TBS5, PDT_TBS3, PDT_TBS3
$P0> SELECT TBS.NAME
     FROM SYSTEM_.SYS_TABLES_ TAB, SYSTEM_.SYS_PART_LOBS_ LOBS, SYSTEM_.SYS_TABLE_PARTITIONS_ PART, V$TABLESPACES TBS
     WHERE TAB.TABLE_ID = LOBS.TABLE_ID AND
           PART.PARTITION_ID = LOBS.PARTITION_ID AND
           LOBS.TBS_ID = TBS.ID AND
           TAB.TABLE_NAME = 'T1' AND
           PART.PARTITION_NAME = 'P2'
     ORDER BY LOBS.COLUMN_ID ASC;
NAME                                      
--------------------------------------------
PDT_TBS3                                  
PDT_TBS5                                  
PDT_TBS3                                  
PDT_TBS3                                  
4 rows selected.

-- Result: PDT_TBS4, PDT_TBS5, PDT_TBS3, PDT_TBS5
$P0> SELECT TBS.NAME
     FROM SYSTEM_.SYS_TABLES_ TAB, SYSTEM_.SYS_PART_LOBS_ LOBS, SYSTEM_.SYS_TABLE_PARTITIONS_ PART, V$TABLESPACES TBS
     WHERE TAB.TABLE_ID = LOBS.TABLE_ID AND
           PART.PARTITION_ID = LOBS.PARTITION_ID AND
           LOBS.TBS_ID = TBS.ID AND
           TAB.TABLE_NAME = 'T1' AND
           PART.PARTITION_NAME = 'P3'
     ORDER BY LOBS.COLUMN_ID ASC;
NAME                                      
--------------------------------------------
PDT_TBS4                                  
PDT_TBS5                                  
PDT_TBS3                                  
PDT_TBS5                                  
4 rows selected.

$P0> ALTER TABLE T1 DROP COLUMN I4;
Alter success.
$P0> ALTER TABLE T1 DROP COLUMN I5;
Alter success.
$P0> ALTER TABLE T1 DROP COLUMN I6;
Alter success.


$P0> ALTER TABLE T2 ADD COLUMN ( I4 BLOB, I5 INTEGER, I6 BLOB )
     LOB (I4) STORE AS ( TABLESPACE PDT_TBS3 )
     (
         PARTITION P1 LOB STORE AS ( TABLESPACE PDT_TBS4  ),
         PARTITION P3 LOB (I6) STORE AS ( TABLESPACE PDT_TBS5 )
     );
Alter success.

$P0> INSERT INTO T2 VALUES ( 222, 222, 222, 'FFF', 222, 'EEE' );
1 row inserted.
$P0> INSERT INTO T2 VALUES ( 222, 222, 222, 'FFF', 222, 'EEE' );
1 row inserted.


-- Result: PDT_TBS4, PDT_TBS4
$P0> SELECT TBS.NAME
     FROM SYSTEM_.SYS_TABLES_ TAB, SYSTEM_.SYS_PART_LOBS_ LOBS, SYSTEM_.SYS_TABLE_PARTITIONS_ PART, V$TABLESPACES TBS
     WHERE TAB.TABLE_ID = LOBS.TABLE_ID AND
           PART.PARTITION_ID = LOBS.PARTITION_ID AND
           LOBS.TBS_ID = TBS.ID AND
           TAB.TABLE_NAME = 'T2' AND
           PART.PARTITION_NAME = 'P1'
     ORDER BY LOBS.COLUMN_ID ASC;
NAME                                      
--------------------------------------------
PDT_TBS4                                  
PDT_TBS4                                  
2 rows selected.

-- Result: PDT_TBS3, PDT_TBS3
$P0> SELECT TBS.NAME
     FROM SYSTEM_.SYS_TABLES_ TAB, SYSTEM_.SYS_PART_LOBS_ LOBS, SYSTEM_.SYS_TABLE_PARTITIONS_ PART, V$TABLESPACES TBS
     WHERE TAB.TABLE_ID = LOBS.TABLE_ID AND
           PART.PARTITION_ID = LOBS.PARTITION_ID AND
           LOBS.TBS_ID = TBS.ID AND
           TAB.TABLE_NAME = 'T2' AND
           PART.PARTITION_NAME = 'P2'
     ORDER BY LOBS.COLUMN_ID ASC;
NAME                                      
--------------------------------------------
PDT_TBS3                                  
PDT_TBS3                                  
2 rows selected.

-- Result: PDT_TBS3, PDT_TBS5
$P0> SELECT TBS.NAME
     FROM SYSTEM_.SYS_TABLES_ TAB, SYSTEM_.SYS_PART_LOBS_ LOBS, SYSTEM_.SYS_TABLE_PARTITIONS_ PART, V$TABLESPACES TBS
     WHERE TAB.TABLE_ID = LOBS.TABLE_ID AND
           PART.PARTITION_ID = LOBS.PARTITION_ID AND
           LOBS.TBS_ID = TBS.ID AND
           TAB.TABLE_NAME = 'T2' AND
           PART.PARTITION_NAME = 'P3'
     ORDER BY LOBS.COLUMN_ID ASC;
NAME                                      
--------------------------------------------
PDT_TBS3                                  
PDT_TBS5                                  
2 rows selected.

$P0> ALTER TABLE T2 DROP COLUMN I4;
Alter success.
$P0> ALTER TABLE T2 DROP COLUMN I5;
Alter success.
$P0> ALTER TABLE T2 DROP COLUMN I6;
Alter success.


--###############
--# LOB 컬럼 반복 지정
--###############
---------------------------------------------------
-- SYS_PART_KEY_COLUMNS_
---------------------------------------------------
-- should be 3
$P0> SELECT COUNT(*)
     FROM SYSTEM_.SYS_TABLES_ TAB,
          SYSTEM_.SYS_TABLE_PARTITIONS_ PART,
          SYSTEM_.SYS_PART_KEY_COLUMNS_ PARTKEY
     WHERE TAB.TABLE_NAME='T1' AND
           TAB.TABLE_ID = PART.TABLE_ID AND
           PART.TABLE_ID = PARTKEY.PARTITION_OBJ_ID;
COUNT                
-----------------------
3                    
1 row selected.

---------------------------------------------------
-- SYS_PART_LOBS_
---------------------------------------------------
-- should be 6
$P0> SELECT COUNT(*)
     FROM SYSTEM_.SYS_PART_LOBS_ LOBS,
          SYSTEM_.SYS_TABLES_ TAB
     WHERE LOBS.TABLE_ID = TAB.TABLE_ID AND
           TAB.TABLE_NAME='T1';
COUNT                
-----------------------
6                    
1 row selected.


$P0> ALTER TABLE T1 ADD COLUMN ( I4 BLOB, I5 INTEGER, I6 BLOB )
     LOB (I4) STORE AS ( TABLESPACE PDT_TBS  )
     LOB (I6) STORE AS ( TABLESPACE PDT_TBS2 )
     (
         PARTITION P1 LOB (I6) STORE AS ( TABLESPACE PDT_TBS3 )
                      LOB (I4) STORE AS ( TABLESPACE PDT_TBS4 ),
         PARTITION P3 LOB (I6) STORE AS ( TABLESPACE PDT_TBS5 )
     );
Alter success.

$P0> INSERT INTO T1 VALUES ( 222, 'ABC', 'DEF', 'FFF', 222, 'EEE' );
1 row inserted.
$P0> INSERT INTO T1 VALUES ( 222, 'ABC', 'DEF', 'FFF', 222, 'EEE' );
1 row inserted.

---------------------------------------------------
-- SYS_PART_KEY_COLUMNS_
---------------------------------------------------
-- should be 3
$P0> SELECT COUNT(*)
     FROM SYSTEM_.SYS_TABLES_ TAB,
          SYSTEM_.SYS_TABLE_PARTITIONS_ PART,
          SYSTEM_.SYS_PART_KEY_COLUMNS_ PARTKEY
     WHERE TAB.TABLE_NAME='T1' AND
           TAB.TABLE_ID = PART.TABLE_ID AND
           PART.TABLE_ID = PARTKEY.PARTITION_OBJ_ID;
COUNT                
-----------------------
3                    
1 row selected.

---------------------------------------------------
-- SYS_PART_LOBS_
---------------------------------------------------
-- should be 12
$P0> SELECT COUNT(*)
     FROM SYSTEM_.SYS_PART_LOBS_ LOBS,
          SYSTEM_.SYS_TABLES_ TAB
     WHERE LOBS.TABLE_ID = TAB.TABLE_ID AND
           TAB.TABLE_NAME='T1';
COUNT                
-----------------------
12                   
1 row selected.


-- Result: PDT_TBS2, PDT_TBS2, PDT_TBS4, PDT_TBS3
$P0> SELECT TBS.NAME
     FROM SYSTEM_.SYS_TABLES_ TAB, SYSTEM_.SYS_PART_LOBS_ LOBS, SYSTEM_.SYS_TABLE_PARTITIONS_ PART, V$TABLESPACES TBS
     WHERE TAB.TABLE_ID = LOBS.TABLE_ID AND
           PART.PARTITION_ID = LOBS.PARTITION_ID AND
           LOBS.TBS_ID = TBS.ID AND
           TAB.TABLE_NAME = 'T1' AND
           PART.PARTITION_NAME = 'P1'
     ORDER BY LOBS.COLUMN_ID ASC;
NAME                                      
--------------------------------------------
PDT_TBS2                                  
PDT_TBS2                                  
PDT_TBS4                                  
PDT_TBS3                                  
4 rows selected.

-- Result: PDT_TBS3, PDT_TBS5, PDT_TBS, PDT_TBS2
$P0> SELECT TBS.NAME
     FROM SYSTEM_.SYS_TABLES_ TAB, SYSTEM_.SYS_PART_LOBS_ LOBS, SYSTEM_.SYS_TABLE_PARTITIONS_ PART, V$TABLESPACES TBS
     WHERE TAB.TABLE_ID = LOBS.TABLE_ID AND
           PART.PARTITION_ID = LOBS.PARTITION_ID AND
           LOBS.TBS_ID = TBS.ID AND
           TAB.TABLE_NAME = 'T1' AND
           PART.PARTITION_NAME = 'P2'
     ORDER BY LOBS.COLUMN_ID ASC;
NAME                                      
--------------------------------------------
PDT_TBS3                                  
PDT_TBS5                                  
PDT_TBS                                   
PDT_TBS2                                  
4 rows selected.

-- Result: PDT_TBS4, PDT_TBS5, PDT_TBS, PDT_TBS5
$P0> SELECT TBS.NAME
     FROM SYSTEM_.SYS_TABLES_ TAB, SYSTEM_.SYS_PART_LOBS_ LOBS, SYSTEM_.SYS_TABLE_PARTITIONS_ PART, V$TABLESPACES TBS
     WHERE TAB.TABLE_ID = LOBS.TABLE_ID AND
           PART.PARTITION_ID = LOBS.PARTITION_ID AND
           LOBS.TBS_ID = TBS.ID AND
           TAB.TABLE_NAME = 'T1' AND
           PART.PARTITION_NAME = 'P3'
     ORDER BY LOBS.COLUMN_ID ASC;
NAME                                      
--------------------------------------------
PDT_TBS4                                  
PDT_TBS5                                  
PDT_TBS                                   
PDT_TBS5                                  
4 rows selected.

$P0> ALTER TABLE T1 DROP COLUMN I4;
Alter success.
$P0> ALTER TABLE T1 DROP COLUMN I5;
Alter success.
$P0> ALTER TABLE T1 DROP COLUMN I6;
Alter success.

---------------------------------------------------
-- SYS_PART_KEY_COLUMNS_
---------------------------------------------------
-- should be 8
$P0> SELECT COUNT(*)
     FROM SYSTEM_.SYS_TABLES_ TAB,
          SYSTEM_.SYS_TABLE_PARTITIONS_ PART,
          SYSTEM_.SYS_PART_KEY_COLUMNS_ PARTKEY
     WHERE TAB.TABLE_NAME='T2' AND
           TAB.TABLE_ID = PART.TABLE_ID AND
           PART.TABLE_ID = PARTKEY.PARTITION_OBJ_ID;
COUNT                
-----------------------
8                    
1 row selected.

---------------------------------------------------
-- SYS_PART_LOBS_
---------------------------------------------------
-- should be 0
$P0> SELECT COUNT(*)
     FROM SYSTEM_.SYS_PART_LOBS_ LOBS,
          SYSTEM_.SYS_TABLES_ TAB
     WHERE LOBS.TABLE_ID = TAB.TABLE_ID AND
           TAB.TABLE_NAME='T2';
COUNT                
-----------------------
0                    
1 row selected.


$P0> ALTER TABLE T2 ADD COLUMN ( I4 BLOB, I5 INTEGER, I6 BLOB )
     LOB (I4) STORE AS ( TABLESPACE PDT_TBS  )
     LOB (I6) STORE AS ( TABLESPACE PDT_TBS2 )
     (
         PARTITION P1 LOB (I6) STORE AS ( TABLESPACE PDT_TBS3 )
                      LOB (I4) STORE AS ( TABLESPACE PDT_TBS4 ),
         PARTITION P3 LOB (I6) STORE AS ( TABLESPACE PDT_TBS5 )
     );
Alter success.

$P0> INSERT INTO T2 VALUES ( 222, 222, 222, 'FFF', 222, 'EEE' );
1 row inserted.
$P0> INSERT INTO T2 VALUES ( 222, 222, 222, 'FFF', 222, 'EEE' );
1 row inserted.

---------------------------------------------------
-- SYS_PART_KEY_COLUMNS_
---------------------------------------------------
-- should be 8
$P0> SELECT COUNT(*)
     FROM SYSTEM_.SYS_TABLES_ TAB,
          SYSTEM_.SYS_TABLE_PARTITIONS_ PART,
          SYSTEM_.SYS_PART_KEY_COLUMNS_ PARTKEY
     WHERE TAB.TABLE_NAME='T2' AND
           TAB.TABLE_ID = PART.TABLE_ID AND
           PART.TABLE_ID = PARTKEY.PARTITION_OBJ_ID;
COUNT                
-----------------------
8                    
1 row selected.

---------------------------------------------------
-- SYS_PART_LOBS_
---------------------------------------------------
-- should be 8
$P0> SELECT COUNT(*)
     FROM SYSTEM_.SYS_PART_LOBS_ LOBS,
          SYSTEM_.SYS_TABLES_ TAB
     WHERE LOBS.TABLE_ID = TAB.TABLE_ID AND
           TAB.TABLE_NAME='T2';
COUNT                
-----------------------
8                    
1 row selected.


-- Result: PDT_TBS4, PDT_TBS3
$P0> SELECT TBS.NAME
     FROM SYSTEM_.SYS_TABLES_ TAB, SYSTEM_.SYS_PART_LOBS_ LOBS, SYSTEM_.SYS_TABLE_PARTITIONS_ PART, V$TABLESPACES TBS
     WHERE TAB.TABLE_ID = LOBS.TABLE_ID AND
           PART.PARTITION_ID = LOBS.PARTITION_ID AND
           LOBS.TBS_ID = TBS.ID AND
           TAB.TABLE_NAME = 'T2' AND
           PART.PARTITION_NAME = 'P1'
     ORDER BY LOBS.COLUMN_ID ASC;
NAME                                      
--------------------------------------------
PDT_TBS4                                  
PDT_TBS3                                  
2 rows selected.

-- Result: PDT_TBS, PDT_TBS2
$P0> SELECT TBS.NAME
     FROM SYSTEM_.SYS_TABLES_ TAB, SYSTEM_.SYS_PART_LOBS_ LOBS, SYSTEM_.SYS_TABLE_PARTITIONS_ PART, V$TABLESPACES TBS
     WHERE TAB.TABLE_ID = LOBS.TABLE_ID AND
           PART.PARTITION_ID = LOBS.PARTITION_ID AND
           LOBS.TBS_ID = TBS.ID AND
           TAB.TABLE_NAME = 'T2' AND
           PART.PARTITION_NAME = 'P2'
     ORDER BY LOBS.COLUMN_ID ASC;
NAME                                      
--------------------------------------------
PDT_TBS                                   
PDT_TBS2                                  
2 rows selected.

-- Result: PDT_TBS, PDT_TBS5
$P0> SELECT TBS.NAME
     FROM SYSTEM_.SYS_TABLES_ TAB, SYSTEM_.SYS_PART_LOBS_ LOBS, SYSTEM_.SYS_TABLE_PARTITIONS_ PART, V$TABLESPACES TBS
     WHERE TAB.TABLE_ID = LOBS.TABLE_ID AND
           PART.PARTITION_ID = LOBS.PARTITION_ID AND
           LOBS.TBS_ID = TBS.ID AND
           TAB.TABLE_NAME = 'T2' AND
           PART.PARTITION_NAME = 'P3'
     ORDER BY LOBS.COLUMN_ID ASC;
NAME                                      
--------------------------------------------
PDT_TBS                                   
PDT_TBS5                                  
2 rows selected.

$P0> ALTER TABLE T2 DROP COLUMN I4;
Alter success.
$P0> ALTER TABLE T2 DROP COLUMN I5;
Alter success.
$P0> ALTER TABLE T2 DROP COLUMN I6;
Alter success.



--###################################################################
--+SECTOR 8; FINALIZATION
--###################################################################
--+SKIP BEGIN; 
$P0> DROP TABLE T1;
$P0> DROP TABLE T2;
$P0> DROP TABLE T3;
--+SKIP END; 


