 
+----------------------------------------------------------------------+
SECTOR 0; BY ATC
+----------------------------------------------------------------------+
 
$T0> THREAD T0 C0;


$T0> ###########################################################################
$T0> # TestCase Description = Independent REJECT TEMP case 05.
$T0> # Project ID           = workspace/simple_temp_tablespace
$T0> # Coverage             = One isolated implementation and catalog assertion.
$T0> # SQL Manual           = /home/et16/work/manual/Manuals/Altibase_7.1/eng/SQL Reference.md
$T0> # View Manual          = /home/et16/work/manual/Manuals/Altibase_7.1/eng/General Reference-2.The Data Dictionary.md
$T0> ###########################################################################

$T0> SECTOR 0; INITIALIZATION
$T0> CONNECT SYS/MANAGER;
Connect success.

$T0> SECTOR 1; TEST_REJECT_05
$T0> SKIP BEGIN;
$T0> DROP TABLESPACE SDPTE_REJ05 INCLUDING CONTENTS AND DATAFILES;
$T0> SKIP END;
$T0> CREATE TEMPORARY TABLESPACE SDPTE_REJ05 TEMPFILE 'sdpte_reject_05_01.dbf' SIZE 8M AUTOEXTEND OFF;
Create success.
$T0> # Expected error: tablespace-level AUTOEXTEND is unsupported for TEMP.
$T0> ALTER TABLESPACE SDPTE_REJ05 ALTER AUTOEXTEND ON NEXT 1M MAXSIZE 16M;
[ERR-31254 : Invalid ALTER TABLESPACE Statement. The tablespace to alter is neither a volatile tablespace nor a memory tablespace.]
$T0> SELECT CASE
               WHEN F.CURRSIZE = 1024
                AND F.AUTOEXTEND = 0
                AND F.NEXTSIZE = 0
                AND F.MAXSIZE = 0
               THEN 1 ELSE 0
           END AS PASS_REJECT_05
      FROM V$TABLESPACES D,
           V$DATAFILES F
     WHERE D.ID = F.SPACEID
       AND D.NAME = 'SDPTE_REJ05'
       AND F.ID = 0;
PASS_REJECT_05 
-----------------
1           
1 row selected.
$T0> SECTOR 2; FINALIZATION
$T0> SKIP BEGIN;
$T0> DROP TABLESPACE SDPTE_REJ05 INCLUDING CONTENTS AND DATAFILES;
$T0> SKIP END;

